03-15 18:10:10.920   840  8470 W libc    : Access denied finding property "vendor.dolby.mi.metadata.log"
03-15 18:10:10.920   840  8358 W libc    : Access denied finding property "hal.record.dump"
03-15 18:10:10.926 11765 11871 D TrafficStats: tagSocket(153) with statsTag=0xffffffff, statsUid=-1
03-15 18:10:10.959   840  8358 I btaudio_offload_qti: audio_get_a2dp_sink_latency_qti: Sink Latency = 0
03-15 18:10:10.959   840  8470 W libc    : Access denied finding property "vendor.dolby.mi.metadata.log"
03-15 18:10:10.959   840  8470 W libc    : Access denied finding property "vendor.dolby.mi.metadata.log"
03-15 18:10:10.959   840  8470 W libc    : Access denied finding property "vendor.dolby.mi.metadata.log"
03-15 18:10:10.959   840  8470 W libc    : Access denied finding property "vendor.dolby.mi.metadata.log"
03-15 18:10:10.959   840  8470 W libc    : Access denied finding property "vendor.dolby.mi.metadata.log"
03-15 18:10:10.959   840  8470 W libc    : Access denied finding property "vendor.dolby.mi.metadata.log"
03-15 18:10:10.959   840  8470 W libc    : Access denied finding property "vendor.dolby.mi.metadata.log"
03-15 18:10:10.960   840  8358 W libc    : Access denied finding property "hal.record.dump"
03-15 18:10:10.999   840  8358 I btaudio_offload_qti: audio_get_a2dp_sink_latency_qti: Sink Latency = 0
03-15 18:10:10.999   840  8470 W libc    : Access denied finding property "vendor.dolby.mi.metadata.log"
03-15 18:10:10.999   840  8470 W libc    : Access denied finding property "vendor.dolby.mi.metadata.log"
03-15 18:10:10.999   840  8470 W libc    : Access denied finding property "vendor.dolby.mi.metadata.log"
03-15 18:10:10.999   840  8470 W libc    : Access denied finding property "vendor.dolby.mi.metadata.log"
03-15 18:10:10.999   840  8470 W libc    : Access denied finding property "vendor.dolby.mi.metadata.log"
03-15 18:10:10.999   840  8470 W libc    : Access denied finding property "vendor.dolby.mi.metadata.log"
03-15 18:10:10.999   840  8470 W libc    : Access denied finding property "vendor.dolby.mi.metadata.log"
03-15 18:10:10.999   840  8470 W libc    : Access denied finding property "vendor.dolby.mi.metadata.log"
03-15 18:10:11.000   840  8358 W libc    : Access denied finding property "hal.record.dump"
03-15 18:10:11.038   840  8358 I btaudio_offload_qti: audio_get_a2dp_sink_latency_qti: Sink Latency = 0
03-15 18:10:11.039   840  8470 W libc    : Access denied finding property "vendor.dolby.mi.metadata.log"
03-15 18:10:11.039   840  8470 W libc    : Access denied finding property "vendor.dolby.mi.metadata.log"
03-15 18:10:11.039   840  8470 W libc    : Access denied finding property "vendor.dolby.mi.metadata.log"
03-15 18:10:11.039   840  8470 W libc    : Access denied finding property "vendor.dolby.mi.metadata.log"
03-15 18:10:11.039   840  8470 W libc    : Access denied finding property "vendor.dolby.mi.metadata.log"
03-15 18:10:11.039   840  8470 W libc    : Access denied finding property "vendor.dolby.mi.metadata.log"
03-15 18:10:11.040   840  8470 W libc    : Access denied finding property "vendor.dolby.mi.metadata.log"
03-15 18:10:11.041   840  8358 W libc    : Access denied finding property "hal.record.dump"
03-15 18:10:11.078   840  8358 I btaudio_offload_qti: audio_get_a2dp_sink_latency_qti: Sink Latency = 0
03-15 18:10:11.079   840  8470 W libc    : Access denied finding property "vendor.dolby.mi.metadata.log"
03-15 18:10:11.079   840  8470 W libc    : Access denied finding property "vendor.dolby.mi.metadata.log"
03-15 18:10:11.079   840  8470 W libc    : Access denied finding property "vendor.dolby.mi.metadata.log"
03-15 18:10:11.079   840  8470 W libc    : Access denied finding property "vendor.dolby.mi.metadata.log"
03-15 18:10:11.079   840  8470 W libc    : Access denied finding property "vendor.dolby.mi.metadata.log"
03-15 18:10:11.079   840  8470 W libc    : Access denied finding property "vendor.dolby.mi.metadata.log"
03-15 18:10:11.079   840  8470 W libc    : Access denied finding property "vendor.dolby.mi.metadata.log"
03-15 18:10:11.079   840  8470 W libc    : Access denied finding property "vendor.dolby.mi.metadata.log"
03-15 18:10:11.079   840  8358 W libc    : Access denied finding property "hal.record.dump"
03-15 18:10:11.118   840  8358 I btaudio_offload_qti: audio_get_a2dp_sink_latency_qti: Sink Latency = 0
03-15 18:10:11.118   840  8470 W libc    : Access denied finding property "vendor.dolby.mi.metadata.log"
03-15 18:10:11.119   840  8470 W libc    : Access denied finding property "vendor.dolby.mi.metadata.log"
03-15 18:10:11.119   840  8470 W libc    : Access denied finding property "vendor.dolby.mi.metadata.log"
03-15 18:10:11.119   840  8470 W libc    : Access denied finding property "vendor.dolby.mi.metadata.log"
03-15 18:10:11.119   840  8470 W libc    : Access denied finding property "vendor.dolby.mi.metadata.log"
03-15 18:10:11.119   840  8470 W libc    : Access denied finding property "vendor.dolby.mi.metadata.log"
03-15 18:10:11.119   840  8470 W libc    : Access denied finding property "vendor.dolby.mi.metadata.log"
03-15 18:10:11.119   840  8358 W libc    : Access denied finding property "hal.record.dump"
03-15 18:10:11.158   840  8358 I btaudio_offload_qti: audio_get_a2dp_sink_latency_qti: Sink Latency = 0
03-15 18:10:11.159   840  8470 W libc    : Access denied finding property "vendor.dolby.mi.metadata.log"
03-15 18:10:11.159   840  8470 W libc    : Access denied finding property "vendor.dolby.mi.metadata.log"
03-15 18:10:11.159   840  8470 W libc    : Access denied finding property "vendor.dolby.mi.metadata.log"
03-15 18:10:11.159   840  8470 W libc    : Access denied finding property "vendor.dolby.mi.metadata.log"
03-15 18:10:11.159   840  8470 W libc    : Access denied finding property "vendor.dolby.mi.metadata.log"
03-15 18:10:11.159   840  8470 W libc    : Access denied finding property "vendor.dolby.mi.metadata.log"
03-15 18:10:11.159   840  8470 W libc    : Access denied finding property "vendor.dolby.mi.metadata.log"
03-15 18:10:11.159   840  8470 W libc    : Access denied finding property "vendor.dolby.mi.metadata.log"
03-15 18:10:11.159   840  8358 W libc    : Access denied finding property "hal.record.dump"
03-15 18:10:11.198   840  8358 I btaudio_offload_qti: audio_get_a2dp_sink_latency_qti: Sink Latency = 0
03-15 18:10:11.199   840  8470 W libc    : Access denied finding property "vendor.dolby.mi.metadata.log"
03-15 18:10:11.199   840  8470 W libc    : Access denied finding property "vendor.dolby.mi.metadata.log"
03-15 18:10:11.199   840  8470 W libc    : Access denied finding property "vendor.dolby.mi.metadata.log"
03-15 18:10:11.199   840  8470 W libc    : Access denied finding property "vendor.dolby.mi.metadata.log"
03-15 18:10:11.199   840  8470 W libc    : Access denied finding property "vendor.dolby.mi.metadata.log"
03-15 18:10:11.199   840  8470 W libc    : Access denied finding property "vendor.dolby.mi.metadata.log"
03-15 18:10:11.199   840  8470 W libc    : Access denied finding property "vendor.dolby.mi.metadata.log"
03-15 18:10:11.200   840  8358 W libc    : Access denied finding property "hal.record.dump"
03-15 18:10:11.212 11765 11765 I Choreographer: Skipped 56 frames!  The application may be doing too much work on its main thread.
03-15 18:10:11.215  1032  3002 E SurfaceFlinger: isStylusTargetLayer notifyTargetLayerDisconnect in
03-15 18:10:11.216  1032  1097 E SurfaceFlinger: isStylusTargetLayer notifyTargetLayerDisconnect in
03-15 18:10:11.224  1032  3002 E SurfaceFlinger: isStylusTargetLayer notifyTargetLayerDisconnect in
03-15 18:10:11.226   999   999 W libc    : Access denied finding property "hwservicemanager.ready"
03-15 18:10:11.227  1032  3002 E SurfaceFlinger: isStylusTargetLayer notifyTargetLayerDisconnect in
03-15 18:10:11.227  1032  1097 E SurfaceFlinger: isStylusTargetLayer notifyTargetLayerDisconnect in
03-15 18:10:11.227  1032  3002 E SurfaceFlinger: isStylusTargetLayer notifyTargetLayerDisconnect in
03-15 18:10:11.227  1474  4660 I WindowManager: Window{298de12 u0 InputMethod} state from HAS_DRAWN to NO_SURFACE; reason: destroySurface
03-15 18:10:11.227  1474  4660 W WindowManager: for OneVision debug destroySurface:Window{298de12 u0 InputMethod} caller:com.android.server.wm.WindowStateAnimator.destroySurfaceLocked:395 com.android.server.wm.WindowState.destroySurfaceUnchecked:3471 com.android.server.wm.WindowState.destroySurface:3445 com.android.server.wm.WindowManagerService.tryStartExitingAnimation:2984 com.android.server.wm.WindowManagerService.relayoutWindow:2739 
03-15 18:10:11.227  1032  3002 E SurfaceFlinger: isStylusTargetLayer notifyTargetLayerDisconnect in
03-15 18:10:11.228  1032  1097 E SurfaceFlinger: isStylusTargetLayer notifyTargetLayerDisconnect in
03-15 18:10:11.228  1474  4660 I OvCameraRotation: camera activity:null fullScreen:false canResizeTask:false isEmbedded:false display:0 pcMode:false
03-15 18:10:11.229  1032  1097 E SurfaceFlinger: isStylusTargetLayer notifyTargetLayerDisconnect in
03-15 18:10:11.230  1032  1097 E SurfaceFlinger: isStylusTargetLayer notifyTargetLayerDisconnect in
03-15 18:10:11.238  1032  3002 E SurfaceFlinger: isStylusTargetLayer notifyTargetLayerDisconnect in
03-15 18:10:11.238   840  8358 I btaudio_offload_qti: audio_get_a2dp_sink_latency_qti: Sink Latency = 0
03-15 18:10:11.239   840  8470 W libc    : Access denied finding property "vendor.dolby.mi.metadata.log"
03-15 18:10:11.239   840  8470 W libc    : Access denied finding property "vendor.dolby.mi.metadata.log"
03-15 18:10:11.239   840  8470 W libc    : Access denied finding property "vendor.dolby.mi.metadata.log"
03-15 18:10:11.239   840  8470 W libc    : Access denied finding property "vendor.dolby.mi.metadata.log"
03-15 18:10:11.239   840  8470 W libc    : Access denied finding property "vendor.dolby.mi.metadata.log"
03-15 18:10:11.239   840  8470 W libc    : Access denied finding property "vendor.dolby.mi.metadata.log"
03-15 18:10:11.239   840  8470 W libc    : Access denied finding property "vendor.dolby.mi.metadata.log"
03-15 18:10:11.239   840  8470 W libc    : Access denied finding property "vendor.dolby.mi.metadata.log"
03-15 18:10:11.239   840  8358 W libc    : Access denied finding property "hal.record.dump"
03-15 18:10:11.241  1474  1959 D WifiNetworkSelector: Current connected network: 21
03-15 18:10:11.241  1474  1959 V WifiConnectivityManager: No partial scan because firmware roaming is supported.
03-15 18:10:11.241  1474  1959 V WifiConnectivityManager: schedulePeriodicScanTimer intervalMs 20000
03-15 18:10:11.278   840  8358 I btaudio_offload_qti: audio_get_a2dp_sink_latency_qti: Sink Latency = 0
03-15 18:10:11.279   840  8470 W libc    : Access denied finding property "vendor.dolby.mi.metadata.log"
03-15 18:10:11.279   840  8470 W libc    : Access denied finding property "vendor.dolby.mi.metadata.log"
03-15 18:10:11.279   840  8470 W libc    : Access denied finding property "vendor.dolby.mi.metadata.log"
03-15 18:10:11.279   840  8470 W libc    : Access denied finding property "vendor.dolby.mi.metadata.log"
03-15 18:10:11.279   840  8470 W libc    : Access denied finding property "vendor.dolby.mi.metadata.log"
03-15 18:10:11.280   840  8470 W libc    : Access denied finding property "vendor.dolby.mi.metadata.log"
03-15 18:10:11.280   840  8470 W libc    : Access denied finding property "vendor.dolby.mi.metadata.log"
03-15 18:10:11.280   840  8358 W libc    : Access denied finding property "hal.record.dump"
03-15 18:10:11.318   840  8358 I btaudio_offload_qti: audio_get_a2dp_sink_latency_qti: Sink Latency = 0
03-15 18:10:11.319   840  8470 W libc    : Access denied finding property "vendor.dolby.mi.metadata.log"
03-15 18:10:11.319   840  8470 W libc    : Access denied finding property "vendor.dolby.mi.metadata.log"
03-15 18:10:11.319   840  8470 W libc    : Access denied finding property "vendor.dolby.mi.metadata.log"
03-15 18:10:11.319   840  8470 W libc    : Access denied finding property "vendor.dolby.mi.metadata.log"
03-15 18:10:11.319   840  8470 W libc    : Access denied finding property "vendor.dolby.mi.metadata.log"
03-15 18:10:11.319   840  8470 W libc    : Access denied finding property "vendor.dolby.mi.metadata.log"
03-15 18:10:11.319   840  8470 W libc    : Access denied finding property "vendor.dolby.mi.metadata.log"
03-15 18:10:11.319   840  8470 W libc    : Access denied finding property "vendor.dolby.mi.metadata.log"
03-15 18:10:11.320   840  8358 W libc    : Access denied finding property "hal.record.dump"
03-15 18:10:11.327   999   999 W libc    : Access denied finding property "hwservicemanager.ready"
03-15 18:10:11.358   840  8358 I btaudio_offload_qti: audio_get_a2dp_sink_latency_qti: Sink Latency = 0
03-15 18:10:11.358   840  8470 W libc    : Access denied finding property "vendor.dolby.mi.metadata.log"
03-15 18:10:11.358   840  8470 W libc    : Access denied finding property "vendor.dolby.mi.metadata.log"
03-15 18:10:11.358   840  8470 W libc    : Access denied finding property "vendor.dolby.mi.metadata.log"
03-15 18:10:11.359   840  8470 W libc    : Access denied finding property "vendor.dolby.mi.metadata.log"
03-15 18:10:11.359   840  8470 W libc    : Access denied finding property "vendor.dolby.mi.metadata.log"
03-15 18:10:11.359   840  8470 W libc    : Access denied finding property "vendor.dolby.mi.metadata.log"
03-15 18:10:11.359   840  8470 W libc    : Access denied finding property "vendor.dolby.mi.metadata.log"
03-15 18:10:11.359   840  8358 W libc    : Access denied finding property "hal.record.dump"
03-15 18:10:11.364  1032  3002 E SurfaceFlinger: isStylusTargetLayer notifyTargetLayerDisconnect in
03-15 18:10:11.371  1032  3002 E SurfaceFlinger: isStylusTargetLayer notifyTargetLayerDisconnect in
03-15 18:10:11.379  1032  3002 E SurfaceFlinger: isStylusTargetLayer notifyTargetLayerDisconnect in
03-15 18:10:11.390  1032  3002 E SurfaceFlinger: isStylusTargetLayer notifyTargetLayerDisconnect in
03-15 18:10:11.397  1032  3002 E SurfaceFlinger: isStylusTargetLayer notifyTargetLayerDisconnect in
03-15 18:10:11.398   840  8358 I btaudio_offload_qti: audio_get_a2dp_sink_latency_qti: Sink Latency = 0
03-15 18:10:11.398   840  8470 W libc    : Access denied finding property "vendor.dolby.mi.metadata.log"
03-15 18:10:11.398   840  8470 W libc    : Access denied finding property "vendor.dolby.mi.metadata.log"
03-15 18:10:11.398   840  8470 W libc    : Access denied finding property "vendor.dolby.mi.metadata.log"
03-15 18:10:11.399   840  8470 W libc    : Access denied finding property "vendor.dolby.mi.metadata.log"
03-15 18:10:11.399   840  8470 W libc    : Access denied finding property "vendor.dolby.mi.metadata.log"
03-15 18:10:11.399   840  8470 W libc    : Access denied finding property "vendor.dolby.mi.metadata.log"
03-15 18:10:11.399   840  8470 W libc    : Access denied finding property "vendor.dolby.mi.metadata.log"
03-15 18:10:11.399   840  8470 W libc    : Access denied finding property "vendor.dolby.mi.metadata.log"
03-15 18:10:11.399   840  8358 W libc    : Access denied finding property "hal.record.dump"
03-15 18:10:11.404  1032  3002 E SurfaceFlinger: isStylusTargetLayer notifyTargetLayerDisconnect in
03-15 18:10:11.428   999   999 W libc    : Access denied finding property "hwservicemanager.ready"
03-15 18:10:11.434 17158 17288 V MSF.C.MSFCore[@PS]: [Event] MSFPacketStatistics.cpp(300)::DoCheckRequestTimeout->current rtts:63.107
03-15 18:10:11.438   840  8358 I btaudio_offload_qti: audio_get_a2dp_sink_latency_qti: Sink Latency = 0
03-15 18:10:11.439   840  8470 W libc    : Access denied finding property "vendor.dolby.mi.metadata.log"
03-15 18:10:11.439   840  8470 W libc    : Access denied finding property "vendor.dolby.mi.metadata.log"
03-15 18:10:11.439   840  8470 W libc    : Access denied finding property "vendor.dolby.mi.metadata.log"
03-15 18:10:11.439   840  8470 W libc    : Access denied finding property "vendor.dolby.mi.metadata.log"
03-15 18:10:11.440   840  8470 W libc    : Access denied finding property "vendor.dolby.mi.metadata.log"
03-15 18:10:11.440   840  8470 W libc    : Access denied finding property "vendor.dolby.mi.metadata.log"
03-15 18:10:11.440   840  8470 W libc    : Access denied finding property "vendor.dolby.mi.metadata.log"
03-15 18:10:11.441   840  8358 W libc    : Access denied finding property "hal.record.dump"
03-15 18:10:11.439   840   840 W effect  : type=1400 audit(0.0:1850561): avc:  denied  { read } for  name="u:object_r:vendor_dolby_prop:s0" dev="tmpfs" ino=11682 scontext=u:r:hal_audio_default:s0 tcontext=u:object_r:vendor_dolby_prop:s0 tclass=file permissive=0
03-15 18:10:11.439   840   840 W effect  : type=1400 audit(0.0:1850562): avc:  denied  { read } for  name="u:object_r:vendor_dolby_prop:s0" dev="tmpfs" ino=11682 scontext=u:r:hal_audio_default:s0 tcontext=u:object_r:vendor_dolby_prop:s0 tclass=file permissive=0
03-15 18:10:11.439   840   840 W effect  : type=1400 audit(0.0:1850563): avc:  denied  { read } for  name="u:object_r:vendor_dolby_prop:s0" dev="tmpfs" ino=11682 scontext=u:r:hal_audio_default:s0 tcontext=u:object_r:vendor_dolby_prop:s0 tclass=file permissive=0
03-15 18:10:11.439   840   840 W effect  : type=1400 audit(0.0:1850564): avc:  denied  { read } for  name="u:object_r:vendor_dolby_prop:s0" dev="tmpfs" ino=11682 scontext=u:r:hal_audio_default:s0 tcontext=u:object_r:vendor_dolby_prop:s0 tclass=file permissive=0
03-15 18:10:11.439   840   840 W effect  : type=1400 audit(0.0:1850565): avc:  denied  { read } for  name="u:object_r:vendor_dolby_prop:s0" dev="tmpfs" ino=11682 scontext=u:r:hal_audio_default:s0 tcontext=u:object_r:vendor_dolby_prop:s0 tclass=file permissive=0
03-15 18:10:11.476   999   999 W HidlServiceManagement: Waited for hwservicemanager.ready for a second, waiting another...
03-15 18:10:11.476   999   999 W libc    : Access denied finding property "hwservicemanager.ready"
03-15 18:10:11.477   999   999 W libc    : Access denied finding property "hwservicemanager.ready"
03-15 18:10:11.478   840  8358 I btaudio_offload_qti: audio_get_a2dp_sink_latency_qti: Sink Latency = 0
03-15 18:10:11.479   840  8470 W libc    : Access denied finding property "vendor.dolby.mi.metadata.log"
03-15 18:10:11.479   840  8470 W libc    : Access denied finding property "vendor.dolby.mi.metadata.log"
03-15 18:10:11.480   840  8470 W libc    : Access denied finding property "vendor.dolby.mi.metadata.log"
03-15 18:10:11.480   840  8470 W libc    : Access denied finding property "vendor.dolby.mi.metadata.log"
03-15 18:10:11.480   840  8470 W libc    : Access denied finding property "vendor.dolby.mi.metadata.log"
03-15 18:10:11.480   840  8470 W libc    : Access denied finding property "vendor.dolby.mi.metadata.log"
03-15 18:10:11.480   840  8470 W libc    : Access denied finding property "vendor.dolby.mi.metadata.log"
03-15 18:10:11.480   840  8470 W libc    : Access denied finding property "vendor.dolby.mi.metadata.log"
03-15 18:10:11.481   840  8358 W libc    : Access denied finding property "hal.record.dump"
03-15 18:10:11.499 30878 31109 D MusicMessageHandler: setPlaybackState() called with: state = [1]
03-15 18:10:11.505 30878 30878 I FeatureAppWidget: VipPlayer: loadPlayState: playState=VipPlayerPlayState(isPlaying=null, isStar=null, progress=181348, max = 234782)
03-15 18:10:11.506 30878 30878 E ActivityThread: Failed to find provider info for com.miui.personalassistant.widget.external
03-15 18:10:11.507 30878 30878 I FeatureAppWidget: VipPlayer: loadAnimate: playState=VipPlayerPlayState(isPlaying=null, isStar=null, progress=181348, max = 234782)
03-15 18:10:11.518   840  8358 I btaudio_offload_qti: audio_get_a2dp_sink_latency_qti: Sink Latency = 0
03-15 18:10:11.519   840  8470 W libc    : Access denied finding property "vendor.dolby.mi.metadata.log"
03-15 18:10:11.519   840  8470 W libc    : Access denied finding property "vendor.dolby.mi.metadata.log"
03-15 18:10:11.519   840  8470 W libc    : Access denied finding property "vendor.dolby.mi.metadata.log"
03-15 18:10:11.519   840  8470 W libc    : Access denied finding property "vendor.dolby.mi.metadata.log"
03-15 18:10:11.519   840  8470 W libc    : Access denied finding property "vendor.dolby.mi.metadata.log"
03-15 18:10:11.519   840  8470 W libc    : Access denied finding property "vendor.dolby.mi.metadata.log"
03-15 18:10:11.519   840  8470 W libc    : Access denied finding property "vendor.dolby.mi.metadata.log"
03-15 18:10:11.519   840  8358 W libc    : Access denied finding property "hal.record.dump"
03-15 18:10:11.558   840  8358 I btaudio_offload_qti: audio_get_a2dp_sink_latency_qti: Sink Latency = 0
03-15 18:10:11.558   840  8470 W libc    : Access denied finding property "vendor.dolby.mi.metadata.log"
03-15 18:10:11.558   840  8470 W libc    : Access denied finding property "vendor.dolby.mi.metadata.log"
03-15 18:10:11.558   840  8470 W libc    : Access denied finding property "vendor.dolby.mi.metadata.log"
03-15 18:10:11.559   840  8470 W libc    : Access denied finding property "vendor.dolby.mi.metadata.log"
03-15 18:10:11.559   840  8470 W libc    : Access denied finding property "vendor.dolby.mi.metadata.log"
03-15 18:10:11.559   840  8470 W libc    : Access denied finding property "vendor.dolby.mi.metadata.log"
03-15 18:10:11.559   840  8470 W libc    : Access denied finding property "vendor.dolby.mi.metadata.log"
03-15 18:10:11.559   840  8470 W libc    : Access denied finding property "vendor.dolby.mi.metadata.log"
03-15 18:10:11.559   840  8358 W libc    : Access denied finding property "hal.record.dump"
03-15 18:10:11.580  1474  2025 I ZuiModeService: judgeGameMode: has Visible FULLSCREEN non game pkg com.example.mymusic
03-15 18:10:11.580  1474  2025 I ZuiModeService: judgeGameMode: should not in GameMode by hasFullVisibleNonGameApp
03-15 18:10:11.597   840  8358 I btaudio_offload_qti: audio_get_a2dp_sink_latency_qti: Sink Latency = 0
03-15 18:10:11.598   840  8470 W libc    : Access denied finding property "vendor.dolby.mi.metadata.log"
03-15 18:10:11.598   840  8470 W libc    : Access denied finding property "vendor.dolby.mi.metadata.log"
03-15 18:10:11.598   840  8470 W libc    : Access denied finding property "vendor.dolby.mi.metadata.log"
03-15 18:10:11.599   840  8470 W libc    : Access denied finding property "vendor.dolby.mi.metadata.log"
03-15 18:10:11.599   840  8470 W libc    : Access denied finding property "vendor.dolby.mi.metadata.log"
03-15 18:10:11.599   840  8470 W libc    : Access denied finding property "vendor.dolby.mi.metadata.log"
03-15 18:10:11.599   840  8470 W libc    : Access denied finding property "vendor.dolby.mi.metadata.log"
03-15 18:10:11.599   840  8358 W libc    : Access denied finding property "hal.record.dump"
03-15 18:10:11.638   840  8358 I btaudio_offload_qti: audio_get_a2dp_sink_latency_qti: Sink Latency = 0
03-15 18:10:11.638   840  8470 W libc    : Access denied finding property "vendor.dolby.mi.metadata.log"
03-15 18:10:11.638   840  8470 W libc    : Access denied finding property "vendor.dolby.mi.metadata.log"
03-15 18:10:11.638   840  8470 W libc    : Access denied finding property "vendor.dolby.mi.metadata.log"
03-15 18:10:11.638   840  8470 W libc    : Access denied finding property "vendor.dolby.mi.metadata.log"
03-15 18:10:11.638   840  8470 W libc    : Access denied finding property "vendor.dolby.mi.metadata.log"
03-15 18:10:11.639   840  8470 W libc    : Access denied finding property "vendor.dolby.mi.metadata.log"
03-15 18:10:11.639   840  8470 W libc    : Access denied finding property "vendor.dolby.mi.metadata.log"
03-15 18:10:11.639   840  8470 W libc    : Access denied finding property "vendor.dolby.mi.metadata.log"
03-15 18:10:11.639   840  8358 W libc    : Access denied finding property "hal.record.dump"
03-15 18:10:11.677   840  8358 I btaudio_offload_qti: audio_get_a2dp_sink_latency_qti: Sink Latency = 0
03-15 18:10:11.678   840  8470 W libc    : Access denied finding property "vendor.dolby.mi.metadata.log"
03-15 18:10:11.678   840  8470 W libc    : Access denied finding property "vendor.dolby.mi.metadata.log"
03-15 18:10:11.678   840  8470 W libc    : Access denied finding property "vendor.dolby.mi.metadata.log"
03-15 18:10:11.678   840  8470 W libc    : Access denied finding property "vendor.dolby.mi.metadata.log"
03-15 18:10:11.678   840  8470 W libc    : Access denied finding property "vendor.dolby.mi.metadata.log"
03-15 18:10:11.678   840  8470 D DlbDap2Process: process() called [1493000] times with input channel mask 0x3 (ProcessingMode=1)
03-15 18:10:11.679   840  8470 W libc    : Access denied finding property "vendor.dolby.mi.metadata.log"
03-15 18:10:11.679   840  8470 W libc    : Access denied finding property "vendor.dolby.mi.metadata.log"
03-15 18:10:11.679   840  8358 W libc    : Access denied finding property "hal.record.dump"
03-15 18:10:11.684 30878 30887 I ease.cloudmusic: NativeAlloc concurrent copying GC freed 64495(2885KB) AllocSpace objects, 0(0B) LOS objects, 25% free, 70MB/94MB, paused 77us,62us total 143.367ms
03-15 18:10:11.717   840  8358 I btaudio_offload_qti: audio_get_a2dp_sink_latency_qti: Sink Latency = 0
03-15 18:10:11.718   840  8470 W libc    : Access denied finding property "vendor.dolby.mi.metadata.log"
03-15 18:10:11.718   840  8470 W libc    : Access denied finding property "vendor.dolby.mi.metadata.log"
03-15 18:10:11.719   840  8470 W libc    : Access denied finding property "vendor.dolby.mi.metadata.log"
03-15 18:10:11.719   840  8470 W libc    : Access denied finding property "vendor.dolby.mi.metadata.log"
03-15 18:10:11.719   840  8470 W libc    : Access denied finding property "vendor.dolby.mi.metadata.log"
03-15 18:10:11.719   840  8470 W libc    : Access denied finding property "vendor.dolby.mi.metadata.log"
03-15 18:10:11.719   840  8470 W libc    : Access denied finding property "vendor.dolby.mi.metadata.log"
03-15 18:10:11.719   840  8470 W libc    : Access denied finding property "vendor.dolby.mi.metadata.log"
03-15 18:10:11.720   840  8358 W libc    : Access denied finding property "hal.record.dump"
03-15 18:10:11.759   840  8358 I btaudio_offload_qti: audio_get_a2dp_sink_latency_qti: Sink Latency = 0
03-15 18:10:11.760   840  8470 W libc    : Access denied finding property "vendor.dolby.mi.metadata.log"
03-15 18:10:11.760   840  8470 W libc    : Access denied finding property "vendor.dolby.mi.metadata.log"
03-15 18:10:11.760   840  8470 W libc    : Access denied finding property "vendor.dolby.mi.metadata.log"
03-15 18:10:11.760   840  8470 W libc    : Access denied finding property "vendor.dolby.mi.metadata.log"
03-15 18:10:11.761   840  8470 W libc    : Access denied finding property "vendor.dolby.mi.metadata.log"
03-15 18:10:11.761   840  8470 W libc    : Access denied finding property "vendor.dolby.mi.metadata.log"
03-15 18:10:11.761   840  8470 W libc    : Access denied finding property "vendor.dolby.mi.metadata.log"
03-15 18:10:11.761   840  8358 W libc    : Access denied finding property "hal.record.dump"
03-15 18:10:11.798   840  8358 I btaudio_offload_qti: audio_get_a2dp_sink_latency_qti: Sink Latency = 0
03-15 18:10:11.798   840  8470 W libc    : Access denied finding property "vendor.dolby.mi.metadata.log"
03-15 18:10:11.798   840  8470 W libc    : Access denied finding property "vendor.dolby.mi.metadata.log"
03-15 18:10:11.799   840  8470 W libc    : Access denied finding property "vendor.dolby.mi.metadata.log"
03-15 18:10:11.799   840  8470 W libc    : Access denied finding property "vendor.dolby.mi.metadata.log"
03-15 18:10:11.799   840  8470 W libc    : Access denied finding property "vendor.dolby.mi.metadata.log"
03-15 18:10:11.799   840  8470 W libc    : Access denied finding property "vendor.dolby.mi.metadata.log"
03-15 18:10:11.799   840  8470 W libc    : Access denied finding property "vendor.dolby.mi.metadata.log"
03-15 18:10:11.799   840  8470 W libc    : Access denied finding property "vendor.dolby.mi.metadata.log"
03-15 18:10:11.800   840  8358 W libc    : Access denied finding property "hal.record.dump"
03-15 18:10:11.838   840  8358 I btaudio_offload_qti: audio_get_a2dp_sink_latency_qti: Sink Latency = 0
03-15 18:10:11.839   840  8470 W libc    : Access denied finding property "vendor.dolby.mi.metadata.log"
03-15 18:10:11.840   840  8470 W libc    : Access denied finding property "vendor.dolby.mi.metadata.log"
03-15 18:10:11.840   840  8470 W libc    : Access denied finding property "vendor.dolby.mi.metadata.log"
03-15 18:10:11.840   840  8470 W libc    : Access denied finding property "vendor.dolby.mi.metadata.log"
03-15 18:10:11.840   840  8470 W libc    : Access denied finding property "vendor.dolby.mi.metadata.log"
03-15 18:10:11.841   840  8470 W libc    : Access denied finding property "vendor.dolby.mi.metadata.log"
03-15 18:10:11.841   840  8470 W libc    : Access denied finding property "vendor.dolby.mi.metadata.log"
03-15 18:10:11.841   840  8358 W libc    : Access denied finding property "hal.record.dump"
03-15 18:10:11.878   840  8358 I btaudio_offload_qti: audio_get_a2dp_sink_latency_qti: Sink Latency = 0
03-15 18:10:11.879   840  8470 W libc    : Access denied finding property "vendor.dolby.mi.metadata.log"
03-15 18:10:11.879   840  8470 W libc    : Access denied finding property "vendor.dolby.mi.metadata.log"
03-15 18:10:11.880   840  8470 W libc    : Access denied finding property "vendor.dolby.mi.metadata.log"
03-15 18:10:11.880   840  8470 W libc    : Access denied finding property "vendor.dolby.mi.metadata.log"
03-15 18:10:11.880   840  8470 W libc    : Access denied finding property "vendor.dolby.mi.metadata.log"
03-15 18:10:11.880   840  8470 W libc    : Access denied finding property "vendor.dolby.mi.metadata.log"
03-15 18:10:11.880   840  8470 W libc    : Access denied finding property "vendor.dolby.mi.metadata.log"
03-15 18:10:11.881   840  8470 W libc    : Access denied finding property "vendor.dolby.mi.metadata.log"
03-15 18:10:11.882   840  8358 W libc    : Access denied finding property "hal.record.dump"
03-15 18:10:11.917   840  8358 I btaudio_offload_qti: audio_get_a2dp_sink_latency_qti: Sink Latency = 0
03-15 18:10:11.920   840  8470 W libc    : Access denied finding property "vendor.dolby.mi.metadata.log"
03-15 18:10:11.920   840  8470 W libc    : Access denied finding property "vendor.dolby.mi.metadata.log"
03-15 18:10:11.920   840  8470 W libc    : Access denied finding property "vendor.dolby.mi.metadata.log"
03-15 18:10:11.921   840  8470 W libc    : Access denied finding property "vendor.dolby.mi.metadata.log"
03-15 18:10:11.921   840  8470 W libc    : Access denied finding property "vendor.dolby.mi.metadata.log"
03-15 18:10:11.921   840  8470 W libc    : Access denied finding property "vendor.dolby.mi.metadata.log"
03-15 18:10:11.921   840  8470 W libc    : Access denied finding property "vendor.dolby.mi.metadata.log"
03-15 18:10:11.922   840  8358 W libc    : Access denied finding property "hal.record.dump"
03-15 18:10:11.958   840  8358 I btaudio_offload_qti: audio_get_a2dp_sink_latency_qti: Sink Latency = 0
03-15 18:10:11.959   840  8470 W libc    : Access denied finding property "vendor.dolby.mi.metadata.log"
03-15 18:10:11.960   840  8470 W libc    : Access denied finding property "vendor.dolby.mi.metadata.log"
03-15 18:10:11.960   840  8470 W libc    : Access denied finding property "vendor.dolby.mi.metadata.log"
03-15 18:10:11.960   840  8470 W libc    : Access denied finding property "vendor.dolby.mi.metadata.log"
03-15 18:10:11.960   840  8470 W libc    : Access denied finding property "vendor.dolby.mi.metadata.log"
03-15 18:10:11.960   840  8470 W libc    : Access denied finding property "vendor.dolby.mi.metadata.log"
03-15 18:10:11.961   840  8470 W libc    : Access denied finding property "vendor.dolby.mi.metadata.log"
03-15 18:10:11.961   840  8470 W libc    : Access denied finding property "vendor.dolby.mi.metadata.log"
03-15 18:10:11.961   840  8358 W libc    : Access denied finding property "hal.record.dump"
03-15 18:10:11.997   840  8358 I btaudio_offload_qti: audio_get_a2dp_sink_latency_qti: Sink Latency = 0
03-15 18:10:11.998   840  8470 W libc    : Access denied finding property "vendor.dolby.mi.metadata.log"
03-15 18:10:11.998   840  8470 W libc    : Access denied finding property "vendor.dolby.mi.metadata.log"
03-15 18:10:11.998   840  8470 W libc    : Access denied finding property "vendor.dolby.mi.metadata.log"
03-15 18:10:11.998   840  8470 W libc    : Access denied finding property "vendor.dolby.mi.metadata.log"
03-15 18:10:11.998   840  8470 W libc    : Access denied finding property "vendor.dolby.mi.metadata.log"
03-15 18:10:11.999   840  8470 W libc    : Access denied finding property "vendor.dolby.mi.metadata.log"
03-15 18:10:11.999   840  8470 W libc    : Access denied finding property "vendor.dolby.mi.metadata.log"
03-15 18:10:11.999   840  8358 W libc    : Access denied finding property "hal.record.dump"
03-15 18:10:12.002   829   962 W qwesd   : IClientEnv_open(119) returned 10
03-15 18:10:12.002   829   962 E qwesd   : Cannot open file /vendor/firmware_mnt/image/qwes.mbn, errno = 2
03-15 18:10:12.002   829   962 E qwesd   : LoadTAWithQSEECom for /vendor/firmware_mnt/image/qwes failed with -1
03-15 18:10:12.002   829   962 W qwesd   : Failed to load qwes TA (-1)
03-15 18:10:12.002   829 11897 E SmcInvoke_MinkDescriptor: cbthread[tid 492055518384] exit
03-15 18:10:12.003   829 11898 E SmcInvoke_MinkDescriptor: cbthread[tid 492037700784] return -1, errno 4: has_response 0, txn_id 0, result 0, cbobj_id 0, op 0x0, counts 0x0,
03-15 18:10:12.003   829 11898 D SmcInvoke_MinkDescriptor: cbthread[tid 492037700784] continue with errno 4
03-15 18:10:12.003   829 11894 E SmcInvoke_MinkDescriptor: cbthread[tid 492092193968] exit
03-15 18:10:12.003   829 11898 E SmcInvoke_MinkDescriptor: cbthread[tid 492037700784] exit
03-15 18:10:12.003   829 11896 E SmcInvoke_MinkDescriptor: cbthread[tid 492073335984] return -1, errno 4: has_response 0, txn_id 0, result 0, cbobj_id 0, op 0x0, counts 0x0,
03-15 18:10:12.003   829 11896 D SmcInvoke_MinkDescriptor: cbthread[tid 492073335984] continue with errno 4
03-15 18:10:12.003   829 11896 E SmcInvoke_MinkDescriptor: cbthread[tid 492073335984] exit
03-15 18:10:12.003   829 11895 E SmcInvoke_MinkDescriptor: cbthread[tid 492074376368] return -1, errno 4: has_response 0, txn_id 0, result 0, cbobj_id 0, op 0x0, counts 0x0,
03-15 18:10:12.003   829 11895 D SmcInvoke_MinkDescriptor: cbthread[tid 492074376368] continue with errno 4
03-15 18:10:12.003   829 11895 E SmcInvoke_MinkDescriptor: cbthread[tid 492074376368] exit
03-15 18:10:12.003   829 11893 E SmcInvoke_MinkDescriptor: cbthread[tid 492093234352] return -1, errno 4: has_response 1, txn_id 1, result 0, cbobj_id -2, op 0x0, counts 0x10,
03-15 18:10:12.003   829 11893 D SmcInvoke_MinkDescriptor: cbthread[tid 492093234352] continue with errno 4
03-15 18:10:12.003   829 11893 E SmcInvoke_MinkDescriptor: cbthread[tid 492093234352] exit
03-15 18:10:12.003   829 11892 E SmcInvoke_MinkDescriptor: cbthread[tid 492111051952] return -1, errno 4: has_response 0, txn_id 0, result 0, cbobj_id 0, op 0x0, counts 0x0,
03-15 18:10:12.003   829 11892 D SmcInvoke_MinkDescriptor: cbthread[tid 492111051952] continue with errno 4
03-15 18:10:12.003   829 11892 E SmcInvoke_MinkDescriptor: cbthread[tid 492111051952] exit
03-15 18:10:12.004   829 11891 E SmcInvoke_MinkDescriptor: cbthread[tid 492112092336] return -1, errno 4: has_response 0, txn_id 0, result 0, cbobj_id 0, op 0x0, counts 0x0,
03-15 18:10:12.004   829 11891 D SmcInvoke_MinkDescriptor: cbthread[tid 492112092336] continue with errno 4
03-15 18:10:12.004   829 11891 E SmcInvoke_MinkDescriptor: cbthread[tid 492112092336] exit
03-15 18:10:12.004   829 11890 E SmcInvoke_MinkDescriptor: cbthread[tid 492129909936] return -1, errno 4: has_response 0, txn_id 0, result 0, cbobj_id 0, op 0x0, counts 0x0,
03-15 18:10:12.004   829 11890 D SmcInvoke_MinkDescriptor: cbthread[tid 492129909936] continue with errno 4
03-15 18:10:12.004   829 11890 E SmcInvoke_MinkDescriptor: cbthread[tid 492129909936] exit
03-15 18:10:12.004   829 11889 E SmcInvoke_MinkDescriptor: cbthread[tid 492147727536] return -1, errno 4: has_response 0, txn_id 0, result 0, cbobj_id 0, op 0x0, counts 0x0,
03-15 18:10:12.004   829 11889 D SmcInvoke_MinkDescriptor: cbthread[tid 492147727536] continue with errno 4
03-15 18:10:12.004   829 11889 E SmcInvoke_MinkDescriptor: cbthread[tid 492147727536] exit
03-15 18:10:12.004   829 11888 E SmcInvoke_MinkDescriptor: cbthread[tid 492165545136] return -1, errno 4: has_response 0, txn_id 0, result 0, cbobj_id 0, op 0x0, counts 0x0,
03-15 18:10:12.004   829 11888 D SmcInvoke_MinkDescriptor: cbthread[tid 492165545136] continue with errno 4
03-15 18:10:12.004   829 11888 E SmcInvoke_MinkDescriptor: cbthread[tid 492165545136] exit
03-15 18:10:12.004   829 11887 E SmcInvoke_MinkDescriptor: cbthread[tid 492200139952] return -1, errno 4: has_response 0, txn_id 0, result 0, cbobj_id 0, op 0x0, counts 0x0,
03-15 18:10:12.004   829 11887 D SmcInvoke_MinkDescriptor: cbthread[tid 492200139952] continue with errno 4
03-15 18:10:12.004   829 11887 E SmcInvoke_MinkDescriptor: cbthread[tid 492200139952] exit
03-15 18:10:12.005   829 11886 E SmcInvoke_MinkDescriptor: cbthread[tid 492217957552] return -1, errno 4: has_response 0, txn_id 0, result 0, cbobj_id 0, op 0x0, counts 0x0,
03-15 18:10:12.005   829 11886 D SmcInvoke_MinkDescriptor: cbthread[tid 492217957552] continue with errno 4
03-15 18:10:12.005   829 11886 E SmcInvoke_MinkDescriptor: cbthread[tid 492217957552] exit
03-15 18:10:12.005   829 11885 E SmcInvoke_MinkDescriptor: cbthread[tid 492235775152] return -1, errno 4: has_response 0, txn_id 0, result 0, cbobj_id 0, op 0x0, counts 0x0,
03-15 18:10:12.005   829 11885 D SmcInvoke_MinkDescriptor: cbthread[tid 492235775152] continue with errno 4
03-15 18:10:12.005   829 11885 E SmcInvoke_MinkDescriptor: cbthread[tid 492235775152] exit
03-15 18:10:12.005   829 11884 E SmcInvoke_MinkDescriptor: cbthread[tid 492236815536] return -1, errno 4: has_response 0, txn_id 0, result 0, cbobj_id 0, op 0x0, counts 0x0,
03-15 18:10:12.005   829 11884 D SmcInvoke_MinkDescriptor: cbthread[tid 492236815536] continue with errno 4
03-15 18:10:12.005   829 11884 E SmcInvoke_MinkDescriptor: cbthread[tid 492236815536] exit
03-15 18:10:12.005   829 11883 E SmcInvoke_MinkDescriptor: cbthread[tid 492321742000] return -1, errno 4: has_response 1, txn_id 2, result 0, cbobj_id -2, op 0xffff, counts 0x0,
03-15 18:10:12.005   829 11883 D SmcInvoke_MinkDescriptor: cbthread[tid 492321742000] continue with errno 4
03-15 18:10:12.005   829 11883 E SmcInvoke_MinkDescriptor: cbthread[tid 492321742000] exit
03-15 18:10:12.005   829   962 W qwesd_exp: Expiration thread failed to read license info.
03-15 18:10:12.037   840  8358 I btaudio_offload_qti: audio_get_a2dp_sink_latency_qti: Sink Latency = 0
03-15 18:10:12.038   840  8470 W libc    : Access denied finding property "vendor.dolby.mi.metadata.log"
03-15 18:10:12.039   840  8470 W libc    : Access denied finding property "vendor.dolby.mi.metadata.log"
03-15 18:10:12.039   840  8470 W libc    : Access denied finding property "vendor.dolby.mi.metadata.log"
03-15 18:10:12.039   840  8470 W libc    : Access denied finding property "vendor.dolby.mi.metadata.log"
03-15 18:10:12.039   840  8470 W libc    : Access denied finding property "vendor.dolby.mi.metadata.log"
03-15 18:10:12.040   840  8470 W libc    : Access denied finding property "vendor.dolby.mi.metadata.log"
03-15 18:10:12.040   840  8470 W libc    : Access denied finding property "vendor.dolby.mi.metadata.log"
03-15 18:10:12.040   840  8470 W libc    : Access denied finding property "vendor.dolby.mi.metadata.log"
03-15 18:10:12.041   840  8358 W libc    : Access denied finding property "hal.record.dump"
03-15 18:10:12.078   840  8358 I btaudio_offload_qti: audio_get_a2dp_sink_latency_qti: Sink Latency = 0
03-15 18:10:12.079   840  8470 W libc    : Access denied finding property "vendor.dolby.mi.metadata.log"
03-15 18:10:12.079   840  8470 W libc    : Access denied finding property "vendor.dolby.mi.metadata.log"
03-15 18:10:12.080   840  8470 W libc    : Access denied finding property "vendor.dolby.mi.metadata.log"
03-15 18:10:12.080   840  8470 W libc    : Access denied finding property "vendor.dolby.mi.metadata.log"
03-15 18:10:12.080   840  8470 W libc    : Access denied finding property "vendor.dolby.mi.metadata.log"
03-15 18:10:12.080   840  8470 W libc    : Access denied finding property "vendor.dolby.mi.metadata.log"
03-15 18:10:12.080   840  8470 W libc    : Access denied finding property "vendor.dolby.mi.metadata.log"
03-15 18:10:12.081   840  8358 W libc    : Access denied finding property "hal.record.dump"
03-15 18:10:12.118   840  8358 I btaudio_offload_qti: audio_get_a2dp_sink_latency_qti: Sink Latency = 0
03-15 18:10:12.119   840  8470 W libc    : Access denied finding property "vendor.dolby.mi.metadata.log"
03-15 18:10:12.119   840  8470 W libc    : Access denied finding property "vendor.dolby.mi.metadata.log"
03-15 18:10:12.119   840  8470 W libc    : Access denied finding property "vendor.dolby.mi.metadata.log"
03-15 18:10:12.120   840  8470 W libc    : Access denied finding property "vendor.dolby.mi.metadata.log"
03-15 18:10:12.120   840  8470 W libc    : Access denied finding property "vendor.dolby.mi.metadata.log"
03-15 18:10:12.120   840  8470 W libc    : Access denied finding property "vendor.dolby.mi.metadata.log"
03-15 18:10:12.120   840  8470 W libc    : Access denied finding property "vendor.dolby.mi.metadata.log"
03-15 18:10:12.120   840  8470 W libc    : Access denied finding property "vendor.dolby.mi.metadata.log"
03-15 18:10:12.120   840  8358 W libc    : Access denied finding property "hal.record.dump"
03-15 18:10:12.157   840  8358 I btaudio_offload_qti: audio_get_a2dp_sink_latency_qti: Sink Latency = 0
03-15 18:10:12.158   840  8470 W libc    : Access denied finding property "vendor.dolby.mi.metadata.log"
03-15 18:10:12.158   840  8470 W libc    : Access denied finding property "vendor.dolby.mi.metadata.log"
03-15 18:10:12.158   840  8470 W libc    : Access denied finding property "vendor.dolby.mi.metadata.log"
03-15 18:10:12.159   840  8470 W libc    : Access denied finding property "vendor.dolby.mi.metadata.log"
03-15 18:10:12.159   840  8470 W libc    : Access denied finding property "vendor.dolby.mi.metadata.log"
03-15 18:10:12.159   840  8470 W libc    : Access denied finding property "vendor.dolby.mi.metadata.log"
03-15 18:10:12.159   840  8470 W libc    : Access denied finding property "vendor.dolby.mi.metadata.log"
03-15 18:10:12.159   840  8358 W libc    : Access denied finding property "hal.record.dump"
03-15 18:10:12.196   840  8358 I btaudio_offload_qti: audio_get_a2dp_sink_latency_qti: Sink Latency = 0
03-15 18:10:12.197   840  8470 W libc    : Access denied finding property "vendor.dolby.mi.metadata.log"
03-15 18:10:12.197   840  8470 W libc    : Access denied finding property "vendor.dolby.mi.metadata.log"
03-15 18:10:12.197   840  8470 W libc    : Access denied finding property "vendor.dolby.mi.metadata.log"
03-15 18:10:12.197   840  8470 W libc    : Access denied finding property "vendor.dolby.mi.metadata.log"
03-15 18:10:12.197   840  8470 W libc    : Access denied finding property "vendor.dolby.mi.metadata.log"
03-15 18:10:12.197   840  8470 W libc    : Access denied finding property "vendor.dolby.mi.metadata.log"
03-15 18:10:12.197   840  8470 W libc    : Access denied finding property "vendor.dolby.mi.metadata.log"
03-15 18:10:12.197   840  8470 W libc    : Access denied finding property "vendor.dolby.mi.metadata.log"
03-15 18:10:12.198   840  8358 W libc    : Access denied finding property "hal.record.dump"
03-15 18:10:12.237   840  8358 I btaudio_offload_qti: audio_get_a2dp_sink_latency_qti: Sink Latency = 0
03-15 18:10:12.238   840  8470 W libc    : Access denied finding property "vendor.dolby.mi.metadata.log"
03-15 18:10:12.238   840  8470 W libc    : Access denied finding property "vendor.dolby.mi.metadata.log"
03-15 18:10:12.239   840  8470 W libc    : Access denied finding property "vendor.dolby.mi.metadata.log"
03-15 18:10:12.239   840  8470 W libc    : Access denied finding property "vendor.dolby.mi.metadata.log"
03-15 18:10:12.239   840  8470 W libc    : Access denied finding property "vendor.dolby.mi.metadata.log"
03-15 18:10:12.240   840  8470 W libc    : Access denied finding property "vendor.dolby.mi.metadata.log"
03-15 18:10:12.240   840  8470 W libc    : Access denied finding property "vendor.dolby.mi.metadata.log"
03-15 18:10:12.240   840  8358 W libc    : Access denied finding property "hal.record.dump"
03-15 18:10:12.277   840  8358 I btaudio_offload_qti: audio_get_a2dp_sink_latency_qti: Sink Latency = 0
03-15 18:10:12.278   840  8470 W libc    : Access denied finding property "vendor.dolby.mi.metadata.log"
03-15 18:10:12.278   840  8470 W libc    : Access denied finding property "vendor.dolby.mi.metadata.log"
03-15 18:10:12.279   840  8470 W libc    : Access denied finding property "vendor.dolby.mi.metadata.log"
03-15 18:10:12.279   840  8470 W libc    : Access denied finding property "vendor.dolby.mi.metadata.log"
03-15 18:10:12.279   840  8470 W libc    : Access denied finding property "vendor.dolby.mi.metadata.log"
03-15 18:10:12.279   840  8470 W libc    : Access denied finding property "vendor.dolby.mi.metadata.log"
03-15 18:10:12.280   840  8470 W libc    : Access denied finding property "vendor.dolby.mi.metadata.log"
03-15 18:10:12.280   840  8470 W libc    : Access denied finding property "vendor.dolby.mi.metadata.log"
03-15 18:10:12.280   840  8358 W libc    : Access denied finding property "hal.record.dump"
03-15 18:10:12.316   840  8358 I btaudio_offload_qti: audio_get_a2dp_sink_latency_qti: Sink Latency = 0
03-15 18:10:12.317   840  8470 W libc    : Access denied finding property "vendor.dolby.mi.metadata.log"
03-15 18:10:12.318   840  8470 W libc    : Access denied finding property "vendor.dolby.mi.metadata.log"
03-15 18:10:12.318   840  8470 W libc    : Access denied finding property "vendor.dolby.mi.metadata.log"
03-15 18:10:12.318   840  8470 W libc    : Access denied finding property "vendor.dolby.mi.metadata.log"
03-15 18:10:12.318   840  8470 W libc    : Access denied finding property "vendor.dolby.mi.metadata.log"
03-15 18:10:12.318   840  8470 W libc    : Access denied finding property "vendor.dolby.mi.metadata.log"
03-15 18:10:12.318   840  8470 W libc    : Access denied finding property "vendor.dolby.mi.metadata.log"
03-15 18:10:12.319   840  8358 W libc    : Access denied finding property "hal.record.dump"
03-15 18:10:12.357   840  8358 I btaudio_offload_qti: audio_get_a2dp_sink_latency_qti: Sink Latency = 0
03-15 18:10:12.358   840  8470 W libc    : Access denied finding property "vendor.dolby.mi.metadata.log"
03-15 18:10:12.358   840  8470 W libc    : Access denied finding property "vendor.dolby.mi.metadata.log"
03-15 18:10:12.358   840  8470 W libc    : Access denied finding property "vendor.dolby.mi.metadata.log"
03-15 18:10:12.358   840  8470 W libc    : Access denied finding property "vendor.dolby.mi.metadata.log"
03-15 18:10:12.358   840  8470 W libc    : Access denied finding property "vendor.dolby.mi.metadata.log"
03-15 18:10:12.359   840  8470 W libc    : Access denied finding property "vendor.dolby.mi.metadata.log"
03-15 18:10:12.359   840  8470 W libc    : Access denied finding property "vendor.dolby.mi.metadata.log"
03-15 18:10:12.359   840  8470 W libc    : Access denied finding property "vendor.dolby.mi.metadata.log"
03-15 18:10:12.359   840  8358 W libc    : Access denied finding property "hal.record.dump"
03-15 18:10:12.396   840  8358 I btaudio_offload_qti: audio_get_a2dp_sink_latency_qti: Sink Latency = 0
03-15 18:10:12.397   840  8470 W libc    : Access denied finding property "vendor.dolby.mi.metadata.log"
03-15 18:10:12.398   840  8470 W libc    : Access denied finding property "vendor.dolby.mi.metadata.log"
03-15 18:10:12.398   840  8470 W libc    : Access denied finding property "vendor.dolby.mi.metadata.log"
03-15 18:10:12.398   840  8470 W libc    : Access denied finding property "vendor.dolby.mi.metadata.log"
03-15 18:10:12.398   840  8470 W libc    : Access denied finding property "vendor.dolby.mi.metadata.log"
03-15 18:10:12.398   840  8470 W libc    : Access denied finding property "vendor.dolby.mi.metadata.log"
03-15 18:10:12.398   840  8470 W libc    : Access denied finding property "vendor.dolby.mi.metadata.log"
03-15 18:10:12.399   840  8358 W libc    : Access denied finding property "hal.record.dump"
03-15 18:10:12.436   840  8358 I btaudio_offload_qti: audio_get_a2dp_sink_latency_qti: Sink Latency = 0
03-15 18:10:12.436 17158 17288 V MSF.C.MSFCore[@PS]: [Event] MSFPacketStatistics.cpp(300)::DoCheckRequestTimeout->current rtts:63.107
03-15 18:10:12.436   840  8470 W libc    : Access denied finding property "vendor.dolby.mi.metadata.log"
03-15 18:10:12.436   840  8470 W libc    : Access denied finding property "vendor.dolby.mi.metadata.log"
03-15 18:10:12.436   840  8470 W libc    : Access denied finding property "vendor.dolby.mi.metadata.log"
03-15 18:10:12.436   840  8470 W libc    : Access denied finding property "vendor.dolby.mi.metadata.log"
03-15 18:10:12.437   840  8470 W libc    : Access denied finding property "vendor.dolby.mi.metadata.log"
03-15 18:10:12.437   840  8470 W libc    : Access denied finding property "vendor.dolby.mi.metadata.log"
03-15 18:10:12.437   840  8470 W libc    : Access denied finding property "vendor.dolby.mi.metadata.log"
03-15 18:10:12.437   840  8470 W libc    : Access denied finding property "vendor.dolby.mi.metadata.log"
03-15 18:10:12.437   840  8358 W libc    : Access denied finding property "hal.record.dump"
03-15 18:10:12.471 17158 17301 V MSF.C.MSFCore[@DD]: [Event] MSFDDNetworkEngine.cpp(179)::onTcpInfoUpdate->onTcpInfoUpdate:
03-15 18:10:12.471 17158 17301 V MSF.C.MSFCore[@DD]:                      tcpi_state = 1;
