03-15 18:10:09.610  5071  5071 I KeyDetector: getKeyIndices, mIsPinyin26: false, mEnableProximity: true, mEnableAntiMistouch: false, mProximityThreshold: 0
03-15 18:10:09.610  5071  5071 I KeyDetector: getKeyIndices, i: 0, key.X: 370.0, key.y: 14.0, key.width: 108, key.height: 121, key.code: 114
03-15 18:10:09.610  5071  5071 I KeyDetector: getKeyIndices, mIsPinyin26: false, isKey26: true, isPinyin26Key: false, isInside: false
03-15 18:10:09.610  5071  5071 I KeyDetector: getKeyIndices, i: 1, key.X: 487.0, key.y: 14.0, key.width: 108, key.height: 121, key.code: 116
03-15 18:10:09.610  5071  5071 I KeyDetector: getKeyIndices, mIsPinyin26: false, isKey26: true, isPinyin26Key: false, isInside: false
03-15 18:10:09.610  5071  5071 I KeyDetector: getKeyIndices, i: 2, key.X: 604.0, key.y: 14.0, key.width: 108, key.height: 121, key.code: 121
03-15 18:10:09.610  5071  5071 I KeyDetector: getKeyIndices, mIsPinyin26: false, isKey26: true, isPinyin26Key: false, isInside: true
03-15 18:10:09.610  5071  5071 I KeyDetector: getKeyIndices, primaryIndex = nearestKeyIndices[i], 5
03-15 18:10:09.610  5071  5071 I KeyDetector: getKeyIndices, primaryIndex: 5, closestKey: -1
03-15 18:10:09.610  5071  5071 I SogouKeyboardComponent: detectHitKey, idx[0] = keyIndex, 5
03-15 18:10:09.610  5071  5071 I SogouKeyboardComponent: detectHitKey, keyIndex: 5
03-15 18:10:09.610  5071  5071 I SogouKeyboardComponent: detectHitKey, isValidKeyIndex(keyIndex) == true
03-15 18:10:09.618  5071  5071 I SogouKeyboardComponent: onTouchEvent, x: 652, y: 100, rawX: 1916, rawY: 1059
03-15 18:10:09.618  5071  5071 I TouchHandler: onTouchEvent
03-15 18:10:09.618  5071  5071 I TouchHandler: mIsTalkbackOn: false
03-15 18:10:09.618  5071  5071 I TouchHandler: action: 2
03-15 18:10:09.618  5071  5071 I TouchHandler: mState: 1
03-15 18:10:09.618  5071  5071 I TouchHandler: processSinglePressed, action: 2
03-15 18:10:09.618  5071  5071 I SogouKeyboardComponent: detectHitKey, x: 652, y: 100, idx: [5], isDown: false
03-15 18:10:09.618  5071  5071 I SogouKeyboardComponent: detectHitKey, touchX: 652, touchY: 100
03-15 18:10:09.618  5071  5071 I KeyboardData: x: 652, screenWidth: 2944, y: 100, display height: 558
03-15 18:10:09.618  5071  5071 I KeyDetector: getKeyIndices, x: 652, y: 100, allKeys: null, nearestKeyIndices: [3, 4, 5, 6, 7, 13, 14, 15, 16]
03-15 18:10:09.618  5071  5071 I KeyDetector: getKeyIndices, primaryIndex: -1, closestKey: -1, closestKeyDist: 1, keyCount: 9, keyTouchSwitch: false
03-15 18:10:09.618  5071  5071 I KeyDetector: getKeyIndices, mIsPinyin26: false, mEnableProximity: true, mEnableAntiMistouch: false, mProximityThreshold: 0
03-15 18:10:09.618  5071  5071 I KeyDetector: getKeyIndices, i: 0, key.X: 370.0, key.y: 14.0, key.width: 108, key.height: 121, key.code: 114
03-15 18:10:09.618  5071  5071 I KeyDetector: getKeyIndices, mIsPinyin26: false, isKey26: true, isPinyin26Key: false, isInside: false
03-15 18:10:09.618  5071  5071 I KeyDetector: getKeyIndices, i: 1, key.X: 487.0, key.y: 14.0, key.width: 108, key.height: 121, key.code: 116
03-15 18:10:09.618  5071  5071 I KeyDetector: getKeyIndices, mIsPinyin26: false, isKey26: true, isPinyin26Key: false, isInside: false
03-15 18:10:09.618  5071  5071 I KeyDetector: getKeyIndices, i: 2, key.X: 604.0, key.y: 14.0, key.width: 108, key.height: 121, key.code: 121
03-15 18:10:09.618  5071  5071 I KeyDetector: getKeyIndices, mIsPinyin26: false, isKey26: true, isPinyin26Key: false, isInside: true
03-15 18:10:09.618  5071  5071 I KeyDetector: getKeyIndices, primaryIndex = nearestKeyIndices[i], 5
03-15 18:10:09.618  5071  5071 I KeyDetector: getKeyIndices, primaryIndex: 5, closestKey: -1
03-15 18:10:09.618  5071  5071 I SogouKeyboardComponent: detectHitKey, idx[0] = keyIndex, 5
03-15 18:10:09.618  5071  5071 I SogouKeyboardComponent: detectHitKey, keyIndex: 5
03-15 18:10:09.618  5071  5071 I SogouKeyboardComponent: detectHitKey, isValidKeyIndex(keyIndex) == true
03-15 18:10:09.626  5071  5071 I SogouKeyboardComponent: onTouchEvent, x: 652, y: 100, rawX: 1916, rawY: 1059
03-15 18:10:09.626  5071  5071 I TouchHandler: onTouchEvent
03-15 18:10:09.626  5071  5071 I TouchHandler: mIsTalkbackOn: false
03-15 18:10:09.626  5071  5071 I TouchHandler: action: 2
03-15 18:10:09.626  5071  5071 I TouchHandler: mState: 1
03-15 18:10:09.626  5071  5071 I TouchHandler: processSinglePressed, action: 2
03-15 18:10:09.626  5071  5071 I SogouKeyboardComponent: detectHitKey, x: 652, y: 100, idx: [5], isDown: false
03-15 18:10:09.626  5071  5071 I SogouKeyboardComponent: detectHitKey, touchX: 652, touchY: 100
03-15 18:10:09.626  5071  5071 I KeyboardData: x: 652, screenWidth: 2944, y: 100, display height: 558
03-15 18:10:09.626  5071  5071 I KeyDetector: getKeyIndices, x: 652, y: 100, allKeys: null, nearestKeyIndices: [3, 4, 5, 6, 7, 13, 14, 15, 16]
03-15 18:10:09.626  5071  5071 I KeyDetector: getKeyIndices, primaryIndex: -1, closestKey: -1, closestKeyDist: 1, keyCount: 9, keyTouchSwitch: false
03-15 18:10:09.626  5071  5071 I KeyDetector: getKeyIndices, mIsPinyin26: false, mEnableProximity: true, mEnableAntiMistouch: false, mProximityThreshold: 0
03-15 18:10:09.627  5071  5071 I KeyDetector: getKeyIndices, i: 0, key.X: 370.0, key.y: 14.0, key.width: 108, key.height: 121, key.code: 114
03-15 18:10:09.627  5071  5071 I KeyDetector: getKeyIndices, mIsPinyin26: false, isKey26: true, isPinyin26Key: false, isInside: false
03-15 18:10:09.627  5071  5071 I KeyDetector: getKeyIndices, i: 1, key.X: 487.0, key.y: 14.0, key.width: 108, key.height: 121, key.code: 116
03-15 18:10:09.627  5071  5071 I KeyDetector: getKeyIndices, mIsPinyin26: false, isKey26: true, isPinyin26Key: false, isInside: false
03-15 18:10:09.627  5071  5071 I KeyDetector: getKeyIndices, i: 2, key.X: 604.0, key.y: 14.0, key.width: 108, key.height: 121, key.code: 121
03-15 18:10:09.627  5071  5071 I KeyDetector: getKeyIndices, mIsPinyin26: false, isKey26: true, isPinyin26Key: false, isInside: true
03-15 18:10:09.627  5071  5071 I KeyDetector: getKeyIndices, primaryIndex = nearestKeyIndices[i], 5
03-15 18:10:09.627  5071  5071 I KeyDetector: getKeyIndices, primaryIndex: 5, closestKey: -1
03-15 18:10:09.627  5071  5071 I SogouKeyboardComponent: detectHitKey, idx[0] = keyIndex, 5
03-15 18:10:09.627  5071  5071 I SogouKeyboardComponent: detectHitKey, keyIndex: 5
03-15 18:10:09.627  5071  5071 I SogouKeyboardComponent: detectHitKey, isValidKeyIndex(keyIndex) == true
03-15 18:10:09.634  5071  5071 I SogouKeyboardComponent: onTouchEvent, x: 652, y: 100, rawX: 1916, rawY: 1059
03-15 18:10:09.634  5071  5071 I TouchHandler: onTouchEvent
03-15 18:10:09.635  5071  5071 I TouchHandler: mIsTalkbackOn: false
03-15 18:10:09.635  5071  5071 I TouchHandler: action: 2
03-15 18:10:09.635  5071  5071 I TouchHandler: mState: 1
03-15 18:10:09.635  5071  5071 I TouchHandler: processSinglePressed, action: 2
03-15 18:10:09.635  5071  5071 I SogouKeyboardComponent: detectHitKey, x: 652, y: 100, idx: [5], isDown: false
03-15 18:10:09.635  5071  5071 I SogouKeyboardComponent: detectHitKey, touchX: 652, touchY: 100
03-15 18:10:09.635  5071  5071 I KeyboardData: x: 652, screenWidth: 2944, y: 100, display height: 558
03-15 18:10:09.635  5071  5071 I KeyDetector: getKeyIndices, x: 652, y: 100, allKeys: null, nearestKeyIndices: [3, 4, 5, 6, 7, 13, 14, 15, 16]
03-15 18:10:09.635  5071  5071 I KeyDetector: getKeyIndices, primaryIndex: -1, closestKey: -1, closestKeyDist: 1, keyCount: 9, keyTouchSwitch: false
03-15 18:10:09.635  5071  5071 I KeyDetector: getKeyIndices, mIsPinyin26: false, mEnableProximity: true, mEnableAntiMistouch: false, mProximityThreshold: 0
03-15 18:10:09.635  5071  5071 I KeyDetector: getKeyIndices, i: 0, key.X: 370.0, key.y: 14.0, key.width: 108, key.height: 121, key.code: 114
03-15 18:10:09.635  5071  5071 I KeyDetector: getKeyIndices, mIsPinyin26: false, isKey26: true, isPinyin26Key: false, isInside: false
03-15 18:10:09.635  5071  5071 I KeyDetector: getKeyIndices, i: 1, key.X: 487.0, key.y: 14.0, key.width: 108, key.height: 121, key.code: 116
03-15 18:10:09.635  5071  5071 I KeyDetector: getKeyIndices, mIsPinyin26: false, isKey26: true, isPinyin26Key: false, isInside: false
03-15 18:10:09.635  5071  5071 I KeyDetector: getKeyIndices, i: 2, key.X: 604.0, key.y: 14.0, key.width: 108, key.height: 121, key.code: 121
03-15 18:10:09.635  5071  5071 I KeyDetector: getKeyIndices, mIsPinyin26: false, isKey26: true, isPinyin26Key: false, isInside: true
03-15 18:10:09.635  5071  5071 I KeyDetector: getKeyIndices, primaryIndex = nearestKeyIndices[i], 5
03-15 18:10:09.635  5071  5071 I KeyDetector: getKeyIndices, primaryIndex: 5, closestKey: -1
03-15 18:10:09.635  5071  5071 I SogouKeyboardComponent: detectHitKey, idx[0] = keyIndex, 5
03-15 18:10:09.635  5071  5071 I SogouKeyboardComponent: detectHitKey, keyIndex: 5
03-15 18:10:09.635  5071  5071 I SogouKeyboardComponent: detectHitKey, isValidKeyIndex(keyIndex) == true
03-15 18:10:09.638  5071  5071 I SogouKeyboardComponent: onTouchEvent, x: 652, y: 100, rawX: 1916, rawY: 1059
03-15 18:10:09.638  5071  5071 I TouchHandler: onTouchEvent
03-15 18:10:09.638  5071  5071 I TouchHandler: mIsTalkbackOn: false
03-15 18:10:09.638  5071  5071 I TouchHandler: action: 2
03-15 18:10:09.638  5071  5071 I TouchHandler: mState: 1
03-15 18:10:09.638  5071  5071 I TouchHandler: processSinglePressed, action: 2
03-15 18:10:09.638  5071  5071 I SogouKeyboardComponent: detectHitKey, x: 652, y: 100, idx: [5], isDown: false
03-15 18:10:09.638  5071  5071 I SogouKeyboardComponent: detectHitKey, touchX: 652, touchY: 100
03-15 18:10:09.638  1032  1098 V Scheduler: notifyInteractionEvent action: Up
03-15 18:10:09.638  1474  1612 D WindowManager: onup, touch up!
03-15 18:10:09.638  5071  5071 I KeyboardData: x: 652, screenWidth: 2944, y: 100, display height: 558
03-15 18:10:09.638  5071  5071 I KeyDetector: getKeyIndices, x: 652, y: 100, allKeys: null, nearestKeyIndices: [3, 4, 5, 6, 7, 13, 14, 15, 16]
03-15 18:10:09.638  1032  1098 V Scheduler: notifyInteractionEvent action: Up
03-15 18:10:09.638  5071  5071 I KeyDetector: getKeyIndices, primaryIndex: -1, closestKey: -1, closestKeyDist: 1, keyCount: 9, keyTouchSwitch: false
03-15 18:10:09.638  5071  5071 I KeyDetector: getKeyIndices, mIsPinyin26: false, mEnableProximity: true, mEnableAntiMistouch: false, mProximityThreshold: 0
03-15 18:10:09.638  5071  5071 I KeyDetector: getKeyIndices, i: 0, key.X: 370.0, key.y: 14.0, key.width: 108, key.height: 121, key.code: 114
03-15 18:10:09.638  5071  5071 I KeyDetector: getKeyIndices, mIsPinyin26: false, isKey26: true, isPinyin26Key: false, isInside: false
03-15 18:10:09.638  5071  5071 I KeyDetector: getKeyIndices, i: 1, key.X: 487.0, key.y: 14.0, key.width: 108, key.height: 121, key.code: 116
03-15 18:10:09.638  5071  5071 I KeyDetector: getKeyIndices, mIsPinyin26: false, isKey26: true, isPinyin26Key: false, isInside: false
03-15 18:10:09.638  5071  5071 I KeyDetector: getKeyIndices, i: 2, key.X: 604.0, key.y: 14.0, key.width: 108, key.height: 121, key.code: 121
03-15 18:10:09.638  5071  5071 I KeyDetector: getKeyIndices, mIsPinyin26: false, isKey26: true, isPinyin26Key: false, isInside: true
03-15 18:10:09.638  5071  5071 I KeyDetector: getKeyIndices, primaryIndex = nearestKeyIndices[i], 5
03-15 18:10:09.638  5071  5071 I KeyDetector: getKeyIndices, primaryIndex: 5, closestKey: -1
03-15 18:10:09.638  5071  5071 I SogouKeyboardComponent: detectHitKey, idx[0] = keyIndex, 5
03-15 18:10:09.638  5071  5071 I SogouKeyboardComponent: detectHitKey, keyIndex: 5
03-15 18:10:09.638  5071  5071 I SogouKeyboardComponent: detectHitKey, isValidKeyIndex(keyIndex) == true
03-15 18:10:09.639  5071  5071 V ViewRootImpl: title = InputMethod enqueue motion: MotionEvent { action=ACTION_UP, actionButton=0, id[0]=0, x[0]=1916.9346, y[0]=976.042, toolType[0]=TOOL_TYPE_FINGER, buttonState=0, classification=NONE, metaState=0, flags=0x0, edgeFlags=0x0, pointerCount=1, historySize=0, eventTime=12108650, downTime=12108600, deviceId=6, source=0x1002, displayId=0, eventId=614624106 }
03-15 18:10:09.639  5071  5071 I SogouKeyboardComponent: onTouchEvent, x: 652, y: 100, rawX: 1916, rawY: 1059
03-15 18:10:09.639  5071  5071 I TouchHandler: onTouchEvent
03-15 18:10:09.639  5071  5071 I TouchHandler: mIsTalkbackOn: false
03-15 18:10:09.639  5071  5071 I TouchHandler: action: 1
03-15 18:10:09.639  5071  5071 I TouchHandler: mState: 1
03-15 18:10:09.639  5071  5071 I TouchHandler: processSinglePressed, action: 1
03-15 18:10:09.639  5071  5071 I SogouKeyboardComponent: detectHitKey, x: 652, y: 100, idx: [5], isDown: false
03-15 18:10:09.639  5071  5071 I SogouKeyboardComponent: detectHitKey, touchX: 652, touchY: 100
03-15 18:10:09.639  5071  5071 I KeyboardData: x: 652, screenWidth: 2944, y: 100, display height: 558
03-15 18:10:09.639  5071  5071 I KeyDetector: getKeyIndices, x: 652, y: 100, allKeys: null, nearestKeyIndices: [3, 4, 5, 6, 7, 13, 14, 15, 16]
03-15 18:10:09.639  5071  5071 I KeyDetector: getKeyIndices, primaryIndex: -1, closestKey: -1, closestKeyDist: 1, keyCount: 9, keyTouchSwitch: false
03-15 18:10:09.639  5071  5071 I KeyDetector: getKeyIndices, mIsPinyin26: false, mEnableProximity: true, mEnableAntiMistouch: false, mProximityThreshold: 0
03-15 18:10:09.639  5071  5071 I KeyDetector: getKeyIndices, i: 0, key.X: 370.0, key.y: 14.0, key.width: 108, key.height: 121, key.code: 114
03-15 18:10:09.639  5071  5071 I KeyDetector: getKeyIndices, mIsPinyin26: false, isKey26: true, isPinyin26Key: false, isInside: false
03-15 18:10:09.639  5071  5071 I KeyDetector: getKeyIndices, i: 1, key.X: 487.0, key.y: 14.0, key.width: 108, key.height: 121, key.code: 116
03-15 18:10:09.639  5071  5071 I KeyDetector: getKeyIndices, mIsPinyin26: false, isKey26: true, isPinyin26Key: false, isInside: false
03-15 18:10:09.639  5071  5071 I KeyDetector: getKeyIndices, i: 2, key.X: 604.0, key.y: 14.0, key.width: 108, key.height: 121, key.code: 121
03-15 18:10:09.639  5071  5071 I KeyDetector: getKeyIndices, mIsPinyin26: false, isKey26: true, isPinyin26Key: false, isInside: true
03-15 18:10:09.639  5071  5071 I KeyDetector: getKeyIndices, primaryIndex = nearestKeyIndices[i], 5
03-15 18:10:09.639  5071  5071 I KeyDetector: getKeyIndices, primaryIndex: 5, closestKey: -1
03-15 18:10:09.639  5071  5071 I SogouKeyboardComponent: detectHitKey, idx[0] = keyIndex, 5
03-15 18:10:09.639  5071  5071 I SogouKeyboardComponent: detectHitKey, keyIndex: 5
03-15 18:10:09.639  5071  5071 I SogouKeyboardComponent: detectHitKey, isValidKeyIndex(keyIndex) == true
03-15 18:10:09.639  5071  5071 I TouchHandler: onUpOldKeyInternal
03-15 18:10:09.640  5071  5071 I TouchHandler: callListenerOnCodeInputAndRelease
03-15 18:10:09.640  5071  5071 I TouchHandler: callListenerOnCodeInputAndCheckKeyboardLayoutChange, key==null: false, mKeyboardListener==null: false
03-15 18:10:09.640  5071  5071 I TouchHandler: mKeyboardListener.onCodeInput
03-15 18:10:09.640  5071  5071 I ChineseKeyboardAction01: onCodeInput
03-15 18:10:09.640  5071  5071 I ChineseKeyboardAction01: canProcessCode, sessionId:224, primaryCode: 121
03-15 18:10:09.640  5071  5071 I ChineseKeyboardAction01: canProcessCode, mCommonActionListener==null: false
03-15 18:10:09.641   840  8358 I btaudio_offload_qti: audio_get_a2dp_sink_latency_qti: Sink Latency = 0
03-15 18:10:09.642   840  8470 W libc    : Access denied finding property "vendor.dolby.mi.metadata.log"
03-15 18:10:09.642   840  8470 W libc    : Access denied finding property "vendor.dolby.mi.metadata.log"
03-15 18:10:09.642   840  8470 W libc    : Access denied finding property "vendor.dolby.mi.metadata.log"
03-15 18:10:09.643   840  8470 W libc    : Access denied finding property "vendor.dolby.mi.metadata.log"
03-15 18:10:09.643   840  8470 W libc    : Access denied finding property "vendor.dolby.mi.metadata.log"
03-15 18:10:09.643   840  8470 W libc    : Access denied finding property "vendor.dolby.mi.metadata.log"
03-15 18:10:09.643   840  8470 W libc    : Access denied finding property "vendor.dolby.mi.metadata.log"
03-15 18:10:09.644   840  8470 W libc    : Access denied finding property "vendor.dolby.mi.metadata.log"
03-15 18:10:09.644   840  8358 W libc    : Access denied finding property "hal.record.dump"
03-15 18:10:09.644   995 11861 D vendor.qti.vibrator: Notifying on complete
03-15 18:10:09.644   995 11861 W libc    : Access denied finding property "persist.debug.binder.max.data"
03-15 18:10:09.645   995   995 D vendor.qti.vibrator: QTI Vibrator off
03-15 18:10:09.645   995   995 W libc    : Access denied finding property "persist.debug.binder.max.time"
03-15 18:10:09.645   995   995 W libc    : Access denied finding property "persist.debug.binder.max.data"
03-15 18:10:09.645   995   995 W libc    : Access denied finding property "persist.debug.binder.max.data"
03-15 18:10:09.650  1032  1098 E SurfaceFlinger: isStylusTargetLayer notifyTargetLayerDisconnect in
03-15 18:10:09.683   840  8358 I btaudio_offload_qti: audio_get_a2dp_sink_latency_qti: Sink Latency = 0
03-15 18:10:09.683   840  8470 W libc    : Access denied finding property "vendor.dolby.mi.metadata.log"
03-15 18:10:09.684   840  8470 W libc    : Access denied finding property "vendor.dolby.mi.metadata.log"
03-15 18:10:09.684   840  8470 W libc    : Access denied finding property "vendor.dolby.mi.metadata.log"
03-15 18:10:09.684   840  8470 W libc    : Access denied finding property "vendor.dolby.mi.metadata.log"
03-15 18:10:09.684   840  8470 W libc    : Access denied finding property "vendor.dolby.mi.metadata.log"
03-15 18:10:09.684   840  8470 W libc    : Access denied finding property "vendor.dolby.mi.metadata.log"
03-15 18:10:09.685   840  8470 W libc    : Access denied finding property "vendor.dolby.mi.metadata.log"
03-15 18:10:09.685   840  8358 W libc    : Access denied finding property "hal.record.dump"
03-15 18:10:09.702   999   999 W libc    : Access denied finding property "hwservicemanager.ready"
03-15 18:10:09.721   840  8358 I btaudio_offload_qti: audio_get_a2dp_sink_latency_qti: Sink Latency = 0
03-15 18:10:09.723   840  8470 W libc    : Access denied finding property "vendor.dolby.mi.metadata.log"
03-15 18:10:09.724   840  8470 W libc    : Access denied finding property "vendor.dolby.mi.metadata.log"
03-15 18:10:09.724   840  8470 W libc    : Access denied finding property "vendor.dolby.mi.metadata.log"
03-15 18:10:09.724   840  8470 W libc    : Access denied finding property "vendor.dolby.mi.metadata.log"
03-15 18:10:09.724   840  8470 W libc    : Access denied finding property "vendor.dolby.mi.metadata.log"
03-15 18:10:09.724   840  8470 W libc    : Access denied finding property "vendor.dolby.mi.metadata.log"
03-15 18:10:09.724   840  8470 W libc    : Access denied finding property "vendor.dolby.mi.metadata.log"
03-15 18:10:09.725   840  8470 W libc    : Access denied finding property "vendor.dolby.mi.metadata.log"
03-15 18:10:09.725   840  8358 W libc    : Access denied finding property "hal.record.dump"
03-15 18:10:09.761   840  8358 I btaudio_offload_qti: audio_get_a2dp_sink_latency_qti: Sink Latency = 0
03-15 18:10:09.762   840  8470 W libc    : Access denied finding property "vendor.dolby.mi.metadata.log"
03-15 18:10:09.762   840  8470 W libc    : Access denied finding property "vendor.dolby.mi.metadata.log"
03-15 18:10:09.762   840  8470 W libc    : Access denied finding property "vendor.dolby.mi.metadata.log"
03-15 18:10:09.762   840  8470 W libc    : Access denied finding property "vendor.dolby.mi.metadata.log"
03-15 18:10:09.762   840  8470 W libc    : Access denied finding property "vendor.dolby.mi.metadata.log"
03-15 18:10:09.762   840  8470 W libc    : Access denied finding property "vendor.dolby.mi.metadata.log"
03-15 18:10:09.762   840  8470 W libc    : Access denied finding property "vendor.dolby.mi.metadata.log"
03-15 18:10:09.763   840  8358 W libc    : Access denied finding property "hal.record.dump"
03-15 18:10:09.765  2058  2058 E BatteryController: onReceive ACTION_BATTERY_CHANGED delay 1S isArtificial= 2
03-15 18:10:09.765  2058  2058 E BatteryController: updatePowerSavingMode lastle===81 batterylast==30
03-15 18:10:09.802   840  8358 I btaudio_offload_qti: audio_get_a2dp_sink_latency_qti: Sink Latency = 0
03-15 18:10:09.803   840  8470 W libc    : Access denied finding property "vendor.dolby.mi.metadata.log"
03-15 18:10:09.803   840  8470 W libc    : Access denied finding property "vendor.dolby.mi.metadata.log"
03-15 18:10:09.803   840  8470 W libc    : Access denied finding property "vendor.dolby.mi.metadata.log"
03-15 18:10:09.803   840  8470 W libc    : Access denied finding property "vendor.dolby.mi.metadata.log"
03-15 18:10:09.803   840  8470 W libc    : Access denied finding property "vendor.dolby.mi.metadata.log"
03-15 18:10:09.804   840  8470 W libc    : Access denied finding property "vendor.dolby.mi.metadata.log"
03-15 18:10:09.804   840  8470 W libc    : Access denied finding property "vendor.dolby.mi.metadata.log"
03-15 18:10:09.804   840  8470 W libc    : Access denied finding property "vendor.dolby.mi.metadata.log"
03-15 18:10:09.805   840  8358 W libc    : Access denied finding property "hal.record.dump"
03-15 18:10:09.838  1032  1173 V Scheduler: refreshTimerCallback state = 1
03-15 18:10:09.838  1032  1173 V Scheduler: refreshTimerCallback ->applyPolicy 1
03-15 18:10:09.841   840  8358 I btaudio_offload_qti: audio_get_a2dp_sink_latency_qti: Sink Latency = 0
03-15 18:10:09.842   840  8470 W libc    : Access denied finding property "vendor.dolby.mi.metadata.log"
03-15 18:10:09.842   840  8470 W libc    : Access denied finding property "vendor.dolby.mi.metadata.log"
03-15 18:10:09.842   840  8470 W libc    : Access denied finding property "vendor.dolby.mi.metadata.log"
03-15 18:10:09.843   840  8470 W libc    : Access denied finding property "vendor.dolby.mi.metadata.log"
03-15 18:10:09.843   840  8470 W libc    : Access denied finding property "vendor.dolby.mi.metadata.log"
03-15 18:10:09.843   840  8470 W libc    : Access denied finding property "vendor.dolby.mi.metadata.log"
03-15 18:10:09.844   840  8470 W libc    : Access denied finding property "vendor.dolby.mi.metadata.log"
03-15 18:10:09.844   840  8358 W libc    : Access denied finding property "hal.record.dump"
03-15 18:10:09.864  2562  2562 V ViewRootImpl: title = Taskbar enqueue motion: MotionEvent { action=ACTION_OUTSIDE, actionButton=0, id[0]=0, x[0]=0.0, y[0]=503.0, toolType[0]=TOOL_TYPE_FINGER, buttonState=0, classification=NONE, metaState=0, flags=0x0, edgeFlags=0x0, pointerCount=1, historySize=0, eventTime=12108875, downTime=12108875, deviceId=6, source=0x1002, displayId=0, eventId=1088499765 }
03-15 18:10:09.864  5071  5071 V ViewRootImpl: title = InputMethod enqueue motion: MotionEvent { action=ACTION_DOWN, actionButton=0, id[0]=0, x[0]=1438.9512, y[0]=830.0508, toolType[0]=TOOL_TYPE_FINGER, buttonState=0, classification=NONE, metaState=0, flags=0x0, edgeFlags=0x0, pointerCount=1, historySize=0, eventTime=12108875, downTime=12108875, deviceId=6, source=0x1002, displayId=0, eventId=310496771 }
03-15 18:10:09.864  1474  3379 D ZuiHandWritingService: setToolType: 1
03-15 18:10:09.864  1474  1612 D WindowManager: ondown, touch down!
03-15 18:10:09.865  1032  1201 V Scheduler: notifyInteractionEvent action: Down
03-15 18:10:09.865  1032  1173 V Scheduler: refreshTimerCallback state = 0
03-15 18:10:09.865  1032  1173 V Scheduler: refreshTimerCallback ->applyPolicy 1
03-15 18:10:09.865  1032  1201 V Scheduler: notifyInteractionEvent action: Down
03-15 18:10:09.867  2058  2058 D NoBackGesture: Start gesture: MotionEvent { action=ACTION_DOWN, actionButton=0, id[0]=0, x[0]=1438.9512, y[0]=913.0508, toolType[0]=TOOL_TYPE_FINGER, buttonState=0, classification=NONE, metaState=0, flags=0x0, edgeFlags=0x0, pointerCount=1, historySize=0, eventTime=12108875, downTime=12108875, deviceId=6, source=0x1002, displayId=0, eventId=310496771 }
03-15 18:10:09.867  2058  2058 I NoBackGesture: onMotionEvent, isGameMode: false,isOvDraggingResize: false,mDisabledForQuickstep: false,isDisabledForStylusGestureMode: false,mIsBackGestureAllowed:true,isIgnoreSysUiFlag:false
03-15 18:10:09.868  2058  2058 D NoBackGesture: Gesture [1773569409868,alw=FALSE,FALSE,FALSE,FALSE,TRUE,FALSE,disp=Point(2944, 1840),wl=63,il=0,wr=63,ir=0,excl=SkRegion()]
03-15 18:10:09.872  1032  1098 E SurfaceFlinger: isStylusTargetLayer notifyTargetLayerDisconnect in
03-15 18:10:09.881   840  8358 I btaudio_offload_qti: audio_get_a2dp_sink_latency_qti: Sink Latency = 0
03-15 18:10:09.881   840  8470 W libc    : Access denied finding property "vendor.dolby.mi.metadata.log"
03-15 18:10:09.882   840  8470 W libc    : Access denied finding property "vendor.dolby.mi.metadata.log"
03-15 18:10:09.882   840  8470 W libc    : Access denied finding property "vendor.dolby.mi.metadata.log"
03-15 18:10:09.882   840  8470 W libc    : Access denied finding property "vendor.dolby.mi.metadata.log"
03-15 18:10:09.882   840  8470 W libc    : Access denied finding property "vendor.dolby.mi.metadata.log"
03-15 18:10:09.882   840  8470 W libc    : Access denied finding property "vendor.dolby.mi.metadata.log"
03-15 18:10:09.882   840  8470 W libc    : Access denied finding property "vendor.dolby.mi.metadata.log"
03-15 18:10:09.882   840  8470 W libc    : Access denied finding property "vendor.dolby.mi.metadata.log"
03-15 18:10:09.882   840  8358 W libc    : Access denied finding property "hal.record.dump"
03-15 18:10:09.885   999   999 W libc    : Access denied finding property "hwservicemanager.ready"
03-15 18:10:09.913  5071  5071 V ViewRootImpl: title = InputMethod enqueue motion: MotionEvent { action=ACTION_UP, actionButton=0, id[0]=0, x[0]=1438.9512, y[0]=830.0508, toolType[0]=TOOL_TYPE_FINGER, buttonState=0, classification=NONE, metaState=0, flags=0x0, edgeFlags=0x0, pointerCount=1, historySize=0, eventTime=12108925, downTime=12108875, deviceId=6, source=0x1002, displayId=0, eventId=783892905 }
03-15 18:10:09.915   995   995 W libc    : Access denied finding property "persist.debug.binder.max.data"
03-15 18:10:09.916   995   995 D vendor.qti.vibrator: Vibrator on for timeoutMs: 50
03-15 18:10:09.916  1032  1097 V Scheduler: notifyInteractionEvent action: Up
03-15 18:10:09.916  1474  1612 D WindowManager: onup, touch up!
03-15 18:10:09.916  1032  1097 V Scheduler: notifyInteractionEvent action: Up
03-15 18:10:09.917   995   995 W libc    : Access denied finding property "persist.debug.binder.max.time"
03-15 18:10:09.917   995   995 W libc    : Access denied finding property "persist.debug.binder.max.data"
03-15 18:10:09.917   995   995 W libc    : Access denied finding property "persist.debug.binder.max.data"
03-15 18:10:09.918   995   995 D vendor.qti.vibrator: Vibrator set amplitude: 1.000000
03-15 18:10:09.918   995   995 W libc    : Access denied finding property "persist.debug.binder.max.time"
03-15 18:10:09.918   995   995 W libc    : Access denied finding property "persist.debug.binder.max.data"
03-15 18:10:09.918   995   995 W libc    : Access denied finding property "persist.debug.binder.max.data"
03-15 18:10:09.918   995 11863 D vendor.qti.vibrator: Starting on on another thread
03-15 18:10:09.921   840  8358 I btaudio_offload_qti: audio_get_a2dp_sink_latency_qti: Sink Latency = 0
03-15 18:10:09.921   840  8470 W libc    : Access denied finding property "vendor.dolby.mi.metadata.log"
03-15 18:10:09.921   840  8470 W libc    : Access denied finding property "vendor.dolby.mi.metadata.log"
03-15 18:10:09.922   840  8470 W libc    : Access denied finding property "vendor.dolby.mi.metadata.log"
03-15 18:10:09.922   840  8470 W libc    : Access denied finding property "vendor.dolby.mi.metadata.log"
03-15 18:10:09.922   840  8470 W libc    : Access denied finding property "vendor.dolby.mi.metadata.log"
03-15 18:10:09.922   840  8470 W libc    : Access denied finding property "vendor.dolby.mi.metadata.log"
03-15 18:10:09.922   840  8470 W libc    : Access denied finding property "vendor.dolby.mi.metadata.log"
03-15 18:10:09.922   840  8358 W libc    : Access denied finding property "hal.record.dump"
03-15 18:10:09.926  1032  3002 E SurfaceFlinger: isStylusTargetLayer notifyTargetLayerDisconnect in
03-15 18:10:09.958 11765 11778 W System  : A resource failed to call release. 
03-15 18:10:09.961   840  8358 I btaudio_offload_qti: audio_get_a2dp_sink_latency_qti: Sink Latency = 0
03-15 18:10:09.962   840  8470 W libc    : Access denied finding property "vendor.dolby.mi.metadata.log"
03-15 18:10:09.962   840  8470 W libc    : Access denied finding property "vendor.dolby.mi.metadata.log"
03-15 18:10:09.962   840  8470 W libc    : Access denied finding property "vendor.dolby.mi.metadata.log"
03-15 18:10:09.962   840  8470 W libc    : Access denied finding property "vendor.dolby.mi.metadata.log"
03-15 18:10:09.962   840  8470 W libc    : Access denied finding property "vendor.dolby.mi.metadata.log"
03-15 18:10:09.962   840  8470 W libc    : Access denied finding property "vendor.dolby.mi.metadata.log"
03-15 18:10:09.962   840  8470 W libc    : Access denied finding property "vendor.dolby.mi.metadata.log"
03-15 18:10:09.962   840  8470 W libc    : Access denied finding property "vendor.dolby.mi.metadata.log"
03-15 18:10:09.962   840  8358 W libc    : Access denied finding property "hal.record.dump"
03-15 18:10:09.963  1032  3002 E SurfaceFlinger: isStylusTargetLayer notifyTargetLayerDisconnect in
03-15 18:10:09.968   995 11863 D vendor.qti.vibrator: Notifying on complete
03-15 18:10:09.968   995 11863 W libc    : Access denied finding property "persist.debug.binder.max.data"
03-15 18:10:09.969   995   995 D vendor.qti.vibrator: QTI Vibrator off
03-15 18:10:09.969   995   995 W libc    : Access denied finding property "persist.debug.binder.max.time"
03-15 18:10:09.969   995   995 W libc    : Access denied finding property "persist.debug.binder.max.data"
03-15 18:10:09.969   995   995 W libc    : Access denied finding property "persist.debug.binder.max.data"
03-15 18:10:09.971  1032  3002 E SurfaceFlinger: isStylusTargetLayer notifyTargetLayerDisconnect in
03-15 18:10:09.985   999   999 W libc    : Access denied finding property "hwservicemanager.ready"
03-15 18:10:10.002   840  8358 I btaudio_offload_qti: audio_get_a2dp_sink_latency_qti: Sink Latency = 0
03-15 18:10:10.003   840  8470 W libc    : Access denied finding property "vendor.dolby.mi.metadata.log"
03-15 18:10:10.003   840  8470 W libc    : Access denied finding property "vendor.dolby.mi.metadata.log"
03-15 18:10:10.004   840  8470 W libc    : Access denied finding property "vendor.dolby.mi.metadata.log"
03-15 18:10:10.004   840  8470 W libc    : Access denied finding property "vendor.dolby.mi.metadata.log"
03-15 18:10:10.004   840  8470 W libc    : Access denied finding property "vendor.dolby.mi.metadata.log"
03-15 18:10:10.004   840  8470 W libc    : Access denied finding property "vendor.dolby.mi.metadata.log"
03-15 18:10:10.004   840  8470 W libc    : Access denied finding property "vendor.dolby.mi.metadata.log"
03-15 18:10:10.005   840  8358 W libc    : Access denied finding property "hal.record.dump"
03-15 18:10:10.043   840  8358 I btaudio_offload_qti: audio_get_a2dp_sink_latency_qti: Sink Latency = 0
03-15 18:10:10.044   840  8470 W libc    : Access denied finding property "vendor.dolby.mi.metadata.log"
03-15 18:10:10.044   840  8470 W libc    : Access denied finding property "vendor.dolby.mi.metadata.log"
03-15 18:10:10.045   840  8470 W libc    : Access denied finding property "vendor.dolby.mi.metadata.log"
03-15 18:10:10.045   840  8470 W libc    : Access denied finding property "vendor.dolby.mi.metadata.log"
03-15 18:10:10.045   840  8470 W libc    : Access denied finding property "vendor.dolby.mi.metadata.log"
03-15 18:10:10.045   840  8470 W libc    : Access denied finding property "vendor.dolby.mi.metadata.log"
03-15 18:10:10.045   840  8470 W libc    : Access denied finding property "vendor.dolby.mi.metadata.log"
03-15 18:10:10.045   840  8470 W libc    : Access denied finding property "vendor.dolby.mi.metadata.log"
03-15 18:10:10.046   840  8358 W libc    : Access denied finding property "hal.record.dump"
03-15 18:10:10.065  2058  2058 W Settings: Setting airplane_mode_on has moved from android.provider.Settings.System to android.provider.Settings.Global, returning read-only value.
03-15 18:10:10.074   849  3104 I vendor.qti.bluetooth@1.0-ibs_handler: DeviceSleep: TX Awake, Sending SLEEP_IND
03-15 18:10:10.074   849  3104 D vendor.qti.bluetooth@1.0-ibs_handler: SerialClockVote: vote for UART CLK OFF
03-15 18:10:10.081   840  8358 I btaudio_offload_qti: audio_get_a2dp_sink_latency_qti: Sink Latency = 0
03-15 18:10:10.082   840  8470 W libc    : Access denied finding property "vendor.dolby.mi.metadata.log"
03-15 18:10:10.082   840  8470 W libc    : Access denied finding property "vendor.dolby.mi.metadata.log"
03-15 18:10:10.082   840  8470 W libc    : Access denied finding property "vendor.dolby.mi.metadata.log"
03-15 18:10:10.082   840  8470 W libc    : Access denied finding property "vendor.dolby.mi.metadata.log"
03-15 18:10:10.082   840  8470 W libc    : Access denied finding property "vendor.dolby.mi.metadata.log"
03-15 18:10:10.082   840  8470 W libc    : Access denied finding property "vendor.dolby.mi.metadata.log"
03-15 18:10:10.082   840  8470 W libc    : Access denied finding property "vendor.dolby.mi.metadata.log"
03-15 18:10:10.083   840  8358 W libc    : Access denied finding property "hal.record.dump"
03-15 18:10:10.113  2058  2058 W Settings: Setting airplane_mode_on has moved from android.provider.Settings.System to android.provider.Settings.Global, returning read-only value.
03-15 18:10:10.116  1032  1173 V Scheduler: refreshTimerCallback state = 1
03-15 18:10:10.116  1032  1173 V Scheduler: refreshTimerCallback ->applyPolicy 1
03-15 18:10:10.120   840  8358 I btaudio_offload_qti: audio_get_a2dp_sink_latency_qti: Sink Latency = 0
03-15 18:10:10.121   840  8470 W libc    : Access denied finding property "vendor.dolby.mi.metadata.log"
03-15 18:10:10.121   840  8470 W libc    : Access denied finding property "vendor.dolby.mi.metadata.log"
03-15 18:10:10.121   840  8470 W libc    : Access denied finding property "vendor.dolby.mi.metadata.log"
03-15 18:10:10.122   840  8470 W libc    : Access denied finding property "vendor.dolby.mi.metadata.log"
03-15 18:10:10.122   840  8470 W libc    : Access denied finding property "vendor.dolby.mi.metadata.log"
03-15 18:10:10.122   840  8470 W libc    : Access denied finding property "vendor.dolby.mi.metadata.log"
03-15 18:10:10.122   840  8470 W libc    : Access denied finding property "vendor.dolby.mi.metadata.log"
03-15 18:10:10.122   840  8470 W libc    : Access denied finding property "vendor.dolby.mi.metadata.log"
03-15 18:10:10.123   840  8358 W libc    : Access denied finding property "hal.record.dump"
03-15 18:10:10.154  1032  3002 E SurfaceFlinger: isStylusTargetLayer notifyTargetLayerDisconnect in
03-15 18:10:10.161   840  8358 I btaudio_offload_qti: audio_get_a2dp_sink_latency_qti: Sink Latency = 0
03-15 18:10:10.161   840  8470 W libc    : Access denied finding property "vendor.dolby.mi.metadata.log"
03-15 18:10:10.162   840  8470 W libc    : Access denied finding property "vendor.dolby.mi.metadata.log"
03-15 18:10:10.162   840  8470 W libc    : Access denied finding property "vendor.dolby.mi.metadata.log"
03-15 18:10:10.162   840  8470 W libc    : Access denied finding property "vendor.dolby.mi.metadata.log"
03-15 18:10:10.162   840  8470 W libc    : Access denied finding property "vendor.dolby.mi.metadata.log"
03-15 18:10:10.162   840  8470 W libc    : Access denied finding property "vendor.dolby.mi.metadata.log"
03-15 18:10:10.163   840  8470 W libc    : Access denied finding property "vendor.dolby.mi.metadata.log"
03-15 18:10:10.163   840  8358 W libc    : Access denied finding property "hal.record.dump"
03-15 18:10:10.169   999   999 W libc    : Access denied finding property "hwservicemanager.ready"
03-15 18:10:10.202   840  8358 I btaudio_offload_qti: audio_get_a2dp_sink_latency_qti: Sink Latency = 0
03-15 18:10:10.203   840  8470 W libc    : Access denied finding property "vendor.dolby.mi.metadata.log"
03-15 18:10:10.203   840  8470 W libc    : Access denied finding property "vendor.dolby.mi.metadata.log"
03-15 18:10:10.204   840  8470 W libc    : Access denied finding property "vendor.dolby.mi.metadata.log"
03-15 18:10:10.204   840  8470 W libc    : Access denied finding property "vendor.dolby.mi.metadata.log"
03-15 18:10:10.204   840  8470 W libc    : Access denied finding property "vendor.dolby.mi.metadata.log"
03-15 18:10:10.204   840  8470 W libc    : Access denied finding property "vendor.dolby.mi.metadata.log"
03-15 18:10:10.204   840  8470 W libc    : Access denied finding property "vendor.dolby.mi.metadata.log"
03-15 18:10:10.205   840  8470 W libc    : Access denied finding property "vendor.dolby.mi.metadata.log"
03-15 18:10:10.205   840  8358 W libc    : Access denied finding property "hal.record.dump"
03-15 18:10:10.224   849  2776 D vendor.qti.bluetooth@1.0-wake_lock: Release wakelock is released 
03-15 18:10:10.240   840  8358 I btaudio_offload_qti: audio_get_a2dp_sink_latency_qti: Sink Latency = 0
03-15 18:10:10.241   840  8470 W libc    : Access denied finding property "vendor.dolby.mi.metadata.log"
03-15 18:10:10.241   840  8470 W libc    : Access denied finding property "vendor.dolby.mi.metadata.log"
03-15 18:10:10.241   840  8470 W libc    : Access denied finding property "vendor.dolby.mi.metadata.log"
03-15 18:10:10.242   840  8470 W libc    : Access denied finding property "vendor.dolby.mi.metadata.log"
03-15 18:10:10.242   840  8470 W libc    : Access denied finding property "vendor.dolby.mi.metadata.log"
03-15 18:10:10.242   840  8470 W libc    : Access denied finding property "vendor.dolby.mi.metadata.log"
03-15 18:10:10.242   840  8470 W libc    : Access denied finding property "vendor.dolby.mi.metadata.log"
03-15 18:10:10.243   840  8358 W libc    : Access denied finding property "hal.record.dump"
03-15 18:10:10.263 17689 17689 E BatteryController: onReceive ACTION_BATTERY_CHANGED delay 1S isArtificial= 2
03-15 18:10:10.264 17689 17689 E BatteryController: updatePowerSavingMode lastle===81 batterylast==30
03-15 18:10:10.281   840  8358 I btaudio_offload_qti: audio_get_a2dp_sink_latency_qti: Sink Latency = 0
03-15 18:10:10.281   840  8470 W libc    : Access denied finding property "vendor.dolby.mi.metadata.log"
03-15 18:10:10.282   840  8470 W libc    : Access denied finding property "vendor.dolby.mi.metadata.log"
03-15 18:10:10.282   840  8470 W libc    : Access denied finding property "vendor.dolby.mi.metadata.log"
03-15 18:10:10.282   840  8470 W libc    : Access denied finding property "vendor.dolby.mi.metadata.log"
03-15 18:10:10.282   840  8470 W libc    : Access denied finding property "vendor.dolby.mi.metadata.log"
03-15 18:10:10.282   840  8470 W libc    : Access denied finding property "vendor.dolby.mi.metadata.log"
03-15 18:10:10.282   840  8470 W libc    : Access denied finding property "vendor.dolby.mi.metadata.log"
03-15 18:10:10.282   840  8470 W libc    : Access denied finding property "vendor.dolby.mi.metadata.log"
03-15 18:10:10.283   840  8358 W libc    : Access denied finding property "hal.record.dump"
03-15 18:10:10.298  2562  2562 V ViewRootImpl: title = Taskbar enqueue motion: MotionEvent { action=ACTION_OUTSIDE, actionButton=0, id[0]=0, x[0]=0.0, y[0]=503.0, toolType[0]=TOOL_TYPE_FINGER, buttonState=0, classification=NONE, metaState=0, flags=0x0, edgeFlags=0x0, pointerCount=1, historySize=0, eventTime=12109309, downTime=12109309, deviceId=6, source=0x1002, displayId=0, eventId=1949682459 }
03-15 18:10:10.299  5071  5071 V ViewRootImpl: title = InputMethod enqueue motion: MotionEvent { action=ACTION_DOWN, actionButton=0, id[0]=0, x[0]=2385.919, y[0]=1344.0225, toolType[0]=TOOL_TYPE_FINGER, buttonState=0, classification=NONE, metaState=0, flags=0x0, edgeFlags=0x0, pointerCount=1, historySize=0, eventTime=12109309, downTime=12109309, deviceId=6, source=0x1002, displayId=0, eventId=674591970 }
03-15 18:10:10.299  1474 12751 D ZuiHandWritingService: setToolType: 1
03-15 18:10:10.300  1474  1612 D WindowManager: ondown, touch down!
03-15 18:10:10.300  2058  2058 D NoBackGesture: Start gesture: MotionEvent { action=ACTION_DOWN, actionButton=0, id[0]=0, x[0]=2385.919, y[0]=1427.0225, toolType[0]=TOOL_TYPE_FINGER, buttonState=0, classification=NONE, metaState=0, flags=0x0, edgeFlags=0x0, pointerCount=1, historySize=0, eventTime=12109309, downTime=12109309, deviceId=6, source=0x1002, displayId=0, eventId=674591970 }
03-15 18:10:10.300  5071  5071 I SogouKeyboardComponent: onTouchEvent, x: 1121, y: 468, rawX: 2385, rawY: 1427
03-15 18:10:10.300  5071  5071 I TouchHandler: onTouchEvent
03-15 18:10:10.300  5071  5071 I TouchHandler: mIsTalkbackOn: false
03-15 18:10:10.300  5071  5071 I TouchHandler: action: 0
03-15 18:10:10.300  2058  2058 I NoBackGesture: onMotionEvent, isGameMode: false,isOvDraggingResize: false,mDisabledForQuickstep: false,isDisabledForStylusGestureMode: false,mIsBackGestureAllowed:true,isIgnoreSysUiFlag:false
03-15 18:10:10.300  5071  5071 I TouchHandler: mState: 0
03-15 18:10:10.300  5071  5071 I SogouKeyboardComponent: detectHitKey, x: 1121, y: 468, idx: [-1], isDown: true
03-15 18:10:10.300  5071  5071 I SogouKeyboardComponent: detectHitKey, touchX: 1121, touchY: 468
03-15 18:10:10.301  5071  5071 I KeyboardData: x: 1121, screenWidth: 2944, y: 468, display height: 558
03-15 18:10:10.301  5071  5071 I KeyDetector: getKeyIndicesOnTouchDown, x: 468, y: 468, allKeys: null, nearestKeyIndices: [26, 27, 33, 34]
03-15 18:10:10.301  5071  5071 I KeyDetector: getKeyIndices, x: 1121, y: 468, allKeys: null, nearestKeyIndices: [26, 27, 33, 34]
03-15 18:10:10.301  5071  5071 I KeyDetector: getKeyIndices, primaryIndex: -1, closestKey: -1, closestKeyDist: 1, keyCount: 4, keyTouchSwitch: false
03-15 18:10:10.301  5071  5071 I KeyDetector: getKeyIndices, mIsPinyin26: false, mEnableProximity: true, mEnableAntiMistouch: false, mProximityThreshold: 0
03-15 18:10:10.301  5071  5071 I KeyDetector: getKeyIndices, i: 0, key.X: 896.0, key.y: 289.0, key.width: 108, key.height: 121, key.code: 109
03-15 18:10:10.301  5071  5071 I KeyDetector: getKeyIndices, mIsPinyin26: false, isKey26: true, isPinyin26Key: false, isInside: false
03-15 18:10:10.301  5071  5071 I KeyDetector: getKeyIndices, i: 1, key.X: 1033.0, key.y: 289.0, key.width: 146, key.height: 121, key.code: -5
03-15 18:10:10.301  5071  5071 I KeyDetector: getKeyIndices, mIsPinyin26: false, isKey26: false, isPinyin26Key: false, isInside: false
03-15 18:10:10.301  5071  5071 I KeyDetector: getKeyIndices, i: 2, key.X: 895.0, key.y: 426.0, key.width: 108, key.height: 121, key.code: -20
03-15 18:10:10.301  5071  5071 I KeyDetector: getKeyIndices, mIsPinyin26: false, isKey26: false, isPinyin26Key: false, isInside: false
03-15 18:10:10.301  5071  5071 I KeyDetector: getKeyIndices, i: 3, key.X: 1012.0, key.y: 426.0, key.width: 166, key.height: 121, key.code: 10
03-15 18:10:10.301  5071  5071 I KeyDetector: getKeyIndices, mIsPinyin26: false, isKey26: false, isPinyin26Key: false, isInside: true
03-15 18:10:10.301  5071  5071 I KeyDetector: getKeyIndices, primaryIndex = nearestKeyIndices[i], 34
03-15 18:10:10.301  5071  5071 I KeyDetector: getKeyIndices, primaryIndex: 34, closestKey: -1
03-15 18:10:10.301  5071  5071 I KeyDetector: getKeyIndicesOnTouchDown, index: 34, mEnableAntiMistouch: false, mIsPinyin26: false
03-15 18:10:10.301  5071  5071 I SogouKeyboardComponent: detectHitKey, idx[0] = keyIndex, 34
03-15 18:10:10.301  5071  5071 I SogouKeyboardComponent: detectHitKey, keyIndex: 34
03-15 18:10:10.302  5071  5071 I SogouKeyboardComponent: detectHitKey, isValidKeyIndex(keyIndex) == true
03-15 18:10:10.302  2058  2058 D NoBackGesture: Gesture [1773569410302,alw=FALSE,FALSE,FALSE,FALSE,TRUE,FALSE,disp=Point(2944, 1840),wl=63,il=0,wr=63,ir=0,excl=SkRegion()]
03-15 18:10:10.302  1032  1098 V Scheduler: notifyInteractionEvent action: Down
03-15 18:10:10.302  1032  1098 V Scheduler: notifyInteractionEvent action: Down
03-15 18:10:10.302  1032  1173 V Scheduler: refreshTimerCallback state = 0
03-15 18:10:10.302  1032  1173 V Scheduler: refreshTimerCallback ->applyPolicy 1
03-15 18:10:10.303   995   995 W libc    : Access denied finding property "persist.debug.binder.max.data"
03-15 18:10:10.303   995   995 D vendor.qti.vibrator: Vibrator on for timeoutMs: 50
03-15 18:10:10.305   995 11865 D vendor.qti.vibrator: Starting on on another thread
03-15 18:10:10.305   995   995 W libc    : Access denied finding property "persist.debug.binder.max.time"
03-15 18:10:10.305   995   995 W libc    : Access denied finding property "persist.debug.binder.max.data"
03-15 18:10:10.305   995   995 W libc    : Access denied finding property "persist.debug.binder.max.data"
03-15 18:10:10.305   995   995 D vendor.qti.vibrator: Vibrator set amplitude: 1.000000
03-15 18:10:10.305   995   995 W libc    : Access denied finding property "persist.debug.binder.max.time"
03-15 18:10:10.305   995   995 W libc    : Access denied finding property "persist.debug.binder.max.data"
03-15 18:10:10.305   995   995 W libc    : Access denied finding property "persist.debug.binder.max.data"
03-15 18:10:10.316  1032  1098 E SurfaceFlinger: isStylusTargetLayer notifyTargetLayerDisconnect in
03-15 18:10:10.318  5071  5071 I SogouKeyboardComponent: onTouchEvent, x: 1121, y: 468, rawX: 2385, rawY: 1427
03-15 18:10:10.318  5071  5071 I TouchHandler: onTouchEvent
03-15 18:10:10.318  5071  5071 I TouchHandler: mIsTalkbackOn: false
03-15 18:10:10.318  5071  5071 I TouchHandler: action: 2
03-15 18:10:10.318  5071  5071 I TouchHandler: mState: 1
03-15 18:10:10.318  5071  5071 I TouchHandler: processSinglePressed, action: 2
03-15 18:10:10.318  5071  5071 I SogouKeyboardComponent: detectHitKey, x: 1121, y: 468, idx: [34], isDown: false
03-15 18:10:10.318  5071  5071 I SogouKeyboardComponent: detectHitKey, touchX: 1121, touchY: 468
03-15 18:10:10.318  5071  5071 I KeyboardData: x: 1121, screenWidth: 2944, y: 468, display height: 558
03-15 18:10:10.318  5071  5071 I KeyDetector: getKeyIndices, x: 1121, y: 468, allKeys: null, nearestKeyIndices: [26, 27, 33, 34]
03-15 18:10:10.318  5071  5071 I KeyDetector: getKeyIndices, primaryIndex: -1, closestKey: -1, closestKeyDist: 1, keyCount: 4, keyTouchSwitch: false
03-15 18:10:10.318  5071  5071 I KeyDetector: getKeyIndices, mIsPinyin26: false, mEnableProximity: true, mEnableAntiMistouch: false, mProximityThreshold: 0
03-15 18:10:10.318  5071  5071 I KeyDetector: getKeyIndices, i: 0, key.X: 896.0, key.y: 289.0, key.width: 108, key.height: 121, key.code: 109
03-15 18:10:10.318  5071  5071 I KeyDetector: getKeyIndices, mIsPinyin26: false, isKey26: true, isPinyin26Key: false, isInside: false
03-15 18:10:10.319  5071  5071 I KeyDetector: getKeyIndices, i: 1, key.X: 1033.0, key.y: 289.0, key.width: 146, key.height: 121, key.code: -5
03-15 18:10:10.319  5071  5071 I KeyDetector: getKeyIndices, mIsPinyin26: false, isKey26: false, isPinyin26Key: false, isInside: false
03-15 18:10:10.319  5071  5071 I KeyDetector: getKeyIndices, i: 2, key.X: 895.0, key.y: 426.0, key.width: 108, key.height: 121, key.code: -20
03-15 18:10:10.319  5071  5071 I KeyDetector: getKeyIndices, mIsPinyin26: false, isKey26: false, isPinyin26Key: false, isInside: false
03-15 18:10:10.319  5071  5071 I KeyDetector: getKeyIndices, i: 3, key.X: 1012.0, key.y: 426.0, key.width: 166, key.height: 121, key.code: 10
03-15 18:10:10.319  5071  5071 I KeyDetector: getKeyIndices, mIsPinyin26: false, isKey26: false, isPinyin26Key: false, isInside: true
03-15 18:10:10.319  5071  5071 I KeyDetector: getKeyIndices, primaryIndex = nearestKeyIndices[i], 34
03-15 18:10:10.319  5071  5071 I KeyDetector: getKeyIndices, primaryIndex: 34, closestKey: -1
03-15 18:10:10.319  5071  5071 I SogouKeyboardComponent: detectHitKey, idx[0] = keyIndex, 34
03-15 18:10:10.319  5071  5071 I SogouKeyboardComponent: detectHitKey, keyIndex: 34
03-15 18:10:10.319  5071  5071 I SogouKeyboardComponent: detectHitKey, isValidKeyIndex(keyIndex) == true
03-15 18:10:10.320   840  8358 I btaudio_offload_qti: audio_get_a2dp_sink_latency_qti: Sink Latency = 0
03-15 18:10:10.321   840  8470 W libc    : Access denied finding property "vendor.dolby.mi.metadata.log"
03-15 18:10:10.321   840  8470 W libc    : Access denied finding property "vendor.dolby.mi.metadata.log"
03-15 18:10:10.321   840  8470 W libc    : Access denied finding property "vendor.dolby.mi.metadata.log"
03-15 18:10:10.321   840  8470 W libc    : Access denied finding property "vendor.dolby.mi.metadata.log"
03-15 18:10:10.322   840  8470 W libc    : Access denied finding property "vendor.dolby.mi.metadata.log"
03-15 18:10:10.322   840  8470 W libc    : Access denied finding property "vendor.dolby.mi.metadata.log"
03-15 18:10:10.322   840  8470 W libc    : Access denied finding property "vendor.dolby.mi.metadata.log"
03-15 18:10:10.322   840  8358 W libc    : Access denied finding property "hal.record.dump"
03-15 18:10:10.326  5071  5071 I SogouKeyboardComponent: onTouchEvent, x: 1121, y: 468, rawX: 2385, rawY: 1427
03-15 18:10:10.326  5071  5071 I TouchHandler: onTouchEvent
03-15 18:10:10.326  5071  5071 I TouchHandler: mIsTalkbackOn: false
03-15 18:10:10.326  5071  5071 I TouchHandler: action: 2
03-15 18:10:10.326  5071  5071 I TouchHandler: mState: 1
03-15 18:10:10.326  5071  5071 I TouchHandler: processSinglePressed, action: 2
03-15 18:10:10.326  5071  5071 I SogouKeyboardComponent: detectHitKey, x: 1121, y: 468, idx: [34], isDown: false
03-15 18:10:10.326  5071  5071 I SogouKeyboardComponent: detectHitKey, touchX: 1121, touchY: 468
03-15 18:10:10.327  5071  5071 I KeyboardData: x: 1121, screenWidth: 2944, y: 468, display height: 558
03-15 18:10:10.327  5071  5071 I KeyDetector: getKeyIndices, x: 1121, y: 468, allKeys: null, nearestKeyIndices: [26, 27, 33, 34]
