03-15 18:10:09.268  5071  5071 I KeyDetector: getKeyIndices, i: 0, key.X: 195.0, key.y: 151.0, key.width: 108, key.height: 121, key.code: 115
03-15 18:10:09.268  5071  5071 I KeyDetector: getKeyIndices, mIsPinyin26: false, isKey26: true, isPinyin26Key: false, isInside: false
03-15 18:10:09.268  5071  5071 I KeyDetector: getKeyIndices, i: 1, key.X: 312.0, key.y: 151.0, key.width: 108, key.height: 121, key.code: 100
03-15 18:10:09.268  5071  5071 I KeyDetector: getKeyIndices, mIsPinyin26: false, isKey26: true, isPinyin26Key: false, isInside: false
03-15 18:10:09.268  5071  5071 I KeyDetector: getKeyIndices, i: 2, key.X: 429.0, key.y: 151.0, key.width: 108, key.height: 121, key.code: 102
03-15 18:10:09.268   999   999 W libc    : Access denied finding property "hwservicemanager.ready"
03-15 18:10:09.268  5071  5071 I KeyDetector: getKeyIndices, mIsPinyin26: false, isKey26: true, isPinyin26Key: false, isInside: false
03-15 18:10:09.268  5071  5071 I KeyDetector: getKeyIndices, i: 3, key.X: 546.0, key.y: 151.0, key.width: 108, key.height: 121, key.code: 103
03-15 18:10:09.268  5071  5071 I KeyDetector: getKeyIndices, mIsPinyin26: false, isKey26: true, isPinyin26Key: false, isInside: false
03-15 18:10:09.268  5071  5071 I KeyDetector: getKeyIndices, i: 4, key.X: 194.0, key.y: 289.0, key.width: 108, key.height: 121, key.code: 122
03-15 18:10:09.268  5071  5071 I KeyDetector: getKeyIndices, mIsPinyin26: false, isKey26: true, isPinyin26Key: false, isInside: false
03-15 18:10:09.268  5071  5071 I KeyDetector: getKeyIndices, i: 5, key.X: 311.0, key.y: 289.0, key.width: 108, key.height: 121, key.code: 120
03-15 18:10:09.268  5071  5071 I KeyDetector: getKeyIndices, mIsPinyin26: false, isKey26: true, isPinyin26Key: false, isInside: true
03-15 18:10:09.268  5071  5071 I KeyDetector: getKeyIndices, primaryIndex = nearestKeyIndices[i], 21
03-15 18:10:09.268  5071  5071 I KeyDetector: getKeyIndices, primaryIndex: 21, closestKey: -1
03-15 18:10:09.268  5071  5071 I SogouKeyboardComponent: detectHitKey, idx[0] = keyIndex, 21
03-15 18:10:09.269  5071  5071 I SogouKeyboardComponent: detectHitKey, keyIndex: 21
03-15 18:10:09.269  5071  5071 I SogouKeyboardComponent: detectHitKey, isValidKeyIndex(keyIndex) == true
03-15 18:10:09.272  2971  2971 W UDevice : BatteryUtilsKt::getLayoutConfig[59] config:6x4
03-15 18:10:09.272  2971  2971 I UDevice : BatteryView::buildImageSize$zui_widget_release[205] nowDensity:2.125  defaultDensity:2.125
03-15 18:10:09.272  2971  2971 D UDevice : BatteryView::buildImageSize$zui_widget_release[216] sizeDimen:2131166417 size:106.25 layoutConfig:6x4
03-15 18:10:09.273  2971  2971 I UDevice : BatteryView::buildImageSize$zui_widget_release[250] defaultDensity == nowDensity,Do nothing
03-15 18:10:09.273  2971  2971 I UDevice : BatteryDataUtilsKt::getShowBatteryModelList[153] batteryString:{"batteryModelList":[{"address":"70:61:EE:65:60:51","battery":100,"isBreak":false,"isCharge":true,"timeMills":1773540568808,"type":20},{"address":"84:AC:60:B8:69:C3","battery":80,"isBreak":false,"isCharge":false,"timeMills":1773553253122,"type":70},{"address":"","battery":81,"isBreak":false,"isCharge":true,"timeMills":9223372036854775807,"type":10}]}
03-15 18:10:09.273   840  8358 I btaudio_offload_qti: audio_get_a2dp_sink_latency_qti: Sink Latency = 0
03-15 18:10:09.273  2971  2971 I UDevice : BatteryDataUtilsKt::getShowBatteryModelList[162] saveDefaultTest four:[BatteryModel(type=20, battery=100, isBreak=false, isCharge=true, address=70:61:EE:65:60:51, timeMills=1773540568808), BatteryModel(type=70, battery=80, isBreak=false, isCharge=false, address=84:AC:60:B8:69:C3, timeMills=1773553253122), BatteryModel(type=10, battery=81, isBreak=false, isCharge=true, address=, timeMills=9223372036854775807)]
03-15 18:10:09.274  2971  2971 I UDevice : BatteryDataUtilsKt::getShowBatteryModelList[167] saveDefaultTest five:[BatteryModel(type=10, battery=81, isBreak=false, isCharge=true, address=, timeMills=9223372036854775807), BatteryModel(type=20, battery=100, isBreak=false, isCharge=true, address=70:61:EE:65:60:51, timeMills=1773540568808), BatteryModel(type=70, battery=80, isBreak=false, isCharge=false, address=84:AC:60:B8:69:C3, timeMills=1773553253122)]
03-15 18:10:09.274  2971  2971 W UDevice : BatteryView::buildBatteryView$zui_widget_release[280] batteryModel:BatteryModel(type=10, battery=81, isBreak=false, isCharge=true, address=, timeMills=9223372036854775807)
03-15 18:10:09.274   840  8470 W libc    : Access denied finding property "vendor.dolby.mi.metadata.log"
03-15 18:10:09.274   840  8470 W libc    : Access denied finding property "vendor.dolby.mi.metadata.log"
03-15 18:10:09.274   840  8470 W libc    : Access denied finding property "vendor.dolby.mi.metadata.log"
03-15 18:10:09.274   840  8470 W libc    : Access denied finding property "vendor.dolby.mi.metadata.log"
03-15 18:10:09.274   840  8470 W libc    : Access denied finding property "vendor.dolby.mi.metadata.log"
03-15 18:10:09.274   840  8470 W libc    : Access denied finding property "vendor.dolby.mi.metadata.log"
03-15 18:10:09.275   840  8470 W libc    : Access denied finding property "vendor.dolby.mi.metadata.log"
03-15 18:10:09.275   840  8358 W libc    : Access denied finding property "hal.record.dump"
03-15 18:10:09.276  5071  5071 I SogouKeyboardComponent: onTouchEvent, x: 374, y: 346, rawX: 1638, rawY: 1305
03-15 18:10:09.276  5071  5071 I TouchHandler: onTouchEvent
03-15 18:10:09.276  5071  5071 I TouchHandler: mIsTalkbackOn: false
03-15 18:10:09.276  5071  5071 I TouchHandler: action: 2
03-15 18:10:09.276  5071  5071 I TouchHandler: mState: 1
03-15 18:10:09.276  5071  5071 I TouchHandler: processSinglePressed, action: 2
03-15 18:10:09.276  5071  5071 I SogouKeyboardComponent: detectHitKey, x: 374, y: 346, idx: [21], isDown: false
03-15 18:10:09.276  5071  5071 I SogouKeyboardComponent: detectHitKey, touchX: 374, touchY: 346
03-15 18:10:09.276  2971  2971 W UDevice : BatteryView::buildBatteryView$zui_widget_release[288] getNameForType deviceName:TB371FC
03-15 18:10:09.276  5071  5071 I KeyboardData: x: 374, screenWidth: 2944, y: 346, display height: 558
03-15 18:10:09.276  5071  5071 I KeyDetector: getKeyIndices, x: 374, y: 346, allKeys: null, nearestKeyIndices: [11, 12, 13, 14, 20, 21, 22, 23, 29, 30, 31]
03-15 18:10:09.276  5071  5071 I KeyDetector: getKeyIndices, primaryIndex: -1, closestKey: -1, closestKeyDist: 1, keyCount: 11, keyTouchSwitch: false
03-15 18:10:09.276  5071  5071 I KeyDetector: getKeyIndices, mIsPinyin26: false, mEnableProximity: true, mEnableAntiMistouch: false, mProximityThreshold: 0
03-15 18:10:09.276  5071  5071 I KeyDetector: getKeyIndices, i: 0, key.X: 195.0, key.y: 151.0, key.width: 108, key.height: 121, key.code: 115
03-15 18:10:09.276  5071  5071 I KeyDetector: getKeyIndices, mIsPinyin26: false, isKey26: true, isPinyin26Key: false, isInside: false
03-15 18:10:09.277  5071  5071 I KeyDetector: getKeyIndices, i: 1, key.X: 312.0, key.y: 151.0, key.width: 108, key.height: 121, key.code: 100
03-15 18:10:09.277  5071  5071 I KeyDetector: getKeyIndices, mIsPinyin26: false, isKey26: true, isPinyin26Key: false, isInside: false
03-15 18:10:09.277  5071  5071 I KeyDetector: getKeyIndices, i: 2, key.X: 429.0, key.y: 151.0, key.width: 108, key.height: 121, key.code: 102
03-15 18:10:09.277  5071  5071 I KeyDetector: getKeyIndices, mIsPinyin26: false, isKey26: true, isPinyin26Key: false, isInside: false
03-15 18:10:09.277  5071  5071 I KeyDetector: getKeyIndices, i: 3, key.X: 546.0, key.y: 151.0, key.width: 108, key.height: 121, key.code: 103
03-15 18:10:09.277  5071  5071 I KeyDetector: getKeyIndices, mIsPinyin26: false, isKey26: true, isPinyin26Key: false, isInside: false
03-15 18:10:09.277  5071  5071 I KeyDetector: getKeyIndices, i: 4, key.X: 194.0, key.y: 289.0, key.width: 108, key.height: 121, key.code: 122
03-15 18:10:09.277  5071  5071 I KeyDetector: getKeyIndices, mIsPinyin26: false, isKey26: true, isPinyin26Key: false, isInside: false
03-15 18:10:09.277  5071  5071 I KeyDetector: getKeyIndices, i: 5, key.X: 311.0, key.y: 289.0, key.width: 108, key.height: 121, key.code: 120
03-15 18:10:09.277  5071  5071 I KeyDetector: getKeyIndices, mIsPinyin26: false, isKey26: true, isPinyin26Key: false, isInside: true
03-15 18:10:09.277  5071  5071 I KeyDetector: getKeyIndices, primaryIndex = nearestKeyIndices[i], 21
03-15 18:10:09.277  5071  5071 I KeyDetector: getKeyIndices, primaryIndex: 21, closestKey: -1
03-15 18:10:09.277  5071  5071 I SogouKeyboardComponent: detectHitKey, idx[0] = keyIndex, 21
03-15 18:10:09.277  5071  5071 I SogouKeyboardComponent: detectHitKey, keyIndex: 21
03-15 18:10:09.277  5071  5071 I SogouKeyboardComponent: detectHitKey, isValidKeyIndex(keyIndex) == true
03-15 18:10:09.282  2971  2971 D UDevice : BatteryView::getNameForType[388] name:Lenovo Precision Pen 3 alias:Lenovo Precision Pen 3
03-15 18:10:09.284  5071  5071 I SogouKeyboardComponent: onTouchEvent, x: 374, y: 346, rawX: 1638, rawY: 1305
03-15 18:10:09.284  5071  5071 I TouchHandler: onTouchEvent
03-15 18:10:09.284  5071  5071 I TouchHandler: mIsTalkbackOn: false
03-15 18:10:09.284  5071  5071 I TouchHandler: action: 2
03-15 18:10:09.284  5071  5071 I TouchHandler: mState: 1
03-15 18:10:09.284  5071  5071 I TouchHandler: processSinglePressed, action: 2
03-15 18:10:09.284  5071  5071 I SogouKeyboardComponent: detectHitKey, x: 374, y: 346, idx: [21], isDown: false
03-15 18:10:09.284  5071  5071 I SogouKeyboardComponent: detectHitKey, touchX: 374, touchY: 346
03-15 18:10:09.285  5071  5071 I KeyboardData: x: 374, screenWidth: 2944, y: 346, display height: 558
03-15 18:10:09.285  5071  5071 I KeyDetector: getKeyIndices, x: 374, y: 346, allKeys: null, nearestKeyIndices: [11, 12, 13, 14, 20, 21, 22, 23, 29, 30, 31]
03-15 18:10:09.285  5071  5071 I KeyDetector: getKeyIndices, primaryIndex: -1, closestKey: -1, closestKeyDist: 1, keyCount: 11, keyTouchSwitch: false
03-15 18:10:09.285  5071  5071 I KeyDetector: getKeyIndices, mIsPinyin26: false, mEnableProximity: true, mEnableAntiMistouch: false, mProximityThreshold: 0
03-15 18:10:09.285  5071  5071 I KeyDetector: getKeyIndices, i: 0, key.X: 195.0, key.y: 151.0, key.width: 108, key.height: 121, key.code: 115
03-15 18:10:09.285  5071  5071 I KeyDetector: getKeyIndices, mIsPinyin26: false, isKey26: true, isPinyin26Key: false, isInside: false
03-15 18:10:09.285  5071  5071 I KeyDetector: getKeyIndices, i: 1, key.X: 312.0, key.y: 151.0, key.width: 108, key.height: 121, key.code: 100
03-15 18:10:09.285  5071  5071 I KeyDetector: getKeyIndices, mIsPinyin26: false, isKey26: true, isPinyin26Key: false, isInside: false
03-15 18:10:09.285  5071  5071 I KeyDetector: getKeyIndices, i: 2, key.X: 429.0, key.y: 151.0, key.width: 108, key.height: 121, key.code: 102
03-15 18:10:09.285  5071  5071 I KeyDetector: getKeyIndices, mIsPinyin26: false, isKey26: true, isPinyin26Key: false, isInside: false
03-15 18:10:09.285  5071  5071 I KeyDetector: getKeyIndices, i: 3, key.X: 546.0, key.y: 151.0, key.width: 108, key.height: 121, key.code: 103
03-15 18:10:09.285  5071  5071 I KeyDetector: getKeyIndices, mIsPinyin26: false, isKey26: true, isPinyin26Key: false, isInside: false
03-15 18:10:09.285  5071  5071 I KeyDetector: getKeyIndices, i: 4, key.X: 194.0, key.y: 289.0, key.width: 108, key.height: 121, key.code: 122
03-15 18:10:09.285  5071  5071 I KeyDetector: getKeyIndices, mIsPinyin26: false, isKey26: true, isPinyin26Key: false, isInside: false
03-15 18:10:09.285  5071  5071 I KeyDetector: getKeyIndices, i: 5, key.X: 311.0, key.y: 289.0, key.width: 108, key.height: 121, key.code: 120
03-15 18:10:09.285  5071  5071 I KeyDetector: getKeyIndices, mIsPinyin26: false, isKey26: true, isPinyin26Key: false, isInside: true
03-15 18:10:09.285  5071  5071 I KeyDetector: getKeyIndices, primaryIndex = nearestKeyIndices[i], 21
03-15 18:10:09.285  5071  5071 I KeyDetector: getKeyIndices, primaryIndex: 21, closestKey: -1
03-15 18:10:09.285  5071  5071 I SogouKeyboardComponent: detectHitKey, idx[0] = keyIndex, 21
03-15 18:10:09.285  5071  5071 I SogouKeyboardComponent: detectHitKey, keyIndex: 21
03-15 18:10:09.285  5071  5071 I SogouKeyboardComponent: detectHitKey, isValidKeyIndex(keyIndex) == true
03-15 18:10:09.292  2971  2971 D UDevice : BatteryView::getNameForType[388] name:XuansEarphones alias:XuansEarphones
03-15 18:10:09.292  5071  5071 I SogouKeyboardComponent: onTouchEvent, x: 374, y: 346, rawX: 1638, rawY: 1305
03-15 18:10:09.292  5071  5071 I TouchHandler: onTouchEvent
03-15 18:10:09.292  5071  5071 I TouchHandler: mIsTalkbackOn: false
03-15 18:10:09.292  5071  5071 I TouchHandler: action: 2
03-15 18:10:09.292  5071  5071 I TouchHandler: mState: 1
03-15 18:10:09.292  5071  5071 I TouchHandler: processSinglePressed, action: 2
03-15 18:10:09.292  5071  5071 I SogouKeyboardComponent: detectHitKey, x: 374, y: 346, idx: [21], isDown: false
03-15 18:10:09.292  5071  5071 I SogouKeyboardComponent: detectHitKey, touchX: 374, touchY: 346
03-15 18:10:09.293  5071  5071 I KeyboardData: x: 374, screenWidth: 2944, y: 346, display height: 558
03-15 18:10:09.293  5071  5071 I KeyDetector: getKeyIndices, x: 374, y: 346, allKeys: null, nearestKeyIndices: [11, 12, 13, 14, 20, 21, 22, 23, 29, 30, 31]
03-15 18:10:09.293  5071  5071 I KeyDetector: getKeyIndices, primaryIndex: -1, closestKey: -1, closestKeyDist: 1, keyCount: 11, keyTouchSwitch: false
03-15 18:10:09.293  5071  5071 I KeyDetector: getKeyIndices, mIsPinyin26: false, mEnableProximity: true, mEnableAntiMistouch: false, mProximityThreshold: 0
03-15 18:10:09.293  5071  5071 I KeyDetector: getKeyIndices, i: 0, key.X: 195.0, key.y: 151.0, key.width: 108, key.height: 121, key.code: 115
03-15 18:10:09.293  5071  5071 I KeyDetector: getKeyIndices, mIsPinyin26: false, isKey26: true, isPinyin26Key: false, isInside: false
03-15 18:10:09.293  5071  5071 I KeyDetector: getKeyIndices, i: 1, key.X: 312.0, key.y: 151.0, key.width: 108, key.height: 121, key.code: 100
03-15 18:10:09.293  5071  5071 I KeyDetector: getKeyIndices, mIsPinyin26: false, isKey26: true, isPinyin26Key: false, isInside: false
03-15 18:10:09.293  5071  5071 I KeyDetector: getKeyIndices, i: 2, key.X: 429.0, key.y: 151.0, key.width: 108, key.height: 121, key.code: 102
03-15 18:10:09.293  5071  5071 I KeyDetector: getKeyIndices, mIsPinyin26: false, isKey26: true, isPinyin26Key: false, isInside: false
03-15 18:10:09.293  5071  5071 I KeyDetector: getKeyIndices, i: 3, key.X: 546.0, key.y: 151.0, key.width: 108, key.height: 121, key.code: 103
03-15 18:10:09.293  5071  5071 I KeyDetector: getKeyIndices, mIsPinyin26: false, isKey26: true, isPinyin26Key: false, isInside: false
03-15 18:10:09.293  5071  5071 I KeyDetector: getKeyIndices, i: 4, key.X: 194.0, key.y: 289.0, key.width: 108, key.height: 121, key.code: 122
03-15 18:10:09.293  5071  5071 I KeyDetector: getKeyIndices, mIsPinyin26: false, isKey26: true, isPinyin26Key: false, isInside: false
03-15 18:10:09.293  5071  5071 I KeyDetector: getKeyIndices, i: 5, key.X: 311.0, key.y: 289.0, key.width: 108, key.height: 121, key.code: 120
03-15 18:10:09.293  5071  5071 I KeyDetector: getKeyIndices, mIsPinyin26: false, isKey26: true, isPinyin26Key: false, isInside: true
03-15 18:10:09.293  5071  5071 I KeyDetector: getKeyIndices, primaryIndex = nearestKeyIndices[i], 21
03-15 18:10:09.293  5071  5071 I KeyDetector: getKeyIndices, primaryIndex: 21, closestKey: -1
03-15 18:10:09.293  5071  5071 I SogouKeyboardComponent: detectHitKey, idx[0] = keyIndex, 21
03-15 18:10:09.293  5071  5071 I SogouKeyboardComponent: detectHitKey, keyIndex: 21
03-15 18:10:09.293  5071  5071 I SogouKeyboardComponent: detectHitKey, isValidKeyIndex(keyIndex) == true
03-15 18:10:09.301  5071  5071 I SogouKeyboardComponent: onTouchEvent, x: 374, y: 346, rawX: 1638, rawY: 1305
03-15 18:10:09.301  5071  5071 I TouchHandler: onTouchEvent
03-15 18:10:09.301  5071  5071 I TouchHandler: mIsTalkbackOn: false
03-15 18:10:09.301  5071  5071 I TouchHandler: action: 2
03-15 18:10:09.301  5071  5071 I TouchHandler: mState: 1
03-15 18:10:09.301  5071  5071 I TouchHandler: processSinglePressed, action: 2
03-15 18:10:09.301   995 11858 D vendor.qti.vibrator: Notifying on complete
03-15 18:10:09.301  5071  5071 I SogouKeyboardComponent: detectHitKey, x: 374, y: 346, idx: [21], isDown: false
03-15 18:10:09.301  5071  5071 I SogouKeyboardComponent: detectHitKey, touchX: 374, touchY: 346
03-15 18:10:09.301   995 11858 W libc    : Access denied finding property "persist.debug.binder.max.data"
03-15 18:10:09.301  5071  5071 I KeyboardData: x: 374, screenWidth: 2944, y: 346, display height: 558
03-15 18:10:09.301  5071  5071 I KeyDetector: getKeyIndices, x: 374, y: 346, allKeys: null, nearestKeyIndices: [11, 12, 13, 14, 20, 21, 22, 23, 29, 30, 31]
03-15 18:10:09.301  5071  5071 I KeyDetector: getKeyIndices, primaryIndex: -1, closestKey: -1, closestKeyDist: 1, keyCount: 11, keyTouchSwitch: false
03-15 18:10:09.301  5071  5071 I KeyDetector: getKeyIndices, mIsPinyin26: false, mEnableProximity: true, mEnableAntiMistouch: false, mProximityThreshold: 0
03-15 18:10:09.301  5071  5071 I KeyDetector: getKeyIndices, i: 0, key.X: 195.0, key.y: 151.0, key.width: 108, key.height: 121, key.code: 115
03-15 18:10:09.301  5071  5071 I KeyDetector: getKeyIndices, mIsPinyin26: false, isKey26: true, isPinyin26Key: false, isInside: false
03-15 18:10:09.301  5071  5071 I KeyDetector: getKeyIndices, i: 1, key.X: 312.0, key.y: 151.0, key.width: 108, key.height: 121, key.code: 100
03-15 18:10:09.301  5071  5071 I KeyDetector: getKeyIndices, mIsPinyin26: false, isKey26: true, isPinyin26Key: false, isInside: false
03-15 18:10:09.301  5071  5071 I KeyDetector: getKeyIndices, i: 2, key.X: 429.0, key.y: 151.0, key.width: 108, key.height: 121, key.code: 102
03-15 18:10:09.301  5071  5071 I KeyDetector: getKeyIndices, mIsPinyin26: false, isKey26: true, isPinyin26Key: false, isInside: false
03-15 18:10:09.301  5071  5071 I KeyDetector: getKeyIndices, i: 3, key.X: 546.0, key.y: 151.0, key.width: 108, key.height: 121, key.code: 103
03-15 18:10:09.301  5071  5071 I KeyDetector: getKeyIndices, mIsPinyin26: false, isKey26: true, isPinyin26Key: false, isInside: false
03-15 18:10:09.301  5071  5071 I KeyDetector: getKeyIndices, i: 4, key.X: 194.0, key.y: 289.0, key.width: 108, key.height: 121, key.code: 122
03-15 18:10:09.301  5071  5071 I KeyDetector: getKeyIndices, mIsPinyin26: false, isKey26: true, isPinyin26Key: false, isInside: false
03-15 18:10:09.301  5071  5071 I KeyDetector: getKeyIndices, i: 5, key.X: 311.0, key.y: 289.0, key.width: 108, key.height: 121, key.code: 120
03-15 18:10:09.301  5071  5071 I KeyDetector: getKeyIndices, mIsPinyin26: false, isKey26: true, isPinyin26Key: false, isInside: true
03-15 18:10:09.301  5071  5071 I KeyDetector: getKeyIndices, primaryIndex = nearestKeyIndices[i], 21
03-15 18:10:09.301  5071  5071 I KeyDetector: getKeyIndices, primaryIndex: 21, closestKey: -1
03-15 18:10:09.301  5071  5071 I SogouKeyboardComponent: detectHitKey, idx[0] = keyIndex, 21
03-15 18:10:09.301  5071  5071 I SogouKeyboardComponent: detectHitKey, keyIndex: 21
03-15 18:10:09.301  5071  5071 I SogouKeyboardComponent: detectHitKey, isValidKeyIndex(keyIndex) == true
03-15 18:10:09.302   995   995 D vendor.qti.vibrator: QTI Vibrator off
03-15 18:10:09.302   995   995 W libc    : Access denied finding property "persist.debug.binder.max.time"
03-15 18:10:09.302   995   995 W libc    : Access denied finding property "persist.debug.binder.max.data"
03-15 18:10:09.302   995   995 W libc    : Access denied finding property "persist.debug.binder.max.data"
03-15 18:10:09.309  5071  5071 I SogouKeyboardComponent: onTouchEvent, x: 374, y: 346, rawX: 1638, rawY: 1305
03-15 18:10:09.309  5071  5071 I TouchHandler: onTouchEvent
03-15 18:10:09.309  5071  5071 I TouchHandler: mIsTalkbackOn: false
03-15 18:10:09.309  5071  5071 I TouchHandler: action: 2
03-15 18:10:09.309  5071  5071 I TouchHandler: mState: 1
03-15 18:10:09.309  5071  5071 I TouchHandler: processSinglePressed, action: 2
03-15 18:10:09.309  5071  5071 I SogouKeyboardComponent: detectHitKey, x: 374, y: 346, idx: [21], isDown: false
03-15 18:10:09.309  5071  5071 I SogouKeyboardComponent: detectHitKey, touchX: 374, touchY: 346
03-15 18:10:09.309  5071  5071 I KeyboardData: x: 374, screenWidth: 2944, y: 346, display height: 558
03-15 18:10:09.309  5071  5071 I KeyDetector: getKeyIndices, x: 374, y: 346, allKeys: null, nearestKeyIndices: [11, 12, 13, 14, 20, 21, 22, 23, 29, 30, 31]
03-15 18:10:09.309  5071  5071 I KeyDetector: getKeyIndices, primaryIndex: -1, closestKey: -1, closestKeyDist: 1, keyCount: 11, keyTouchSwitch: false
03-15 18:10:09.309  5071  5071 I KeyDetector: getKeyIndices, mIsPinyin26: false, mEnableProximity: true, mEnableAntiMistouch: false, mProximityThreshold: 0
03-15 18:10:09.309  5071  5071 I KeyDetector: getKeyIndices, i: 0, key.X: 195.0, key.y: 151.0, key.width: 108, key.height: 121, key.code: 115
03-15 18:10:09.309  5071  5071 I KeyDetector: getKeyIndices, mIsPinyin26: false, isKey26: true, isPinyin26Key: false, isInside: false
03-15 18:10:09.309  5071  5071 I KeyDetector: getKeyIndices, i: 1, key.X: 312.0, key.y: 151.0, key.width: 108, key.height: 121, key.code: 100
03-15 18:10:09.309  5071  5071 I KeyDetector: getKeyIndices, mIsPinyin26: false, isKey26: true, isPinyin26Key: false, isInside: false
03-15 18:10:09.310  5071  5071 I KeyDetector: getKeyIndices, i: 2, key.X: 429.0, key.y: 151.0, key.width: 108, key.height: 121, key.code: 102
03-15 18:10:09.310  5071  5071 I KeyDetector: getKeyIndices, mIsPinyin26: false, isKey26: true, isPinyin26Key: false, isInside: false
03-15 18:10:09.310  5071  5071 I KeyDetector: getKeyIndices, i: 3, key.X: 546.0, key.y: 151.0, key.width: 108, key.height: 121, key.code: 103
03-15 18:10:09.310  5071  5071 I KeyDetector: getKeyIndices, mIsPinyin26: false, isKey26: true, isPinyin26Key: false, isInside: false
03-15 18:10:09.310  5071  5071 I KeyDetector: getKeyIndices, i: 4, key.X: 194.0, key.y: 289.0, key.width: 108, key.height: 121, key.code: 122
03-15 18:10:09.310  5071  5071 I KeyDetector: getKeyIndices, mIsPinyin26: false, isKey26: true, isPinyin26Key: false, isInside: false
03-15 18:10:09.310  5071  5071 I KeyDetector: getKeyIndices, i: 5, key.X: 311.0, key.y: 289.0, key.width: 108, key.height: 121, key.code: 120
03-15 18:10:09.310  5071  5071 I KeyDetector: getKeyIndices, mIsPinyin26: false, isKey26: true, isPinyin26Key: false, isInside: true
03-15 18:10:09.310  5071  5071 I KeyDetector: getKeyIndices, primaryIndex = nearestKeyIndices[i], 21
03-15 18:10:09.310  5071  5071 I KeyDetector: getKeyIndices, primaryIndex: 21, closestKey: -1
03-15 18:10:09.310  5071  5071 I SogouKeyboardComponent: detectHitKey, idx[0] = keyIndex, 21
03-15 18:10:09.310  5071  5071 I SogouKeyboardComponent: detectHitKey, keyIndex: 21
03-15 18:10:09.310  5071  5071 I SogouKeyboardComponent: detectHitKey, isValidKeyIndex(keyIndex) == true
03-15 18:10:09.313  5071  5071 I SogouKeyboardComponent: onTouchEvent, x: 374, y: 346, rawX: 1638, rawY: 1305
03-15 18:10:09.313  5071  5071 I TouchHandler: onTouchEvent
03-15 18:10:09.313  5071  5071 I TouchHandler: mIsTalkbackOn: false
03-15 18:10:09.313  5071  5071 I TouchHandler: action: 2
03-15 18:10:09.313  5071  5071 I TouchHandler: mState: 1
03-15 18:10:09.313  5071  5071 I TouchHandler: processSinglePressed, action: 2
03-15 18:10:09.313  5071  5071 I SogouKeyboardComponent: detectHitKey, x: 374, y: 346, idx: [21], isDown: false
03-15 18:10:09.313  5071  5071 I SogouKeyboardComponent: detectHitKey, touchX: 374, touchY: 346
03-15 18:10:09.313  5071  5071 I KeyboardData: x: 374, screenWidth: 2944, y: 346, display height: 558
03-15 18:10:09.313  5071  5071 I KeyDetector: getKeyIndices, x: 374, y: 346, allKeys: null, nearestKeyIndices: [11, 12, 13, 14, 20, 21, 22, 23, 29, 30, 31]
03-15 18:10:09.313  5071  5071 I KeyDetector: getKeyIndices, primaryIndex: -1, closestKey: -1, closestKeyDist: 1, keyCount: 11, keyTouchSwitch: false
03-15 18:10:09.313  5071  5071 I KeyDetector: getKeyIndices, mIsPinyin26: false, mEnableProximity: true, mEnableAntiMistouch: false, mProximityThreshold: 0
03-15 18:10:09.313  5071  5071 I KeyDetector: getKeyIndices, i: 0, key.X: 195.0, key.y: 151.0, key.width: 108, key.height: 121, key.code: 115
03-15 18:10:09.313  5071  5071 I KeyDetector: getKeyIndices, mIsPinyin26: false, isKey26: true, isPinyin26Key: false, isInside: false
03-15 18:10:09.313  5071  5071 I KeyDetector: getKeyIndices, i: 1, key.X: 312.0, key.y: 151.0, key.width: 108, key.height: 121, key.code: 100
03-15 18:10:09.313  1474  1612 D WindowManager: onup, touch up!
03-15 18:10:09.313  5071  5071 I KeyDetector: getKeyIndices, mIsPinyin26: false, isKey26: true, isPinyin26Key: false, isInside: false
03-15 18:10:09.313  5071  5071 I KeyDetector: getKeyIndices, i: 2, key.X: 429.0, key.y: 151.0, key.width: 108, key.height: 121, key.code: 102
03-15 18:10:09.313  5071  5071 I KeyDetector: getKeyIndices, mIsPinyin26: false, isKey26: true, isPinyin26Key: false, isInside: false
03-15 18:10:09.313  5071  5071 I KeyDetector: getKeyIndices, i: 3, key.X: 546.0, key.y: 151.0, key.width: 108, key.height: 121, key.code: 103
03-15 18:10:09.313  5071  5071 I KeyDetector: getKeyIndices, mIsPinyin26: false, isKey26: true, isPinyin26Key: false, isInside: false
03-15 18:10:09.313  5071  5071 I KeyDetector: getKeyIndices, i: 4, key.X: 194.0, key.y: 289.0, key.width: 108, key.height: 121, key.code: 122
03-15 18:10:09.313  5071  5071 I KeyDetector: getKeyIndices, mIsPinyin26: false, isKey26: true, isPinyin26Key: false, isInside: false
03-15 18:10:09.313  5071  5071 I KeyDetector: getKeyIndices, i: 5, key.X: 311.0, key.y: 289.0, key.width: 108, key.height: 121, key.code: 120
03-15 18:10:09.313  5071  5071 I KeyDetector: getKeyIndices, mIsPinyin26: false, isKey26: true, isPinyin26Key: false, isInside: true
03-15 18:10:09.313  5071  5071 I KeyDetector: getKeyIndices, primaryIndex = nearestKeyIndices[i], 21
03-15 18:10:09.313  5071  5071 I KeyDetector: getKeyIndices, primaryIndex: 21, closestKey: -1
03-15 18:10:09.313  5071  5071 I SogouKeyboardComponent: detectHitKey, idx[0] = keyIndex, 21
03-15 18:10:09.313  1032  1201 V Scheduler: notifyInteractionEvent action: Up
03-15 18:10:09.313  5071  5071 I SogouKeyboardComponent: detectHitKey, keyIndex: 21
03-15 18:10:09.313   840  8358 I btaudio_offload_qti: audio_get_a2dp_sink_latency_qti: Sink Latency = 0
03-15 18:10:09.313  5071  5071 I SogouKeyboardComponent: detectHitKey, isValidKeyIndex(keyIndex) == true
03-15 18:10:09.314  1032  1201 V Scheduler: notifyInteractionEvent action: Up
03-15 18:10:09.314  5071  5071 V ViewRootImpl: title = InputMethod enqueue motion: MotionEvent { action=ACTION_UP, actionButton=0, id[0]=0, x[0]=1638.9443, y[0]=1222.0293, toolType[0]=TOOL_TYPE_FINGER, buttonState=0, classification=NONE, metaState=0, flags=0x0, edgeFlags=0x0, pointerCount=1, historySize=0, eventTime=12108325, downTime=12108258, deviceId=6, source=0x1002, displayId=0, eventId=419234907 }
03-15 18:10:09.314  5071  5071 I SogouKeyboardComponent: onTouchEvent, x: 374, y: 346, rawX: 1638, rawY: 1305
03-15 18:10:09.314   840  8470 W libc    : Access denied finding property "vendor.dolby.mi.metadata.log"
03-15 18:10:09.314  5071  5071 I TouchHandler: onTouchEvent
03-15 18:10:09.314  5071  5071 I TouchHandler: mIsTalkbackOn: false
03-15 18:10:09.314  5071  5071 I TouchHandler: action: 1
03-15 18:10:09.314  5071  5071 I TouchHandler: mState: 1
03-15 18:10:09.314  5071  5071 I TouchHandler: processSinglePressed, action: 1
03-15 18:10:09.314  5071  5071 I SogouKeyboardComponent: detectHitKey, x: 374, y: 346, idx: [21], isDown: false
03-15 18:10:09.314   840  8470 W libc    : Access denied finding property "vendor.dolby.mi.metadata.log"
03-15 18:10:09.314  5071  5071 I SogouKeyboardComponent: detectHitKey, touchX: 374, touchY: 346
03-15 18:10:09.314   840  8470 W libc    : Access denied finding property "vendor.dolby.mi.metadata.log"
03-15 18:10:09.314   840  8470 W libc    : Access denied finding property "vendor.dolby.mi.metadata.log"
03-15 18:10:09.314  5071  5071 I KeyboardData: x: 374, screenWidth: 2944, y: 346, display height: 558
03-15 18:10:09.314  5071  5071 I KeyDetector: getKeyIndices, x: 374, y: 346, allKeys: null, nearestKeyIndices: [11, 12, 13, 14, 20, 21, 22, 23, 29, 30, 31]
03-15 18:10:09.314   840  8470 W libc    : Access denied finding property "vendor.dolby.mi.metadata.log"
03-15 18:10:09.314  5071  5071 I KeyDetector: getKeyIndices, primaryIndex: -1, closestKey: -1, closestKeyDist: 1, keyCount: 11, keyTouchSwitch: false
03-15 18:10:09.315  5071  5071 I KeyDetector: getKeyIndices, mIsPinyin26: false, mEnableProximity: true, mEnableAntiMistouch: false, mProximityThreshold: 0
03-15 18:10:09.315  5071  5071 I KeyDetector: getKeyIndices, i: 0, key.X: 195.0, key.y: 151.0, key.width: 108, key.height: 121, key.code: 115
03-15 18:10:09.315  5071  5071 I KeyDetector: getKeyIndices, mIsPinyin26: false, isKey26: true, isPinyin26Key: false, isInside: false
03-15 18:10:09.315  5071  5071 I KeyDetector: getKeyIndices, i: 1, key.X: 312.0, key.y: 151.0, key.width: 108, key.height: 121, key.code: 100
03-15 18:10:09.315   840  8470 W libc    : Access denied finding property "vendor.dolby.mi.metadata.log"
03-15 18:10:09.315  5071  5071 I KeyDetector: getKeyIndices, mIsPinyin26: false, isKey26: true, isPinyin26Key: false, isInside: false
03-15 18:10:09.315  5071  5071 I KeyDetector: getKeyIndices, i: 2, key.X: 429.0, key.y: 151.0, key.width: 108, key.height: 121, key.code: 102
03-15 18:10:09.315  5071  5071 I KeyDetector: getKeyIndices, mIsPinyin26: false, isKey26: true, isPinyin26Key: false, isInside: false
03-15 18:10:09.315  5071  5071 I KeyDetector: getKeyIndices, i: 3, key.X: 546.0, key.y: 151.0, key.width: 108, key.height: 121, key.code: 103
03-15 18:10:09.315  5071  5071 I KeyDetector: getKeyIndices, mIsPinyin26: false, isKey26: true, isPinyin26Key: false, isInside: false
03-15 18:10:09.315   840  8470 W libc    : Access denied finding property "vendor.dolby.mi.metadata.log"
03-15 18:10:09.315  5071  5071 I KeyDetector: getKeyIndices, i: 4, key.X: 194.0, key.y: 289.0, key.width: 108, key.height: 121, key.code: 122
03-15 18:10:09.315  5071  5071 I KeyDetector: getKeyIndices, mIsPinyin26: false, isKey26: true, isPinyin26Key: false, isInside: false
03-15 18:10:09.315  5071  5071 I KeyDetector: getKeyIndices, i: 5, key.X: 311.0, key.y: 289.0, key.width: 108, key.height: 121, key.code: 120
03-15 18:10:09.315  5071  5071 I KeyDetector: getKeyIndices, mIsPinyin26: false, isKey26: true, isPinyin26Key: false, isInside: true
03-15 18:10:09.315  5071  5071 I KeyDetector: getKeyIndices, primaryIndex = nearestKeyIndices[i], 21
03-15 18:10:09.315  5071  5071 I KeyDetector: getKeyIndices, primaryIndex: 21, closestKey: -1
03-15 18:10:09.315  5071  5071 I SogouKeyboardComponent: detectHitKey, idx[0] = keyIndex, 21
03-15 18:10:09.315  5071  5071 I SogouKeyboardComponent: detectHitKey, keyIndex: 21
03-15 18:10:09.315  5071  5071 I SogouKeyboardComponent: detectHitKey, isValidKeyIndex(keyIndex) == true
03-15 18:10:09.315  5071  5071 I TouchHandler: onUpOldKeyInternal
03-15 18:10:09.315   840  8470 W libc    : Access denied finding property "vendor.dolby.mi.metadata.log"
03-15 18:10:09.315  5071  5071 I TouchHandler: callListenerOnCodeInputAndRelease
03-15 18:10:09.315  5071  5071 I TouchHandler: callListenerOnCodeInputAndCheckKeyboardLayoutChange, key==null: false, mKeyboardListener==null: false
03-15 18:10:09.315  5071  5071 I TouchHandler: mKeyboardListener.onCodeInput
03-15 18:10:09.315  5071  5071 I ChineseKeyboardAction01: onCodeInput
03-15 18:10:09.315  5071  5071 I ChineseKeyboardAction01: canProcessCode, sessionId:223, primaryCode: 120
03-15 18:10:09.315  5071  5071 I ChineseKeyboardAction01: canProcessCode, mCommonActionListener==null: false
03-15 18:10:09.315   840  8358 W libc    : Access denied finding property "hal.record.dump"
03-15 18:10:09.324  1032  1098 E SurfaceFlinger: isStylusTargetLayer notifyTargetLayerDisconnect in
03-15 18:10:09.333 31245 11857 D TrafficStats: tagSocket(223) with statsTag=0xffffffff, statsUid=-1
03-15 18:10:09.354   840  8358 I btaudio_offload_qti: audio_get_a2dp_sink_latency_qti: Sink Latency = 0
03-15 18:10:09.355   840  8470 W libc    : Access denied finding property "vendor.dolby.mi.metadata.log"
03-15 18:10:09.355   840  8470 W libc    : Access denied finding property "vendor.dolby.mi.metadata.log"
03-15 18:10:09.355   840  8470 W libc    : Access denied finding property "vendor.dolby.mi.metadata.log"
03-15 18:10:09.355   840  8470 W libc    : Access denied finding property "vendor.dolby.mi.metadata.log"
03-15 18:10:09.355   840  8470 W libc    : Access denied finding property "vendor.dolby.mi.metadata.log"
03-15 18:10:09.356   840  8470 W libc    : Access denied finding property "vendor.dolby.mi.metadata.log"
03-15 18:10:09.356   840  8470 W libc    : Access denied finding property "vendor.dolby.mi.metadata.log"
03-15 18:10:09.357   840  8358 W libc    : Access denied finding property "hal.record.dump"
03-15 18:10:09.368   999   999 W libc    : Access denied finding property "hwservicemanager.ready"
03-15 18:10:09.402   840  8358 I btaudio_offload_qti: audio_get_a2dp_sink_latency_qti: Sink Latency = 0
03-15 18:10:09.403   840  8470 W libc    : Access denied finding property "vendor.dolby.mi.metadata.log"
03-15 18:10:09.403   840   840 W effect  : type=1400 audit(0.0:1850075): avc:  denied  { read } for  name="u:object_r:vendor_dolby_prop:s0" dev="tmpfs" ino=11682 scontext=u:r:hal_audio_default:s0 tcontext=u:object_r:vendor_dolby_prop:s0 tclass=file permissive=0
03-15 18:10:09.403   840   840 W effect  : type=1400 audit(0.0:1850076): avc:  denied  { read } for  name="u:object_r:vendor_dolby_prop:s0" dev="tmpfs" ino=11682 scontext=u:r:hal_audio_default:s0 tcontext=u:object_r:vendor_dolby_prop:s0 tclass=file permissive=0
03-15 18:10:09.404   840  8470 W libc    : Access denied finding property "vendor.dolby.mi.metadata.log"
03-15 18:10:09.404   840  8470 W libc    : Access denied finding property "vendor.dolby.mi.metadata.log"
03-15 18:10:09.403   840   840 W effect  : type=1400 audit(0.0:1850077): avc:  denied  { read } for  name="u:object_r:vendor_dolby_prop:s0" dev="tmpfs" ino=11682 scontext=u:r:hal_audio_default:s0 tcontext=u:object_r:vendor_dolby_prop:s0 tclass=file permissive=0
03-15 18:10:09.404   840  8470 W libc    : Access denied finding property "vendor.dolby.mi.metadata.log"
03-15 18:10:09.403   840   840 W effect  : type=1400 audit(0.0:1850078): avc:  denied  { read } for  name="u:object_r:vendor_dolby_prop:s0" dev="tmpfs" ino=11682 scontext=u:r:hal_audio_default:s0 tcontext=u:object_r:vendor_dolby_prop:s0 tclass=file permissive=0
03-15 18:10:09.404   840  8470 W libc    : Access denied finding property "vendor.dolby.mi.metadata.log"
03-15 18:10:09.403   840   840 W effect  : type=1400 audit(0.0:1850079): avc:  denied  { read } for  name="u:object_r:vendor_dolby_prop:s0" dev="tmpfs" ino=11682 scontext=u:r:hal_audio_default:s0 tcontext=u:object_r:vendor_dolby_prop:s0 tclass=file permissive=0
03-15 18:10:09.405   840  8470 W libc    : Access denied finding property "vendor.dolby.mi.metadata.log"
03-15 18:10:09.405   840  8470 W libc    : Access denied finding property "vendor.dolby.mi.metadata.log"
03-15 18:10:09.405   840  8470 W libc    : Access denied finding property "vendor.dolby.mi.metadata.log"
03-15 18:10:09.406   840  8358 W libc    : Access denied finding property "hal.record.dump"
03-15 18:10:09.432 17158 17288 V MSF.C.MSFCore[@PS]: [Event] MSFPacketStatistics.cpp(300)::DoCheckRequestTimeout->current rtts:63.107
03-15 18:10:09.442   840  8358 I btaudio_offload_qti: audio_get_a2dp_sink_latency_qti: Sink Latency = 0
03-15 18:10:09.444   840  8470 W libc    : Access denied finding property "vendor.dolby.mi.metadata.log"
03-15 18:10:09.444   840  8470 W libc    : Access denied finding property "vendor.dolby.mi.metadata.log"
03-15 18:10:09.444   840  8470 W libc    : Access denied finding property "vendor.dolby.mi.metadata.log"
03-15 18:10:09.444   840  8470 W libc    : Access denied finding property "vendor.dolby.mi.metadata.log"
03-15 18:10:09.444   840  8470 W libc    : Access denied finding property "vendor.dolby.mi.metadata.log"
03-15 18:10:09.444   840  8470 W libc    : Access denied finding property "vendor.dolby.mi.metadata.log"
03-15 18:10:09.445   840  8470 W libc    : Access denied finding property "vendor.dolby.mi.metadata.log"
03-15 18:10:09.445   840  8358 W libc    : Access denied finding property "hal.record.dump"
03-15 18:10:09.468 17158 17301 V MSF.C.MSFCore[@DD]: [Event] MSFDDNetworkEngine.cpp(179)::onTcpInfoUpdate->onTcpInfoUpdate:
03-15 18:10:09.468 17158 17301 V MSF.C.MSFCore[@DD]:                      tcpi_state = 1;
03-15 18:10:09.468 17158 17301 V MSF.C.MSFCore[@DD]:                      tcpi_ca_state = 0;
03-15 18:10:09.468 17158 17301 V MSF.C.MSFCore[@DD]:                      tcpi_rto = 248 ms;
03-15 18:10:09.468 17158 17301 V MSF.C.MSFCore[@DD]:                      tcpi_unacked = 0;
03-15 18:10:09.468 17158 17301 V MSF.C.MSFCore[@DD]:                      tcpi_rttcur = 44 ms;
03-15 18:10:09.468 17158 17301 V MSF.C.MSFCore[@DD]:                      tcpi_rttvar = 9 ms;
03-15 18:10:09.468 17158 17301 V MSF.C.MSFCore[@DD]:                      tcpi_bytes_retrans = 0 bytes;
03-15 18:10:09.468 17158 17301 V MSF.C.MSFCore[@DD]:                      tcpi_notsent_bytes = 0 bytes;
03-15 18:10:09.468 17158 17301 V MSF.C.MSFCore[@DD]:                      tcpi_bytes_received = 218693 bytes;
03-15 18:10:09.468 17158 17301 V MSF.C.MSFCore[@DD]:                      tcpi_bytes_sent = 66897 bytes 
03-15 18:10:09.468 17158 17301 V MSF.C.MSFCore[@DD]:                      tcpi_last_data_sent = 127216 ms 
03-15 18:10:09.468 17158 17301 V MSF.C.MSFCore[@DD]:                      tcpi_last_data_recv = 127168 ms 
03-15 18:10:09.475   999   999 W HidlServiceManagement: Waited for hwservicemanager.ready for a second, waiting another...
03-15 18:10:09.475   999   999 W libc    : Access denied finding property "hwservicemanager.ready"
03-15 18:10:09.475   999   999 W libc    : Access denied finding property "hwservicemanager.ready"
03-15 18:10:09.483   840  8358 I btaudio_offload_qti: audio_get_a2dp_sink_latency_qti: Sink Latency = 0
03-15 18:10:09.484   840  8470 W libc    : Access denied finding property "vendor.dolby.mi.metadata.log"
03-15 18:10:09.484   840  8470 W libc    : Access denied finding property "vendor.dolby.mi.metadata.log"
03-15 18:10:09.485   840  8470 W libc    : Access denied finding property "vendor.dolby.mi.metadata.log"
03-15 18:10:09.485   840  8470 W libc    : Access denied finding property "vendor.dolby.mi.metadata.log"
03-15 18:10:09.485   840  8470 W libc    : Access denied finding property "vendor.dolby.mi.metadata.log"
03-15 18:10:09.485   840  8470 W libc    : Access denied finding property "vendor.dolby.mi.metadata.log"
03-15 18:10:09.485   840  8470 W libc    : Access denied finding property "vendor.dolby.mi.metadata.log"
03-15 18:10:09.485   840  8470 W libc    : Access denied finding property "vendor.dolby.mi.metadata.log"
03-15 18:10:09.486   840  8358 W libc    : Access denied finding property "hal.record.dump"
03-15 18:10:09.488 30878 31109 D MusicMessageHandler: setPlaybackState() called with: state = [1]
03-15 18:10:09.493 30878 30878 I FeatureAppWidget: VipPlayer: loadPlayState: playState=VipPlayerPlayState(isPlaying=null, isStar=null, progress=179336, max = 234782)
03-15 18:10:09.495 30878 30878 E ActivityThread: Failed to find provider info for com.miui.personalassistant.widget.external
03-15 18:10:09.495 30878 30878 I FeatureAppWidget: VipPlayer: loadAnimate: playState=VipPlayerPlayState(isPlaying=null, isStar=null, progress=179336, max = 234782)
03-15 18:10:09.514  1032  1173 V Scheduler: refreshTimerCallback state = 1
03-15 18:10:09.514  1032  1173 V Scheduler: refreshTimerCallback ->applyPolicy 1
03-15 18:10:09.523   840  8358 I btaudio_offload_qti: audio_get_a2dp_sink_latency_qti: Sink Latency = 0
03-15 18:10:09.524   840  8470 W libc    : Access denied finding property "vendor.dolby.mi.metadata.log"
03-15 18:10:09.524   840  8470 W libc    : Access denied finding property "vendor.dolby.mi.metadata.log"
03-15 18:10:09.524   840  8470 W libc    : Access denied finding property "vendor.dolby.mi.metadata.log"
03-15 18:10:09.525   840  8470 W libc    : Access denied finding property "vendor.dolby.mi.metadata.log"
03-15 18:10:09.525   840  8470 W libc    : Access denied finding property "vendor.dolby.mi.metadata.log"
03-15 18:10:09.525   840  8470 W libc    : Access denied finding property "vendor.dolby.mi.metadata.log"
03-15 18:10:09.525   840  8470 W libc    : Access denied finding property "vendor.dolby.mi.metadata.log"
03-15 18:10:09.525   840  8358 W libc    : Access denied finding property "hal.record.dump"
03-15 18:10:09.561   840  8358 I btaudio_offload_qti: audio_get_a2dp_sink_latency_qti: Sink Latency = 0
03-15 18:10:09.562   840  8470 W libc    : Access denied finding property "vendor.dolby.mi.metadata.log"
03-15 18:10:09.562   840  8470 W libc    : Access denied finding property "vendor.dolby.mi.metadata.log"
03-15 18:10:09.562   840  8470 W libc    : Access denied finding property "vendor.dolby.mi.metadata.log"
03-15 18:10:09.562   840  8470 W libc    : Access denied finding property "vendor.dolby.mi.metadata.log"
03-15 18:10:09.562   840  8470 W libc    : Access denied finding property "vendor.dolby.mi.metadata.log"
03-15 18:10:09.562   840  8470 W libc    : Access denied finding property "vendor.dolby.mi.metadata.log"
03-15 18:10:09.563   840  8470 W libc    : Access denied finding property "vendor.dolby.mi.metadata.log"
03-15 18:10:09.563   840  8470 W libc    : Access denied finding property "vendor.dolby.mi.metadata.log"
03-15 18:10:09.563   840  8358 W libc    : Access denied finding property "hal.record.dump"
03-15 18:10:09.583 31245 11859 D TrafficStats: tagSocket(226) with statsTag=0xffffffff, statsUid=-1
03-15 18:10:09.588  1032  1098 E SurfaceFlinger: isStylusTargetLayer notifyTargetLayerDisconnect in
03-15 18:10:09.589  2562  2562 V ViewRootImpl: title = Taskbar enqueue motion: MotionEvent { action=ACTION_OUTSIDE, actionButton=0, id[0]=0, x[0]=0.0, y[0]=503.0, toolType[0]=TOOL_TYPE_FINGER, buttonState=0, classification=NONE, metaState=0, flags=0x0, edgeFlags=0x0, pointerCount=1, historySize=0, eventTime=12108600, downTime=12108600, deviceId=6, source=0x1002, displayId=0, eventId=1915637610 }
03-15 18:10:09.589  5071  5071 V ViewRootImpl: title = InputMethod enqueue motion: MotionEvent { action=ACTION_DOWN, actionButton=0, id[0]=0, x[0]=1916.9346, y[0]=976.042, toolType[0]=TOOL_TYPE_FINGER, buttonState=0, classification=NONE, metaState=0, flags=0x0, edgeFlags=0x0, pointerCount=1, historySize=0, eventTime=12108600, downTime=12108600, deviceId=6, source=0x1002, displayId=0, eventId=27402372 }
03-15 18:10:09.589  1474 12751 D ZuiHandWritingService: setToolType: 1
03-15 18:10:09.590  1474  1612 D WindowManager: ondown, touch down!
03-15 18:10:09.590  5071  5071 I SogouKeyboardComponent: onTouchEvent, x: 652, y: 100, rawX: 1916, rawY: 1059
03-15 18:10:09.590  5071  5071 I TouchHandler: onTouchEvent
03-15 18:10:09.590  5071  5071 I TouchHandler: mIsTalkbackOn: false
03-15 18:10:09.590  1032  3002 V Scheduler: notifyInteractionEvent action: Down
03-15 18:10:09.590  5071  5071 I TouchHandler: action: 0
03-15 18:10:09.590  5071  5071 I TouchHandler: mState: 0
03-15 18:10:09.590  1032  3002 V Scheduler: notifyInteractionEvent action: Down
03-15 18:10:09.590  1032  1173 V Scheduler: refreshTimerCallback state = 0
03-15 18:10:09.590  1032  1173 V Scheduler: refreshTimerCallback ->applyPolicy 1
03-15 18:10:09.590  5071  5071 I SogouKeyboardComponent: detectHitKey, x: 652, y: 100, idx: [-1], isDown: true
03-15 18:10:09.590  5071  5071 I SogouKeyboardComponent: detectHitKey, touchX: 652, touchY: 100
03-15 18:10:09.590  2058  2058 D NoBackGesture: Start gesture: MotionEvent { action=ACTION_DOWN, actionButton=0, id[0]=0, x[0]=1916.9346, y[0]=1059.042, toolType[0]=TOOL_TYPE_FINGER, buttonState=0, classification=NONE, metaState=0, flags=0x0, edgeFlags=0x0, pointerCount=1, historySize=0, eventTime=12108600, downTime=12108600, deviceId=6, source=0x1002, displayId=0, eventId=27402372 }
03-15 18:10:09.590  2058  2058 I NoBackGesture: onMotionEvent, isGameMode: false,isOvDraggingResize: false,mDisabledForQuickstep: false,isDisabledForStylusGestureMode: false,mIsBackGestureAllowed:true,isIgnoreSysUiFlag:false
03-15 18:10:09.591  5071  5071 I KeyboardData: x: 652, screenWidth: 2944, y: 100, display height: 558
03-15 18:10:09.591  5071  5071 I KeyDetector: getKeyIndicesOnTouchDown, x: 100, y: 100, allKeys: null, nearestKeyIndices: [3, 4, 5, 6, 7, 13, 14, 15, 16]
03-15 18:10:09.591  5071  5071 I KeyDetector: getKeyIndices, x: 652, y: 100, allKeys: null, nearestKeyIndices: [3, 4, 5, 6, 7, 13, 14, 15, 16]
03-15 18:10:09.591  5071  5071 I KeyDetector: getKeyIndices, primaryIndex: -1, closestKey: -1, closestKeyDist: 1, keyCount: 9, keyTouchSwitch: false
03-15 18:10:09.591  5071  5071 I KeyDetector: getKeyIndices, mIsPinyin26: false, mEnableProximity: true, mEnableAntiMistouch: false, mProximityThreshold: 0
03-15 18:10:09.591  5071  5071 I KeyDetector: getKeyIndices, i: 0, key.X: 370.0, key.y: 14.0, key.width: 108, key.height: 121, key.code: 114
03-15 18:10:09.591  5071  5071 I KeyDetector: getKeyIndices, mIsPinyin26: false, isKey26: true, isPinyin26Key: false, isInside: false
03-15 18:10:09.591  5071  5071 I KeyDetector: getKeyIndices, i: 1, key.X: 487.0, key.y: 14.0, key.width: 108, key.height: 121, key.code: 116
03-15 18:10:09.591  5071  5071 I KeyDetector: getKeyIndices, mIsPinyin26: false, isKey26: true, isPinyin26Key: false, isInside: false
03-15 18:10:09.591  5071  5071 I KeyDetector: getKeyIndices, i: 2, key.X: 604.0, key.y: 14.0, key.width: 108, key.height: 121, key.code: 121
03-15 18:10:09.591  5071  5071 I KeyDetector: getKeyIndices, mIsPinyin26: false, isKey26: true, isPinyin26Key: false, isInside: true
03-15 18:10:09.591  5071  5071 I KeyDetector: getKeyIndices, primaryIndex = nearestKeyIndices[i], 5
03-15 18:10:09.591  5071  5071 I KeyDetector: getKeyIndices, primaryIndex: 5, closestKey: -1
03-15 18:10:09.591  5071  5071 I KeyDetector: getKeyIndicesOnTouchDown, index: 5, mEnableAntiMistouch: false, mIsPinyin26: false
03-15 18:10:09.591  5071  5071 I SogouKeyboardComponent: detectHitKey, idx[0] = keyIndex, 5
03-15 18:10:09.591  5071  5071 I SogouKeyboardComponent: detectHitKey, keyIndex: 5
03-15 18:10:09.591  2058  2058 D NoBackGesture: Gesture [1773569409591,alw=FALSE,FALSE,FALSE,FALSE,TRUE,FALSE,disp=Point(2944, 1840),wl=63,il=0,wr=63,ir=0,excl=SkRegion()]
03-15 18:10:09.591  5071  5071 I SogouKeyboardComponent: detectHitKey, isValidKeyIndex(keyIndex) == true
03-15 18:10:09.592   995   995 W libc    : Access denied finding property "persist.debug.binder.max.data"
03-15 18:10:09.592   995   995 D vendor.qti.vibrator: Vibrator on for timeoutMs: 50
03-15 18:10:09.594   995   995 W libc    : Access denied finding property "persist.debug.binder.max.time"
03-15 18:10:09.594   995   995 W libc    : Access denied finding property "persist.debug.binder.max.data"
03-15 18:10:09.594   995   995 W libc    : Access denied finding property "persist.debug.binder.max.data"
03-15 18:10:09.594   995   995 D vendor.qti.vibrator: Vibrator set amplitude: 1.000000
03-15 18:10:09.594   995 11861 D vendor.qti.vibrator: Starting on on another thread
03-15 18:10:09.594   995   995 W libc    : Access denied finding property "persist.debug.binder.max.time"
03-15 18:10:09.594   995   995 W libc    : Access denied finding property "persist.debug.binder.max.data"
03-15 18:10:09.594   995   995 W libc    : Access denied finding property "persist.debug.binder.max.data"
03-15 18:10:09.601   999   999 W libc    : Access denied finding property "hwservicemanager.ready"
03-15 18:10:09.601   840  8358 I btaudio_offload_qti: audio_get_a2dp_sink_latency_qti: Sink Latency = 0
03-15 18:10:09.602   840  8470 W libc    : Access denied finding property "vendor.dolby.mi.metadata.log"
03-15 18:10:09.602   840  8470 W libc    : Access denied finding property "vendor.dolby.mi.metadata.log"
03-15 18:10:09.602   840  8470 W libc    : Access denied finding property "vendor.dolby.mi.metadata.log"
03-15 18:10:09.602   840  8470 W libc    : Access denied finding property "vendor.dolby.mi.metadata.log"
03-15 18:10:09.602   840  8470 W libc    : Access denied finding property "vendor.dolby.mi.metadata.log"
03-15 18:10:09.602   840  8470 W libc    : Access denied finding property "vendor.dolby.mi.metadata.log"
03-15 18:10:09.602   840  8470 W libc    : Access denied finding property "vendor.dolby.mi.metadata.log"
03-15 18:10:09.603   840  8358 W libc    : Access denied finding property "hal.record.dump"
03-15 18:10:09.606  1032  3002 E SurfaceFlinger: isStylusTargetLayer notifyTargetLayerDisconnect in
03-15 18:10:09.609  5071  5071 I SogouKeyboardComponent: onTouchEvent, x: 652, y: 100, rawX: 1916, rawY: 1059
03-15 18:10:09.609  5071  5071 I TouchHandler: onTouchEvent
03-15 18:10:09.609  5071  5071 I TouchHandler: mIsTalkbackOn: false
03-15 18:10:09.609  5071  5071 I TouchHandler: action: 2
03-15 18:10:09.609  5071  5071 I TouchHandler: mState: 1
03-15 18:10:09.609  5071  5071 I TouchHandler: processSinglePressed, action: 2
03-15 18:10:09.610  5071  5071 I SogouKeyboardComponent: detectHitKey, x: 652, y: 100, idx: [5], isDown: false
03-15 18:10:09.610  5071  5071 I SogouKeyboardComponent: detectHitKey, touchX: 652, touchY: 100
03-15 18:10:09.610  5071  5071 I KeyboardData: x: 652, screenWidth: 2944, y: 100, display height: 558
03-15 18:10:09.610  5071  5071 I KeyDetector: getKeyIndices, x: 652, y: 100, allKeys: null, nearestKeyIndices: [3, 4, 5, 6, 7, 13, 14, 15, 16]
03-15 18:10:09.610  5071  5071 I KeyDetector: getKeyIndices, primaryIndex: -1, closestKey: -1, closestKeyDist: 1, keyCount: 9, keyTouchSwitch: false
