03-15 18:11:35.475   840   840 W effect  : type=1400 audit(0.0:1869587): avc:  denied  { read } for  name="u:object_r:vendor_dolby_prop:s0" dev="tmpfs" ino=11682 scontext=u:r:hal_audio_default:s0 tcontext=u:object_r:vendor_dolby_prop:s0 tclass=file permissive=0
03-15 18:11:35.478   840  8470 W libc    : Access denied finding property "vendor.dolby.mi.metadata.log"
03-15 18:11:35.478   840  8470 W libc    : Access denied finding property "vendor.dolby.mi.metadata.log"
03-15 18:11:35.479   840  8358 W libc    : Access denied finding property "hal.record.dump"
03-15 18:11:35.480  2058  2058 E BatteryController:  initLevelAndSwtich  current level===30
03-15 18:11:35.480  2058  2058 D KeyguardUpdateMonitor: handleMessage: 302,for:MSG_BATTERY_UPDATE
03-15 18:11:35.480  2058  2058 I ChargingAnimatorController: isPluggedIn=true(mLastPluggedIn=true),,isChargingAnimating=false,level=81,rate=3
03-15 18:11:35.480  2058  2058 I ChargingAnimatorController: not changed ,return!
03-15 18:11:35.482  1032  1201 E SurfaceFlinger: isStylusTargetLayer notifyTargetLayerDisconnect in
03-15 18:11:35.487  1032  1201 E SurfaceFlinger: isStylusTargetLayer notifyTargetLayerDisconnect in
03-15 18:11:35.491  1346 11916 W FLACDecoder: decodeOneFrame: no streaminfo metadata block
03-15 18:11:35.492  1346 11916 W FLACDecoder: decodeOneFrame: no streaminfo metadata block
03-15 18:11:35.493  1032  1201 E SurfaceFlinger: isStylusTargetLayer notifyTargetLayerDisconnect in
03-15 18:11:35.493  1346 11916 W FLACDecoder: decodeOneFrame: no streaminfo metadata block
03-15 18:11:35.493  1346 11916 W FLACDecoder: decodeOneFrame: no streaminfo metadata block
03-15 18:11:35.503  1032  1201 E SurfaceFlinger: isStylusTargetLayer notifyTargetLayerDisconnect in
03-15 18:11:35.509  1032  1201 E SurfaceFlinger: isStylusTargetLayer notifyTargetLayerDisconnect in
03-15 18:11:35.514   999   999 W libc    : Access denied finding property "hwservicemanager.ready"
03-15 18:11:35.517   840  8358 I btaudio_offload_qti: audio_get_a2dp_sink_latency_qti: Sink Latency = 0
03-15 18:11:35.517   840  8470 W libc    : Access denied finding property "vendor.dolby.mi.metadata.log"
03-15 18:11:35.517   840  8470 W libc    : Access denied finding property "vendor.dolby.mi.metadata.log"
03-15 18:11:35.517   840  8470 W libc    : Access denied finding property "vendor.dolby.mi.metadata.log"
03-15 18:11:35.517 17158 17288 V MSF.C.MSFCore[@PS]: [Event] MSFPacketStatistics.cpp(300)::DoCheckRequestTimeout->current rtts:78.264
03-15 18:11:35.517   840  8470 W libc    : Access denied finding property "vendor.dolby.mi.metadata.log"
03-15 18:11:35.518   840  8470 W libc    : Access denied finding property "vendor.dolby.mi.metadata.log"
03-15 18:11:35.518   840  8470 W libc    : Access denied finding property "vendor.dolby.mi.metadata.log"
03-15 18:11:35.518   840  8470 W libc    : Access denied finding property "vendor.dolby.mi.metadata.log"
03-15 18:11:35.518   840  8358 W libc    : Access denied finding property "hal.record.dump"
03-15 18:11:35.519  1032  1201 E SurfaceFlinger: isStylusTargetLayer notifyTargetLayerDisconnect in
03-15 18:11:35.526  1032  3002 E SurfaceFlinger: isStylusTargetLayer notifyTargetLayerDisconnect in
03-15 18:11:35.535  1032  3002 E SurfaceFlinger: isStylusTargetLayer notifyTargetLayerDisconnect in
03-15 18:11:35.539   999   999 W HidlServiceManagement: Waited for hwservicemanager.ready for a second, waiting another...
03-15 18:11:35.539   999   999 W libc    : Access denied finding property "hwservicemanager.ready"
03-15 18:11:35.539   999   999 W libc    : Access denied finding property "hwservicemanager.ready"
03-15 18:11:35.543  1032  3002 E SurfaceFlinger: isStylusTargetLayer notifyTargetLayerDisconnect in
03-15 18:11:35.552  1032  3002 E SurfaceFlinger: isStylusTargetLayer notifyTargetLayerDisconnect in
03-15 18:11:35.555   849  2776 D vendor.qti.bluetooth@1.0-wake_lock: Release wakelock is released 
03-15 18:11:35.557   840  8358 I btaudio_offload_qti: audio_get_a2dp_sink_latency_qti: Sink Latency = 0
03-15 18:11:35.557   840  8470 W libc    : Access denied finding property "vendor.dolby.mi.metadata.log"
03-15 18:11:35.557   840  8470 W libc    : Access denied finding property "vendor.dolby.mi.metadata.log"
03-15 18:11:35.557   840  8470 W libc    : Access denied finding property "vendor.dolby.mi.metadata.log"
03-15 18:11:35.557   840  8470 W libc    : Access denied finding property "vendor.dolby.mi.metadata.log"
03-15 18:11:35.558   840  8470 W libc    : Access denied finding property "vendor.dolby.mi.metadata.log"
03-15 18:11:35.558   840  8470 W libc    : Access denied finding property "vendor.dolby.mi.metadata.log"
03-15 18:11:35.558   840  8470 W libc    : Access denied finding property "vendor.dolby.mi.metadata.log"
03-15 18:11:35.558   840  8470 W libc    : Access denied finding property "vendor.dolby.mi.metadata.log"
03-15 18:11:35.558   840  8358 W libc    : Access denied finding property "hal.record.dump"
03-15 18:11:35.559  1032  3002 E SurfaceFlinger: isStylusTargetLayer notifyTargetLayerDisconnect in
03-15 18:11:35.568  1032  1201 E SurfaceFlinger: isStylusTargetLayer notifyTargetLayerDisconnect in
03-15 18:11:35.577  1032  1201 E SurfaceFlinger: isStylusTargetLayer notifyTargetLayerDisconnect in
03-15 18:11:35.590  1032  1201 E SurfaceFlinger: isStylusTargetLayer notifyTargetLayerDisconnect in
03-15 18:11:35.596  1032  1201 E SurfaceFlinger: isStylusTargetLayer notifyTargetLayerDisconnect in
03-15 18:11:35.597   840  8358 I btaudio_offload_qti: audio_get_a2dp_sink_latency_qti: Sink Latency = 0
03-15 18:11:35.597   840  8470 W libc    : Access denied finding property "vendor.dolby.mi.metadata.log"
03-15 18:11:35.598   840  8470 W libc    : Access denied finding property "vendor.dolby.mi.metadata.log"
03-15 18:11:35.598   840  8470 W libc    : Access denied finding property "vendor.dolby.mi.metadata.log"
03-15 18:11:35.598   840  8470 W libc    : Access denied finding property "vendor.dolby.mi.metadata.log"
03-15 18:11:35.598   840  8470 W libc    : Access denied finding property "vendor.dolby.mi.metadata.log"
03-15 18:11:35.598   840  8470 W libc    : Access denied finding property "vendor.dolby.mi.metadata.log"
03-15 18:11:35.598   840  8470 W libc    : Access denied finding property "vendor.dolby.mi.metadata.log"
03-15 18:11:35.598   840  8358 W libc    : Access denied finding property "hal.record.dump"
03-15 18:11:35.601  1032  1201 E SurfaceFlinger: isStylusTargetLayer notifyTargetLayerDisconnect in
03-15 18:11:35.603 11765 11911 D BufferPoolAccessor2.0: bufferpool2 0xb4000073f9057598 : 5(163840 size) total buffers - 1(32768 size) used buffers - 3906/3911 (recycle/alloc) - 6/7816 (fetch/transfer)
03-15 18:11:35.605  1346 11916 W FLACDecoder: decodeOneFrame: no streaminfo metadata block
03-15 18:11:35.605  1346 11916 W FLACDecoder: decodeOneFrame: no streaminfo metadata block
03-15 18:11:35.605  1346 11916 W FLACDecoder: decodeOneFrame: no streaminfo metadata block
03-15 18:11:35.606  1346 11916 W FLACDecoder: decodeOneFrame: no streaminfo metadata block
03-15 18:11:35.610  1032  1201 E SurfaceFlinger: isStylusTargetLayer notifyTargetLayerDisconnect in
03-15 18:11:35.614  1346 11916 W FLACDecoder: decodeOneFrame: no streaminfo metadata block
03-15 18:11:35.614   999   999 W libc    : Access denied finding property "hwservicemanager.ready"
03-15 18:11:35.619  1032  3002 E SurfaceFlinger: isStylusTargetLayer notifyTargetLayerDisconnect in
03-15 18:11:35.627  1032  3002 E SurfaceFlinger: isStylusTargetLayer notifyTargetLayerDisconnect in
03-15 18:11:35.635  1032  3002 E SurfaceFlinger: isStylusTargetLayer notifyTargetLayerDisconnect in
03-15 18:11:35.636   840  8358 I btaudio_offload_qti: audio_get_a2dp_sink_latency_qti: Sink Latency = 0
03-15 18:11:35.637   840  8470 W libc    : Access denied finding property "vendor.dolby.mi.metadata.log"
03-15 18:11:35.637   840  8470 W libc    : Access denied finding property "vendor.dolby.mi.metadata.log"
03-15 18:11:35.638   840  8470 W libc    : Access denied finding property "vendor.dolby.mi.metadata.log"
03-15 18:11:35.638   840  8470 W libc    : Access denied finding property "vendor.dolby.mi.metadata.log"
03-15 18:11:35.638   840  8470 W libc    : Access denied finding property "vendor.dolby.mi.metadata.log"
03-15 18:11:35.638   840  8470 W libc    : Access denied finding property "vendor.dolby.mi.metadata.log"
03-15 18:11:35.638   840  8470 W libc    : Access denied finding property "vendor.dolby.mi.metadata.log"
03-15 18:11:35.638   840  8470 W libc    : Access denied finding property "vendor.dolby.mi.metadata.log"
03-15 18:11:35.639   840  8358 W libc    : Access denied finding property "hal.record.dump"
03-15 18:11:35.646  1032  3002 E SurfaceFlinger: isStylusTargetLayer notifyTargetLayerDisconnect in
03-15 18:11:35.653  1032  3002 E SurfaceFlinger: isStylusTargetLayer notifyTargetLayerDisconnect in
03-15 18:11:35.659  1032  3002 E SurfaceFlinger: isStylusTargetLayer notifyTargetLayerDisconnect in
03-15 18:11:35.670  1032  3002 E SurfaceFlinger: isStylusTargetLayer notifyTargetLayerDisconnect in
03-15 18:11:35.677   840  8358 I btaudio_offload_qti: audio_get_a2dp_sink_latency_qti: Sink Latency = 0
03-15 18:11:35.677   840  8470 W libc    : Access denied finding property "vendor.dolby.mi.metadata.log"
03-15 18:11:35.677   840  8470 W libc    : Access denied finding property "vendor.dolby.mi.metadata.log"
03-15 18:11:35.677   840  8470 W libc    : Access denied finding property "vendor.dolby.mi.metadata.log"
03-15 18:11:35.678   840  8470 W libc    : Access denied finding property "vendor.dolby.mi.metadata.log"
03-15 18:11:35.678   840  8470 W libc    : Access denied finding property "vendor.dolby.mi.metadata.log"
03-15 18:11:35.678   840  8470 W libc    : Access denied finding property "vendor.dolby.mi.metadata.log"
03-15 18:11:35.678   840  8470 W libc    : Access denied finding property "vendor.dolby.mi.metadata.log"
03-15 18:11:35.678   840  8358 W libc    : Access denied finding property "hal.record.dump"
03-15 18:11:35.679  1032  3002 E SurfaceFlinger: isStylusTargetLayer notifyTargetLayerDisconnect in
03-15 18:11:35.688  1032  3002 E SurfaceFlinger: isStylusTargetLayer notifyTargetLayerDisconnect in
03-15 18:11:35.695  1346 11916 W FLACDecoder: decodeOneFrame: no streaminfo metadata block
03-15 18:11:35.695  1032  1201 E SurfaceFlinger: isStylusTargetLayer notifyTargetLayerDisconnect in
03-15 18:11:35.695  1346 11916 W FLACDecoder: decodeOneFrame: no streaminfo metadata block
03-15 18:11:35.695  1346 11916 W FLACDecoder: decodeOneFrame: no streaminfo metadata block
03-15 18:11:35.696  1346 11916 W FLACDecoder: decodeOneFrame: no streaminfo metadata block
03-15 18:11:35.702  1032  3002 E SurfaceFlinger: isStylusTargetLayer notifyTargetLayerDisconnect in
03-15 18:11:35.710  1032  3002 E SurfaceFlinger: isStylusTargetLayer notifyTargetLayerDisconnect in
03-15 18:11:35.714   999   999 W libc    : Access denied finding property "hwservicemanager.ready"
03-15 18:11:35.717   840  8358 I btaudio_offload_qti: audio_get_a2dp_sink_latency_qti: Sink Latency = 0
03-15 18:11:35.717   840  8470 W libc    : Access denied finding property "vendor.dolby.mi.metadata.log"
03-15 18:11:35.717   840  8470 W libc    : Access denied finding property "vendor.dolby.mi.metadata.log"
03-15 18:11:35.717   840  8470 W libc    : Access denied finding property "vendor.dolby.mi.metadata.log"
03-15 18:11:35.718   840  8470 W libc    : Access denied finding property "vendor.dolby.mi.metadata.log"
03-15 18:11:35.718   840  8470 W libc    : Access denied finding property "vendor.dolby.mi.metadata.log"
03-15 18:11:35.718   840  8470 W libc    : Access denied finding property "vendor.dolby.mi.metadata.log"
03-15 18:11:35.718   840  8470 W libc    : Access denied finding property "vendor.dolby.mi.metadata.log"
03-15 18:11:35.718   840  8470 W libc    : Access denied finding property "vendor.dolby.mi.metadata.log"
03-15 18:11:35.719   840  8358 W libc    : Access denied finding property "hal.record.dump"
03-15 18:11:35.721  1032  3002 E SurfaceFlinger: isStylusTargetLayer notifyTargetLayerDisconnect in
03-15 18:11:35.727  1032  3002 E SurfaceFlinger: isStylusTargetLayer notifyTargetLayerDisconnect in
03-15 18:11:35.735  1032  3002 E SurfaceFlinger: isStylusTargetLayer notifyTargetLayerDisconnect in
03-15 18:11:35.744  1032  3002 E SurfaceFlinger: isStylusTargetLayer notifyTargetLayerDisconnect in
03-15 18:11:35.754  1032  3002 E SurfaceFlinger: isStylusTargetLayer notifyTargetLayerDisconnect in
03-15 18:11:35.757   840  8358 I btaudio_offload_qti: audio_get_a2dp_sink_latency_qti: Sink Latency = 0
03-15 18:11:35.757   840  8470 W libc    : Access denied finding property "vendor.dolby.mi.metadata.log"
03-15 18:11:35.757   840  8470 W libc    : Access denied finding property "vendor.dolby.mi.metadata.log"
03-15 18:11:35.758   840  8470 W libc    : Access denied finding property "vendor.dolby.mi.metadata.log"
03-15 18:11:35.758   840  8470 W libc    : Access denied finding property "vendor.dolby.mi.metadata.log"
03-15 18:11:35.758   840  8470 W libc    : Access denied finding property "vendor.dolby.mi.metadata.log"
03-15 18:11:35.758   840  8470 W libc    : Access denied finding property "vendor.dolby.mi.metadata.log"
03-15 18:11:35.758   840  8470 W libc    : Access denied finding property "vendor.dolby.mi.metadata.log"
03-15 18:11:35.758   840  8358 W libc    : Access denied finding property "hal.record.dump"
03-15 18:11:35.761  1032  1201 E SurfaceFlinger: isStylusTargetLayer notifyTargetLayerDisconnect in
03-15 18:11:35.768  1032  1201 E SurfaceFlinger: isStylusTargetLayer notifyTargetLayerDisconnect in
03-15 18:11:35.776  1346 11916 W FLACDecoder: decodeOneFrame: no streaminfo metadata block
03-15 18:11:35.776  1346 11916 W FLACDecoder: decodeOneFrame: no streaminfo metadata block
03-15 18:11:35.777  1346 11916 W FLACDecoder: decodeOneFrame: no streaminfo metadata block
03-15 18:11:35.778  1346 11916 W FLACDecoder: decodeOneFrame: no streaminfo metadata block
03-15 18:11:35.778  1032  1201 E SurfaceFlinger: isStylusTargetLayer notifyTargetLayerDisconnect in
03-15 18:11:35.787  1032  1201 E SurfaceFlinger: isStylusTargetLayer notifyTargetLayerDisconnect in
03-15 18:11:35.794  1032  1201 E SurfaceFlinger: isStylusTargetLayer notifyTargetLayerDisconnect in
03-15 18:11:35.796   840  8358 I btaudio_offload_qti: audio_get_a2dp_sink_latency_qti: Sink Latency = 0
03-15 18:11:35.797   840  8470 W libc    : Access denied finding property "vendor.dolby.mi.metadata.log"
03-15 18:11:35.797   840  8470 W libc    : Access denied finding property "vendor.dolby.mi.metadata.log"
03-15 18:11:35.797   840  8470 W libc    : Access denied finding property "vendor.dolby.mi.metadata.log"
03-15 18:11:35.797   840  8470 W libc    : Access denied finding property "vendor.dolby.mi.metadata.log"
03-15 18:11:35.797   840  8470 W libc    : Access denied finding property "vendor.dolby.mi.metadata.log"
03-15 18:11:35.797   840  8470 W libc    : Access denied finding property "vendor.dolby.mi.metadata.log"
03-15 18:11:35.797   840  8470 W libc    : Access denied finding property "vendor.dolby.mi.metadata.log"
03-15 18:11:35.798   840  8470 W libc    : Access denied finding property "vendor.dolby.mi.metadata.log"
03-15 18:11:35.798   840  8358 W libc    : Access denied finding property "hal.record.dump"
03-15 18:11:35.803  1032  1201 E SurfaceFlinger: isStylusTargetLayer notifyTargetLayerDisconnect in
03-15 18:11:35.810  1032  1201 E SurfaceFlinger: isStylusTargetLayer notifyTargetLayerDisconnect in
03-15 18:11:35.822  1032  1201 E SurfaceFlinger: isStylusTargetLayer notifyTargetLayerDisconnect in
03-15 18:11:35.827  1032  1201 E SurfaceFlinger: isStylusTargetLayer notifyTargetLayerDisconnect in
03-15 18:11:35.831   999   999 W libc    : Access denied finding property "hwservicemanager.ready"
03-15 18:11:35.836   840  8358 I btaudio_offload_qti: audio_get_a2dp_sink_latency_qti: Sink Latency = 0
03-15 18:11:35.837  1032  1201 E SurfaceFlinger: isStylusTargetLayer notifyTargetLayerDisconnect in
03-15 18:11:35.837   840  8470 W libc    : Access denied finding property "vendor.dolby.mi.metadata.log"
03-15 18:11:35.837   840  8470 W libc    : Access denied finding property "vendor.dolby.mi.metadata.log"
03-15 18:11:35.837   840  8470 W libc    : Access denied finding property "vendor.dolby.mi.metadata.log"
03-15 18:11:35.838   840  8470 W libc    : Access denied finding property "vendor.dolby.mi.metadata.log"
03-15 18:11:35.838   840  8470 W libc    : Access denied finding property "vendor.dolby.mi.metadata.log"
03-15 18:11:35.838   840  8470 W libc    : Access denied finding property "vendor.dolby.mi.metadata.log"
03-15 18:11:35.838   840  8470 W libc    : Access denied finding property "vendor.dolby.mi.metadata.log"
03-15 18:11:35.838   840  8358 W libc    : Access denied finding property "hal.record.dump"
03-15 18:11:35.846  1032  1201 E SurfaceFlinger: isStylusTargetLayer notifyTargetLayerDisconnect in
03-15 18:11:35.848  1346 11916 W FLACDecoder: decodeOneFrame: no streaminfo metadata block
03-15 18:11:35.849  1346 11916 W FLACDecoder: decodeOneFrame: no streaminfo metadata block
03-15 18:11:35.849  1346 11916 W FLACDecoder: decodeOneFrame: no streaminfo metadata block
03-15 18:11:35.850  1346 11916 W FLACDecoder: decodeOneFrame: no streaminfo metadata block
03-15 18:11:35.854  1032  1201 E SurfaceFlinger: isStylusTargetLayer notifyTargetLayerDisconnect in
03-15 18:11:35.860  1032  1201 E SurfaceFlinger: isStylusTargetLayer notifyTargetLayerDisconnect in
03-15 18:11:35.870  1032  1201 E SurfaceFlinger: isStylusTargetLayer notifyTargetLayerDisconnect in
03-15 18:11:35.877   840  8358 I btaudio_offload_qti: audio_get_a2dp_sink_latency_qti: Sink Latency = 0
03-15 18:11:35.877  1032  1201 E SurfaceFlinger: isStylusTargetLayer notifyTargetLayerDisconnect in
03-15 18:11:35.878   840  8470 W libc    : Access denied finding property "vendor.dolby.mi.metadata.log"
03-15 18:11:35.879   840  8470 W libc    : Access denied finding property "vendor.dolby.mi.metadata.log"
03-15 18:11:35.879   840  8470 W libc    : Access denied finding property "vendor.dolby.mi.metadata.log"
03-15 18:11:35.879   840  8470 W libc    : Access denied finding property "vendor.dolby.mi.metadata.log"
03-15 18:11:35.879   840  8470 W libc    : Access denied finding property "vendor.dolby.mi.metadata.log"
03-15 18:11:35.879   840  8470 W libc    : Access denied finding property "vendor.dolby.mi.metadata.log"
03-15 18:11:35.880   840  8470 W libc    : Access denied finding property "vendor.dolby.mi.metadata.log"
03-15 18:11:35.880   840  8470 W libc    : Access denied finding property "vendor.dolby.mi.metadata.log"
03-15 18:11:35.880   840  8358 W libc    : Access denied finding property "hal.record.dump"
03-15 18:11:35.886  1032  1201 E SurfaceFlinger: isStylusTargetLayer notifyTargetLayerDisconnect in
03-15 18:11:35.893  1032  1201 E SurfaceFlinger: isStylusTargetLayer notifyTargetLayerDisconnect in
03-15 18:11:35.902  1032  3002 E SurfaceFlinger: isStylusTargetLayer notifyTargetLayerDisconnect in
03-15 18:11:35.911  1032  3002 E SurfaceFlinger: isStylusTargetLayer notifyTargetLayerDisconnect in
03-15 18:11:35.916   840  8358 I btaudio_offload_qti: audio_get_a2dp_sink_latency_qti: Sink Latency = 0
03-15 18:11:35.917   840  8470 W libc    : Access denied finding property "vendor.dolby.mi.metadata.log"
03-15 18:11:35.917   840  8470 W libc    : Access denied finding property "vendor.dolby.mi.metadata.log"
03-15 18:11:35.917   840  8470 W libc    : Access denied finding property "vendor.dolby.mi.metadata.log"
03-15 18:11:35.917   840  8470 W libc    : Access denied finding property "vendor.dolby.mi.metadata.log"
03-15 18:11:35.917   840  8470 W libc    : Access denied finding property "vendor.dolby.mi.metadata.log"
03-15 18:11:35.917   840  8470 W libc    : Access denied finding property "vendor.dolby.mi.metadata.log"
03-15 18:11:35.918   840  8470 W libc    : Access denied finding property "vendor.dolby.mi.metadata.log"
03-15 18:11:35.919   840  8358 W libc    : Access denied finding property "hal.record.dump"
03-15 18:11:35.921  1032  3002 E SurfaceFlinger: isStylusTargetLayer notifyTargetLayerDisconnect in
03-15 18:11:35.928  1032  3002 E SurfaceFlinger: isStylusTargetLayer notifyTargetLayerDisconnect in
03-15 18:11:35.931   999   999 W libc    : Access denied finding property "hwservicemanager.ready"
03-15 18:11:35.935  1032  3002 E SurfaceFlinger: isStylusTargetLayer notifyTargetLayerDisconnect in
03-15 18:11:35.943  1032  3002 E SurfaceFlinger: isStylusTargetLayer notifyTargetLayerDisconnect in
03-15 18:11:35.952  1032  3002 E SurfaceFlinger: isStylusTargetLayer notifyTargetLayerDisconnect in
03-15 18:11:35.956   840  8358 I btaudio_offload_qti: audio_get_a2dp_sink_latency_qti: Sink Latency = 0
03-15 18:11:35.956   840  8470 W libc    : Access denied finding property "vendor.dolby.mi.metadata.log"
03-15 18:11:35.957   840  8470 W libc    : Access denied finding property "vendor.dolby.mi.metadata.log"
03-15 18:11:35.957   840  8470 W libc    : Access denied finding property "vendor.dolby.mi.metadata.log"
03-15 18:11:35.957   840  8470 W libc    : Access denied finding property "vendor.dolby.mi.metadata.log"
03-15 18:11:35.957   840  8470 W libc    : Access denied finding property "vendor.dolby.mi.metadata.log"
03-15 18:11:35.957   840  8470 W libc    : Access denied finding property "vendor.dolby.mi.metadata.log"
03-15 18:11:35.957   840  8470 W libc    : Access denied finding property "vendor.dolby.mi.metadata.log"
03-15 18:11:35.957   840  8470 W libc    : Access denied finding property "vendor.dolby.mi.metadata.log"
03-15 18:11:35.958   840  8358 W libc    : Access denied finding property "hal.record.dump"
03-15 18:11:35.960  1032  3002 E SurfaceFlinger: isStylusTargetLayer notifyTargetLayerDisconnect in
03-15 18:11:35.961  1346 11916 D BufferPoolAccessor2.0: bufferpool2 0xb40000700cb20a68 : 7(274432 size) total buffers - 1(65536 size) used buffers - 3918/3925 (recycle/alloc) - 7/3924 (fetch/transfer)
03-15 18:11:35.961  1346 11916 W FLACDecoder: decodeOneFrame: no streaminfo metadata block
03-15 18:11:35.961  1346 11916 W FLACDecoder: decodeOneFrame: no streaminfo metadata block
03-15 18:11:35.962  1346 11916 W FLACDecoder: decodeOneFrame: no streaminfo metadata block
03-15 18:11:35.963  1346 11916 W FLACDecoder: decodeOneFrame: no streaminfo metadata block
03-15 18:11:35.968  1346 11916 W FLACDecoder: decodeOneFrame: no streaminfo metadata block
03-15 18:11:35.970  1032  3002 E SurfaceFlinger: isStylusTargetLayer notifyTargetLayerDisconnect in
03-15 18:11:35.974  2971  2971 I UDevice : BatteryReceiver::onReceive[29] action:android.intent.action.BATTERY_CHANGED
03-15 18:11:35.974  2971  2971 D UDevice : BatteryReceiver::onReceive[73] battery:81 isCharge:true
03-15 18:11:35.974 17689 17689 D BatteryController: chargePlug is 1
03-15 18:11:35.974 17689 17689 D BatteryController: type is 3
03-15 18:11:35.974  2971  2971 I UDevice : BatteryUtilsKt::sendBatteryBroadcast[325] sendBatteryBroadcast flag:BatteryModel(type=10, battery=81, isBreak=false, isCharge=true, address=, timeMills=-1)
03-15 18:11:35.975 17689 17689 E BatteryController:  initLevelAndSwtich  current level===30
03-15 18:11:35.976  1032  1201 E SurfaceFlinger: isStylusTargetLayer notifyTargetLayerDisconnect in
03-15 18:11:35.977  2971  2971 W UDevice : BatteryAppWidget::onReceive[29] BatteryAppWidget action:BATTERY_CHANGED_ACTION
03-15 18:11:35.977  2971  2971 D UDevice : BatteryAppWidget::onReceive[49] batteryModel BATTERY_CHANGED_ACTION:BatteryModel(type=10, battery=81, isBreak=false, isCharge=true, address=, timeMills=-1)
03-15 18:11:35.977  2971  2971 D UDevice : BatteryDataUtilsKt::saveBatteryModel[66] saveDefaultTest one:BatteryModel(type=10, battery=81, isBreak=false, isCharge=true, address=, timeMills=9223372036854775807) batteryModelList:[BatteryModel(type=20, battery=100, isBreak=false, isCharge=true, address=70:61:EE:65:60:51, timeMills=1773540568808), BatteryModel(type=70, battery=80, isBreak=false, isCharge=false, address=84:AC:60:B8:69:C3, timeMills=1773553253122), BatteryModel(type=10, battery=81, isBreak=false, isCharge=true, address=, timeMills=9223372036854775807)]
03-15 18:11:35.977  2971  2971 D UDevice : BatteryDataUtilsKt::saveBatteryModel[132] saveDefaultTest two:[BatteryModel(type=20, battery=100, isBreak=false, isCharge=true, address=70:61:EE:65:60:51, timeMills=1773540568808), BatteryModel(type=70, battery=80, isBreak=false, isCharge=false, address=84:AC:60:B8:69:C3, timeMills=1773553253122), BatteryModel(type=10, battery=81, isBreak=false, isCharge=true, address=, timeMills=9223372036854775807)]
03-15 18:11:35.977  2971  2971 D UDevice : BatteryDataUtilsKt::saveBatteryModel[134] saveDefaultTest three:[BatteryModel(type=20, battery=100, isBreak=false, isCharge=true, address=70:61:EE:65:60:51, timeMills=1773540568808), BatteryModel(type=70, battery=80, isBreak=false, isCharge=false, address=84:AC:60:B8:69:C3, timeMills=1773553253122), BatteryModel(type=10, battery=81, isBreak=false, isCharge=true, address=, timeMills=9223372036854775807)]
03-15 18:11:35.979  2971  2971 W UDevice : BatteryUtilsKt::getLayoutConfig[59] config:6x4
03-15 18:11:35.979  2971  2971 I UDevice : BatteryView::buildImageSize$zui_widget_release[205] nowDensity:2.125  defaultDensity:2.125
03-15 18:11:35.979  2971  2971 D UDevice : BatteryView::buildImageSize$zui_widget_release[216] sizeDimen:2131166417 size:106.25 layoutConfig:6x4
03-15 18:11:35.979  2971  2971 I UDevice : BatteryView::buildImageSize$zui_widget_release[250] defaultDensity == nowDensity,Do nothing
03-15 18:11:35.980  2971  2971 I UDevice : BatteryDataUtilsKt::getShowBatteryModelList[153] batteryString:{"batteryModelList":[{"address":"70:61:EE:65:60:51","battery":100,"isBreak":false,"isCharge":true,"timeMills":1773540568808,"type":20},{"address":"84:AC:60:B8:69:C3","battery":80,"isBreak":false,"isCharge":false,"timeMills":1773553253122,"type":70},{"address":"","battery":81,"isBreak":false,"isCharge":true,"timeMills":9223372036854775807,"type":10}]}
03-15 18:11:35.980  2971  2971 I UDevice : BatteryDataUtilsKt::getShowBatteryModelList[162] saveDefaultTest four:[BatteryModel(type=20, battery=100, isBreak=false, isCharge=true, address=70:61:EE:65:60:51, timeMills=1773540568808), BatteryModel(type=70, battery=80, isBreak=false, isCharge=false, address=84:AC:60:B8:69:C3, timeMills=1773553253122), BatteryModel(type=10, battery=81, isBreak=false, isCharge=true, address=, timeMills=9223372036854775807)]
03-15 18:11:35.980  2971  2971 I UDevice : BatteryDataUtilsKt::getShowBatteryModelList[167] saveDefaultTest five:[BatteryModel(type=10, battery=81, isBreak=false, isCharge=true, address=, timeMills=9223372036854775807), BatteryModel(type=20, battery=100, isBreak=false, isCharge=true, address=70:61:EE:65:60:51, timeMills=1773540568808), BatteryModel(type=70, battery=80, isBreak=false, isCharge=false, address=84:AC:60:B8:69:C3, timeMills=1773553253122)]
03-15 18:11:35.980  2971  2971 W UDevice : BatteryView::buildBatteryView$zui_widget_release[280] batteryModel:BatteryModel(type=10, battery=81, isBreak=false, isCharge=true, address=, timeMills=9223372036854775807)
03-15 18:11:35.981  2971  2971 W UDevice : BatteryView::buildBatteryView$zui_widget_release[288] getNameForType deviceName:TB371FC
03-15 18:11:35.986  1032  1201 E SurfaceFlinger: isStylusTargetLayer notifyTargetLayerDisconnect in
03-15 18:11:35.988  2971  2971 D UDevice : BatteryView::getNameForType[388] name:Lenovo Precision Pen 3 alias:Lenovo Precision Pen 3
03-15 18:11:35.992  1032  1201 E SurfaceFlinger: isStylusTargetLayer notifyTargetLayerDisconnect in
03-15 18:11:35.993 30878 31109 D MusicMessageHandler: setPlaybackState() called with: state = [1]
03-15 18:11:35.996 30878 30878 I FeatureAppWidget: VipPlayer: loadPlayState: playState=VipPlayerPlayState(isPlaying=null, isStar=null, progress=30954, max = 234782)
03-15 18:11:35.996   840  8358 I btaudio_offload_qti: audio_get_a2dp_sink_latency_qti: Sink Latency = 0
03-15 18:11:35.996   840  8470 W libc    : Access denied finding property "vendor.dolby.mi.metadata.log"
03-15 18:11:35.996 30878 30878 E ActivityThread: Failed to find provider info for com.miui.personalassistant.widget.external
03-15 18:11:35.996   840  8470 W libc    : Access denied finding property "vendor.dolby.mi.metadata.log"
03-15 18:11:35.997   840  8470 W libc    : Access denied finding property "vendor.dolby.mi.metadata.log"
03-15 18:11:35.997 30878 30878 I FeatureAppWidget: VipPlayer: loadAnimate: playState=VipPlayerPlayState(isPlaying=null, isStar=null, progress=30954, max = 234782)
03-15 18:11:35.997   840  8470 W libc    : Access denied finding property "vendor.dolby.mi.metadata.log"
03-15 18:11:35.997   840  8470 W libc    : Access denied finding property "vendor.dolby.mi.metadata.log"
03-15 18:11:35.997   840  8470 W libc    : Access denied finding property "vendor.dolby.mi.metadata.log"
03-15 18:11:35.997   840  8470 W libc    : Access denied finding property "vendor.dolby.mi.metadata.log"
03-15 18:11:35.997  2971  2971 D UDevice : BatteryView::getNameForType[388] name:XuansEarphones alias:XuansEarphones
03-15 18:11:35.997   840  8358 W libc    : Access denied finding property "hal.record.dump"
03-15 18:11:36.002  1032  1201 E SurfaceFlinger: isStylusTargetLayer notifyTargetLayerDisconnect in
03-15 18:11:36.010  1032  1201 E SurfaceFlinger: isStylusTargetLayer notifyTargetLayerDisconnect in
03-15 18:11:36.021  1032  1201 E SurfaceFlinger: isStylusTargetLayer notifyTargetLayerDisconnect in
03-15 18:11:36.027  1032  1201 E SurfaceFlinger: isStylusTargetLayer notifyTargetLayerDisconnect in
03-15 18:11:36.031   999   999 W libc    : Access denied finding property "hwservicemanager.ready"
03-15 18:11:36.035  1032  1201 E SurfaceFlinger: isStylusTargetLayer notifyTargetLayerDisconnect in
03-15 18:11:36.036   840  8358 I btaudio_offload_qti: audio_get_a2dp_sink_latency_qti: Sink Latency = 0
03-15 18:11:36.036   840  8470 W libc    : Access denied finding property "vendor.dolby.mi.metadata.log"
03-15 18:11:36.036   840  8470 W libc    : Access denied finding property "vendor.dolby.mi.metadata.log"
03-15 18:11:36.037   840  8470 W libc    : Access denied finding property "vendor.dolby.mi.metadata.log"
03-15 18:11:36.037   840  8470 W libc    : Access denied finding property "vendor.dolby.mi.metadata.log"
03-15 18:11:36.037   840  8470 W libc    : Access denied finding property "vendor.dolby.mi.metadata.log"
03-15 18:11:36.037   840  8470 W libc    : Access denied finding property "vendor.dolby.mi.metadata.log"
03-15 18:11:36.037   840  8470 W libc    : Access denied finding property "vendor.dolby.mi.metadata.log"
03-15 18:11:36.037   840  8470 W libc    : Access denied finding property "vendor.dolby.mi.metadata.log"
03-15 18:11:36.037   840  8358 W libc    : Access denied finding property "hal.record.dump"
03-15 18:11:36.040  1346 11916 W FLACDecoder: decodeOneFrame: no streaminfo metadata block
03-15 18:11:36.041  1346 11916 W FLACDecoder: decodeOneFrame: no streaminfo metadata block
03-15 18:11:36.041  1346 11916 W FLACDecoder: decodeOneFrame: no streaminfo metadata block
03-15 18:11:36.042  1346 11916 W FLACDecoder: decodeOneFrame: no streaminfo metadata block
03-15 18:11:36.043  1032  1201 E SurfaceFlinger: isStylusTargetLayer notifyTargetLayerDisconnect in
03-15 18:11:36.052  1032  1201 E SurfaceFlinger: isStylusTargetLayer notifyTargetLayerDisconnect in
03-15 18:11:36.059  1032  1201 E SurfaceFlinger: isStylusTargetLayer notifyTargetLayerDisconnect in
03-15 18:11:36.068  1032  1201 E SurfaceFlinger: isStylusTargetLayer notifyTargetLayerDisconnect in
03-15 18:11:36.076   840  8358 I btaudio_offload_qti: audio_get_a2dp_sink_latency_qti: Sink Latency = 0
03-15 18:11:36.076  1032  1201 E SurfaceFlinger: isStylusTargetLayer notifyTargetLayerDisconnect in
03-15 18:11:36.077   840  8470 W libc    : Access denied finding property "vendor.dolby.mi.metadata.log"
03-15 18:11:36.077   840  8470 W libc    : Access denied finding property "vendor.dolby.mi.metadata.log"
03-15 18:11:36.077   840  8470 W libc    : Access denied finding property "vendor.dolby.mi.metadata.log"
03-15 18:11:36.078   840  8470 W libc    : Access denied finding property "vendor.dolby.mi.metadata.log"
03-15 18:11:36.078   840  8470 W libc    : Access denied finding property "vendor.dolby.mi.metadata.log"
03-15 18:11:36.078   840  8470 W libc    : Access denied finding property "vendor.dolby.mi.metadata.log"
03-15 18:11:36.078   840  8470 W libc    : Access denied finding property "vendor.dolby.mi.metadata.log"
03-15 18:11:36.079   840  8358 W libc    : Access denied finding property "hal.record.dump"
03-15 18:11:36.087  1032  1201 E SurfaceFlinger: isStylusTargetLayer notifyTargetLayerDisconnect in
03-15 18:11:36.092  1032  1201 E SurfaceFlinger: isStylusTargetLayer notifyTargetLayerDisconnect in
03-15 18:11:36.101  1032  1201 E SurfaceFlinger: isStylusTargetLayer notifyTargetLayerDisconnect in
03-15 18:11:36.110  1032  1201 E SurfaceFlinger: isStylusTargetLayer notifyTargetLayerDisconnect in
03-15 18:11:36.115   840  8358 I btaudio_offload_qti: audio_get_a2dp_sink_latency_qti: Sink Latency = 0
03-15 18:11:36.116   840  8470 W libc    : Access denied finding property "vendor.dolby.mi.metadata.log"
03-15 18:11:36.116   840  8470 W libc    : Access denied finding property "vendor.dolby.mi.metadata.log"
03-15 18:11:36.116   840  8470 W libc    : Access denied finding property "vendor.dolby.mi.metadata.log"
03-15 18:11:36.117   840  8470 W libc    : Access denied finding property "vendor.dolby.mi.metadata.log"
03-15 18:11:36.117   840  8470 W libc    : Access denied finding property "vendor.dolby.mi.metadata.log"
03-15 18:11:36.117   840  8470 W libc    : Access denied finding property "vendor.dolby.mi.metadata.log"
03-15 18:11:36.117   840  8470 W libc    : Access denied finding property "vendor.dolby.mi.metadata.log"
03-15 18:11:36.117   840  8470 W libc    : Access denied finding property "vendor.dolby.mi.metadata.log"
03-15 18:11:36.117   840  8358 W libc    : Access denied finding property "hal.record.dump"
03-15 18:11:36.119  1032  1201 E SurfaceFlinger: isStylusTargetLayer notifyTargetLayerDisconnect in
03-15 18:11:36.121  1346 11916 W FLACDecoder: decodeOneFrame: no streaminfo metadata block
03-15 18:11:36.122  1346 11916 W FLACDecoder: decodeOneFrame: no streaminfo metadata block
03-15 18:11:36.122  1346 11916 W FLACDecoder: decodeOneFrame: no streaminfo metadata block
03-15 18:11:36.122  1346 11916 W FLACDecoder: decodeOneFrame: no streaminfo metadata block
03-15 18:11:36.128  1032  1201 E SurfaceFlinger: isStylusTargetLayer notifyTargetLayerDisconnect in
03-15 18:11:36.131   999   999 W libc    : Access denied finding property "hwservicemanager.ready"
03-15 18:11:36.136  1032  1201 E SurfaceFlinger: isStylusTargetLayer notifyTargetLayerDisconnect in
03-15 18:11:36.145  1032  1201 E SurfaceFlinger: isStylusTargetLayer notifyTargetLayerDisconnect in
03-15 18:11:36.155  1032  1201 E SurfaceFlinger: isStylusTargetLayer notifyTargetLayerDisconnect in
03-15 18:11:36.156   840  8358 I btaudio_offload_qti: audio_get_a2dp_sink_latency_qti: Sink Latency = 0
03-15 18:11:36.156   840  8470 W libc    : Access denied finding property "vendor.dolby.mi.metadata.log"
03-15 18:11:36.156   840  8470 W libc    : Access denied finding property "vendor.dolby.mi.metadata.log"
03-15 18:11:36.156   840  8470 W libc    : Access denied finding property "vendor.dolby.mi.metadata.log"
03-15 18:11:36.156   840  8470 W libc    : Access denied finding property "vendor.dolby.mi.metadata.log"
03-15 18:11:36.157   840  8470 W libc    : Access denied finding property "vendor.dolby.mi.metadata.log"
03-15 18:11:36.157   840  8470 W libc    : Access denied finding property "vendor.dolby.mi.metadata.log"
03-15 18:11:36.157   840  8470 W libc    : Access denied finding property "vendor.dolby.mi.metadata.log"
03-15 18:11:36.157   840  8358 W libc    : Access denied finding property "hal.record.dump"
03-15 18:11:36.162  1032  1201 E SurfaceFlinger: isStylusTargetLayer notifyTargetLayerDisconnect in
03-15 18:11:36.168  1032  1201 E SurfaceFlinger: isStylusTargetLayer notifyTargetLayerDisconnect in
03-15 18:11:36.178  1032  1201 E SurfaceFlinger: isStylusTargetLayer notifyTargetLayerDisconnect in
03-15 18:11:36.188  1032  1201 E SurfaceFlinger: isStylusTargetLayer notifyTargetLayerDisconnect in
03-15 18:11:36.195  1032  1201 E SurfaceFlinger: isStylusTargetLayer notifyTargetLayerDisconnect in
03-15 18:11:36.196   840  8358 I btaudio_offload_qti: audio_get_a2dp_sink_latency_qti: Sink Latency = 0
03-15 18:11:36.197   840  8470 W libc    : Access denied finding property "vendor.dolby.mi.metadata.log"
03-15 18:11:36.197   840  8470 W libc    : Access denied finding property "vendor.dolby.mi.metadata.log"
03-15 18:11:36.197   840  8470 W libc    : Access denied finding property "vendor.dolby.mi.metadata.log"
03-15 18:11:36.197   840  8470 W libc    : Access denied finding property "vendor.dolby.mi.metadata.log"
03-15 18:11:36.197   840  8470 W libc    : Access denied finding property "vendor.dolby.mi.metadata.log"
03-15 18:11:36.197   840  8470 W libc    : Access denied finding property "vendor.dolby.mi.metadata.log"
03-15 18:11:36.197   840  8470 W libc    : Access denied finding property "vendor.dolby.mi.metadata.log"
03-15 18:11:36.197   840  8470 W libc    : Access denied finding property "vendor.dolby.mi.metadata.log"
03-15 18:11:36.198   840  8358 W libc    : Access denied finding property "hal.record.dump"
03-15 18:11:36.203  1032  1201 E SurfaceFlinger: isStylusTargetLayer notifyTargetLayerDisconnect in
03-15 18:11:36.211  1032  1201 E SurfaceFlinger: isStylusTargetLayer notifyTargetLayerDisconnect in
03-15 18:11:36.220  1032  1201 E SurfaceFlinger: isStylusTargetLayer notifyTargetLayerDisconnect in
03-15 18:11:36.226  1032  1201 E SurfaceFlinger: isStylusTargetLayer notifyTargetLayerDisconnect in
03-15 18:11:36.231   999   999 W libc    : Access denied finding property "hwservicemanager.ready"
03-15 18:11:36.235  1032  1201 E SurfaceFlinger: isStylusTargetLayer notifyTargetLayerDisconnect in
03-15 18:11:36.236   840  8358 I btaudio_offload_qti: audio_get_a2dp_sink_latency_qti: Sink Latency = 0
03-15 18:11:36.236   840  8470 W libc    : Access denied finding property "vendor.dolby.mi.metadata.log"
03-15 18:11:36.236   840  8470 W libc    : Access denied finding property "vendor.dolby.mi.metadata.log"
03-15 18:11:36.237   840  8470 W libc    : Access denied finding property "vendor.dolby.mi.metadata.log"
03-15 18:11:36.237   840  8470 W libc    : Access denied finding property "vendor.dolby.mi.metadata.log"
03-15 18:11:36.237   840  8470 W libc    : Access denied finding property "vendor.dolby.mi.metadata.log"
03-15 18:11:36.237   840  8470 W libc    : Access denied finding property "vendor.dolby.mi.metadata.log"
03-15 18:11:36.237   840  8470 W libc    : Access denied finding property "vendor.dolby.mi.metadata.log"
03-15 18:11:36.237   840  8358 W libc    : Access denied finding property "hal.record.dump"
03-15 18:11:36.242  1346 11916 W FLACDecoder: decodeOneFrame: no streaminfo metadata block
03-15 18:11:36.244  1032  3002 E SurfaceFlinger: isStylusTargetLayer notifyTargetLayerDisconnect in
03-15 18:11:36.245  1346 11916 W FLACDecoder: decodeOneFrame: no streaminfo metadata block
03-15 18:11:36.245  1346 11916 W FLACDecoder: decodeOneFrame: no streaminfo metadata block
03-15 18:11:36.245  1346 11916 W FLACDecoder: decodeOneFrame: no streaminfo metadata block
03-15 18:11:36.246  1346 11916 W FLACDecoder: decodeOneFrame: no streaminfo metadata block
03-15 18:11:36.254  1032  3002 E SurfaceFlinger: isStylusTargetLayer notifyTargetLayerDisconnect in
03-15 18:11:36.259  1032  3002 E SurfaceFlinger: isStylusTargetLayer notifyTargetLayerDisconnect in
03-15 18:11:36.270  1032  3002 E SurfaceFlinger: isStylusTargetLayer notifyTargetLayerDisconnect in
03-15 18:11:36.275   840  8358 I btaudio_offload_qti: audio_get_a2dp_sink_latency_qti: Sink Latency = 0
03-15 18:11:36.276   840  8470 W libc    : Access denied finding property "vendor.dolby.mi.metadata.log"
03-15 18:11:36.276   840  8470 W libc    : Access denied finding property "vendor.dolby.mi.metadata.log"
03-15 18:11:36.276   840  8470 W libc    : Access denied finding property "vendor.dolby.mi.metadata.log"
03-15 18:11:36.276   840  8470 W libc    : Access denied finding property "vendor.dolby.mi.metadata.log"
03-15 18:11:36.276   840  8470 W libc    : Access denied finding property "vendor.dolby.mi.metadata.log"
03-15 18:11:36.276   840  8470 W libc    : Access denied finding property "vendor.dolby.mi.metadata.log"
03-15 18:11:36.277   840  8470 W libc    : Access denied finding property "vendor.dolby.mi.metadata.log"
03-15 18:11:36.277   840  8470 W libc    : Access denied finding property "vendor.dolby.mi.metadata.log"
03-15 18:11:36.277   840  8358 W libc    : Access denied finding property "hal.record.dump"
03-15 18:11:36.278  1032  3002 E SurfaceFlinger: isStylusTargetLayer notifyTargetLayerDisconnect in
03-15 18:11:36.287  1032  3002 E SurfaceFlinger: isStylusTargetLayer notifyTargetLayerDisconnect in
03-15 18:11:36.294  1032  3002 E SurfaceFlinger: isStylusTargetLayer notifyTargetLayerDisconnect in
03-15 18:11:36.303  1032  3002 E SurfaceFlinger: isStylusTargetLayer notifyTargetLayerDisconnect in
03-15 18:11:36.311  1032  3002 E SurfaceFlinger: isStylusTargetLayer notifyTargetLayerDisconnect in
03-15 18:11:36.315   840  8358 I btaudio_offload_qti: audio_get_a2dp_sink_latency_qti: Sink Latency = 0
03-15 18:11:36.316   840  8470 W libc    : Access denied finding property "vendor.dolby.mi.metadata.log"
03-15 18:11:36.316   840  8470 W libc    : Access denied finding property "vendor.dolby.mi.metadata.log"
03-15 18:11:36.316   840  8470 W libc    : Access denied finding property "vendor.dolby.mi.metadata.log"
03-15 18:11:36.316   840  8470 W libc    : Access denied finding property "vendor.dolby.mi.metadata.log"
03-15 18:11:36.316   840  8470 W libc    : Access denied finding property "vendor.dolby.mi.metadata.log"
03-15 18:11:36.316   840  8470 W libc    : Access denied finding property "vendor.dolby.mi.metadata.log"
03-15 18:11:36.317   840  8470 W libc    : Access denied finding property "vendor.dolby.mi.metadata.log"
03-15 18:11:36.317   840  8358 W libc    : Access denied finding property "hal.record.dump"
03-15 18:11:36.321  1032  3002 E SurfaceFlinger: isStylusTargetLayer notifyTargetLayerDisconnect in
03-15 18:11:36.323  1346 11916 W FLACDecoder: decodeOneFrame: no streaminfo metadata block
03-15 18:11:36.324  1346 11916 W FLACDecoder: decodeOneFrame: no streaminfo metadata block
03-15 18:11:36.324  1346 11916 W FLACDecoder: decodeOneFrame: no streaminfo metadata block
03-15 18:11:36.324  1346 11916 W FLACDecoder: decodeOneFrame: no streaminfo metadata block
03-15 18:11:36.327  1032  3002 E SurfaceFlinger: isStylusTargetLayer notifyTargetLayerDisconnect in
03-15 18:11:36.335  1032  3002 E SurfaceFlinger: isStylusTargetLayer notifyTargetLayerDisconnect in
03-15 18:11:36.344  1032  3002 E SurfaceFlinger: isStylusTargetLayer notifyTargetLayerDisconnect in
03-15 18:11:36.347   999   999 W libc    : Access denied finding property "hwservicemanager.ready"
03-15 18:11:36.352  1032  3002 E SurfaceFlinger: isStylusTargetLayer notifyTargetLayerDisconnect in
03-15 18:11:36.355   840  8358 I btaudio_offload_qti: audio_get_a2dp_sink_latency_qti: Sink Latency = 0
03-15 18:11:36.356   840  8470 W libc    : Access denied finding property "vendor.dolby.mi.metadata.log"
03-15 18:11:36.356   840  8470 W libc    : Access denied finding property "vendor.dolby.mi.metadata.log"
03-15 18:11:36.356   840  8470 W libc    : Access denied finding property "vendor.dolby.mi.metadata.log"
03-15 18:11:36.356   840  8470 W libc    : Access denied finding property "vendor.dolby.mi.metadata.log"
03-15 18:11:36.356   840  8470 W libc    : Access denied finding property "vendor.dolby.mi.metadata.log"
03-15 18:11:36.356   840  8470 W libc    : Access denied finding property "vendor.dolby.mi.metadata.log"
03-15 18:11:36.356   840  8470 W libc    : Access denied finding property "vendor.dolby.mi.metadata.log"
03-15 18:11:36.356   840  8470 W libc    : Access denied finding property "vendor.dolby.mi.metadata.log"
03-15 18:11:36.356   840  8358 W libc    : Access denied finding property "hal.record.dump"
03-15 18:11:36.360  1032  3002 E SurfaceFlinger: isStylusTargetLayer notifyTargetLayerDisconnect in
03-15 18:11:36.368  1032  3002 E SurfaceFlinger: isStylusTargetLayer notifyTargetLayerDisconnect in
03-15 18:11:36.377  1032  3002 E SurfaceFlinger: isStylusTargetLayer notifyTargetLayerDisconnect in
03-15 18:11:36.387  1032  3002 E SurfaceFlinger: isStylusTargetLayer notifyTargetLayerDisconnect in
03-15 18:11:36.393  1032  3002 E SurfaceFlinger: isStylusTargetLayer notifyTargetLayerDisconnect in
03-15 18:11:36.395   840  8358 I btaudio_offload_qti: audio_get_a2dp_sink_latency_qti: Sink Latency = 0
03-15 18:11:36.396   840  8470 W libc    : Access denied finding property "vendor.dolby.mi.metadata.log"
03-15 18:11:36.396   840  8470 W libc    : Access denied finding property "vendor.dolby.mi.metadata.log"
03-15 18:11:36.397   840  8470 W libc    : Access denied finding property "vendor.dolby.mi.metadata.log"
03-15 18:11:36.397   840  8470 W libc    : Access denied finding property "vendor.dolby.mi.metadata.log"
03-15 18:11:36.397   840  8470 W libc    : Access denied finding property "vendor.dolby.mi.metadata.log"
03-15 18:11:36.397   840  8470 W libc    : Access denied finding property "vendor.dolby.mi.metadata.log"
03-15 18:11:36.397   840  8470 W libc    : Access denied finding property "vendor.dolby.mi.metadata.log"
03-15 18:11:36.398   840  8358 W libc    : Access denied finding property "hal.record.dump"
03-15 18:11:36.402  1032  3002 E SurfaceFlinger: isStylusTargetLayer notifyTargetLayerDisconnect in
03-15 18:11:36.403  1346 11916 W FLACDecoder: decodeOneFrame: no streaminfo metadata block
03-15 18:11:36.404  1346 11916 W FLACDecoder: decodeOneFrame: no streaminfo metadata block
03-15 18:11:36.404  1346 11916 W FLACDecoder: decodeOneFrame: no streaminfo metadata block
03-15 18:11:36.405  1346 11916 W FLACDecoder: decodeOneFrame: no streaminfo metadata block
03-15 18:11:36.411  1032  3002 E SurfaceFlinger: isStylusTargetLayer notifyTargetLayerDisconnect in
03-15 18:11:36.419  1032  3002 E SurfaceFlinger: isStylusTargetLayer notifyTargetLayerDisconnect in
03-15 18:11:36.426  1032  3002 E SurfaceFlinger: isStylusTargetLayer notifyTargetLayerDisconnect in
03-15 18:11:36.435  1032  3002 E SurfaceFlinger: isStylusTargetLayer notifyTargetLayerDisconnect in
03-15 18:11:36.435   840  8358 I btaudio_offload_qti: audio_get_a2dp_sink_latency_qti: Sink Latency = 0
03-15 18:11:36.436   840  8470 W libc    : Access denied finding property "vendor.dolby.mi.metadata.log"
03-15 18:11:36.437   840  8470 W libc    : Access denied finding property "vendor.dolby.mi.metadata.log"
03-15 18:11:36.437   840  8470 W libc    : Access denied finding property "vendor.dolby.mi.metadata.log"
03-15 18:11:36.437   840  8470 W libc    : Access denied finding property "vendor.dolby.mi.metadata.log"
03-15 18:11:36.437   840  8470 W libc    : Access denied finding property "vendor.dolby.mi.metadata.log"
03-15 18:11:36.437   840  8470 W libc    : Access denied finding property "vendor.dolby.mi.metadata.log"
03-15 18:11:36.437   840  8470 W libc    : Access denied finding property "vendor.dolby.mi.metadata.log"
03-15 18:11:36.438   840  8470 W libc    : Access denied finding property "vendor.dolby.mi.metadata.log"
03-15 18:11:36.438   840  8358 W libc    : Access denied finding property "hal.record.dump"
03-15 18:11:36.444  1032  3002 E SurfaceFlinger: isStylusTargetLayer notifyTargetLayerDisconnect in
03-15 18:11:36.447   999   999 W libc    : Access denied finding property "hwservicemanager.ready"
03-15 18:11:36.454  1032  1201 E SurfaceFlinger: isStylusTargetLayer notifyTargetLayerDisconnect in
03-15 18:11:36.459  1032  1201 E SurfaceFlinger: isStylusTargetLayer notifyTargetLayerDisconnect in
03-15 18:11:36.464  2058  2058 E BatteryController: onReceive ACTION_BATTERY_CHANGED delay 1S isArtificial= 2
03-15 18:11:36.464  2058  2058 E BatteryController: updatePowerSavingMode lastle===81 batterylast==30
03-15 18:11:36.468  1032  1201 E SurfaceFlinger: isStylusTargetLayer notifyTargetLayerDisconnect in
03-15 18:11:36.475   840  8358 I btaudio_offload_qti: audio_get_a2dp_sink_latency_qti: Sink Latency = 0
03-15 18:11:36.476   840  8470 W libc    : Access denied finding property "vendor.dolby.mi.metadata.log"
03-15 18:11:36.476  1032  1201 E SurfaceFlinger: isStylusTargetLayer notifyTargetLayerDisconnect in
03-15 18:11:36.476   840  8470 W libc    : Access denied finding property "vendor.dolby.mi.metadata.log"
03-15 18:11:36.477   840  8470 W libc    : Access denied finding property "vendor.dolby.mi.metadata.log"
03-15 18:11:36.477   840  8470 W libc    : Access denied finding property "vendor.dolby.mi.metadata.log"
03-15 18:11:36.477   840  8470 W libc    : Access denied finding property "vendor.dolby.mi.metadata.log"
03-15 18:11:36.477   840  8470 W libc    : Access denied finding property "vendor.dolby.mi.metadata.log"
03-15 18:11:36.477   840  8470 W libc    : Access denied finding property "vendor.dolby.mi.metadata.log"
03-15 18:11:36.478   840  8358 W libc    : Access denied finding property "hal.record.dump"
03-15 18:11:36.480  2058  2058 E BatteryController: onReceive ACTION_BATTERY_CHANGED delay 1S isArtificial= 2
03-15 18:11:36.480  2058  2058 E BatteryController: updatePowerSavingMode lastle===81 batterylast==30
03-15 18:11:36.487  1032  1201 E SurfaceFlinger: isStylusTargetLayer notifyTargetLayerDisconnect in
03-15 18:11:36.493  1346 11916 W FLACDecoder: decodeOneFrame: no streaminfo metadata block
03-15 18:11:36.493  1032  1201 E SurfaceFlinger: isStylusTargetLayer notifyTargetLayerDisconnect in
