03-15 18:11:36.494  1346 11916 W FLACDecoder: decodeOneFrame: no streaminfo metadata block
03-15 18:11:36.494  1346 11916 W FLACDecoder: decodeOneFrame: no streaminfo metadata block
03-15 18:11:36.495  1346 11916 W FLACDecoder: decodeOneFrame: no streaminfo metadata block
03-15 18:11:36.502  1032  1201 E SurfaceFlinger: isStylusTargetLayer notifyTargetLayerDisconnect in
03-15 18:11:36.511  1032  1201 E SurfaceFlinger: isStylusTargetLayer notifyTargetLayerDisconnect in
03-15 18:11:36.515   840  8358 I btaudio_offload_qti: audio_get_a2dp_sink_latency_qti: Sink Latency = 0
03-15 18:11:36.516   840  8470 W libc    : Access denied finding property "vendor.dolby.mi.metadata.log"
03-15 18:11:36.515   840   840 W effect  : type=1400 audit(0.0:1869816): avc:  denied  { read } for  name="u:object_r:vendor_dolby_prop:s0" dev="tmpfs" ino=11682 scontext=u:r:hal_audio_default:s0 tcontext=u:object_r:vendor_dolby_prop:s0 tclass=file permissive=0
03-15 18:11:36.516   840  8470 W libc    : Access denied finding property "vendor.dolby.mi.metadata.log"
03-15 18:11:36.515   840   840 W effect  : type=1400 audit(0.0:1869817): avc:  denied  { read } for  name="u:object_r:vendor_dolby_prop:s0" dev="tmpfs" ino=11682 scontext=u:r:hal_audio_default:s0 tcontext=u:object_r:vendor_dolby_prop:s0 tclass=file permissive=0
03-15 18:11:36.516   840  8470 W libc    : Access denied finding property "vendor.dolby.mi.metadata.log"
03-15 18:11:36.515   840   840 W effect  : type=1400 audit(0.0:1869818): avc:  denied  { read } for  name="u:object_r:vendor_dolby_prop:s0" dev="tmpfs" ino=11682 scontext=u:r:hal_audio_default:s0 tcontext=u:object_r:vendor_dolby_prop:s0 tclass=file permissive=0
03-15 18:11:36.517   840  8470 W libc    : Access denied finding property "vendor.dolby.mi.metadata.log"
03-15 18:11:36.515   840   840 W effect  : type=1400 audit(0.0:1869819): avc:  denied  { read } for  name="u:object_r:vendor_dolby_prop:s0" dev="tmpfs" ino=11682 scontext=u:r:hal_audio_default:s0 tcontext=u:object_r:vendor_dolby_prop:s0 tclass=file permissive=0
03-15 18:11:36.517   840  8470 W libc    : Access denied finding property "vendor.dolby.mi.metadata.log"
03-15 18:11:36.515   840   840 W effect  : type=1400 audit(0.0:1869820): avc:  denied  { read } for  name="u:object_r:vendor_dolby_prop:s0" dev="tmpfs" ino=11682 scontext=u:r:hal_audio_default:s0 tcontext=u:object_r:vendor_dolby_prop:s0 tclass=file permissive=0
03-15 18:11:36.517   840  8470 W libc    : Access denied finding property "vendor.dolby.mi.metadata.log"
03-15 18:11:36.517   840  8470 W libc    : Access denied finding property "vendor.dolby.mi.metadata.log"
03-15 18:11:36.517   840  8470 W libc    : Access denied finding property "vendor.dolby.mi.metadata.log"
03-15 18:11:36.518   840  8358 W libc    : Access denied finding property "hal.record.dump"
03-15 18:11:36.519 17158 17288 V MSF.C.MSFCore[@PS]: [Event] MSFPacketStatistics.cpp(300)::DoCheckRequestTimeout->current rtts:78.264
03-15 18:11:36.519  1032  1201 E SurfaceFlinger: isStylusTargetLayer notifyTargetLayerDisconnect in
03-15 18:11:36.527  1032  1201 E SurfaceFlinger: isStylusTargetLayer notifyTargetLayerDisconnect in
03-15 18:11:36.535  1032  1201 E SurfaceFlinger: isStylusTargetLayer notifyTargetLayerDisconnect in
03-15 18:11:36.539   999   999 W HidlServiceManagement: Waited for hwservicemanager.ready for a second, waiting another...
03-15 18:11:36.539   999   999 W libc    : Access denied finding property "hwservicemanager.ready"
03-15 18:11:36.540   999   999 W libc    : Access denied finding property "hwservicemanager.ready"
03-15 18:11:36.544  1032  1201 E SurfaceFlinger: isStylusTargetLayer notifyTargetLayerDisconnect in
03-15 18:11:36.548   999   999 W libc    : Access denied finding property "hwservicemanager.ready"
03-15 18:11:36.554 17158 17301 V MSF.C.MSFCore[@DD]: [Event] MSFDDNetworkEngine.cpp(179)::onTcpInfoUpdate->onTcpInfoUpdate:
03-15 18:11:36.554 17158 17301 V MSF.C.MSFCore[@DD]:                      tcpi_state = 1;
03-15 18:11:36.554 17158 17301 V MSF.C.MSFCore[@DD]:                      tcpi_ca_state = 0;
03-15 18:11:36.554 17158 17301 V MSF.C.MSFCore[@DD]:                      tcpi_rto = 252 ms;
03-15 18:11:36.554 17158 17301 V MSF.C.MSFCore[@DD]:                      tcpi_unacked = 0;
03-15 18:11:36.554 17158 17301 V MSF.C.MSFCore[@DD]:                      tcpi_rttcur = 48 ms;
03-15 18:11:36.554 17158 17301 V MSF.C.MSFCore[@DD]:                      tcpi_rttvar = 11 ms;
03-15 18:11:36.554 17158 17301 V MSF.C.MSFCore[@DD]:                      tcpi_bytes_retrans = 0 bytes;
03-15 18:11:36.554 17158 17301 V MSF.C.MSFCore[@DD]:                      tcpi_notsent_bytes = 0 bytes;
03-15 18:11:36.554 17158 17301 V MSF.C.MSFCore[@DD]:                      tcpi_bytes_received = 218885 bytes;
03-15 18:11:36.554 17158 17301 V MSF.C.MSFCore[@DD]:                      tcpi_bytes_sent = 67093 bytes 
03-15 18:11:36.554 17158 17301 V MSF.C.MSFCore[@DD]:                      tcpi_last_data_sent = 34228 ms 
03-15 18:11:36.554 17158 17301 V MSF.C.MSFCore[@DD]:                      tcpi_last_data_recv = 34172 ms 
03-15 18:11:36.555  1032  1201 E SurfaceFlinger: isStylusTargetLayer notifyTargetLayerDisconnect in
03-15 18:11:36.555   840  8358 I btaudio_offload_qti: audio_get_a2dp_sink_latency_qti: Sink Latency = 0
03-15 18:11:36.555   840  8470 W libc    : Access denied finding property "vendor.dolby.mi.metadata.log"
03-15 18:11:36.556   840  8470 W libc    : Access denied finding property "vendor.dolby.mi.metadata.log"
03-15 18:11:36.556   840  8470 W libc    : Access denied finding property "vendor.dolby.mi.metadata.log"
03-15 18:11:36.556   840  8470 W libc    : Access denied finding property "vendor.dolby.mi.metadata.log"
03-15 18:11:36.556   840  8470 W libc    : Access denied finding property "vendor.dolby.mi.metadata.log"
03-15 18:11:36.556   840  8470 W libc    : Access denied finding property "vendor.dolby.mi.metadata.log"
03-15 18:11:36.556   840  8470 W libc    : Access denied finding property "vendor.dolby.mi.metadata.log"
03-15 18:11:36.557   840  8358 W libc    : Access denied finding property "hal.record.dump"
03-15 18:11:36.561  1032  1201 E SurfaceFlinger: isStylusTargetLayer notifyTargetLayerDisconnect in
03-15 18:11:36.569  1032  1201 E SurfaceFlinger: isStylusTargetLayer notifyTargetLayerDisconnect in
03-15 18:11:36.578  1032  1201 E SurfaceFlinger: isStylusTargetLayer notifyTargetLayerDisconnect in
03-15 18:11:36.588  1032  1201 E SurfaceFlinger: isStylusTargetLayer notifyTargetLayerDisconnect in
03-15 18:11:36.593  1032  1201 E SurfaceFlinger: isStylusTargetLayer notifyTargetLayerDisconnect in
03-15 18:11:36.595   840  8358 I btaudio_offload_qti: audio_get_a2dp_sink_latency_qti: Sink Latency = 0
03-15 18:11:36.595   840  8470 W libc    : Access denied finding property "vendor.dolby.mi.metadata.log"
03-15 18:11:36.595   840  8470 W libc    : Access denied finding property "vendor.dolby.mi.metadata.log"
03-15 18:11:36.596   840  8470 W libc    : Access denied finding property "vendor.dolby.mi.metadata.log"
03-15 18:11:36.596   840  8470 W libc    : Access denied finding property "vendor.dolby.mi.metadata.log"
03-15 18:11:36.596   840  8470 W libc    : Access denied finding property "vendor.dolby.mi.metadata.log"
03-15 18:11:36.596   840  8470 W libc    : Access denied finding property "vendor.dolby.mi.metadata.log"
03-15 18:11:36.596   840  8470 W libc    : Access denied finding property "vendor.dolby.mi.metadata.log"
03-15 18:11:36.596   840  8470 W libc    : Access denied finding property "vendor.dolby.mi.metadata.log"
03-15 18:11:36.596   840  8358 W libc    : Access denied finding property "hal.record.dump"
03-15 18:11:36.602  1032  1201 E SurfaceFlinger: isStylusTargetLayer notifyTargetLayerDisconnect in
03-15 18:11:36.605  1346 11916 W FLACDecoder: decodeOneFrame: no streaminfo metadata block
03-15 18:11:36.606  1346 11916 W FLACDecoder: decodeOneFrame: no streaminfo metadata block
03-15 18:11:36.606  1346 11916 W FLACDecoder: decodeOneFrame: no streaminfo metadata block
03-15 18:11:36.607  1346 11916 W FLACDecoder: decodeOneFrame: no streaminfo metadata block
03-15 18:11:36.611  1032  1201 E SurfaceFlinger: isStylusTargetLayer notifyTargetLayerDisconnect in
03-15 18:11:36.614  1346 11916 W FLACDecoder: decodeOneFrame: no streaminfo metadata block
03-15 18:11:36.619  1032  1201 E SurfaceFlinger: isStylusTargetLayer notifyTargetLayerDisconnect in
03-15 18:11:36.626  1032  1201 E SurfaceFlinger: isStylusTargetLayer notifyTargetLayerDisconnect in
03-15 18:11:36.634  1032  1201 E SurfaceFlinger: isStylusTargetLayer notifyTargetLayerDisconnect in
03-15 18:11:36.634   840  8358 I btaudio_offload_qti: audio_get_a2dp_sink_latency_qti: Sink Latency = 0
03-15 18:11:36.635   840  8470 W libc    : Access denied finding property "vendor.dolby.mi.metadata.log"
03-15 18:11:36.635   840  8470 W libc    : Access denied finding property "vendor.dolby.mi.metadata.log"
03-15 18:11:36.635   840  8470 W libc    : Access denied finding property "vendor.dolby.mi.metadata.log"
03-15 18:11:36.635   840  8470 W libc    : Access denied finding property "vendor.dolby.mi.metadata.log"
03-15 18:11:36.635   840  8470 W libc    : Access denied finding property "vendor.dolby.mi.metadata.log"
03-15 18:11:36.635   840  8470 W libc    : Access denied finding property "vendor.dolby.mi.metadata.log"
03-15 18:11:36.636   840  8470 W libc    : Access denied finding property "vendor.dolby.mi.metadata.log"
03-15 18:11:36.636   840  8358 W libc    : Access denied finding property "hal.record.dump"
03-15 18:11:36.643  1032  1201 E SurfaceFlinger: isStylusTargetLayer notifyTargetLayerDisconnect in
03-15 18:11:36.653  1032  1201 E SurfaceFlinger: isStylusTargetLayer notifyTargetLayerDisconnect in
03-15 18:11:36.660  1032  1201 E SurfaceFlinger: isStylusTargetLayer notifyTargetLayerDisconnect in
03-15 18:11:36.664   999   999 W libc    : Access denied finding property "hwservicemanager.ready"
03-15 18:11:36.669  1032  1201 E SurfaceFlinger: isStylusTargetLayer notifyTargetLayerDisconnect in
03-15 18:11:36.675   840  8358 I btaudio_offload_qti: audio_get_a2dp_sink_latency_qti: Sink Latency = 0
03-15 18:11:36.675   840  8470 W libc    : Access denied finding property "vendor.dolby.mi.metadata.log"
03-15 18:11:36.675   840  8470 W libc    : Access denied finding property "vendor.dolby.mi.metadata.log"
03-15 18:11:36.675   840  8470 W libc    : Access denied finding property "vendor.dolby.mi.metadata.log"
03-15 18:11:36.676   840  8470 W libc    : Access denied finding property "vendor.dolby.mi.metadata.log"
03-15 18:11:36.676   840  8470 W libc    : Access denied finding property "vendor.dolby.mi.metadata.log"
03-15 18:11:36.676   840  8470 W libc    : Access denied finding property "vendor.dolby.mi.metadata.log"
03-15 18:11:36.676   840  8470 W libc    : Access denied finding property "vendor.dolby.mi.metadata.log"
03-15 18:11:36.676   840  8470 W libc    : Access denied finding property "vendor.dolby.mi.metadata.log"
03-15 18:11:36.677   840  8358 W libc    : Access denied finding property "hal.record.dump"
03-15 18:11:36.678  1032  1201 E SurfaceFlinger: isStylusTargetLayer notifyTargetLayerDisconnect in
03-15 18:11:36.686  1346 11916 W FLACDecoder: decodeOneFrame: no streaminfo metadata block
03-15 18:11:36.686  1346 11916 W FLACDecoder: decodeOneFrame: no streaminfo metadata block
03-15 18:11:36.687  1346 11916 W FLACDecoder: decodeOneFrame: no streaminfo metadata block
03-15 18:11:36.687  1032  1201 E SurfaceFlinger: isStylusTargetLayer notifyTargetLayerDisconnect in
03-15 18:11:36.687  1346 11916 W FLACDecoder: decodeOneFrame: no streaminfo metadata block
03-15 18:11:36.693  1032  1201 E SurfaceFlinger: isStylusTargetLayer notifyTargetLayerDisconnect in
03-15 18:11:36.701  1032  1201 E SurfaceFlinger: isStylusTargetLayer notifyTargetLayerDisconnect in
03-15 18:11:36.710  1032  3002 E SurfaceFlinger: isStylusTargetLayer notifyTargetLayerDisconnect in
03-15 18:11:36.715   840  8358 I btaudio_offload_qti: audio_get_a2dp_sink_latency_qti: Sink Latency = 0
03-15 18:11:36.715   840  8470 W libc    : Access denied finding property "vendor.dolby.mi.metadata.log"
03-15 18:11:36.715   840  8470 W libc    : Access denied finding property "vendor.dolby.mi.metadata.log"
03-15 18:11:36.715   840  8470 W libc    : Access denied finding property "vendor.dolby.mi.metadata.log"
03-15 18:11:36.716   840  8470 W libc    : Access denied finding property "vendor.dolby.mi.metadata.log"
03-15 18:11:36.716   840  8470 W libc    : Access denied finding property "vendor.dolby.mi.metadata.log"
03-15 18:11:36.716   840  8470 W libc    : Access denied finding property "vendor.dolby.mi.metadata.log"
03-15 18:11:36.716   840  8470 W libc    : Access denied finding property "vendor.dolby.mi.metadata.log"
03-15 18:11:36.716   840  8358 W libc    : Access denied finding property "hal.record.dump"
03-15 18:11:36.721  1032  3002 E SurfaceFlinger: isStylusTargetLayer notifyTargetLayerDisconnect in
03-15 18:11:36.727  1032  3002 E SurfaceFlinger: isStylusTargetLayer notifyTargetLayerDisconnect in
03-15 18:11:36.735  1032  3002 E SurfaceFlinger: isStylusTargetLayer notifyTargetLayerDisconnect in
03-15 18:11:36.744  1032  3002 E SurfaceFlinger: isStylusTargetLayer notifyTargetLayerDisconnect in
03-15 18:11:36.753  1032  1201 E SurfaceFlinger: isStylusTargetLayer notifyTargetLayerDisconnect in
03-15 18:11:36.754   840  8358 I btaudio_offload_qti: audio_get_a2dp_sink_latency_qti: Sink Latency = 0
03-15 18:11:36.755   840  8470 W libc    : Access denied finding property "vendor.dolby.mi.metadata.log"
03-15 18:11:36.755   840  8470 W libc    : Access denied finding property "vendor.dolby.mi.metadata.log"
03-15 18:11:36.755   840  8470 W libc    : Access denied finding property "vendor.dolby.mi.metadata.log"
03-15 18:11:36.755   840  8470 W libc    : Access denied finding property "vendor.dolby.mi.metadata.log"
03-15 18:11:36.755   840  8470 W libc    : Access denied finding property "vendor.dolby.mi.metadata.log"
03-15 18:11:36.755   840  8470 W libc    : Access denied finding property "vendor.dolby.mi.metadata.log"
03-15 18:11:36.755   840  8470 W libc    : Access denied finding property "vendor.dolby.mi.metadata.log"
03-15 18:11:36.755   840  8470 W libc    : Access denied finding property "vendor.dolby.mi.metadata.log"
03-15 18:11:36.756   840  8358 W libc    : Access denied finding property "hal.record.dump"
03-15 18:11:36.760  1032  1201 E SurfaceFlinger: isStylusTargetLayer notifyTargetLayerDisconnect in
03-15 18:11:36.764   999   999 W libc    : Access denied finding property "hwservicemanager.ready"
03-15 18:11:36.766  1346 11916 W FLACDecoder: decodeOneFrame: no streaminfo metadata block
03-15 18:11:36.767  1346 11916 W FLACDecoder: decodeOneFrame: no streaminfo metadata block
03-15 18:11:36.768  1346 11916 W FLACDecoder: decodeOneFrame: no streaminfo metadata block
03-15 18:11:36.768  1346 11916 W FLACDecoder: decodeOneFrame: no streaminfo metadata block
03-15 18:11:36.769  1032  1201 E SurfaceFlinger: isStylusTargetLayer notifyTargetLayerDisconnect in
03-15 18:11:36.777  1032  1201 E SurfaceFlinger: isStylusTargetLayer notifyTargetLayerDisconnect in
03-15 18:11:36.787  1032  1201 E SurfaceFlinger: isStylusTargetLayer notifyTargetLayerDisconnect in
03-15 18:11:36.794  1032  1201 E SurfaceFlinger: isStylusTargetLayer notifyTargetLayerDisconnect in
03-15 18:11:36.794   840  8358 I btaudio_offload_qti: audio_get_a2dp_sink_latency_qti: Sink Latency = 0
03-15 18:11:36.795   840  8470 W libc    : Access denied finding property "vendor.dolby.mi.metadata.log"
03-15 18:11:36.795   840  8470 W libc    : Access denied finding property "vendor.dolby.mi.metadata.log"
03-15 18:11:36.795   840  8470 W libc    : Access denied finding property "vendor.dolby.mi.metadata.log"
03-15 18:11:36.795   840  8470 W libc    : Access denied finding property "vendor.dolby.mi.metadata.log"
03-15 18:11:36.795   840  8470 W libc    : Access denied finding property "vendor.dolby.mi.metadata.log"
03-15 18:11:36.795   840  8470 W libc    : Access denied finding property "vendor.dolby.mi.metadata.log"
03-15 18:11:36.795   840  8470 W libc    : Access denied finding property "vendor.dolby.mi.metadata.log"
03-15 18:11:36.796   840  8358 W libc    : Access denied finding property "hal.record.dump"
03-15 18:11:36.802  1032  1201 E SurfaceFlinger: isStylusTargetLayer notifyTargetLayerDisconnect in
03-15 18:11:36.812  1032  1201 E SurfaceFlinger: isStylusTargetLayer notifyTargetLayerDisconnect in
03-15 18:11:36.821  1032  1201 E SurfaceFlinger: isStylusTargetLayer notifyTargetLayerDisconnect in
03-15 18:11:36.829  1032  1201 E SurfaceFlinger: isStylusTargetLayer notifyTargetLayerDisconnect in
03-15 18:11:36.834   840  8358 I btaudio_offload_qti: audio_get_a2dp_sink_latency_qti: Sink Latency = 0
03-15 18:11:36.835   840  8470 W libc    : Access denied finding property "vendor.dolby.mi.metadata.log"
03-15 18:11:36.836   840  8470 W libc    : Access denied finding property "vendor.dolby.mi.metadata.log"
03-15 18:11:36.836   840  8470 W libc    : Access denied finding property "vendor.dolby.mi.metadata.log"
03-15 18:11:36.836   840  8470 W libc    : Access denied finding property "vendor.dolby.mi.metadata.log"
03-15 18:11:36.836   840  8470 W libc    : Access denied finding property "vendor.dolby.mi.metadata.log"
03-15 18:11:36.837  1032  1201 E SurfaceFlinger: isStylusTargetLayer notifyTargetLayerDisconnect in
03-15 18:11:36.837   840  8470 W libc    : Access denied finding property "vendor.dolby.mi.metadata.log"
03-15 18:11:36.837   840  8470 W libc    : Access denied finding property "vendor.dolby.mi.metadata.log"
03-15 18:11:36.837   840  8470 W libc    : Access denied finding property "vendor.dolby.mi.metadata.log"
03-15 18:11:36.838   840  8358 W libc    : Access denied finding property "hal.record.dump"
03-15 18:11:36.844  1032  1201 E SurfaceFlinger: isStylusTargetLayer notifyTargetLayerDisconnect in
03-15 18:11:36.855  1032  1201 E SurfaceFlinger: isStylusTargetLayer notifyTargetLayerDisconnect in
03-15 18:11:36.861  1032  1201 E SurfaceFlinger: isStylusTargetLayer notifyTargetLayerDisconnect in
03-15 18:11:36.864   999   999 W libc    : Access denied finding property "hwservicemanager.ready"
03-15 18:11:36.869  1032  1201 E SurfaceFlinger: isStylusTargetLayer notifyTargetLayerDisconnect in
03-15 18:11:36.875   840  8358 I btaudio_offload_qti: audio_get_a2dp_sink_latency_qti: Sink Latency = 0
03-15 18:11:36.876   840  8470 W libc    : Access denied finding property "vendor.dolby.mi.metadata.log"
03-15 18:11:36.876   840  8470 W libc    : Access denied finding property "vendor.dolby.mi.metadata.log"
03-15 18:11:36.876   840  8470 W libc    : Access denied finding property "vendor.dolby.mi.metadata.log"
03-15 18:11:36.876   840  8470 W libc    : Access denied finding property "vendor.dolby.mi.metadata.log"
03-15 18:11:36.876   840  8470 W libc    : Access denied finding property "vendor.dolby.mi.metadata.log"
03-15 18:11:36.877   840  8470 W libc    : Access denied finding property "vendor.dolby.mi.metadata.log"
03-15 18:11:36.877   840  8470 W libc    : Access denied finding property "vendor.dolby.mi.metadata.log"
03-15 18:11:36.877  1032  1201 E SurfaceFlinger: isStylusTargetLayer notifyTargetLayerDisconnect in
03-15 18:11:36.877   840  8358 W libc    : Access denied finding property "hal.record.dump"
03-15 18:11:36.886  1032  1201 E SurfaceFlinger: isStylusTargetLayer notifyTargetLayerDisconnect in
03-15 18:11:36.887  1346 11916 W FLACDecoder: decodeOneFrame: no streaminfo metadata block
03-15 18:11:36.887  1346 11916 W FLACDecoder: decodeOneFrame: no streaminfo metadata block
03-15 18:11:36.887  1346 11916 W FLACDecoder: decodeOneFrame: no streaminfo metadata block
03-15 18:11:36.888  1346 11916 W FLACDecoder: decodeOneFrame: no streaminfo metadata block
03-15 18:11:36.893  1032  1201 E SurfaceFlinger: isStylusTargetLayer notifyTargetLayerDisconnect in
03-15 18:11:36.895  1346 11916 W FLACDecoder: decodeOneFrame: no streaminfo metadata block
03-15 18:11:36.903  1032  1201 E SurfaceFlinger: isStylusTargetLayer notifyTargetLayerDisconnect in
03-15 18:11:36.910  1032  1201 E SurfaceFlinger: isStylusTargetLayer notifyTargetLayerDisconnect in
03-15 18:11:36.914   840  8358 I btaudio_offload_qti: audio_get_a2dp_sink_latency_qti: Sink Latency = 0
03-15 18:11:36.915   840  8470 W libc    : Access denied finding property "vendor.dolby.mi.metadata.log"
03-15 18:11:36.915   840  8470 W libc    : Access denied finding property "vendor.dolby.mi.metadata.log"
03-15 18:11:36.915   840  8470 W libc    : Access denied finding property "vendor.dolby.mi.metadata.log"
03-15 18:11:36.915   840  8470 W libc    : Access denied finding property "vendor.dolby.mi.metadata.log"
03-15 18:11:36.915   840  8470 W libc    : Access denied finding property "vendor.dolby.mi.metadata.log"
03-15 18:11:36.915   840  8470 W libc    : Access denied finding property "vendor.dolby.mi.metadata.log"
03-15 18:11:36.916   840  8470 W libc    : Access denied finding property "vendor.dolby.mi.metadata.log"
03-15 18:11:36.916   840  8470 W libc    : Access denied finding property "vendor.dolby.mi.metadata.log"
03-15 18:11:36.916   840  8358 W libc    : Access denied finding property "hal.record.dump"
03-15 18:11:36.922  1032  1201 E SurfaceFlinger: isStylusTargetLayer notifyTargetLayerDisconnect in
03-15 18:11:36.928  1032  1201 E SurfaceFlinger: isStylusTargetLayer notifyTargetLayerDisconnect in
03-15 18:11:36.935  1032  1201 E SurfaceFlinger: isStylusTargetLayer notifyTargetLayerDisconnect in
03-15 18:11:36.944  1032  1201 E SurfaceFlinger: isStylusTargetLayer notifyTargetLayerDisconnect in
03-15 18:11:36.954   840  8358 I btaudio_offload_qti: audio_get_a2dp_sink_latency_qti: Sink Latency = 0
03-15 18:11:36.954  1032  1201 E SurfaceFlinger: isStylusTargetLayer notifyTargetLayerDisconnect in
03-15 18:11:36.956   840  8470 W libc    : Access denied finding property "vendor.dolby.mi.metadata.log"
03-15 18:11:36.956   840  8470 W libc    : Access denied finding property "vendor.dolby.mi.metadata.log"
03-15 18:11:36.956   840  8470 W libc    : Access denied finding property "vendor.dolby.mi.metadata.log"
03-15 18:11:36.956   840  8470 W libc    : Access denied finding property "vendor.dolby.mi.metadata.log"
03-15 18:11:36.957   840  8470 W libc    : Access denied finding property "vendor.dolby.mi.metadata.log"
03-15 18:11:36.957   840  8470 W libc    : Access denied finding property "vendor.dolby.mi.metadata.log"
03-15 18:11:36.958   840  8470 W libc    : Access denied finding property "vendor.dolby.mi.metadata.log"
03-15 18:11:36.958   840  8358 W libc    : Access denied finding property "hal.record.dump"
03-15 18:11:36.960  1346 11916 W FLACDecoder: decodeOneFrame: no streaminfo metadata block
03-15 18:11:36.961  1032  1201 E SurfaceFlinger: isStylusTargetLayer notifyTargetLayerDisconnect in
03-15 18:11:36.961  1346 11916 W FLACDecoder: decodeOneFrame: no streaminfo metadata block
03-15 18:11:36.962  1346 11916 W FLACDecoder: decodeOneFrame: no streaminfo metadata block
03-15 18:11:36.962  1346 11916 W FLACDecoder: decodeOneFrame: no streaminfo metadata block
03-15 18:11:36.969  1032  1201 E SurfaceFlinger: isStylusTargetLayer notifyTargetLayerDisconnect in
03-15 18:11:36.972   999   999 W libc    : Access denied finding property "hwservicemanager.ready"
03-15 18:11:36.976 17689 17689 E BatteryController: onReceive ACTION_BATTERY_CHANGED delay 1S isArtificial= 2
03-15 18:11:36.976 17689 17689 E BatteryController: updatePowerSavingMode lastle===81 batterylast==30
03-15 18:11:36.978  1032  1201 E SurfaceFlinger: isStylusTargetLayer notifyTargetLayerDisconnect in
03-15 18:11:36.987  1032  1201 E SurfaceFlinger: isStylusTargetLayer notifyTargetLayerDisconnect in
03-15 18:11:36.993  1032  1201 E SurfaceFlinger: isStylusTargetLayer notifyTargetLayerDisconnect in
03-15 18:11:36.994   840  8358 I btaudio_offload_qti: audio_get_a2dp_sink_latency_qti: Sink Latency = 0
03-15 18:11:36.994   840  8470 W libc    : Access denied finding property "vendor.dolby.mi.metadata.log"
03-15 18:11:36.995   840  8470 W libc    : Access denied finding property "vendor.dolby.mi.metadata.log"
03-15 18:11:36.995   840  8470 W libc    : Access denied finding property "vendor.dolby.mi.metadata.log"
03-15 18:11:36.995   840  8470 W libc    : Access denied finding property "vendor.dolby.mi.metadata.log"
03-15 18:11:36.995   840  8470 W libc    : Access denied finding property "vendor.dolby.mi.metadata.log"
03-15 18:11:36.995   840  8470 W libc    : Access denied finding property "vendor.dolby.mi.metadata.log"
03-15 18:11:36.995   840  8470 W libc    : Access denied finding property "vendor.dolby.mi.metadata.log"
03-15 18:11:36.996   840  8470 W libc    : Access denied finding property "vendor.dolby.mi.metadata.log"
03-15 18:11:36.996   840  8358 W libc    : Access denied finding property "hal.record.dump"
03-15 18:11:37.002  1032  1201 E SurfaceFlinger: isStylusTargetLayer notifyTargetLayerDisconnect in
03-15 18:11:37.003 30878 31109 D MusicMessageHandler: setPlaybackState() called with: state = [1]
03-15 18:11:37.006 30878 30878 I FeatureAppWidget: VipPlayer: loadPlayState: playState=VipPlayerPlayState(isPlaying=null, isStar=null, progress=31965, max = 234782)
03-15 18:11:37.007 30878 30878 E ActivityThread: Failed to find provider info for com.miui.personalassistant.widget.external
03-15 18:11:37.007 30878 30878 I FeatureAppWidget: VipPlayer: loadAnimate: playState=VipPlayerPlayState(isPlaying=null, isStar=null, progress=31965, max = 234782)
03-15 18:11:37.011  1032  1201 E SurfaceFlinger: isStylusTargetLayer notifyTargetLayerDisconnect in
03-15 18:11:37.022  1032  1201 E SurfaceFlinger: isStylusTargetLayer notifyTargetLayerDisconnect in
03-15 18:11:37.027  1032  3002 E SurfaceFlinger: isStylusTargetLayer notifyTargetLayerDisconnect in
03-15 18:11:37.034   840  8358 I btaudio_offload_qti: audio_get_a2dp_sink_latency_qti: Sink Latency = 0
03-15 18:11:37.035   840  8470 D DlbDap2Process: process() called [1509000] times with input channel mask 0x3 (ProcessingMode=1)
03-15 18:11:37.035   840  8470 W libc    : Access denied finding property "vendor.dolby.mi.metadata.log"
03-15 18:11:37.035  1032  1201 E SurfaceFlinger: isStylusTargetLayer notifyTargetLayerDisconnect in
03-15 18:11:37.035   840  8470 W libc    : Access denied finding property "vendor.dolby.mi.metadata.log"
03-15 18:11:37.035   840  8470 W libc    : Access denied finding property "vendor.dolby.mi.metadata.log"
03-15 18:11:37.036   840  8470 W libc    : Access denied finding property "vendor.dolby.mi.metadata.log"
03-15 18:11:37.036   840  8470 W libc    : Access denied finding property "vendor.dolby.mi.metadata.log"
03-15 18:11:37.036   840  8470 W libc    : Access denied finding property "vendor.dolby.mi.metadata.log"
03-15 18:11:37.036   840  8470 W libc    : Access denied finding property "vendor.dolby.mi.metadata.log"
03-15 18:11:37.036   840  8358 W libc    : Access denied finding property "hal.record.dump"
03-15 18:11:37.044  1032  1201 E SurfaceFlinger: isStylusTargetLayer notifyTargetLayerDisconnect in
03-15 18:11:37.050  1346 11916 W FLACDecoder: decodeOneFrame: no streaminfo metadata block
03-15 18:11:37.051  1346 11916 W FLACDecoder: decodeOneFrame: no streaminfo metadata block
03-15 18:11:37.052  1346 11916 W FLACDecoder: decodeOneFrame: no streaminfo metadata block
03-15 18:11:37.053  1032  1201 E SurfaceFlinger: isStylusTargetLayer notifyTargetLayerDisconnect in
03-15 18:11:37.054  1346 11916 W FLACDecoder: decodeOneFrame: no streaminfo metadata block
03-15 18:11:37.060  1032  1201 E SurfaceFlinger: isStylusTargetLayer notifyTargetLayerDisconnect in
03-15 18:11:37.069  1032  1201 E SurfaceFlinger: isStylusTargetLayer notifyTargetLayerDisconnect in
03-15 18:11:37.074   840  8358 I btaudio_offload_qti: audio_get_a2dp_sink_latency_qti: Sink Latency = 0
03-15 18:11:37.075   840  8470 W libc    : Access denied finding property "vendor.dolby.mi.metadata.log"
03-15 18:11:37.075   840  8470 W libc    : Access denied finding property "vendor.dolby.mi.metadata.log"
03-15 18:11:37.075   840  8470 W libc    : Access denied finding property "vendor.dolby.mi.metadata.log"
03-15 18:11:37.075   840  8470 W libc    : Access denied finding property "vendor.dolby.mi.metadata.log"
03-15 18:11:37.075   840  8470 W libc    : Access denied finding property "vendor.dolby.mi.metadata.log"
03-15 18:11:37.075   840  8470 W libc    : Access denied finding property "vendor.dolby.mi.metadata.log"
03-15 18:11:37.075   840  8470 W libc    : Access denied finding property "vendor.dolby.mi.metadata.log"
03-15 18:11:37.075   840  8470 W libc    : Access denied finding property "vendor.dolby.mi.metadata.log"
03-15 18:11:37.075   840  8358 W libc    : Access denied finding property "hal.record.dump"
03-15 18:11:37.078  1032  3002 E SurfaceFlinger: isStylusTargetLayer notifyTargetLayerDisconnect in
03-15 18:11:37.087  1032  3002 E SurfaceFlinger: isStylusTargetLayer notifyTargetLayerDisconnect in
03-15 18:11:37.088  2058  2058 W Settings: Setting airplane_mode_on has moved from android.provider.Settings.System to android.provider.Settings.Global, returning read-only value.
03-15 18:11:37.093  1032  3002 E SurfaceFlinger: isStylusTargetLayer notifyTargetLayerDisconnect in
03-15 18:11:37.098   999   999 W libc    : Access denied finding property "hwservicemanager.ready"
03-15 18:11:37.103  1032  3002 E SurfaceFlinger: isStylusTargetLayer notifyTargetLayerDisconnect in
03-15 18:11:37.111  1032  3002 E SurfaceFlinger: isStylusTargetLayer notifyTargetLayerDisconnect in
03-15 18:11:37.114   840  8358 I btaudio_offload_qti: audio_get_a2dp_sink_latency_qti: Sink Latency = 0
03-15 18:11:37.115   840  8470 W libc    : Access denied finding property "vendor.dolby.mi.metadata.log"
03-15 18:11:37.115   840  8470 W libc    : Access denied finding property "vendor.dolby.mi.metadata.log"
03-15 18:11:37.115   840  8470 W libc    : Access denied finding property "vendor.dolby.mi.metadata.log"
03-15 18:11:37.115   840  8470 W libc    : Access denied finding property "vendor.dolby.mi.metadata.log"
03-15 18:11:37.115   840  8470 W libc    : Access denied finding property "vendor.dolby.mi.metadata.log"
03-15 18:11:37.115   840  8470 W libc    : Access denied finding property "vendor.dolby.mi.metadata.log"
03-15 18:11:37.115   840  8470 W libc    : Access denied finding property "vendor.dolby.mi.metadata.log"
03-15 18:11:37.115   840  8358 W libc    : Access denied finding property "hal.record.dump"
03-15 18:11:37.116  2058  2058 W Settings: Setting airplane_mode_on has moved from android.provider.Settings.System to android.provider.Settings.Global, returning read-only value.
03-15 18:11:37.121  1032  3002 E SurfaceFlinger: isStylusTargetLayer notifyTargetLayerDisconnect in
03-15 18:11:37.127  1032  3002 E SurfaceFlinger: isStylusTargetLayer notifyTargetLayerDisconnect in
03-15 18:11:37.132  1346 11916 W FLACDecoder: decodeOneFrame: no streaminfo metadata block
03-15 18:11:37.132  1346 11916 W FLACDecoder: decodeOneFrame: no streaminfo metadata block
03-15 18:11:37.133  1346 11916 W FLACDecoder: decodeOneFrame: no streaminfo metadata block
03-15 18:11:37.134  1346 11916 W FLACDecoder: decodeOneFrame: no streaminfo metadata block
03-15 18:11:37.136  1032  3002 E SurfaceFlinger: isStylusTargetLayer notifyTargetLayerDisconnect in
03-15 18:11:37.145  1032  3002 E SurfaceFlinger: isStylusTargetLayer notifyTargetLayerDisconnect in
03-15 18:11:37.154   840  8358 I btaudio_offload_qti: audio_get_a2dp_sink_latency_qti: Sink Latency = 0
03-15 18:11:37.155   840  8470 W libc    : Access denied finding property "vendor.dolby.mi.metadata.log"
03-15 18:11:37.155  1032  3002 E SurfaceFlinger: isStylusTargetLayer notifyTargetLayerDisconnect in
03-15 18:11:37.155   840  8470 W libc    : Access denied finding property "vendor.dolby.mi.metadata.log"
03-15 18:11:37.155   840  8470 W libc    : Access denied finding property "vendor.dolby.mi.metadata.log"
03-15 18:11:37.155   840  8470 W libc    : Access denied finding property "vendor.dolby.mi.metadata.log"
03-15 18:11:37.155   840  8470 W libc    : Access denied finding property "vendor.dolby.mi.metadata.log"
03-15 18:11:37.155   840  8470 W libc    : Access denied finding property "vendor.dolby.mi.metadata.log"
03-15 18:11:37.156   840  8470 W libc    : Access denied finding property "vendor.dolby.mi.metadata.log"
03-15 18:11:37.156   840  8470 W libc    : Access denied finding property "vendor.dolby.mi.metadata.log"
03-15 18:11:37.156   840  8358 W libc    : Access denied finding property "hal.record.dump"
03-15 18:11:37.158  1032  3002 E SurfaceFlinger: isStylusTargetLayer notifyTargetLayerDisconnect in
03-15 18:11:37.161  1032  3002 E SurfaceFlinger: isStylusTargetLayer notifyTargetLayerDisconnect in
03-15 18:11:37.169  1032  3002 E SurfaceFlinger: isStylusTargetLayer notifyTargetLayerDisconnect in
03-15 18:11:37.179  1032  3002 E SurfaceFlinger: isStylusTargetLayer notifyTargetLayerDisconnect in
03-15 18:11:37.187  1032  3002 E SurfaceFlinger: isStylusTargetLayer notifyTargetLayerDisconnect in
03-15 18:11:37.193   840  8358 I btaudio_offload_qti: audio_get_a2dp_sink_latency_qti: Sink Latency = 0
03-15 18:11:37.194   840  8470 W libc    : Access denied finding property "vendor.dolby.mi.metadata.log"
03-15 18:11:37.194  1032  3002 E SurfaceFlinger: isStylusTargetLayer notifyTargetLayerDisconnect in
03-15 18:11:37.194   840  8470 W libc    : Access denied finding property "vendor.dolby.mi.metadata.log"
03-15 18:11:37.194   840  8470 W libc    : Access denied finding property "vendor.dolby.mi.metadata.log"
03-15 18:11:37.194   840  8470 W libc    : Access denied finding property "vendor.dolby.mi.metadata.log"
03-15 18:11:37.195   840  8470 W libc    : Access denied finding property "vendor.dolby.mi.metadata.log"
03-15 18:11:37.195   840  8470 W libc    : Access denied finding property "vendor.dolby.mi.metadata.log"
03-15 18:11:37.195   840  8470 W libc    : Access denied finding property "vendor.dolby.mi.metadata.log"
03-15 18:11:37.195   840  8358 W libc    : Access denied finding property "hal.record.dump"
03-15 18:11:37.198   999   999 W libc    : Access denied finding property "hwservicemanager.ready"
03-15 18:11:37.203  1032  3002 E SurfaceFlinger: isStylusTargetLayer notifyTargetLayerDisconnect in
03-15 18:11:37.211  1032  3002 E SurfaceFlinger: isStylusTargetLayer notifyTargetLayerDisconnect in
03-15 18:11:37.223  1032  3002 E SurfaceFlinger: isStylusTargetLayer notifyTargetLayerDisconnect in
03-15 18:11:37.231  1032  3002 E SurfaceFlinger: isStylusTargetLayer notifyTargetLayerDisconnect in
03-15 18:11:37.234   840  8358 I btaudio_offload_qti: audio_get_a2dp_sink_latency_qti: Sink Latency = 0
03-15 18:11:37.235   840  8470 W libc    : Access denied finding property "vendor.dolby.mi.metadata.log"
03-15 18:11:37.235   840  8470 W libc    : Access denied finding property "vendor.dolby.mi.metadata.log"
03-15 18:11:37.235   840  8470 W libc    : Access denied finding property "vendor.dolby.mi.metadata.log"
03-15 18:11:37.236   840  8470 W libc    : Access denied finding property "vendor.dolby.mi.metadata.log"
03-15 18:11:37.236   840  8470 W libc    : Access denied finding property "vendor.dolby.mi.metadata.log"
03-15 18:11:37.236   840  8470 W libc    : Access denied finding property "vendor.dolby.mi.metadata.log"
03-15 18:11:37.236  1032  3002 E SurfaceFlinger: isStylusTargetLayer notifyTargetLayerDisconnect in
03-15 18:11:37.236   840  8470 W libc    : Access denied finding property "vendor.dolby.mi.metadata.log"
03-15 18:11:37.236   840  8470 W libc    : Access denied finding property "vendor.dolby.mi.metadata.log"
03-15 18:11:37.237   840  8358 W libc    : Access denied finding property "hal.record.dump"
03-15 18:11:37.243  1346 11916 W FLACDecoder: decodeOneFrame: no streaminfo metadata block
03-15 18:11:37.244  1346 11916 W FLACDecoder: decodeOneFrame: no streaminfo metadata block
03-15 18:11:37.244  1032  3002 E SurfaceFlinger: isStylusTargetLayer notifyTargetLayerDisconnect in
03-15 18:11:37.245  1346 11916 W FLACDecoder: decodeOneFrame: no streaminfo metadata block
03-15 18:11:37.246  1346 11916 W FLACDecoder: decodeOneFrame: no streaminfo metadata block
03-15 18:11:37.253  1346 11916 W FLACDecoder: decodeOneFrame: no streaminfo metadata block
03-15 18:11:37.254  1032  3002 E SurfaceFlinger: isStylusTargetLayer notifyTargetLayerDisconnect in
03-15 18:11:37.260  1032  3002 E SurfaceFlinger: isStylusTargetLayer notifyTargetLayerDisconnect in
03-15 18:11:37.269  1032  1201 E SurfaceFlinger: isStylusTargetLayer notifyTargetLayerDisconnect in
03-15 18:11:37.273   840  8358 I btaudio_offload_qti: audio_get_a2dp_sink_latency_qti: Sink Latency = 0
03-15 18:11:37.274   840  8470 W libc    : Access denied finding property "vendor.dolby.mi.metadata.log"
03-15 18:11:37.274   840  8470 W libc    : Access denied finding property "vendor.dolby.mi.metadata.log"
03-15 18:11:37.274   840  8470 W libc    : Access denied finding property "vendor.dolby.mi.metadata.log"
03-15 18:11:37.275   840  8470 W libc    : Access denied finding property "vendor.dolby.mi.metadata.log"
03-15 18:11:37.275   840  8470 W libc    : Access denied finding property "vendor.dolby.mi.metadata.log"
03-15 18:11:37.275   840  8470 W libc    : Access denied finding property "vendor.dolby.mi.metadata.log"
03-15 18:11:37.275   840  8470 W libc    : Access denied finding property "vendor.dolby.mi.metadata.log"
03-15 18:11:37.275   840  8358 W libc    : Access denied finding property "hal.record.dump"
03-15 18:11:37.277  1032  1201 E SurfaceFlinger: isStylusTargetLayer notifyTargetLayerDisconnect in
03-15 18:11:37.286  1032  1201 E SurfaceFlinger: isStylusTargetLayer notifyTargetLayerDisconnect in
03-15 18:11:37.293  1032  1201 E SurfaceFlinger: isStylusTargetLayer notifyTargetLayerDisconnect in
03-15 18:11:37.298   999   999 W libc    : Access denied finding property "hwservicemanager.ready"
03-15 18:11:37.304  1032  1201 E SurfaceFlinger: isStylusTargetLayer notifyTargetLayerDisconnect in
03-15 18:11:37.311  1032  1201 E SurfaceFlinger: isStylusTargetLayer notifyTargetLayerDisconnect in
03-15 18:11:37.313   840  8358 I btaudio_offload_qti: audio_get_a2dp_sink_latency_qti: Sink Latency = 0
03-15 18:11:37.314   840  8470 W libc    : Access denied finding property "vendor.dolby.mi.metadata.log"
03-15 18:11:37.314   840  8470 W libc    : Access denied finding property "vendor.dolby.mi.metadata.log"
03-15 18:11:37.314   840  8470 W libc    : Access denied finding property "vendor.dolby.mi.metadata.log"
03-15 18:11:37.314   840  8470 W libc    : Access denied finding property "vendor.dolby.mi.metadata.log"
03-15 18:11:37.314   840  8470 W libc    : Access denied finding property "vendor.dolby.mi.metadata.log"
03-15 18:11:37.314   840  8470 W libc    : Access denied finding property "vendor.dolby.mi.metadata.log"
03-15 18:11:37.314   840  8470 W libc    : Access denied finding property "vendor.dolby.mi.metadata.log"
03-15 18:11:37.314   840  8470 W libc    : Access denied finding property "vendor.dolby.mi.metadata.log"
03-15 18:11:37.315   840  8358 W libc    : Access denied finding property "hal.record.dump"
03-15 18:11:37.321  1032  1201 E SurfaceFlinger: isStylusTargetLayer notifyTargetLayerDisconnect in
03-15 18:11:37.328  1032  3002 E SurfaceFlinger: isStylusTargetLayer notifyTargetLayerDisconnect in
03-15 18:11:37.333  1346 11916 W FLACDecoder: decodeOneFrame: no streaminfo metadata block
03-15 18:11:37.334  1346 11916 W FLACDecoder: decodeOneFrame: no streaminfo metadata block
03-15 18:11:37.334  1346 11916 W FLACDecoder: decodeOneFrame: no streaminfo metadata block
03-15 18:11:37.335  1346 11916 W FLACDecoder: decodeOneFrame: no streaminfo metadata block
03-15 18:11:37.336  1032  3002 E SurfaceFlinger: isStylusTargetLayer notifyTargetLayerDisconnect in
03-15 18:11:37.344  1032  3002 E SurfaceFlinger: isStylusTargetLayer notifyTargetLayerDisconnect in
03-15 18:11:37.353   840  8358 I btaudio_offload_qti: audio_get_a2dp_sink_latency_qti: Sink Latency = 0
03-15 18:11:37.354   840  8470 W libc    : Access denied finding property "vendor.dolby.mi.metadata.log"
03-15 18:11:37.354   840  8470 W libc    : Access denied finding property "vendor.dolby.mi.metadata.log"
03-15 18:11:37.354   840  8470 W libc    : Access denied finding property "vendor.dolby.mi.metadata.log"
03-15 18:11:37.354   840  8470 W libc    : Access denied finding property "vendor.dolby.mi.metadata.log"
03-15 18:11:37.354   840  8470 W libc    : Access denied finding property "vendor.dolby.mi.metadata.log"
03-15 18:11:37.355   840  8470 W libc    : Access denied finding property "vendor.dolby.mi.metadata.log"
03-15 18:11:37.355   840  8470 W libc    : Access denied finding property "vendor.dolby.mi.metadata.log"
03-15 18:11:37.355  1032  3002 E SurfaceFlinger: isStylusTargetLayer notifyTargetLayerDisconnect in
03-15 18:11:37.355   840  8358 W libc    : Access denied finding property "hal.record.dump"
03-15 18:11:37.362  1032  3002 E SurfaceFlinger: isStylusTargetLayer notifyTargetLayerDisconnect in
03-15 18:11:37.370  1032  3002 E SurfaceFlinger: isStylusTargetLayer notifyTargetLayerDisconnect in
03-15 18:11:37.377  1032  3002 E SurfaceFlinger: isStylusTargetLayer notifyTargetLayerDisconnect in
03-15 18:11:37.387  1032  3002 E SurfaceFlinger: isStylusTargetLayer notifyTargetLayerDisconnect in
03-15 18:11:37.393  1032  3002 E SurfaceFlinger: isStylusTargetLayer notifyTargetLayerDisconnect in
03-15 18:11:37.398   999   999 W libc    : Access denied finding property "hwservicemanager.ready"
03-15 18:11:37.402   840  8358 I btaudio_offload_qti: audio_get_a2dp_sink_latency_qti: Sink Latency = 0
03-15 18:11:37.402  1032  3002 E SurfaceFlinger: isStylusTargetLayer notifyTargetLayerDisconnect in
03-15 18:11:37.402   840  8470 W libc    : Access denied finding property "vendor.dolby.mi.metadata.log"
03-15 18:11:37.403   840  8470 W libc    : Access denied finding property "vendor.dolby.mi.metadata.log"
03-15 18:11:37.403   840  8470 W libc    : Access denied finding property "vendor.dolby.mi.metadata.log"
03-15 18:11:37.403   840  8470 W libc    : Access denied finding property "vendor.dolby.mi.metadata.log"
03-15 18:11:37.403   840  8470 W libc    : Access denied finding property "vendor.dolby.mi.metadata.log"
03-15 18:11:37.403   840  8470 W libc    : Access denied finding property "vendor.dolby.mi.metadata.log"
03-15 18:11:37.403   840  8470 W libc    : Access denied finding property "vendor.dolby.mi.metadata.log"
03-15 18:11:37.403   840  8470 W libc    : Access denied finding property "vendor.dolby.mi.metadata.log"
03-15 18:11:37.404   840  8358 W libc    : Access denied finding property "hal.record.dump"
03-15 18:11:37.410  1032  3002 E SurfaceFlinger: isStylusTargetLayer notifyTargetLayerDisconnect in
03-15 18:11:37.415  1346 11916 W FLACDecoder: decodeOneFrame: no streaminfo metadata block
03-15 18:11:37.415  1346 11916 W FLACDecoder: decodeOneFrame: no streaminfo metadata block
03-15 18:11:37.416  1346 11916 W FLACDecoder: decodeOneFrame: no streaminfo metadata block
03-15 18:11:37.417  1346 11916 W FLACDecoder: decodeOneFrame: no streaminfo metadata block
03-15 18:11:37.419  1032  3002 E SurfaceFlinger: isStylusTargetLayer notifyTargetLayerDisconnect in
03-15 18:11:37.427  1032  3002 E SurfaceFlinger: isStylusTargetLayer notifyTargetLayerDisconnect in
03-15 18:11:37.436  1032  3002 E SurfaceFlinger: isStylusTargetLayer notifyTargetLayerDisconnect in
03-15 18:11:37.442   840  8358 I btaudio_offload_qti: audio_get_a2dp_sink_latency_qti: Sink Latency = 0
03-15 18:11:37.442   840  8470 W libc    : Access denied finding property "vendor.dolby.mi.metadata.log"
03-15 18:11:37.443   840  8470 W libc    : Access denied finding property "vendor.dolby.mi.metadata.log"
03-15 18:11:37.443   840  8470 W libc    : Access denied finding property "vendor.dolby.mi.metadata.log"
03-15 18:11:37.443   840  8470 W libc    : Access denied finding property "vendor.dolby.mi.metadata.log"
03-15 18:11:37.444   840  8470 W libc    : Access denied finding property "vendor.dolby.mi.metadata.log"
03-15 18:11:37.444  1032  3002 E SurfaceFlinger: isStylusTargetLayer notifyTargetLayerDisconnect in
03-15 18:11:37.444   840  8470 W libc    : Access denied finding property "vendor.dolby.mi.metadata.log"
03-15 18:11:37.444   840  8470 W libc    : Access denied finding property "vendor.dolby.mi.metadata.log"
03-15 18:11:37.449   840  8358 W libc    : Access denied finding property "hal.record.dump"
03-15 18:11:37.453  1032  3002 E SurfaceFlinger: isStylusTargetLayer notifyTargetLayerDisconnect in
03-15 18:11:37.461  1032  3002 E SurfaceFlinger: isStylusTargetLayer notifyTargetLayerDisconnect in
03-15 18:11:37.469  1032  3002 E SurfaceFlinger: isStylusTargetLayer notifyTargetLayerDisconnect in
03-15 18:11:37.477  1032  3002 E SurfaceFlinger: isStylusTargetLayer notifyTargetLayerDisconnect in
03-15 18:11:37.482   840  8358 I btaudio_offload_qti: audio_get_a2dp_sink_latency_qti: Sink Latency = 0
03-15 18:11:37.482   840  8470 W libc    : Access denied finding property "vendor.dolby.mi.metadata.log"
03-15 18:11:37.482   840  8470 W libc    : Access denied finding property "vendor.dolby.mi.metadata.log"
03-15 18:11:37.482   840  8470 W libc    : Access denied finding property "vendor.dolby.mi.metadata.log"
03-15 18:11:37.482   840  8470 W libc    : Access denied finding property "vendor.dolby.mi.metadata.log"
03-15 18:11:37.482   840  8470 W libc    : Access denied finding property "vendor.dolby.mi.metadata.log"
03-15 18:11:37.483   840  8470 W libc    : Access denied finding property "vendor.dolby.mi.metadata.log"
03-15 18:11:37.483   840  8470 W libc    : Access denied finding property "vendor.dolby.mi.metadata.log"
03-15 18:11:37.483   840  8470 W libc    : Access denied finding property "vendor.dolby.mi.metadata.log"
03-15 18:11:37.483   840  8358 W libc    : Access denied finding property "hal.record.dump"
03-15 18:11:37.487  1032  3002 E SurfaceFlinger: isStylusTargetLayer notifyTargetLayerDisconnect in
03-15 18:11:37.494  1032  1201 E SurfaceFlinger: isStylusTargetLayer notifyTargetLayerDisconnect in
03-15 18:11:37.498   999   999 W libc    : Access denied finding property "hwservicemanager.ready"
03-15 18:11:37.503  1032  1201 E SurfaceFlinger: isStylusTargetLayer notifyTargetLayerDisconnect in
03-15 18:11:37.511  1032  1201 E SurfaceFlinger: isStylusTargetLayer notifyTargetLayerDisconnect in
03-15 18:11:37.520 17158 17288 V MSF.C.MSFCore[@PS]: [Event] MSFPacketStatistics.cpp(300)::DoCheckRequestTimeout->current rtts:78.264
03-15 18:11:37.521  1032  1201 E SurfaceFlinger: isStylusTargetLayer notifyTargetLayerDisconnect in
03-15 18:11:37.522   840  8358 I btaudio_offload_qti: audio_get_a2dp_sink_latency_qti: Sink Latency = 0
03-15 18:11:37.523   840  8470 W libc    : Access denied finding property "vendor.dolby.mi.metadata.log"
03-15 18:11:37.519   840   840 W effect  : type=1400 audit(0.0:1870041): avc:  denied  { read } for  name="u:object_r:vendor_dolby_prop:s0" dev="tmpfs" ino=11682 scontext=u:r:hal_audio_default:s0 tcontext=u:object_r:vendor_dolby_prop:s0 tclass=file permissive=0
03-15 18:11:37.523   840  8470 W libc    : Access denied finding property "vendor.dolby.mi.metadata.log"
03-15 18:11:37.519   840   840 W effect  : type=1400 audit(0.0:1870042): avc:  denied  { read } for  name="u:object_r:vendor_dolby_prop:s0" dev="tmpfs" ino=11682 scontext=u:r:hal_audio_default:s0 tcontext=u:object_r:vendor_dolby_prop:s0 tclass=file permissive=0
03-15 18:11:37.523   840  8470 W libc    : Access denied finding property "vendor.dolby.mi.metadata.log"
03-15 18:11:37.523   840  8470 W libc    : Access denied finding property "vendor.dolby.mi.metadata.log"
03-15 18:11:37.519   840   840 W effect  : type=1400 audit(0.0:1870043): avc:  denied  { read } for  name="u:object_r:vendor_dolby_prop:s0" dev="tmpfs" ino=11682 scontext=u:r:hal_audio_default:s0 tcontext=u:object_r:vendor_dolby_prop:s0 tclass=file permissive=0
03-15 18:11:37.523   840  8470 W libc    : Access denied finding property "vendor.dolby.mi.metadata.log"
03-15 18:11:37.519   840   840 W effect  : type=1400 audit(0.0:1870044): avc:  denied  { read } for  name="u:object_r:vendor_dolby_prop:s0" dev="tmpfs" ino=11682 scontext=u:r:hal_audio_default:s0 tcontext=u:object_r:vendor_dolby_prop:s0 tclass=file permissive=0
03-15 18:11:37.523   840   840 W effect  : type=1400 audit(0.0:1870045): avc:  denied  { read } for  name="u:object_r:vendor_dolby_prop:s0" dev="tmpfs" ino=11682 scontext=u:r:hal_audio_default:s0 tcontext=u:object_r:vendor_dolby_prop:s0 tclass=file permissive=0
03-15 18:11:37.523   840  8470 W libc    : Access denied finding property "vendor.dolby.mi.metadata.log"
03-15 18:11:37.524   840  8470 W libc    : Access denied finding property "vendor.dolby.mi.metadata.log"
03-15 18:11:37.524   840  8358 W libc    : Access denied finding property "hal.record.dump"
03-15 18:11:37.528  1346 11916 W FLACDecoder: decodeOneFrame: no streaminfo metadata block
03-15 18:11:37.529  1346 11916 W FLACDecoder: decodeOneFrame: no streaminfo metadata block
03-15 18:11:37.529  1032  1201 E SurfaceFlinger: isStylusTargetLayer notifyTargetLayerDisconnect in
03-15 18:11:37.530  1346 11916 W FLACDecoder: decodeOneFrame: no streaminfo metadata block
03-15 18:11:37.531  1346 11916 W FLACDecoder: decodeOneFrame: no streaminfo metadata block
03-15 18:11:37.536  1032  1201 E SurfaceFlinger: isStylusTargetLayer notifyTargetLayerDisconnect in
03-15 18:11:37.538  1346 11916 W FLACDecoder: decodeOneFrame: no streaminfo metadata block
03-15 18:11:37.540   999   999 W HidlServiceManagement: Waited for hwservicemanager.ready for a second, waiting another...
03-15 18:11:37.540   999   999 W libc    : Access denied finding property "hwservicemanager.ready"
03-15 18:11:37.540   999   999 W libc    : Access denied finding property "hwservicemanager.ready"
