03-15 18:08:58.922 30878 30878 E ActivityThread: Failed to find provider info for com.miui.personalassistant.widget.external
03-15 18:08:59.315  1474  1612 D WindowManager: ondown, touch down!
03-15 18:08:59.590  1474  1612 D WindowManager: onup, touch up!
03-15 18:08:59.593  1474  1924 D AlarmManager: alarms fired, need delivery
03-15 18:08:59.594  1474  1924 D AlarmManager: final first Wakeup:28822239 now: 28806684 isInNightMode:false
03-15 18:08:59.594  1474  1474 D AlarmManager: final first Wakeup:28822239 now: 28806685 isInNightMode:false
03-15 18:08:59.605  1474  1910 D CompatibilityChangeReporter: Compat change id reported: 265195908; UID 10317; state: ENABLED
03-15 18:08:59.616  1474  1474 D CompatibilityChangeReporter: Compat change id reported: 218533173; UID 10317; state: ENABLED
03-15 18:08:59.616  1474  1474 D CompatibilityChangeReporter: Compat change id reported: 262645982; UID 10317; state: DISABLED
03-15 18:08:59.616  1474  1474 D CompatibilityChangeReporter: Compat change id reported: 171306433; UID 10317; state: ENABLED
03-15 18:08:59.616  1474  1474 D CompatibilityChangeReporter: Compat change id reported: 226439802; UID 10317; state: ENABLED
03-15 18:08:59.619  1474  1474 D AlarmManager: final first Wakeup:28822239 now: 28806709 isInNightMode:false
03-15 18:08:59.619  1474  1474 D AlarmManager: final first Wakeup:28822239 now: 28806709 isInNightMode:false
03-15 18:08:59.627  1474  8237 D AppOps  : recordOpsBehaviorForZui() called with: code = [214], uid = [10144], packageName = [com.android.vending], attributionTag = [null], mode = [0]
03-15 18:08:59.740  1474  1612 D WindowManager: ondown, touch down!
03-15 18:08:59.798  1474  1612 D WindowManager: onup, touch up!
03-15 18:08:59.952 30878 30878 E ActivityThread: Failed to find provider info for com.miui.personalassistant.widget.external
03-15 18:08:59.999  1474  1924 D AlarmManager: alarms fired, need delivery
03-15 18:09:00.000  1474  1924 D AlarmManager: final first Wakeup:28822239 now: 28807090 isInNightMode:false
03-15 18:09:00.000  1474  1924 D AlarmManager: final first Wakeup:28822239 now: 28807090 isInNightMode:false
03-15 18:09:00.009  1474 11974 W BatteryExternalStatsWorker: error reading modem stats:ERROR_INVALID_INFO_RECEIVED
03-15 18:09:00.014  1474  1651 E KernelCpuSpeedReader: Failed to read cpu-freq: /sys/devices/system/cpu/cpu7/cpufreq/stats/time_in_state: open failed: ENOENT (No such file or directory)
03-15 18:09:00.014  1474  1651 E KernelCpuSpeedReader: Failed to read cpu-freq: /sys/devices/system/cpu/cpu4/cpufreq/stats/time_in_state: open failed: ENOENT (No such file or directory)
03-15 18:09:00.014  1474  1651 E KernelCpuSpeedReader: Failed to read cpu-freq: /sys/devices/system/cpu/cpu0/cpufreq/stats/time_in_state: open failed: ENOENT (No such file or directory)
03-15 18:09:00.034  1474 13234 W BatteryExternalStatsWorker: error reading modem stats:ERROR_INVALID_INFO_RECEIVED
03-15 18:09:00.035  1474  1651 E KernelCpuSpeedReader: Failed to read cpu-freq: /sys/devices/system/cpu/cpu7/cpufreq/stats/time_in_state: open failed: ENOENT (No such file or directory)
03-15 18:09:00.035  1474  1651 E KernelCpuSpeedReader: Failed to read cpu-freq: /sys/devices/system/cpu/cpu4/cpufreq/stats/time_in_state: open failed: ENOENT (No such file or directory)
03-15 18:09:00.035  1474  1651 E KernelCpuSpeedReader: Failed to read cpu-freq: /sys/devices/system/cpu/cpu0/cpufreq/stats/time_in_state: open failed: ENOENT (No such file or directory)
03-15 18:09:00.957 30878 30878 E ActivityThread: Failed to find provider info for com.miui.personalassistant.widget.external
03-15 18:09:01.032  1474  1612 D WindowManager: ondown, touch down!
03-15 18:09:01.098  1474  1612 D WindowManager: onup, touch up!
03-15 18:09:01.109 11133 11133 D WindowManagerImpl: addView displayId=0 0
03-15 18:09:01.109 11133 11133 D WindowManagerImpl: addView displayId33= 0
03-15 18:09:01.112  1474 13234 D WindowManager: Changing focus from Window{98a7d77 u0 com.example.mymusic/com.example.mymusic.MainActivity} to Window{3d74d3d u0 弹出式窗口} displayId=0 Callers=com.android.server.wm.RootWindowContainer.updateFocusedWindowLocked:503 com.android.server.wm.WindowManagerService.updateFocusedWindowLocked:6584 com.android.server.wm.WindowManagerService.addWindow:1936 com.android.server.wm.Session.addToDisplayAsUser:221 
03-15 18:09:01.113  1474 13234 I WindowManager: focus change setInputFocusLw : Window{3d74d3d u0 弹出式窗口},display Id:0
03-15 18:09:01.113  1474 13234 I OvCameraRotation: camera activity:null fullScreen:false canResizeTask:false isEmbedded:false display:0 pcMode:false
03-15 18:09:01.113  1474  1615 V WindowManager: Focus not requested for window=Window{3d74d3d u0 弹出式窗口} because it has no surface or is not focusable.
03-15 18:09:01.135  1474 13234 D CoreBackPreview: Window{3d74d3d u0 弹出式窗口}: Setting back callback OnBackInvokedCallbackInfo{mCallback=android.window.IOnBackInvokedCallback$Stub$Proxy@c8dac2c, mPriority=0, mIsAnimationCallback=false}
03-15 18:09:01.139  1474 13234 I WindowManager: Window{3d74d3d u0 弹出式窗口} state from NO_SURFACE to DRAW_PENDING; reason: resetDrawState
03-15 18:09:01.142  1474 13234 I OvCameraRotation: camera activity:null fullScreen:false canResizeTask:false isEmbedded:false display:0 pcMode:false
03-15 18:09:01.160  1474  2495 I WindowManager: Window{3d74d3d u0 弹出式窗口} state from DRAW_PENDING to COMMIT_DRAW_PENDING; reason: finishDrawingLocked
03-15 18:09:01.160  1474  1615 I WindowManager: Window{3d74d3d u0 弹出式窗口} state from COMMIT_DRAW_PENDING to READY_TO_SHOW; reason: commitFinishDrawingLocked
03-15 18:09:01.160  1474  1615 D ActivityTaskManager: SplashScreen not transfer special !!!
03-15 18:09:01.160  1474  1615 I WindowManager: Window{3d74d3d u0 弹出式窗口} state from READY_TO_SHOW to HAS_DRAWN; reason: performShowLocked
03-15 18:09:01.164  1474  1615 D ActivityTaskManager: SplashScreen not transfer special !!!
03-15 18:09:01.164  1474  1615 D ActivityTaskManager: SplashScreen not transfer special !!!
03-15 18:09:01.174  1474  1474 D UiModeManager: updateConfigurationLocked: mDockState=0; mCarMode=false; mNightMode=2; mZuiNightModeOverride=2; mPowerSave=false; isTestMode=false; uiMode=33
03-15 18:09:01.174  2058  2058 D PowerUI : onReceive to showplugged=true buckert==1mcaharge==true level==81 chargrate=0oldpluge==true
03-15 18:09:01.175  2058  3399 D PowerUI : can't show warning due to - plugged: true status unknown: false
03-15 18:09:01.175  2058  3399 I PowerUI.Notification: dismissing low battery notification
03-15 18:09:01.175  1474  2495 I OvCameraRotation: camera activity:null fullScreen:false canResizeTask:false isEmbedded:false display:0 pcMode:false
03-15 18:09:01.187  1474  2495 I OvCameraRotation: camera activity:null fullScreen:false canResizeTask:false isEmbedded:false display:0 pcMode:false
03-15 18:09:01.194 11133 11133 D OvcEditorInfoUtils[OV_IME]: bindActivityTokenIfNeeded, create extras for pkgName: com.example.mymusic
03-15 18:09:01.425  2558  4933 W Binder  : BinderDebug: reply too large data on java level: InterfaceDescriptor=null calling uid=1000 pid=0 code=1(null) size=1056768
03-15 18:09:01.507  1474  1474 D UiModeManager: updateConfigurationLocked: mDockState=0; mCarMode=false; mNightMode=2; mZuiNightModeOverride=2; mPowerSave=false; isTestMode=false; uiMode=33
03-15 18:09:01.507  2058  2058 D PowerUI : onReceive to showplugged=true buckert==1mcaharge==true level==81 chargrate=0oldpluge==true
03-15 18:09:01.507  2058  3402 D PowerUI : can't show warning due to - plugged: true status unknown: false
03-15 18:09:01.507  2058  3402 I PowerUI.Notification: dismissing low battery notification
03-15 18:09:01.633  1474  1612 D WindowManager: ondown, touch down!
03-15 18:09:01.655  1474 13234 I OvCameraRotation: camera activity:null fullScreen:false canResizeTask:false isEmbedded:false display:0 pcMode:false
03-15 18:09:01.690  1474  1612 D WindowManager: onup, touch up!
03-15 18:09:01.811  1474 13234 D CoreBackPreview: Window{3d74d3d u0 弹出式窗口}: Setting back callback null
03-15 18:09:01.813  1474 13234 I WindowManager: Window{3d74d3d u0 弹出式窗口} state from HAS_DRAWN to NO_SURFACE; reason: destroySurface
03-15 18:09:01.813  1474 13234 W WindowManager: for OneVision debug destroySurface:Window{3d74d3d u0 弹出式窗口} caller:com.android.server.wm.WindowStateAnimator.destroySurfaceLocked:395 com.android.server.wm.WindowState.removeImmediately:2451 com.android.server.wm.WindowState.removeIfPossible:2615 com.android.server.wm.WindowManagerService.removeWindow:2277 com.android.server.wm.Session.remove:238 
03-15 18:09:01.813  1474 13234 D WindowManager: setParent old=Window{98a7d77 u0 com.example.mymusic/com.example.mymusic.MainActivity},new=null,this window=Window{3d74d3d u0 弹出式窗口},callers=com.android.server.wm.WindowContainer.removeChild:813 com.android.server.wm.WindowContainer.removeImmediately:871 com.android.server.wm.WindowState.removeImmediately:2455 com.android.server.wm.WindowState.removeIfPossible:2615 com.android.server.wm.WindowManagerService.removeWindow:2277 com.android.server.wm.Session.remove:238 
03-15 18:09:01.815  1474 13234 I OvCameraRotation: camera activity:null fullScreen:false canResizeTask:false isEmbedded:false display:0 pcMode:false
03-15 18:09:01.816  1474 13234 D WindowManager: Changing focus from Window{3d74d3d u0 弹出式窗口} to Window{98a7d77 u0 com.example.mymusic/com.example.mymusic.MainActivity} displayId=0 Callers=com.android.server.wm.RootWindowContainer.updateFocusedWindowLocked:503 com.android.server.wm.WindowManagerService.updateFocusedWindowLocked:6584 com.android.server.wm.WindowState.removeIfPossible:2627 com.android.server.wm.WindowManagerService.removeWindow:2277 
03-15 18:09:01.816  1474 13234 I WindowManager: setInputFocusLw : Window{98a7d77 u0 com.example.mymusic/com.example.mymusic.MainActivity},display Id:0
03-15 18:09:01.818  1474  1614 V WindowManager: Unknown focus tokens, dropping reportFocusChanged
03-15 18:09:01.958 30878 30878 E ActivityThread: Failed to find provider info for com.miui.personalassistant.widget.external
03-15 18:09:02.416  1474  1612 D WindowManager: ondown, touch down!
03-15 18:09:02.482  1474  1612 D WindowManager: onup, touch up!
03-15 18:09:02.491 11133 11133 D WindowManagerImpl: addView displayId=0 0
03-15 18:09:02.491 11133 11133 D WindowManagerImpl: addView displayId33= 0
03-15 18:09:02.494  1474 13234 D WindowManager: Changing focus from Window{98a7d77 u0 com.example.mymusic/com.example.mymusic.MainActivity} to Window{c866b66 u0 弹出式窗口} displayId=0 Callers=com.android.server.wm.RootWindowContainer.updateFocusedWindowLocked:503 com.android.server.wm.WindowManagerService.updateFocusedWindowLocked:6584 com.android.server.wm.WindowManagerService.addWindow:1936 com.android.server.wm.Session.addToDisplayAsUser:221 
03-15 18:09:02.495  1474 13234 I WindowManager: focus change setInputFocusLw : Window{c866b66 u0 弹出式窗口},display Id:0
03-15 18:09:02.495  1474 13234 I OvCameraRotation: camera activity:null fullScreen:false canResizeTask:false isEmbedded:false display:0 pcMode:false
03-15 18:09:02.496  1474  1615 V WindowManager: Focus not requested for window=Window{c866b66 u0 弹出式窗口} because it has no surface or is not focusable.
03-15 18:09:02.517  1474 13234 D CoreBackPreview: Window{c866b66 u0 弹出式窗口}: Setting back callback OnBackInvokedCallbackInfo{mCallback=android.window.IOnBackInvokedCallback$Stub$Proxy@d053cc0, mPriority=0, mIsAnimationCallback=false}
03-15 18:09:02.525  1474 13234 I WindowManager: Window{c866b66 u0 弹出式窗口} state from NO_SURFACE to DRAW_PENDING; reason: resetDrawState
03-15 18:09:02.527  1474 13234 I OvCameraRotation: camera activity:null fullScreen:false canResizeTask:false isEmbedded:false display:0 pcMode:false
03-15 18:09:02.548  1474 13234 I WindowManager: Window{c866b66 u0 弹出式窗口} state from DRAW_PENDING to COMMIT_DRAW_PENDING; reason: finishDrawingLocked
03-15 18:09:02.548  1474  1615 I WindowManager: Window{c866b66 u0 弹出式窗口} state from COMMIT_DRAW_PENDING to READY_TO_SHOW; reason: commitFinishDrawingLocked
03-15 18:09:02.548  1474  1615 D ActivityTaskManager: SplashScreen not transfer special !!!
03-15 18:09:02.548  1474  1615 I WindowManager: Window{c866b66 u0 弹出式窗口} state from READY_TO_SHOW to HAS_DRAWN; reason: performShowLocked
03-15 18:09:02.556  1474  1615 D ActivityTaskManager: SplashScreen not transfer special !!!
03-15 18:09:02.556  1474  1615 D ActivityTaskManager: SplashScreen not transfer special !!!
03-15 18:09:02.560  1474 13234 I OvCameraRotation: camera activity:null fullScreen:false canResizeTask:false isEmbedded:false display:0 pcMode:false
03-15 18:09:02.574  1474 13234 I OvCameraRotation: camera activity:null fullScreen:false canResizeTask:false isEmbedded:false display:0 pcMode:false
03-15 18:09:02.580 11133 11133 D OvcEditorInfoUtils[OV_IME]: bindActivityTokenIfNeeded, create extras for pkgName: com.example.mymusic
03-15 18:09:02.965 30878 30878 E ActivityThread: Failed to find provider info for com.miui.personalassistant.widget.external
03-15 18:09:02.992  1474  1612 D WindowManager: ondown, touch down!
03-15 18:09:03.010  1474 11974 I OvCameraRotation: camera activity:null fullScreen:false canResizeTask:false isEmbedded:false display:0 pcMode:false
03-15 18:09:03.041  1474  1612 D WindowManager: onup, touch up!
03-15 18:09:03.168  1474 11974 D CoreBackPreview: Window{c866b66 u0 弹出式窗口}: Setting back callback null
03-15 18:09:03.173  1474 11974 I WindowManager: Window{c866b66 u0 弹出式窗口} state from HAS_DRAWN to NO_SURFACE; reason: destroySurface
03-15 18:09:03.173  1474 11974 W WindowManager: for OneVision debug destroySurface:Window{c866b66 u0 弹出式窗口} caller:com.android.server.wm.WindowStateAnimator.destroySurfaceLocked:395 com.android.server.wm.WindowState.removeImmediately:2451 com.android.server.wm.WindowState.removeIfPossible:2615 com.android.server.wm.WindowManagerService.removeWindow:2277 com.android.server.wm.Session.remove:238 
03-15 18:09:03.173  1474 11974 D WindowManager: setParent old=Window{98a7d77 u0 com.example.mymusic/com.example.mymusic.MainActivity},new=null,this window=Window{c866b66 u0 弹出式窗口},callers=com.android.server.wm.WindowContainer.removeChild:813 com.android.server.wm.WindowContainer.removeImmediately:871 com.android.server.wm.WindowState.removeImmediately:2455 com.android.server.wm.WindowState.removeIfPossible:2615 com.android.server.wm.WindowManagerService.removeWindow:2277 com.android.server.wm.Session.remove:238 
03-15 18:09:03.176  1474 11974 I OvCameraRotation: camera activity:null fullScreen:false canResizeTask:false isEmbedded:false display:0 pcMode:false
03-15 18:09:03.176  1474 11974 D WindowManager: Changing focus from Window{c866b66 u0 弹出式窗口} to Window{98a7d77 u0 com.example.mymusic/com.example.mymusic.MainActivity} displayId=0 Callers=com.android.server.wm.RootWindowContainer.updateFocusedWindowLocked:503 com.android.server.wm.WindowManagerService.updateFocusedWindowLocked:6584 com.android.server.wm.WindowState.removeIfPossible:2627 com.android.server.wm.WindowManagerService.removeWindow:2277 
03-15 18:09:03.177  1474 11974 I WindowManager: setInputFocusLw : Window{98a7d77 u0 com.example.mymusic/com.example.mymusic.MainActivity},display Id:0
03-15 18:09:03.185  1474  1614 V WindowManager: Unknown focus tokens, dropping reportFocusChanged
03-15 18:09:03.994 30878 30878 E ActivityThread: Failed to find provider info for com.miui.personalassistant.widget.external
03-15 18:09:05.002 30878 30878 E ActivityThread: Failed to find provider info for com.miui.personalassistant.widget.external
03-15 18:09:06.005 30878 30878 E ActivityThread: Failed to find provider info for com.miui.personalassistant.widget.external
03-15 18:09:07.008 30878 30878 E ActivityThread: Failed to find provider info for com.miui.personalassistant.widget.external
03-15 18:09:08.038 30878 30878 E ActivityThread: Failed to find provider info for com.miui.personalassistant.widget.external
03-15 18:09:09.047 30878 30878 E ActivityThread: Failed to find provider info for com.miui.personalassistant.widget.external
03-15 18:09:09.652  2058  2058 D PowerUI : onReceive to showplugged=true buckert==1mcaharge==true level==81 chargrate=0oldpluge==true
03-15 18:09:09.652  2058  3403 D PowerUI : can't show warning due to - plugged: true status unknown: false
03-15 18:09:09.652  2058  3403 I PowerUI.Notification: dismissing low battery notification
03-15 18:09:09.653  1474  1474 D UiModeManager: updateConfigurationLocked: mDockState=0; mCarMode=false; mNightMode=2; mZuiNightModeOverride=2; mPowerSave=false; isTestMode=false; uiMode=33
03-15 18:09:10.053 30878 30878 E ActivityThread: Failed to find provider info for com.miui.personalassistant.widget.external
03-15 18:09:10.181  1474 11974 W ProcessStats: Tracking association SourceState{bd27747 com.zui.launchersdk/10058 BFgs #31074} whose proc state 4 is better than process ProcessState{9bb7cb9 com.zui.deviceidservice/10074 pkg=com.zui.deviceidservice} proc state 10 (82 skipped)
03-15 18:09:11.088 30878 30878 E ActivityThread: Failed to find provider info for com.miui.personalassistant.widget.external
03-15 18:09:12.090 30878 30878 E ActivityThread: Failed to find provider info for com.miui.personalassistant.widget.external
03-15 18:09:12.695  2058  2058 D PowerUI : onReceive to showplugged=true buckert==1mcaharge==true level==81 chargrate=0oldpluge==true
03-15 18:09:12.696  1474  1474 D UiModeManager: updateConfigurationLocked: mDockState=0; mCarMode=false; mNightMode=2; mZuiNightModeOverride=2; mPowerSave=false; isTestMode=false; uiMode=33
03-15 18:09:12.696  2058  3406 D PowerUI : can't show warning due to - plugged: true status unknown: false
03-15 18:09:12.696  2058  3406 I PowerUI.Notification: dismissing low battery notification
03-15 18:09:13.093 30878 30878 E ActivityThread: Failed to find provider info for com.miui.personalassistant.widget.external
03-15 18:09:13.728  1474  1474 D UiModeManager: updateConfigurationLocked: mDockState=0; mCarMode=false; mNightMode=2; mZuiNightModeOverride=2; mPowerSave=false; isTestMode=false; uiMode=33
03-15 18:09:13.728  2058  2058 D PowerUI : onReceive to showplugged=true buckert==1mcaharge==true level==81 chargrate=0oldpluge==true
03-15 18:09:13.729  2058  3408 D PowerUI : can't show warning due to - plugged: true status unknown: false
03-15 18:09:13.729  2058  3408 I PowerUI.Notification: dismissing low battery notification
03-15 18:09:14.104 30878 30878 E ActivityThread: Failed to find provider info for com.miui.personalassistant.widget.external
03-15 18:09:15.107 30878 30878 E ActivityThread: Failed to find provider info for com.miui.personalassistant.widget.external
03-15 18:09:15.149  1474  1924 D AlarmManager: alarms fired, need delivery
03-15 18:09:15.149  1474  1924 D AlarmManager: final first Wakeup:28885868 now: 28822240 isInNightMode:false
03-15 18:09:15.153  1474  1474 D AlarmManager: final first Wakeup:28882243 now: 28822243 isInNightMode:false
03-15 18:09:16.116 30878 30878 E ActivityThread: Failed to find provider info for com.miui.personalassistant.widget.external
03-15 18:09:17.124 30878 30878 E ActivityThread: Failed to find provider info for com.miui.personalassistant.widget.external
03-15 18:09:17.784  2058  2058 D PowerUI : onReceive to showplugged=true buckert==1mcaharge==true level==81 chargrate=0oldpluge==true
03-15 18:09:17.784  2058  2874 D PowerUI : can't show warning due to - plugged: true status unknown: false
03-15 18:09:17.784  2058  2874 I PowerUI.Notification: dismissing low battery notification
03-15 18:09:17.784  1474  1474 D UiModeManager: updateConfigurationLocked: mDockState=0; mCarMode=false; mNightMode=2; mZuiNightModeOverride=2; mPowerSave=false; isTestMode=false; uiMode=33
03-15 18:09:18.132 30878 30878 E ActivityThread: Failed to find provider info for com.miui.personalassistant.widget.external
03-15 18:09:19.134 30878 30878 E ActivityThread: Failed to find provider info for com.miui.personalassistant.widget.external
03-15 18:09:20.144 30878 30878 E ActivityThread: Failed to find provider info for com.miui.personalassistant.widget.external
03-15 18:09:20.886  1474  1474 D UiModeManager: updateConfigurationLocked: mDockState=0; mCarMode=false; mNightMode=2; mZuiNightModeOverride=2; mPowerSave=false; isTestMode=false; uiMode=33
03-15 18:09:20.887  2058  2058 D PowerUI : onReceive to showplugged=true buckert==1mcaharge==true level==81 chargrate=0oldpluge==true
03-15 18:09:20.887  2058  3276 D PowerUI : can't show warning due to - plugged: true status unknown: false
03-15 18:09:20.887  2058  3276 I PowerUI.Notification: dismissing low battery notification
03-15 18:09:21.150 30878 30878 E ActivityThread: Failed to find provider info for com.miui.personalassistant.widget.external
03-15 18:09:21.389  1474  1628 W ProcessStats: Tracking association SourceState{bd27747 com.zui.launchersdk/10058 BFgs #31086} whose proc state 4 is better than process ProcessState{9bb7cb9 com.zui.deviceidservice/10074 pkg=com.zui.deviceidservice} proc state 10 (28 skipped)
03-15 18:09:22.151 30878 30878 E ActivityThread: Failed to find provider info for com.miui.personalassistant.widget.external
03-15 18:09:22.761  1474 11974 D AlarmManager: final first Wakeup:28882243 now: 28829851 isInNightMode:false
03-15 18:09:22.766  1474 11974 D AlarmManager: final first Wakeup:28882243 now: 28829856 isInNightMode:false
03-15 18:09:23.161 30878 30878 E ActivityThread: Failed to find provider info for com.miui.personalassistant.widget.external
03-15 18:09:24.168 30878 30878 E ActivityThread: Failed to find provider info for com.miui.personalassistant.widget.external
03-15 18:09:24.259  1474  1612 D WindowManager: ondown, touch down!
03-15 18:09:24.265  1474 11273 D CoreBackPreview: Focused window found using getFocusedWindowToken
03-15 18:09:24.265  1474 11273 D CoreBackPreview: startBackNavigation currentTask=Task{6e0c1b7 #48 type=standard A=10260:com.example.mymusic}, topRunningActivity=ActivityRecord{43610b6 u0 com.example.mymusic/.MainActivity t48, isEmbedded=false}, callbackInfo=OnBackInvokedCallbackInfo{mCallback=android.window.IOnBackInvokedCallback$Stub$Proxy@f836d54, mPriority=0, mIsAnimationCallback=false}, currentFocus=Window{98a7d77 u0 com.example.mymusic/com.example.mymusic.MainActivity}
03-15 18:09:24.269  1474 11974 I WindowManager: Window{2f3c3d4 u0 EdgeBackGestureHandler0} state from NO_SURFACE to DRAW_PENDING; reason: resetDrawState
03-15 18:09:24.271  1474 11974 I OvCameraRotation: camera activity:null fullScreen:false canResizeTask:false isEmbedded:false display:0 pcMode:false
03-15 18:09:24.279  1474 11974 I WindowManager: Window{2f3c3d4 u0 EdgeBackGestureHandler0} state from DRAW_PENDING to COMMIT_DRAW_PENDING; reason: finishDrawingLocked
03-15 18:09:24.280  1474  1615 I WindowManager: Window{2f3c3d4 u0 EdgeBackGestureHandler0} state from COMMIT_DRAW_PENDING to READY_TO_SHOW; reason: commitFinishDrawingLocked
03-15 18:09:24.280  1474  1615 I WindowManager: Window{2f3c3d4 u0 EdgeBackGestureHandler0} state from READY_TO_SHOW to HAS_DRAWN; reason: performShowLocked
03-15 18:09:24.331  1474 11974 D CoreBackPreview: onBackNavigationDone backType=4, triggerBack=true
03-15 18:09:24.332  1474  1612 D WindowManager: onfling, touch interaction!
03-15 18:09:24.332  1474  1612 D WindowManager: onup, touch up!
03-15 18:09:24.537  1474 11974 I WindowManager: Window{2f3c3d4 u0 EdgeBackGestureHandler0} state from HAS_DRAWN to NO_SURFACE; reason: destroySurface
03-15 18:09:24.537  1474 11974 W WindowManager: for OneVision debug destroySurface:Window{2f3c3d4 u0 EdgeBackGestureHandler0} caller:com.android.server.wm.WindowStateAnimator.destroySurfaceLocked:395 com.android.server.wm.WindowState.destroySurfaceUnchecked:3471 com.android.server.wm.WindowState.destroySurface:3445 com.android.server.wm.WindowManagerService.tryStartExitingAnimation:2984 com.android.server.wm.WindowManagerService.relayoutWindow:2739 
03-15 18:09:24.539  1474 11974 I OvCameraRotation: camera activity:null fullScreen:false canResizeTask:false isEmbedded:false display:0 pcMode:false
03-15 18:09:25.132  1474  1612 D WindowManager: ondown, touch down!
03-15 18:09:25.171 30878 30878 E ActivityThread: Failed to find provider info for com.miui.personalassistant.widget.external
03-15 18:09:25.190  1474  1612 D WindowManager: onup, touch up!
03-15 18:09:25.219  1474 11273 D InputMethodManagerService: showCurrentInputLocked: handwritingEnabled = true
03-15 18:09:25.219  1474 11273 D InputMethodManagerService: showCurrentInputLocked: selectedMethodId = com.sohu.inputmethod.sogou.oem/com.sohu.inputmethod.sogou.SogouIME
03-15 18:09:25.219  1474 11273 D InputMethodManagerService: showCurrentInputLocked: mZuiDelegate = com.android.server.inputmethod.InputMethodManagerServiceDelegate@c036bf4
03-15 18:09:25.219  1474 11273 D ZuiInputMethodManagerService: selectIme: 
03-15 18:09:25.231 11133 11133 D WindowManagerImpl: addView displayId=0 0
03-15 18:09:25.232 11133 11133 D WindowManagerImpl: addView displayId33= 0
03-15 18:09:25.235  1474 11273 I OvCameraRotation: camera activity:null fullScreen:false canResizeTask:false isEmbedded:false display:0 pcMode:false
03-15 18:09:25.249  1474 11273 D CoreBackPreview: Window{a8baac6 u0 弹出式窗口}: Setting back callback OnBackInvokedCallbackInfo{mCallback=android.window.IOnBackInvokedCallback$Stub$Proxy@92c3db4, mPriority=0, mIsAnimationCallback=false}
03-15 18:09:25.251  1474 11273 I WindowManager: Window{a8baac6 u0 弹出式窗口} state from NO_SURFACE to DRAW_PENDING; reason: resetDrawState
03-15 18:09:25.253  1474 11273 I OvCameraRotation: camera activity:null fullScreen:false canResizeTask:false isEmbedded:false display:0 pcMode:false
03-15 18:09:25.253  1474 11273 D ChangeTransitionController: applySyncStagingTypesIfNeeded: fail stage is empty
03-15 18:09:25.264  1474  1474 D UiModeManager: updateConfigurationLocked: mDockState=0; mCarMode=false; mNightMode=2; mZuiNightModeOverride=2; mPowerSave=false; isTestMode=false; uiMode=33
03-15 18:09:25.264  2058  2058 D PowerUI : onReceive to showplugged=true buckert==1mcaharge==true level==81 chargrate=0oldpluge==true
03-15 18:09:25.264  2058  3407 D PowerUI : can't show warning due to - plugged: true status unknown: false
03-15 18:09:25.264  2058  3407 I PowerUI.Notification: dismissing low battery notification
03-15 18:09:25.267  1474 11273 I WindowManager: Window{a8baac6 u0 弹出式窗口} state from DRAW_PENDING to COMMIT_DRAW_PENDING; reason: finishDrawingLocked
03-15 18:09:25.268  1474  1615 I WindowManager: Window{a8baac6 u0 弹出式窗口} state from COMMIT_DRAW_PENDING to READY_TO_SHOW; reason: commitFinishDrawingLocked
03-15 18:09:25.268  1474  1615 D ActivityTaskManager: SplashScreen not transfer special !!!
03-15 18:09:25.268  1474  1615 I WindowManager: Window{a8baac6 u0 弹出式窗口} state from READY_TO_SHOW to HAS_DRAWN; reason: performShowLocked
03-15 18:09:25.271  1474  2495 D InputMethodManagerService: showCurrentInputLocked: handwritingEnabled = true
03-15 18:09:25.271  1474  2495 D InputMethodManagerService: showCurrentInputLocked: selectedMethodId = com.sohu.inputmethod.sogou.oem/com.sohu.inputmethod.sogou.SogouIME
03-15 18:09:25.271  1474  2495 D InputMethodManagerService: showCurrentInputLocked: mZuiDelegate = com.android.server.inputmethod.InputMethodManagerServiceDelegate@c036bf4
03-15 18:09:25.271  1474  2495 D ZuiInputMethodManagerService: selectIme: 
03-15 18:09:25.273  1474  1615 D ActivityTaskManager: SplashScreen not transfer special !!!
03-15 18:09:25.273  1474  1615 D ActivityTaskManager: SplashScreen not transfer special !!!
03-15 18:09:25.280  1474 11273 I OvCameraRotation: camera activity:null fullScreen:false canResizeTask:false isEmbedded:false display:0 pcMode:false
03-15 18:09:25.289  5071  5071 D OvcEditorInfoUtils[OV_IME]: startViews, restarting: false, pkgName: com.example.mymusic, extras: Bundle[{android.support.text.emoji.emojiCompat_metadataVersion=11, androidx.core.view.inputmethod.EditorInfoCompat.STYLUS_HANDWRITING_ENABLED=true, android.support.text.emoji.emojiCompat_replaceAll=false, ov_ime_target_act_token=android.os.BinderProxy@5c13545, ov_ime_target_win_mode=Fullscreen}]
03-15 18:09:25.293  1474 13234 I OvCameraRotation: camera activity:null fullScreen:false canResizeTask:false isEmbedded:false display:0 pcMode:false
03-15 18:09:25.325  1474  2495 I WindowManager: Window{298de12 u0 InputMethod} state from NO_SURFACE to DRAW_PENDING; reason: resetDrawState
03-15 18:09:25.327  1474  2495 I OvCameraRotation: camera activity:null fullScreen:false canResizeTask:false isEmbedded:false display:0 pcMode:false
03-15 18:09:25.329  1474  2495 D CoreBackPreview: Window{98a7d77 u0 com.example.mymusic/com.example.mymusic.MainActivity}: Setting back callback OnBackInvokedCallbackInfo{mCallback=android.window.IOnBackInvokedCallback$Stub$Proxy@8c3ead9, mPriority=0, mIsAnimationCallback=false}
03-15 18:09:25.347  1474  2495 I WindowManager: Window{298de12 u0 InputMethod} state from DRAW_PENDING to COMMIT_DRAW_PENDING; reason: finishDrawingLocked
03-15 18:09:25.348  1474  1615 I WindowManager: Window{298de12 u0 InputMethod} state from COMMIT_DRAW_PENDING to READY_TO_SHOW; reason: commitFinishDrawingLocked
03-15 18:09:25.355  1474  1615 I WindowManager: Window{298de12 u0 InputMethod} state from READY_TO_SHOW to HAS_DRAWN; reason: performShowLocked
03-15 18:09:25.546  2558  4933 W Binder  : BinderDebug: reply too large data on java level: InterfaceDescriptor=null calling uid=1000 pid=0 code=1(null) size=1056768
03-15 18:09:25.901  1474  1612 D WindowManager: ondown, touch down!
03-15 18:09:25.958  1474  1612 D WindowManager: onup, touch up!
03-15 18:09:25.979  1474 11974 D CoreBackPreview: Window{a8baac6 u0 弹出式窗口}: Setting back callback null
03-15 18:09:25.983  1474 11974 I WindowManager: Window{a8baac6 u0 弹出式窗口} state from HAS_DRAWN to NO_SURFACE; reason: destroySurface
03-15 18:09:25.983  1474 11974 W WindowManager: for OneVision debug destroySurface:Window{a8baac6 u0 弹出式窗口} caller:com.android.server.wm.WindowStateAnimator.destroySurfaceLocked:395 com.android.server.wm.WindowState.removeImmediately:2451 com.android.server.wm.WindowState.removeIfPossible:2615 com.android.server.wm.WindowManagerService.removeWindow:2277 com.android.server.wm.Session.remove:238 
03-15 18:09:25.983  1474 11974 D WindowManager: setParent old=Window{98a7d77 u0 com.example.mymusic/com.example.mymusic.MainActivity},new=null,this window=Window{a8baac6 u0 弹出式窗口},callers=com.android.server.wm.WindowContainer.removeChild:813 com.android.server.wm.WindowContainer.removeImmediately:871 com.android.server.wm.WindowState.removeImmediately:2455 com.android.server.wm.WindowState.removeIfPossible:2615 com.android.server.wm.WindowManagerService.removeWindow:2277 com.android.server.wm.Session.remove:238 
03-15 18:09:25.985  1474 11974 I OvCameraRotation: camera activity:null fullScreen:false canResizeTask:false isEmbedded:false display:0 pcMode:false
03-15 18:09:26.074  1474  1612 D WindowManager: ondown, touch down!
03-15 18:09:26.132  1474  1612 D WindowManager: onup, touch up!
03-15 18:09:26.181 30878 30878 E ActivityThread: Failed to find provider info for com.miui.personalassistant.widget.external
03-15 18:09:26.216  1474  1612 D WindowManager: ondown, touch down!
03-15 18:09:26.282  1474  1612 D WindowManager: onup, touch up!
03-15 18:09:26.358  1474  1612 D WindowManager: ondown, touch down!
03-15 18:09:26.433  1474  1612 D WindowManager: onup, touch up!
03-15 18:09:26.791  1474  1612 D WindowManager: ondown, touch down!
03-15 18:09:26.861  1474  1612 D WindowManager: onup, touch up!
03-15 18:09:27.066  1474  1612 D WindowManager: ondown, touch down!
03-15 18:09:27.132  1474  1612 D WindowManager: onup, touch up!
03-15 18:09:27.185 30878 30878 E ActivityThread: Failed to find provider info for com.miui.personalassistant.widget.external
03-15 18:09:27.576  1474  1612 D WindowManager: ondown, touch down!
03-15 18:09:27.641  1474  1612 D WindowManager: onup, touch up!
03-15 18:09:27.926  1474  1612 D WindowManager: ondown, touch down!
03-15 18:09:27.999  1474  1612 D WindowManager: onup, touch up!
03-15 18:09:28.125  1474  1612 D WindowManager: ondown, touch down!
03-15 18:09:28.183  1474  1612 D WindowManager: onup, touch up!
03-15 18:09:28.194 30878 30878 E ActivityThread: Failed to find provider info for com.miui.personalassistant.widget.external
03-15 18:09:28.311  1474  1474 D UiModeManager: updateConfigurationLocked: mDockState=0; mCarMode=false; mNightMode=2; mZuiNightModeOverride=2; mPowerSave=false; isTestMode=false; uiMode=33
03-15 18:09:28.312  2058  2058 D PowerUI : onReceive to showplugged=true buckert==1mcaharge==true level==81 chargrate=0oldpluge==true
03-15 18:09:28.316  2058  3399 D PowerUI : can't show warning due to - plugged: true status unknown: false
03-15 18:09:28.316  2058  3399 I PowerUI.Notification: dismissing low battery notification
03-15 18:09:28.484  1474  1612 D WindowManager: ondown, touch down!
03-15 18:09:28.559  1474  1612 D WindowManager: onup, touch up!
03-15 18:09:28.572  2558  4933 W Binder  : BinderDebug: reply too large data on java level: InterfaceDescriptor=null calling uid=1000 pid=0 code=1(null) size=1056768
03-15 18:09:28.976  1474  1612 D WindowManager: ondown, touch down!
03-15 18:09:29.017  1474  1612 D WindowManager: onup, touch up!
03-15 18:09:29.069 11133 11133 D OvcEditorInfoUtils[OV_IME]: bindActivityTokenIfNeeded, create extras for pkgName: com.example.mymusic
03-15 18:09:29.082  1474  2495 I OvCameraRotation: camera activity:null fullScreen:false canResizeTask:false isEmbedded:false display:0 pcMode:false
03-15 18:09:29.088  1474  2495 D CoreBackPreview: Window{98a7d77 u0 com.example.mymusic/com.example.mymusic.MainActivity}: Setting back callback OnBackInvokedCallbackInfo{mCallback=android.window.IOnBackInvokedCallback$Stub$Proxy@f6876ca, mPriority=0, mIsAnimationCallback=false}
03-15 18:09:29.200 30878 30878 E ActivityThread: Failed to find provider info for com.miui.personalassistant.widget.external
03-15 18:09:29.934  1474  1612 D WindowManager: ondown, touch down!
03-15 18:09:29.992  1474  1612 D WindowManager: onup, touch up!
03-15 18:09:30.030  1474  8237 I WindowManager: Window{298de12 u0 InputMethod} state from HAS_DRAWN to NO_SURFACE; reason: destroySurface
03-15 18:09:30.030  1474  8237 W WindowManager: for OneVision debug destroySurface:Window{298de12 u0 InputMethod} caller:com.android.server.wm.WindowStateAnimator.destroySurfaceLocked:395 com.android.server.wm.WindowState.destroySurfaceUnchecked:3471 com.android.server.wm.WindowState.destroySurface:3445 com.android.server.wm.WindowManagerService.tryStartExitingAnimation:2984 com.android.server.wm.WindowManagerService.relayoutWindow:2739 
03-15 18:09:30.032  1474  8237 I OvCameraRotation: camera activity:null fullScreen:false canResizeTask:false isEmbedded:false display:0 pcMode:false
03-15 18:09:30.130  1474  2495 I OvCameraRotation: camera activity:null fullScreen:false canResizeTask:false isEmbedded:false display:0 pcMode:false
03-15 18:09:30.209 30878 30878 E ActivityThread: Failed to find provider info for com.miui.personalassistant.widget.external
03-15 18:09:30.238  1474 13234 I OvCameraRotation: camera activity:null fullScreen:false canResizeTask:false isEmbedded:false display:0 pcMode:false
03-15 18:09:30.561  1474  1612 D WindowManager: ondown, touch down!
03-15 18:09:30.625  1474  1612 D WindowManager: onup, touch up!
03-15 18:09:31.006   636   650 W keystore2: system/security/keystore2/src/remote_provisioning.rs:102 - Error occurred: system/security/keystore2/src/rkpd_client.rs:226: Trying to get to IRegistration service.
03-15 18:09:31.006   636   650 W keystore2: 
03-15 18:09:31.006   636   650 W keystore2: Caused by:
03-15 18:09:31.006   636   650 W keystore2:     0: system/security/keystore2/src/rkpd_client.rs:120: Trying to get IRPC name.
03-15 18:09:31.006   636   650 W keystore2:     1: system/security/keystore2/src/globals.rs:440
03-15 18:09:31.006   636   650 W keystore2:     2: Error::Km(r#HARDWARE_TYPE_UNAVAILABLE)
03-15 18:09:31.022   636   650 E keystore2: system/security/keystore2/src/error.rs:180 - system/security/keystore2/src/security_level.rs:622
03-15 18:09:31.022   636   650 E keystore2: 
03-15 18:09:31.022   636   650 E keystore2: Caused by:
03-15 18:09:31.022   636   650 E keystore2:     0: system/security/keystore2/src/security_level.rs:620: While generating Key without explicit attestation key.
03-15 18:09:31.022   636   650 E keystore2:     1: Error::Km(-10003)
03-15 18:09:31.026   636   650 W keystore2: system/security/keystore2/src/remote_provisioning.rs:102 - Error occurred: system/security/keystore2/src/rkpd_client.rs:226: Trying to get to IRegistration service.
03-15 18:09:31.026   636   650 W keystore2: 
03-15 18:09:31.026   636   650 W keystore2: Caused by:
03-15 18:09:31.026   636   650 W keystore2:     0: system/security/keystore2/src/rkpd_client.rs:120: Trying to get IRPC name.
03-15 18:09:31.026   636   650 W keystore2:     1: system/security/keystore2/src/globals.rs:440
03-15 18:09:31.026   636   650 W keystore2:     2: Error::Km(r#HARDWARE_TYPE_UNAVAILABLE)
03-15 18:09:31.038   636   650 E keystore2: system/security/keystore2/src/error.rs:180 - system/security/keystore2/src/security_level.rs:622
03-15 18:09:31.038   636   650 E keystore2: 
03-15 18:09:31.038   636   650 E keystore2: Caused by:
03-15 18:09:31.038   636   650 E keystore2:     0: system/security/keystore2/src/security_level.rs:620: While generating Key without explicit attestation key.
03-15 18:09:31.038   636   650 E keystore2:     1: Error::Km(-10003)
03-15 18:09:31.211 30878 30878 E ActivityThread: Failed to find provider info for com.miui.personalassistant.widget.external
03-15 18:09:31.332  9774  9948 E ActivityThread: Failed to find provider info for com.meizu.flyme.openidsdk
03-15 18:09:31.332  9774  9948 E ActivityThread: Failed to find provider info for com.meizu.flyme.openidsdk
03-15 18:09:31.333  9774  9948 E ActivityThread: Failed to find provider info for com.vivo.push.sdk.service.SystemPushConfig
03-15 18:09:31.336  9774  9948 E ActivityThread: Failed to find provider info for com.huawei.wallet.thirdprovider
03-15 18:09:31.337  9774  9948 E ActivityThread: Failed to find provider info for com.miui.analytics.OneTrackProvider
03-15 18:09:31.527  1474  1612 D WindowManager: ondown, touch down!
03-15 18:09:31.576  1474  1612 D WindowManager: onup, touch up!
03-15 18:09:31.586  2558  3673 W Binder  : BinderDebug: reply too large data on java level: InterfaceDescriptor=null calling uid=1000 pid=0 code=1(null) size=1056768
03-15 18:09:32.126  1474  1612 D WindowManager: ondown, touch down!
03-15 18:09:32.192  1474  1612 D WindowManager: onup, touch up!
03-15 18:09:32.217 30878 30878 E ActivityThread: Failed to find provider info for com.miui.personalassistant.widget.external
03-15 18:09:32.392   636   650 W keystore2: system/security/keystore2/src/remote_provisioning.rs:102 - Error occurred: system/security/keystore2/src/rkpd_client.rs:226: Trying to get to IRegistration service.
03-15 18:09:32.392   636   650 W keystore2: 
03-15 18:09:32.392   636   650 W keystore2: Caused by:
03-15 18:09:32.392   636   650 W keystore2:     0: system/security/keystore2/src/rkpd_client.rs:120: Trying to get IRPC name.
03-15 18:09:32.392   636   650 W keystore2:     1: system/security/keystore2/src/globals.rs:440
03-15 18:09:32.392   636   650 W keystore2:     2: Error::Km(r#HARDWARE_TYPE_UNAVAILABLE)
03-15 18:09:32.405   636   650 E keystore2: system/security/keystore2/src/error.rs:180 - system/security/keystore2/src/security_level.rs:622
03-15 18:09:32.405   636   650 E keystore2: 
03-15 18:09:32.405   636   650 E keystore2: Caused by:
03-15 18:09:32.405   636   650 E keystore2:     0: system/security/keystore2/src/security_level.rs:620: While generating Key without explicit attestation key.
03-15 18:09:32.405   636   650 E keystore2:     1: Error::Km(-10003)
03-15 18:09:32.440   636   650 W keystore2: system/security/keystore2/src/remote_provisioning.rs:102 - Error occurred: system/security/keystore2/src/rkpd_client.rs:226: Trying to get to IRegistration service.
03-15 18:09:32.440   636   650 W keystore2: 
03-15 18:09:32.440   636   650 W keystore2: Caused by:
03-15 18:09:32.440   636   650 W keystore2:     0: system/security/keystore2/src/rkpd_client.rs:120: Trying to get IRPC name.
03-15 18:09:32.440   636   650 W keystore2:     1: system/security/keystore2/src/globals.rs:440
03-15 18:09:32.440   636   650 W keystore2:     2: Error::Km(r#HARDWARE_TYPE_UNAVAILABLE)
03-15 18:09:32.453   636   650 E keystore2: system/security/keystore2/src/error.rs:180 - system/security/keystore2/src/security_level.rs:622
03-15 18:09:32.453   636   650 E keystore2: 
03-15 18:09:32.453   636   650 E keystore2: Caused by:
03-15 18:09:32.453   636   650 E keystore2:     0: system/security/keystore2/src/security_level.rs:620: While generating Key without explicit attestation key.
03-15 18:09:32.453   636   650 E keystore2:     1: Error::Km(-10003)
03-15 18:09:32.460   636   650 W keystore2: system/security/keystore2/src/remote_provisioning.rs:102 - Error occurred: system/security/keystore2/src/rkpd_client.rs:226: Trying to get to IRegistration service.
03-15 18:09:32.460   636   650 W keystore2: 
03-15 18:09:32.460   636   650 W keystore2: Caused by:
03-15 18:09:32.460   636   650 W keystore2:     0: system/security/keystore2/src/rkpd_client.rs:120: Trying to get IRPC name.
03-15 18:09:32.460   636   650 W keystore2:     1: system/security/keystore2/src/globals.rs:440
03-15 18:09:32.460   636   650 W keystore2:     2: Error::Km(r#HARDWARE_TYPE_UNAVAILABLE)
03-15 18:09:32.474   636   650 E keystore2: system/security/keystore2/src/error.rs:180 - system/security/keystore2/src/security_level.rs:622
03-15 18:09:32.474   636   650 E keystore2: 
03-15 18:09:32.474   636   650 E keystore2: Caused by:
03-15 18:09:32.474   636   650 E keystore2:     0: system/security/keystore2/src/security_level.rs:620: While generating Key without explicit attestation key.
03-15 18:09:32.474   636   650 E keystore2:     1: Error::Km(-10003)
03-15 18:09:33.082  1474  8237 D AlarmManager: final first Wakeup:28882243 now: 28840172 isInNightMode:false
03-15 18:09:33.219  1474  1612 D WindowManager: ondown, touch down!
03-15 18:09:33.219 30878 30878 E ActivityThread: Failed to find provider info for com.miui.personalassistant.widget.external
03-15 18:09:33.268  1474  1612 D WindowManager: onup, touch up!
03-15 18:09:33.279 11133 11133 D WindowManagerImpl: addView displayId=0 0
03-15 18:09:33.279 11133 11133 D WindowManagerImpl: addView displayId33= 0
03-15 18:09:33.283  1474 13234 D WindowManager: Changing focus from Window{98a7d77 u0 com.example.mymusic/com.example.mymusic.MainActivity} to Window{fbc06d3 u0 弹出式窗口} displayId=0 Callers=com.android.server.wm.RootWindowContainer.updateFocusedWindowLocked:503 com.android.server.wm.WindowManagerService.updateFocusedWindowLocked:6584 com.android.server.wm.WindowManagerService.addWindow:1936 com.android.server.wm.Session.addToDisplayAsUser:221 
03-15 18:09:33.284  1474 13234 I WindowManager: focus change setInputFocusLw : Window{fbc06d3 u0 弹出式窗口},display Id:0
03-15 18:09:33.284  1474 13234 I OvCameraRotation: camera activity:null fullScreen:false canResizeTask:false isEmbedded:false display:0 pcMode:false
03-15 18:09:33.285  1474  1615 V WindowManager: Focus not requested for window=Window{fbc06d3 u0 弹出式窗口} because it has no surface or is not focusable.
03-15 18:09:33.303  1474  8237 D CoreBackPreview: Window{fbc06d3 u0 弹出式窗口}: Setting back callback OnBackInvokedCallbackInfo{mCallback=android.window.IOnBackInvokedCallback$Stub$Proxy@ca774c5, mPriority=0, mIsAnimationCallback=false}
03-15 18:09:33.307  1474  8237 I WindowManager: Window{fbc06d3 u0 弹出式窗口} state from NO_SURFACE to DRAW_PENDING; reason: resetDrawState
03-15 18:09:33.308  1474  8237 I OvCameraRotation: camera activity:null fullScreen:false canResizeTask:false isEmbedded:false display:0 pcMode:false
03-15 18:09:33.310  1474  8237 D ChangeTransitionController: applySyncStagingTypesIfNeeded: fail stage is empty
03-15 18:09:33.324  1474 13234 I WindowManager: Window{fbc06d3 u0 弹出式窗口} state from DRAW_PENDING to COMMIT_DRAW_PENDING; reason: finishDrawingLocked
03-15 18:09:33.325  1474  1615 I WindowManager: Window{fbc06d3 u0 弹出式窗口} state from COMMIT_DRAW_PENDING to READY_TO_SHOW; reason: commitFinishDrawingLocked
03-15 18:09:33.325  1474  1615 D ActivityTaskManager: SplashScreen not transfer special !!!
03-15 18:09:33.325  1474  1615 I WindowManager: Window{fbc06d3 u0 弹出式窗口} state from READY_TO_SHOW to HAS_DRAWN; reason: performShowLocked
03-15 18:09:33.326  1474  1615 D ActivityTaskManager: SplashScreen not transfer special !!!
03-15 18:09:33.326  1474  1615 D ActivityTaskManager: SplashScreen not transfer special !!!
03-15 18:09:33.333  1474  8237 I OvCameraRotation: camera activity:null fullScreen:false canResizeTask:false isEmbedded:false display:0 pcMode:false
03-15 18:09:33.342  1474  8237 I OvCameraRotation: camera activity:null fullScreen:false canResizeTask:false isEmbedded:false display:0 pcMode:false
03-15 18:09:33.345 11133 11133 D OvcEditorInfoUtils[OV_IME]: bindActivityTokenIfNeeded, create extras for pkgName: com.example.mymusic
03-15 18:09:33.976  1474  1612 D WindowManager: ondown, touch down!
03-15 18:09:33.996  1474 13234 I OvCameraRotation: camera activity:null fullScreen:false canResizeTask:false isEmbedded:false display:0 pcMode:false
03-15 18:09:34.043  1474  1612 D WindowManager: onup, touch up!
03-15 18:09:34.057  1474  1474 D UiModeManager: updateConfigurationLocked: mDockState=0; mCarMode=false; mNightMode=2; mZuiNightModeOverride=2; mPowerSave=false; isTestMode=false; uiMode=33
03-15 18:09:34.057  2058  2058 D PowerUI : onReceive to showplugged=true buckert==1mcaharge==true level==81 chargrate=0oldpluge==true
03-15 18:09:34.057  2058  3402 D PowerUI : can't show warning due to - plugged: true status unknown: false
03-15 18:09:34.057  2058  3402 I PowerUI.Notification: dismissing low battery notification
03-15 18:09:34.155  1474  8237 D CoreBackPreview: Window{fbc06d3 u0 弹出式窗口}: Setting back callback null
03-15 18:09:34.158  1474  8237 I WindowManager: Window{fbc06d3 u0 弹出式窗口} state from HAS_DRAWN to NO_SURFACE; reason: destroySurface
03-15 18:09:34.158  1474  8237 W WindowManager: for OneVision debug destroySurface:Window{fbc06d3 u0 弹出式窗口} caller:com.android.server.wm.WindowStateAnimator.destroySurfaceLocked:395 com.android.server.wm.WindowState.removeImmediately:2451 com.android.server.wm.WindowState.removeIfPossible:2615 com.android.server.wm.WindowManagerService.removeWindow:2277 com.android.server.wm.Session.remove:238 
03-15 18:09:34.158  1474  8237 D WindowManager: setParent old=Window{98a7d77 u0 com.example.mymusic/com.example.mymusic.MainActivity},new=null,this window=Window{fbc06d3 u0 弹出式窗口},callers=com.android.server.wm.WindowContainer.removeChild:813 com.android.server.wm.WindowContainer.removeImmediately:871 com.android.server.wm.WindowState.removeImmediately:2455 com.android.server.wm.WindowState.removeIfPossible:2615 com.android.server.wm.WindowManagerService.removeWindow:2277 com.android.server.wm.Session.remove:238 
03-15 18:09:34.160  1474  8237 I OvCameraRotation: camera activity:null fullScreen:false canResizeTask:false isEmbedded:false display:0 pcMode:false
03-15 18:09:34.160  1474  8237 D WindowManager: Changing focus from Window{fbc06d3 u0 弹出式窗口} to Window{98a7d77 u0 com.example.mymusic/com.example.mymusic.MainActivity} displayId=0 Callers=com.android.server.wm.RootWindowContainer.updateFocusedWindowLocked:503 com.android.server.wm.WindowManagerService.updateFocusedWindowLocked:6584 com.android.server.wm.WindowState.removeIfPossible:2627 com.android.server.wm.WindowManagerService.removeWindow:2277 
03-15 18:09:34.161  1474  8237 I WindowManager: setInputFocusLw : Window{98a7d77 u0 com.example.mymusic/com.example.mymusic.MainActivity},display Id:0
03-15 18:09:34.171  1474  1614 V WindowManager: Unknown focus tokens, dropping reportFocusChanged
03-15 18:09:34.255 30878 30878 E ActivityThread: Failed to find provider info for com.miui.personalassistant.widget.external
03-15 18:09:34.578  1474  1612 D WindowManager: ondown, touch down!
03-15 18:09:34.586  1474  8237 W ProcessStats: Tracking association SourceState{bd27747 com.zui.launchersdk/10058 BFgs #31108} whose proc state 4 is better than process ProcessState{9bb7cb9 com.zui.deviceidservice/10074 pkg=com.zui.deviceidservice} proc state 10 (25 skipped)
03-15 18:09:34.651  1474  1612 D WindowManager: onup, touch up!
03-15 18:09:34.661 11133 11133 D WindowManagerImpl: addView displayId=0 0
03-15 18:09:34.662 11133 11133 D WindowManagerImpl: addView displayId33= 0
03-15 18:09:34.666  1474  8237 D WindowManager: Changing focus from Window{98a7d77 u0 com.example.mymusic/com.example.mymusic.MainActivity} to Window{a324782 u0 弹出式窗口} displayId=0 Callers=com.android.server.wm.RootWindowContainer.updateFocusedWindowLocked:503 com.android.server.wm.WindowManagerService.updateFocusedWindowLocked:6584 com.android.server.wm.WindowManagerService.addWindow:1936 com.android.server.wm.Session.addToDisplayAsUser:221 
03-15 18:09:34.667  1474  8237 I WindowManager: focus change setInputFocusLw : Window{a324782 u0 弹出式窗口},display Id:0
03-15 18:09:34.667  1474  8237 I OvCameraRotation: camera activity:null fullScreen:false canResizeTask:false isEmbedded:false display:0 pcMode:false
03-15 18:09:34.667  1474  1615 V WindowManager: Focus not requested for window=Window{a324782 u0 弹出式窗口} because it has no surface or is not focusable.
03-15 18:09:34.684  1474  8237 D CoreBackPreview: Window{a324782 u0 弹出式窗口}: Setting back callback OnBackInvokedCallbackInfo{mCallback=android.window.IOnBackInvokedCallback$Stub$Proxy@2c1ee85, mPriority=0, mIsAnimationCallback=false}
03-15 18:09:34.690  1474 13234 I WindowManager: Window{a324782 u0 弹出式窗口} state from NO_SURFACE to DRAW_PENDING; reason: resetDrawState
