03-15 18:11:34.562   840  8358 W libc    : Access denied finding property "hal.record.dump"
03-15 18:11:34.569  1032  3002 E SurfaceFlinger: isStylusTargetLayer notifyTargetLayerDisconnect in
03-15 18:11:34.569  1346 11916 W FLACDecoder: decodeOneFrame: no streaminfo metadata block
03-15 18:11:34.570  1346 11916 W FLACDecoder: decodeOneFrame: no streaminfo metadata block
03-15 18:11:34.570  1346 11916 W FLACDecoder: decodeOneFrame: no streaminfo metadata block
03-15 18:11:34.571  1346 11916 W FLACDecoder: decodeOneFrame: no streaminfo metadata block
03-15 18:11:34.576  1032  3002 E SurfaceFlinger: isStylusTargetLayer notifyTargetLayerDisconnect in
03-15 18:11:34.589  1032  3002 E SurfaceFlinger: isStylusTargetLayer notifyTargetLayerDisconnect in
03-15 18:11:34.595  1032  3002 E SurfaceFlinger: isStylusTargetLayer notifyTargetLayerDisconnect in
03-15 18:11:34.599   840  8358 I btaudio_offload_qti: audio_get_a2dp_sink_latency_qti: Sink Latency = 0
03-15 18:11:34.599   840  8470 W libc    : Access denied finding property "vendor.dolby.mi.metadata.log"
03-15 18:11:34.599   840  8470 W libc    : Access denied finding property "vendor.dolby.mi.metadata.log"
03-15 18:11:34.600   840  8470 W libc    : Access denied finding property "vendor.dolby.mi.metadata.log"
03-15 18:11:34.600   840  8470 W libc    : Access denied finding property "vendor.dolby.mi.metadata.log"
03-15 18:11:34.600   840  8470 W libc    : Access denied finding property "vendor.dolby.mi.metadata.log"
03-15 18:11:34.600   840  8470 W libc    : Access denied finding property "vendor.dolby.mi.metadata.log"
03-15 18:11:34.600   840  8470 W libc    : Access denied finding property "vendor.dolby.mi.metadata.log"
03-15 18:11:34.600   840  8470 W libc    : Access denied finding property "vendor.dolby.mi.metadata.log"
03-15 18:11:34.600   840  8358 W libc    : Access denied finding property "hal.record.dump"
03-15 18:11:34.602  1032  3002 E SurfaceFlinger: isStylusTargetLayer notifyTargetLayerDisconnect in
03-15 18:11:34.610  1032  3002 E SurfaceFlinger: isStylusTargetLayer notifyTargetLayerDisconnect in
03-15 18:11:34.622  1032  3002 E SurfaceFlinger: isStylusTargetLayer notifyTargetLayerDisconnect in
03-15 18:11:34.629  1032  3002 E SurfaceFlinger: isStylusTargetLayer notifyTargetLayerDisconnect in
03-15 18:11:34.635  1032  3002 E SurfaceFlinger: isStylusTargetLayer notifyTargetLayerDisconnect in
03-15 18:11:34.639   840  8358 I btaudio_offload_qti: audio_get_a2dp_sink_latency_qti: Sink Latency = 0
03-15 18:11:34.639   840  8470 W libc    : Access denied finding property "vendor.dolby.mi.metadata.log"
03-15 18:11:34.640   840  8470 W libc    : Access denied finding property "vendor.dolby.mi.metadata.log"
03-15 18:11:34.640   840  8470 W libc    : Access denied finding property "vendor.dolby.mi.metadata.log"
03-15 18:11:34.640   840  8470 W libc    : Access denied finding property "vendor.dolby.mi.metadata.log"
03-15 18:11:34.640   840  8470 W libc    : Access denied finding property "vendor.dolby.mi.metadata.log"
03-15 18:11:34.641   840  8470 W libc    : Access denied finding property "vendor.dolby.mi.metadata.log"
03-15 18:11:34.641   840  8470 W libc    : Access denied finding property "vendor.dolby.mi.metadata.log"
03-15 18:11:34.641   840  8358 W libc    : Access denied finding property "hal.record.dump"
03-15 18:11:34.646  1032  3002 E SurfaceFlinger: isStylusTargetLayer notifyTargetLayerDisconnect in
03-15 18:11:34.654  1032  3002 E SurfaceFlinger: isStylusTargetLayer notifyTargetLayerDisconnect in
03-15 18:11:34.661  1032  3002 E SurfaceFlinger: isStylusTargetLayer notifyTargetLayerDisconnect in
03-15 18:11:34.663   999   999 W libc    : Access denied finding property "hwservicemanager.ready"
03-15 18:11:34.669  1032  3002 E SurfaceFlinger: isStylusTargetLayer notifyTargetLayerDisconnect in
03-15 18:11:34.678   840  8358 I btaudio_offload_qti: audio_get_a2dp_sink_latency_qti: Sink Latency = 0
03-15 18:11:34.679   840  8470 W libc    : Access denied finding property "vendor.dolby.mi.metadata.log"
03-15 18:11:34.679   840  8470 W libc    : Access denied finding property "vendor.dolby.mi.metadata.log"
03-15 18:11:34.679   840  8470 W libc    : Access denied finding property "vendor.dolby.mi.metadata.log"
03-15 18:11:34.679  1032  1201 E SurfaceFlinger: isStylusTargetLayer notifyTargetLayerDisconnect in
03-15 18:11:34.679   840  8470 W libc    : Access denied finding property "vendor.dolby.mi.metadata.log"
03-15 18:11:34.680   840  8470 W libc    : Access denied finding property "vendor.dolby.mi.metadata.log"
03-15 18:11:34.680   840  8470 W libc    : Access denied finding property "vendor.dolby.mi.metadata.log"
03-15 18:11:34.680   840  8470 W libc    : Access denied finding property "vendor.dolby.mi.metadata.log"
03-15 18:11:34.680   840  8470 W libc    : Access denied finding property "vendor.dolby.mi.metadata.log"
03-15 18:11:34.680   840  8358 W libc    : Access denied finding property "hal.record.dump"
03-15 18:11:34.689  1032  3002 E SurfaceFlinger: isStylusTargetLayer notifyTargetLayerDisconnect in
03-15 18:11:34.689  1346 11916 W FLACDecoder: decodeOneFrame: no streaminfo metadata block
03-15 18:11:34.689  1346 11916 W FLACDecoder: decodeOneFrame: no streaminfo metadata block
03-15 18:11:34.690  1346 11916 W FLACDecoder: decodeOneFrame: no streaminfo metadata block
03-15 18:11:34.691  1346 11916 W FLACDecoder: decodeOneFrame: no streaminfo metadata block
03-15 18:11:34.696  1032  1201 E SurfaceFlinger: isStylusTargetLayer notifyTargetLayerDisconnect in
03-15 18:11:34.699  1346 11916 W FLACDecoder: decodeOneFrame: no streaminfo metadata block
03-15 18:11:34.703  1032  1201 E SurfaceFlinger: isStylusTargetLayer notifyTargetLayerDisconnect in
03-15 18:11:34.712  1032  1201 E SurfaceFlinger: isStylusTargetLayer notifyTargetLayerDisconnect in
03-15 18:11:34.719   840  8358 I btaudio_offload_qti: audio_get_a2dp_sink_latency_qti: Sink Latency = 0
03-15 18:11:34.720   840  8470 W libc    : Access denied finding property "vendor.dolby.mi.metadata.log"
03-15 18:11:34.720   840  8470 W libc    : Access denied finding property "vendor.dolby.mi.metadata.log"
03-15 18:11:34.720   840  8470 W libc    : Access denied finding property "vendor.dolby.mi.metadata.log"
03-15 18:11:34.720   840  8470 W libc    : Access denied finding property "vendor.dolby.mi.metadata.log"
03-15 18:11:34.720   840  8470 W libc    : Access denied finding property "vendor.dolby.mi.metadata.log"
03-15 18:11:34.720   840  8470 W libc    : Access denied finding property "vendor.dolby.mi.metadata.log"
03-15 18:11:34.720   840  8470 W libc    : Access denied finding property "vendor.dolby.mi.metadata.log"
03-15 18:11:34.721   840  8358 W libc    : Access denied finding property "hal.record.dump"
03-15 18:11:34.723  1032  1201 E SurfaceFlinger: isStylusTargetLayer notifyTargetLayerDisconnect in
03-15 18:11:34.730  1032  1201 E SurfaceFlinger: isStylusTargetLayer notifyTargetLayerDisconnect in
03-15 18:11:34.739  1032  3002 E SurfaceFlinger: isStylusTargetLayer notifyTargetLayerDisconnect in
03-15 18:11:34.746  1032  1201 E SurfaceFlinger: isStylusTargetLayer notifyTargetLayerDisconnect in
03-15 18:11:34.755  1032  1201 E SurfaceFlinger: isStylusTargetLayer notifyTargetLayerDisconnect in
03-15 18:11:34.758   840  8358 I btaudio_offload_qti: audio_get_a2dp_sink_latency_qti: Sink Latency = 0
03-15 18:11:34.759   840  8470 W libc    : Access denied finding property "vendor.dolby.mi.metadata.log"
03-15 18:11:34.759   840  8470 W libc    : Access denied finding property "vendor.dolby.mi.metadata.log"
03-15 18:11:34.759   840  8470 W libc    : Access denied finding property "vendor.dolby.mi.metadata.log"
03-15 18:11:34.760   840  8470 W libc    : Access denied finding property "vendor.dolby.mi.metadata.log"
03-15 18:11:34.760   840  8470 W libc    : Access denied finding property "vendor.dolby.mi.metadata.log"
03-15 18:11:34.760   840  8470 W libc    : Access denied finding property "vendor.dolby.mi.metadata.log"
03-15 18:11:34.760   840  8470 W libc    : Access denied finding property "vendor.dolby.mi.metadata.log"
03-15 18:11:34.760   840  8470 W libc    : Access denied finding property "vendor.dolby.mi.metadata.log"
03-15 18:11:34.761   840  8358 W libc    : Access denied finding property "hal.record.dump"
03-15 18:11:34.762  1032  1201 E SurfaceFlinger: isStylusTargetLayer notifyTargetLayerDisconnect in
03-15 18:11:34.763   999   999 W libc    : Access denied finding property "hwservicemanager.ready"
03-15 18:11:34.769  1032  1201 E SurfaceFlinger: isStylusTargetLayer notifyTargetLayerDisconnect in
03-15 18:11:34.772  1346 11916 W FLACDecoder: decodeOneFrame: no streaminfo metadata block
03-15 18:11:34.772  1346 11916 W FLACDecoder: decodeOneFrame: no streaminfo metadata block
03-15 18:11:34.773  1346 11916 W FLACDecoder: decodeOneFrame: no streaminfo metadata block
03-15 18:11:34.773  1346 11916 W FLACDecoder: decodeOneFrame: no streaminfo metadata block
03-15 18:11:34.778  1032  1201 E SurfaceFlinger: isStylusTargetLayer notifyTargetLayerDisconnect in
03-15 18:11:34.787  1032  1201 E SurfaceFlinger: isStylusTargetLayer notifyTargetLayerDisconnect in
03-15 18:11:34.796  1032  3002 E SurfaceFlinger: isStylusTargetLayer notifyTargetLayerDisconnect in
03-15 18:11:34.798   840  8358 I btaudio_offload_qti: audio_get_a2dp_sink_latency_qti: Sink Latency = 0
03-15 18:11:34.799   840  8470 W libc    : Access denied finding property "vendor.dolby.mi.metadata.log"
03-15 18:11:34.799   840  8470 W libc    : Access denied finding property "vendor.dolby.mi.metadata.log"
03-15 18:11:34.799   840  8470 W libc    : Access denied finding property "vendor.dolby.mi.metadata.log"
03-15 18:11:34.799   840  8470 W libc    : Access denied finding property "vendor.dolby.mi.metadata.log"
03-15 18:11:34.799   840  8470 W libc    : Access denied finding property "vendor.dolby.mi.metadata.log"
03-15 18:11:34.799   840  8470 W libc    : Access denied finding property "vendor.dolby.mi.metadata.log"
03-15 18:11:34.799   840  8470 W libc    : Access denied finding property "vendor.dolby.mi.metadata.log"
03-15 18:11:34.799   840  8358 W libc    : Access denied finding property "hal.record.dump"
03-15 18:11:34.805  1032  3002 E SurfaceFlinger: isStylusTargetLayer notifyTargetLayerDisconnect in
03-15 18:11:34.812  1032  3002 E SurfaceFlinger: isStylusTargetLayer notifyTargetLayerDisconnect in
03-15 18:11:34.824  1032  3002 E SurfaceFlinger: isStylusTargetLayer notifyTargetLayerDisconnect in
03-15 18:11:34.830  1032  3002 E SurfaceFlinger: isStylusTargetLayer notifyTargetLayerDisconnect in
03-15 18:11:34.838  1032  3002 E SurfaceFlinger: isStylusTargetLayer notifyTargetLayerDisconnect in
03-15 18:11:34.838   840  8358 I btaudio_offload_qti: audio_get_a2dp_sink_latency_qti: Sink Latency = 0
03-15 18:11:34.839   840  8470 W libc    : Access denied finding property "vendor.dolby.mi.metadata.log"
03-15 18:11:34.840   840  8470 W libc    : Access denied finding property "vendor.dolby.mi.metadata.log"
03-15 18:11:34.840   840  8470 W libc    : Access denied finding property "vendor.dolby.mi.metadata.log"
03-15 18:11:34.840   840  8470 W libc    : Access denied finding property "vendor.dolby.mi.metadata.log"
03-15 18:11:34.840   840  8470 W libc    : Access denied finding property "vendor.dolby.mi.metadata.log"
03-15 18:11:34.841   840  8470 W libc    : Access denied finding property "vendor.dolby.mi.metadata.log"
03-15 18:11:34.841   840  8470 W libc    : Access denied finding property "vendor.dolby.mi.metadata.log"
03-15 18:11:34.841   840  8470 W libc    : Access denied finding property "vendor.dolby.mi.metadata.log"
03-15 18:11:34.841   840  8358 W libc    : Access denied finding property "hal.record.dump"
03-15 18:11:34.847  1032  3002 E SurfaceFlinger: isStylusTargetLayer notifyTargetLayerDisconnect in
03-15 18:11:34.852  1346 11916 W FLACDecoder: decodeOneFrame: no streaminfo metadata block
03-15 18:11:34.854  1032  3002 E SurfaceFlinger: isStylusTargetLayer notifyTargetLayerDisconnect in
03-15 18:11:34.854  1346 11916 W FLACDecoder: decodeOneFrame: no streaminfo metadata block
03-15 18:11:34.855  1346 11916 W FLACDecoder: decodeOneFrame: no streaminfo metadata block
03-15 18:11:34.856  1346 11916 W FLACDecoder: decodeOneFrame: no streaminfo metadata block
03-15 18:11:34.861  1032  3002 E SurfaceFlinger: isStylusTargetLayer notifyTargetLayerDisconnect in
03-15 18:11:34.863   999   999 W libc    : Access denied finding property "hwservicemanager.ready"
03-15 18:11:34.871  1032  3002 E SurfaceFlinger: isStylusTargetLayer notifyTargetLayerDisconnect in
03-15 18:11:34.878   840  8358 I btaudio_offload_qti: audio_get_a2dp_sink_latency_qti: Sink Latency = 0
03-15 18:11:34.879  1032  3002 E SurfaceFlinger: isStylusTargetLayer notifyTargetLayerDisconnect in
03-15 18:11:34.879   840  8470 W libc    : Access denied finding property "vendor.dolby.mi.metadata.log"
03-15 18:11:34.879   840  8470 W libc    : Access denied finding property "vendor.dolby.mi.metadata.log"
03-15 18:11:34.879   840  8470 W libc    : Access denied finding property "vendor.dolby.mi.metadata.log"
03-15 18:11:34.879   840  8470 W libc    : Access denied finding property "vendor.dolby.mi.metadata.log"
03-15 18:11:34.880   840  8470 W libc    : Access denied finding property "vendor.dolby.mi.metadata.log"
03-15 18:11:34.880   840  8470 W libc    : Access denied finding property "vendor.dolby.mi.metadata.log"
03-15 18:11:34.880   840  8470 W libc    : Access denied finding property "vendor.dolby.mi.metadata.log"
03-15 18:11:34.880   840  8358 W libc    : Access denied finding property "hal.record.dump"
03-15 18:11:34.888  1032  3002 E SurfaceFlinger: isStylusTargetLayer notifyTargetLayerDisconnect in
03-15 18:11:34.896  1032  1201 E SurfaceFlinger: isStylusTargetLayer notifyTargetLayerDisconnect in
03-15 18:11:34.903  1032  1201 E SurfaceFlinger: isStylusTargetLayer notifyTargetLayerDisconnect in
03-15 18:11:34.912  1032  3002 E SurfaceFlinger: isStylusTargetLayer notifyTargetLayerDisconnect in
03-15 18:11:34.918   840  8358 I btaudio_offload_qti: audio_get_a2dp_sink_latency_qti: Sink Latency = 0
03-15 18:11:34.918   840  8470 W libc    : Access denied finding property "vendor.dolby.mi.metadata.log"
03-15 18:11:34.918   840  8470 W libc    : Access denied finding property "vendor.dolby.mi.metadata.log"
03-15 18:11:34.919   840  8470 W libc    : Access denied finding property "vendor.dolby.mi.metadata.log"
03-15 18:11:34.919   840  8470 W libc    : Access denied finding property "vendor.dolby.mi.metadata.log"
03-15 18:11:34.919   840  8470 W libc    : Access denied finding property "vendor.dolby.mi.metadata.log"
03-15 18:11:34.919   840  8470 W libc    : Access denied finding property "vendor.dolby.mi.metadata.log"
03-15 18:11:34.919   840  8470 W libc    : Access denied finding property "vendor.dolby.mi.metadata.log"
03-15 18:11:34.919   840  8470 W libc    : Access denied finding property "vendor.dolby.mi.metadata.log"
03-15 18:11:34.919   840  8358 W libc    : Access denied finding property "hal.record.dump"
03-15 18:11:34.922  1032  3002 E SurfaceFlinger: isStylusTargetLayer notifyTargetLayerDisconnect in
03-15 18:11:34.929  1032  3002 E SurfaceFlinger: isStylusTargetLayer notifyTargetLayerDisconnect in
03-15 18:11:34.940  1032  3002 E SurfaceFlinger: isStylusTargetLayer notifyTargetLayerDisconnect in
03-15 18:11:34.946  1032  3002 E SurfaceFlinger: isStylusTargetLayer notifyTargetLayerDisconnect in
03-15 18:11:34.954  1032  3002 E SurfaceFlinger: isStylusTargetLayer notifyTargetLayerDisconnect in
03-15 18:11:34.958   840  8358 I btaudio_offload_qti: audio_get_a2dp_sink_latency_qti: Sink Latency = 0
03-15 18:11:34.958   840  8470 W libc    : Access denied finding property "vendor.dolby.mi.metadata.log"
03-15 18:11:34.959   840  8470 W libc    : Access denied finding property "vendor.dolby.mi.metadata.log"
03-15 18:11:34.959   840  8470 W libc    : Access denied finding property "vendor.dolby.mi.metadata.log"
03-15 18:11:34.959   840  8470 W libc    : Access denied finding property "vendor.dolby.mi.metadata.log"
03-15 18:11:34.959   840  8470 W libc    : Access denied finding property "vendor.dolby.mi.metadata.log"
03-15 18:11:34.959   840  8470 W libc    : Access denied finding property "vendor.dolby.mi.metadata.log"
03-15 18:11:34.960   840  8470 W libc    : Access denied finding property "vendor.dolby.mi.metadata.log"
03-15 18:11:34.960   840  8358 W libc    : Access denied finding property "hal.record.dump"
03-15 18:11:34.962  1032  3002 E SurfaceFlinger: isStylusTargetLayer notifyTargetLayerDisconnect in
03-15 18:11:34.963   999   999 W libc    : Access denied finding property "hwservicemanager.ready"
03-15 18:11:34.964  1346 11916 W FLACDecoder: decodeOneFrame: no streaminfo metadata block
03-15 18:11:34.965  1346 11916 W FLACDecoder: decodeOneFrame: no streaminfo metadata block
03-15 18:11:34.965  1346 11916 W FLACDecoder: decodeOneFrame: no streaminfo metadata block
03-15 18:11:34.966  1346 11916 W FLACDecoder: decodeOneFrame: no streaminfo metadata block
03-15 18:11:34.970  1032  3002 E SurfaceFlinger: isStylusTargetLayer notifyTargetLayerDisconnect in
03-15 18:11:34.973  1346 11916 W FLACDecoder: decodeOneFrame: no streaminfo metadata block
03-15 18:11:34.977  1032  3002 E SurfaceFlinger: isStylusTargetLayer notifyTargetLayerDisconnect in
03-15 18:11:34.986 30878 31109 D MusicMessageHandler: setPlaybackState() called with: state = [1]
03-15 18:11:34.988  1032  3002 E SurfaceFlinger: isStylusTargetLayer notifyTargetLayerDisconnect in
03-15 18:11:34.989 30878 30878 I FeatureAppWidget: VipPlayer: loadPlayState: playState=VipPlayerPlayState(isPlaying=null, isStar=null, progress=29825, max = 234782)
03-15 18:11:34.990 30878 30878 E ActivityThread: Failed to find provider info for com.miui.personalassistant.widget.external
03-15 18:11:34.990 30878 30878 I FeatureAppWidget: VipPlayer: loadAnimate: playState=VipPlayerPlayState(isPlaying=null, isStar=null, progress=29825, max = 234782)
03-15 18:11:34.995  1032  3002 E SurfaceFlinger: isStylusTargetLayer notifyTargetLayerDisconnect in
03-15 18:11:34.998   840  8358 I btaudio_offload_qti: audio_get_a2dp_sink_latency_qti: Sink Latency = 0
03-15 18:11:34.998   840  8470 W libc    : Access denied finding property "vendor.dolby.mi.metadata.log"
03-15 18:11:34.999   840  8470 W libc    : Access denied finding property "vendor.dolby.mi.metadata.log"
03-15 18:11:34.999   840  8470 W libc    : Access denied finding property "vendor.dolby.mi.metadata.log"
03-15 18:11:34.999   840  8470 W libc    : Access denied finding property "vendor.dolby.mi.metadata.log"
03-15 18:11:34.999   840  8470 W libc    : Access denied finding property "vendor.dolby.mi.metadata.log"
03-15 18:11:34.999   840  8470 W libc    : Access denied finding property "vendor.dolby.mi.metadata.log"
03-15 18:11:35.000   840  8470 W libc    : Access denied finding property "vendor.dolby.mi.metadata.log"
03-15 18:11:35.000   840  8470 W libc    : Access denied finding property "vendor.dolby.mi.metadata.log"
03-15 18:11:35.000   840  8358 W libc    : Access denied finding property "hal.record.dump"
03-15 18:11:35.005   866   982 I android.hardware.thermal@2.0-service.qti: uevent triggered for sensor: chg-skin-therm-usr
03-15 18:11:35.006   866   982 I android.hardware.thermal@2.0-service.qti: Sensor Name:skintemp: 33.823. prev severity:0. cur severity:0 New severity:0
03-15 18:11:35.006   866   982 I android.hardware.thermal@2.0-service.qti: uevent triggered for sensor: chg-skin-therm-usr
03-15 18:11:35.006   866   982 I android.hardware.thermal@2.0-service.qti: Sensor Name:skintemp: 33.823. prev severity:0. cur severity:0 New severity:0
03-15 18:11:35.006   866   982 I android.hardware.thermal@2.0-service.qti: uevent triggered for sensor: chg-skin-therm-usr
03-15 18:11:35.006   866   982 I android.hardware.thermal@2.0-service.qti: Sensor Name:skintemp: 33.823. prev severity:0. cur severity:0 New severity:0
03-15 18:11:35.006   866   982 I android.hardware.thermal@2.0-service.qti: uevent triggered for sensor: chg-skin-therm-usr
03-15 18:11:35.006   866   982 I android.hardware.thermal@2.0-service.qti: Sensor Name:skintemp: 33.823. prev severity:0. cur severity:0 New severity:0
03-15 18:11:35.006   866   982 I android.hardware.thermal@2.0-service.qti: uevent triggered for sensor: chg-skin-therm-usr
03-15 18:11:35.006   866   982 I android.hardware.thermal@2.0-service.qti: Sensor Name:skintemp: 33.823. prev severity:0. cur severity:0 New severity:0
03-15 18:11:35.006   866   982 I android.hardware.thermal@2.0-service.qti: uevent triggered for sensor: chg-skin-therm-usr
03-15 18:11:35.006   866   982 I android.hardware.thermal@2.0-service.qti: Sensor Name:skintemp: 33.823. prev severity:0. cur severity:0 New severity:0
03-15 18:11:35.006   866   982 I android.hardware.thermal@2.0-service.qti: uevent triggered for sensor: chg-skin-therm-usr
03-15 18:11:35.006   866   982 I android.hardware.thermal@2.0-service.qti: Sensor Name:skintemp: 33.823. prev severity:0. cur severity:0 New severity:0
03-15 18:11:35.006  1032  1201 E SurfaceFlinger: isStylusTargetLayer notifyTargetLayerDisconnect in
03-15 18:11:35.011  1032  1201 E SurfaceFlinger: isStylusTargetLayer notifyTargetLayerDisconnect in
03-15 18:11:35.021  1032  3002 E SurfaceFlinger: isStylusTargetLayer notifyTargetLayerDisconnect in
03-15 18:11:35.031  1032  1201 E SurfaceFlinger: isStylusTargetLayer notifyTargetLayerDisconnect in
03-15 18:11:35.038   840  8358 I btaudio_offload_qti: audio_get_a2dp_sink_latency_qti: Sink Latency = 0
03-15 18:11:35.038  1032  1201 E SurfaceFlinger: isStylusTargetLayer notifyTargetLayerDisconnect in
03-15 18:11:35.038   840  8470 W libc    : Access denied finding property "vendor.dolby.mi.metadata.log"
03-15 18:11:35.039   840  8470 W libc    : Access denied finding property "vendor.dolby.mi.metadata.log"
03-15 18:11:35.039   840  8470 W libc    : Access denied finding property "vendor.dolby.mi.metadata.log"
03-15 18:11:35.039   840  8470 W libc    : Access denied finding property "vendor.dolby.mi.metadata.log"
03-15 18:11:35.039   840  8470 W libc    : Access denied finding property "vendor.dolby.mi.metadata.log"
03-15 18:11:35.039   840  8470 W libc    : Access denied finding property "vendor.dolby.mi.metadata.log"
03-15 18:11:35.039   840  8470 W libc    : Access denied finding property "vendor.dolby.mi.metadata.log"
03-15 18:11:35.039   840  8358 W libc    : Access denied finding property "hal.record.dump"
03-15 18:11:35.045  1032  1201 E SurfaceFlinger: isStylusTargetLayer notifyTargetLayerDisconnect in
03-15 18:11:35.047  1346 11916 W FLACDecoder: decodeOneFrame: no streaminfo metadata block
03-15 18:11:35.048  1346 11916 W FLACDecoder: decodeOneFrame: no streaminfo metadata block
03-15 18:11:35.054  1032  3002 E SurfaceFlinger: isStylusTargetLayer notifyTargetLayerDisconnect in
03-15 18:11:35.055  1346 11916 W FLACDecoder: decodeOneFrame: no streaminfo metadata block
03-15 18:11:35.056  1346 11916 W FLACDecoder: decodeOneFrame: no streaminfo metadata block
03-15 18:11:35.061  1032  3002 E SurfaceFlinger: isStylusTargetLayer notifyTargetLayerDisconnect in
03-15 18:11:35.070  1032  3002 E SurfaceFlinger: isStylusTargetLayer notifyTargetLayerDisconnect in
03-15 18:11:35.078   840  8358 I btaudio_offload_qti: audio_get_a2dp_sink_latency_qti: Sink Latency = 0
03-15 18:11:35.078  1032  3002 E SurfaceFlinger: isStylusTargetLayer notifyTargetLayerDisconnect in
03-15 18:11:35.079   840  8470 W libc    : Access denied finding property "vendor.dolby.mi.metadata.log"
03-15 18:11:35.079   840  8470 W libc    : Access denied finding property "vendor.dolby.mi.metadata.log"
03-15 18:11:35.079   840  8470 W libc    : Access denied finding property "vendor.dolby.mi.metadata.log"
03-15 18:11:35.080   840  8470 W libc    : Access denied finding property "vendor.dolby.mi.metadata.log"
03-15 18:11:35.080   840  8470 W libc    : Access denied finding property "vendor.dolby.mi.metadata.log"
03-15 18:11:35.080   840  8470 W libc    : Access denied finding property "vendor.dolby.mi.metadata.log"
03-15 18:11:35.080   840  8470 W libc    : Access denied finding property "vendor.dolby.mi.metadata.log"
03-15 18:11:35.080   840  8470 W libc    : Access denied finding property "vendor.dolby.mi.metadata.log"
03-15 18:11:35.080   999   999 W libc    : Access denied finding property "hwservicemanager.ready"
03-15 18:11:35.080   840  8358 W libc    : Access denied finding property "hal.record.dump"
03-15 18:11:35.088  1032  3002 E SurfaceFlinger: isStylusTargetLayer notifyTargetLayerDisconnect in
03-15 18:11:35.094  1032  3002 E SurfaceFlinger: isStylusTargetLayer notifyTargetLayerDisconnect in
03-15 18:11:35.102  1032  1201 E SurfaceFlinger: isStylusTargetLayer notifyTargetLayerDisconnect in
03-15 18:11:35.111  1032  1201 E SurfaceFlinger: isStylusTargetLayer notifyTargetLayerDisconnect in
03-15 18:11:35.118   840  8358 I btaudio_offload_qti: audio_get_a2dp_sink_latency_qti: Sink Latency = 0
03-15 18:11:35.118   840  8470 W libc    : Access denied finding property "vendor.dolby.mi.metadata.log"
03-15 18:11:35.119   840  8470 W libc    : Access denied finding property "vendor.dolby.mi.metadata.log"
03-15 18:11:35.119   840  8470 W libc    : Access denied finding property "vendor.dolby.mi.metadata.log"
03-15 18:11:35.119   840  8470 W libc    : Access denied finding property "vendor.dolby.mi.metadata.log"
03-15 18:11:35.119   840  8470 W libc    : Access denied finding property "vendor.dolby.mi.metadata.log"
03-15 18:11:35.119   840  8470 W libc    : Access denied finding property "vendor.dolby.mi.metadata.log"
03-15 18:11:35.119   840  8470 W libc    : Access denied finding property "vendor.dolby.mi.metadata.log"
03-15 18:11:35.119   840  8358 W libc    : Access denied finding property "hal.record.dump"
03-15 18:11:35.120  1032  1201 E SurfaceFlinger: isStylusTargetLayer notifyTargetLayerDisconnect in
03-15 18:11:35.127  1346 11916 W FLACDecoder: decodeOneFrame: no streaminfo metadata block
03-15 18:11:35.127  1346 11916 W FLACDecoder: decodeOneFrame: no streaminfo metadata block
03-15 18:11:35.128  1346 11916 W FLACDecoder: decodeOneFrame: no streaminfo metadata block
03-15 18:11:35.128  1346 11916 W FLACDecoder: decodeOneFrame: no streaminfo metadata block
03-15 18:11:35.130  1032  1201 E SurfaceFlinger: isStylusTargetLayer notifyTargetLayerDisconnect in
03-15 18:11:35.138  1032  1201 E SurfaceFlinger: isStylusTargetLayer notifyTargetLayerDisconnect in
03-15 18:11:35.144  1032  1201 E SurfaceFlinger: isStylusTargetLayer notifyTargetLayerDisconnect in
03-15 18:11:35.152  1032  3002 E SurfaceFlinger: isStylusTargetLayer notifyTargetLayerDisconnect in
03-15 18:11:35.158   840  8358 I btaudio_offload_qti: audio_get_a2dp_sink_latency_qti: Sink Latency = 0
03-15 18:11:35.159   840  8470 W libc    : Access denied finding property "vendor.dolby.mi.metadata.log"
03-15 18:11:35.159   840  8470 W libc    : Access denied finding property "vendor.dolby.mi.metadata.log"
03-15 18:11:35.159   840  8470 W libc    : Access denied finding property "vendor.dolby.mi.metadata.log"
03-15 18:11:35.159   840  8470 W libc    : Access denied finding property "vendor.dolby.mi.metadata.log"
03-15 18:11:35.160   840  8470 W libc    : Access denied finding property "vendor.dolby.mi.metadata.log"
03-15 18:11:35.160   840  8470 W libc    : Access denied finding property "vendor.dolby.mi.metadata.log"
03-15 18:11:35.160   840  8470 W libc    : Access denied finding property "vendor.dolby.mi.metadata.log"
03-15 18:11:35.160   840  8470 W libc    : Access denied finding property "vendor.dolby.mi.metadata.log"
03-15 18:11:35.160   840  8358 W libc    : Access denied finding property "hal.record.dump"
03-15 18:11:35.161  1032  3002 E SurfaceFlinger: isStylusTargetLayer notifyTargetLayerDisconnect in
03-15 18:11:35.170  1032  3002 E SurfaceFlinger: isStylusTargetLayer notifyTargetLayerDisconnect in
03-15 18:11:35.171 10196 10345 E u4native: [InfoLevelMessage] [INFO:not_a_file.cc(0)] RenderIOThread heartbeat, pid/tid: 10196/10345, interval/index: 30s/12
03-15 18:11:35.178  1032  3002 E SurfaceFlinger: isStylusTargetLayer notifyTargetLayerDisconnect in
03-15 18:11:35.187  1032  1201 E SurfaceFlinger: isStylusTargetLayer notifyTargetLayerDisconnect in
03-15 18:11:35.195  1032  1201 E SurfaceFlinger: isStylusTargetLayer notifyTargetLayerDisconnect in
03-15 18:11:35.196  1474  1959 D WifiClientModeImpl[11371:wlan0]: updateLinkLayerStatsRssiSpeedFrequencyCapabilities rssi=-56 TxLinkspeed=360 freq=5805 RxLinkSpeed=360
03-15 18:11:35.197   999   999 W libc    : Access denied finding property "hwservicemanager.ready"
03-15 18:11:35.198   840  8358 I btaudio_offload_qti: audio_get_a2dp_sink_latency_qti: Sink Latency = 0
03-15 18:11:35.198  2324  3131 D QCNEJ/WlanStaInfoRelay: Received action: android.net.wifi.RSSI_CHANGED
03-15 18:11:35.198   840  8470 W libc    : Access denied finding property "vendor.dolby.mi.metadata.log"
03-15 18:11:35.198  1474  1959 D WifiClientModeImpl[11371:wlan0]: reported txKbps 26320 rxKbps 36748
03-15 18:11:35.198   840  8470 W libc    : Access denied finding property "vendor.dolby.mi.metadata.log"
03-15 18:11:35.198   840  8470 W libc    : Access denied finding property "vendor.dolby.mi.metadata.log"
03-15 18:11:35.199   840  8470 W libc    : Access denied finding property "vendor.dolby.mi.metadata.log"
03-15 18:11:35.199   840  8470 W libc    : Access denied finding property "vendor.dolby.mi.metadata.log"
03-15 18:11:35.199   840  8470 W libc    : Access denied finding property "vendor.dolby.mi.metadata.log"
03-15 18:11:35.199   840  8470 W libc    : Access denied finding property "vendor.dolby.mi.metadata.log"
03-15 18:11:35.199   840  8358 W libc    : Access denied finding property "hal.record.dump"
03-15 18:11:35.201  1474 11113 I WifiService: getWifiEnabledState uid=10076 state=3
03-15 18:11:35.202  1032  1201 E SurfaceFlinger: isStylusTargetLayer notifyTargetLayerDisconnect in
03-15 18:11:35.202  1474  1959 D WifiDataStall: tx tput in kbps: 376562
03-15 18:11:35.202  1474  1959 D WifiDataStall: rx tput in kbps: 376562
03-15 18:11:35.202  1474  1959 V WifiConfigManager: Updating scan detail cache freq=5805 BSSID=5c:c9:99:07:da:40 RSSI=-54 for "swu-wifi"NONE
03-15 18:11:35.203  1474  1959 D WifiDataStall:  ccaLevel = 15
03-15 18:11:35.203  1474  1959 D WifiDataStall: L2 txTputKbps: 169453, rxTputKbps: 338906, L3 txTputKbps: 1, rxTputKbps: 0, TxTrafficHigh: true, RxTrafficHigh: false, Throughput Sufficient: true
03-15 18:11:35.203  1474  1959 D WifiScoreCard: BSSID update SIGNAL_POLL ID: 718310405 SSID: "swu-wifi", BSSID: 5c:c9:99:07:da:40, MAC: d8:63:0d:d4:55:38, IP: /10.70.94.15, Security type: 0, Supplicant state: COMPLETED, Wi-Fi standard: 5, RSSI: -56, Link speed: 360Mbps, Tx Link speed: 360Mbps, Max Supported Tx Link speed: 400Mbps, Rx Link speed: 360Mbps, Max Supported Rx Link speed: 400Mbps, Frequency: 5805MHz, Net ID: 21, Metered hint: false, score: 60, isUsable: true, CarrierMerged: false, SubscriptionId: -1, IsPrimary: 1, Trusted: true, Restricted: false, Ephemeral: false, OEM paid: false, OEM private: false, OSU AP: false, FQDN: <none>, Provider friendly name: <none>, Requesting package name: <none>"swu-wifi"openMLO Information: , Is TID-To-Link negotiation supported by the AP: false, AP MLD Address: <none>, AP MLO Link Id: <none>, AP MLO Affiliated links: <none>
03-15 18:11:35.203  1474  1959 D WifiScoreCard: txRate: 7 txSpeed: 360
03-15 18:11:35.203  1474  1959 D WifiScoreCard: network update SIGNAL_POLL "swu-wifi" ID: 1396242615 RSSI -56 txSpeed 360
03-15 18:11:35.203  1474  1959 D WifiClientModeImpl[11371:wlan0]:  ClientModeImpl$L2ConnectedState screen=on 27 0 "swu-wifi" 5c:c9:99:07:da:40 rssi=-56 f=5805 sc=60 link=360 tx=5.2, 1.3, 0.0 rx=17.2 bcn=280153 [on:924 tx:2 rx:2 period:3023] from screen [on:162248 period:403968] score=60
03-15 18:11:35.203  2558  9253 I NullBinder: NullBinder for android.net.action.RECOMMEND_NETWORKS triggering remote TransactionTooLargeException due to Service without Chimera impl, calling uid: 1000, calling pid: 0
03-15 18:11:35.203  2558  9253 W Binder  : BinderDebug: reply too large data on java level: InterfaceDescriptor=null calling uid=1000 pid=0 code=1(null) size=1056768
03-15 18:11:35.203  2558  9253 W .gms.persistent: Large reply transaction of 1056768 bytes, interface descriptor , code 1
03-15 18:11:35.203  2558  9253 W IPCThreadState: BinderDebug: reply too large data to pid=0 uid=1000 InterfaceDescriptor= code=1 size=1056768
03-15 18:11:35.206  1474 12751 I WifiService: getWifiEnabledState uid=10076 state=3
03-15 18:11:35.206  2058  2432 V WIFI    : canSignIn==falsemShouldAutoOpenCaptivePortal==false
03-15 18:11:35.206  2058  2058 E WifiSignal: isEnable===true isdefault=true ishidden==false carrierMerged==WifiNetworkModel.Active(networkId=100, isValidated=true, level=3, ssid="swu-wifi") hasdatacapabilities=true isEethernet=false
03-15 18:11:35.209  1474 12751 I WifiService: getConnectionInfo uid=10149
03-15 18:11:35.210  1474 12751 V WifiService: Clearing REDACT_FOR_LOCAL_MAC_ADDRESS for com.google.android.gms(uid=10149)
03-15 18:11:35.210  1474 12751 V WifiPermissionsUtil: checkCallersLocationPermission(com.google.android.gms): ok because uid 10149 has app-op android:fine_location
03-15 18:11:35.210  1474 12751 V WifiService: Clearing REDACT_FOR_ACCESS_FINE_LOCATION for com.google.android.gms(uid=10149)
03-15 18:11:35.210  1474 12751 W ZuiNetworkManagement: isReportLocationDisabled(uid):10149 appUid:10149 callingPkg:com.google.android.gms disabled:false
03-15 18:11:35.211  1032  1201 E SurfaceFlinger: isStylusTargetLayer notifyTargetLayerDisconnect in
03-15 18:11:35.212  1474 12751 I WifiService: getConnectionInfo uid=1000
03-15 18:11:35.212  1474 12751 V WifiService: Clearing REDACT_FOR_LOCAL_MAC_ADDRESS for com.lenovo.ue.device(uid=1000)
03-15 18:11:35.212  1474 12751 V WifiService: Clearing REDACT_FOR_NETWORK_SETTINGS for com.lenovo.ue.device(uid=1000)
03-15 18:11:35.212  1474 12751 V WifiService: Clearing REDACT_FOR_ACCESS_FINE_LOCATION for com.lenovo.ue.device(uid=1000)
03-15 18:11:35.212  1474 12751 W ZuiNetworkManagement: isReportLocationDisabled(uid):1000 appUid:1000 callingPkg:com.lenovo.ue.device disabled:false
03-15 18:11:35.214  1032  3002 E SurfaceFlinger: isStylusTargetLayer notifyTargetLayerDisconnect in
03-15 18:11:35.215  2058  2058 D StatusBarIconController: ignoring old pipeline callback because the new wifi icon is enabled
03-15 18:11:35.215  2058  2058 D StatusBarIconController: ignoring old pipeline callback because the new wifi icon is enabled
03-15 18:11:35.217  1346 11916 W FLACDecoder: decodeOneFrame: no streaminfo metadata block
03-15 18:11:35.219  1346 11916 W FLACDecoder: decodeOneFrame: no streaminfo metadata block
03-15 18:11:35.220  1346 11916 W FLACDecoder: decodeOneFrame: no streaminfo metadata block
03-15 18:11:35.221  1032  3002 E SurfaceFlinger: isStylusTargetLayer notifyTargetLayerDisconnect in
03-15 18:11:35.221  1346 11916 W FLACDecoder: decodeOneFrame: no streaminfo metadata block
03-15 18:11:35.229  1032  3002 E SurfaceFlinger: isStylusTargetLayer notifyTargetLayerDisconnect in
03-15 18:11:35.236  1032  3002 E SurfaceFlinger: isStylusTargetLayer notifyTargetLayerDisconnect in
03-15 18:11:35.238   840  8358 I btaudio_offload_qti: audio_get_a2dp_sink_latency_qti: Sink Latency = 0
03-15 18:11:35.238   840  8470 W libc    : Access denied finding property "vendor.dolby.mi.metadata.log"
03-15 18:11:35.239   840  8470 W libc    : Access denied finding property "vendor.dolby.mi.metadata.log"
03-15 18:11:35.239   840  8470 W libc    : Access denied finding property "vendor.dolby.mi.metadata.log"
03-15 18:11:35.239   840  8470 W libc    : Access denied finding property "vendor.dolby.mi.metadata.log"
03-15 18:11:35.239   840  8470 W libc    : Access denied finding property "vendor.dolby.mi.metadata.log"
03-15 18:11:35.239   840  8470 W libc    : Access denied finding property "vendor.dolby.mi.metadata.log"
03-15 18:11:35.239   840  8470 W libc    : Access denied finding property "vendor.dolby.mi.metadata.log"
03-15 18:11:35.241   840  8470 W libc    : Access denied finding property "vendor.dolby.mi.metadata.log"
03-15 18:11:35.241   840  8358 W libc    : Access denied finding property "hal.record.dump"
03-15 18:11:35.244  1032  3002 E SurfaceFlinger: isStylusTargetLayer notifyTargetLayerDisconnect in
03-15 18:11:35.253  1032  3002 E SurfaceFlinger: isStylusTargetLayer notifyTargetLayerDisconnect in
03-15 18:11:35.261  1032  3002 E SurfaceFlinger: isStylusTargetLayer notifyTargetLayerDisconnect in
03-15 18:11:35.270  1032  3002 E SurfaceFlinger: isStylusTargetLayer notifyTargetLayerDisconnect in
03-15 18:11:35.277  1032  3002 E SurfaceFlinger: isStylusTargetLayer notifyTargetLayerDisconnect in
03-15 18:11:35.278   840  8358 I btaudio_offload_qti: audio_get_a2dp_sink_latency_qti: Sink Latency = 0
03-15 18:11:35.278   840  8470 W libc    : Access denied finding property "vendor.dolby.mi.metadata.log"
03-15 18:11:35.278   840  8470 W libc    : Access denied finding property "vendor.dolby.mi.metadata.log"
03-15 18:11:35.278   840  8470 W libc    : Access denied finding property "vendor.dolby.mi.metadata.log"
03-15 18:11:35.278   840  8470 W libc    : Access denied finding property "vendor.dolby.mi.metadata.log"
03-15 18:11:35.279   840  8470 W libc    : Access denied finding property "vendor.dolby.mi.metadata.log"
03-15 18:11:35.279   840  8470 W libc    : Access denied finding property "vendor.dolby.mi.metadata.log"
03-15 18:11:35.279   840  8470 W libc    : Access denied finding property "vendor.dolby.mi.metadata.log"
03-15 18:11:35.279   840  8358 W libc    : Access denied finding property "hal.record.dump"
03-15 18:11:35.287 10196 10294 E u4native: [InfoLevelMessage] [INFO:not_a_file.cc(0)] RenderMainThread heartbeat, pid/tid: 10196/10294, interval/index: 30s/12, ucCoreSoImplVersion: 5.12.11.0_250212104355
03-15 18:11:35.287  1032  3002 E SurfaceFlinger: isStylusTargetLayer notifyTargetLayerDisconnect in
03-15 18:11:35.294  1032  3002 E SurfaceFlinger: isStylusTargetLayer notifyTargetLayerDisconnect in
03-15 18:11:35.297   999   999 W libc    : Access denied finding property "hwservicemanager.ready"
03-15 18:11:35.303  1032  3002 E SurfaceFlinger: isStylusTargetLayer notifyTargetLayerDisconnect in
03-15 18:11:35.310  1032  3002 E SurfaceFlinger: isStylusTargetLayer notifyTargetLayerDisconnect in
03-15 18:11:35.312 10325 10376 E u4native: [InfoLevelMessage] [INFO:not_a_file.cc(0)] GpuMainThread heartbeat, pid/tid: 10325/10376, interval/index: 30s/12, ucCoreSoImplVersion: 5.12.11.0_250212104355
03-15 18:11:35.317   840  8358 I btaudio_offload_qti: audio_get_a2dp_sink_latency_qti: Sink Latency = 0
03-15 18:11:35.318   840  8470 W libc    : Access denied finding property "vendor.dolby.mi.metadata.log"
03-15 18:11:35.318   840  8470 W libc    : Access denied finding property "vendor.dolby.mi.metadata.log"
03-15 18:11:35.318   840  8470 W libc    : Access denied finding property "vendor.dolby.mi.metadata.log"
03-15 18:11:35.319   840  8470 W libc    : Access denied finding property "vendor.dolby.mi.metadata.log"
03-15 18:11:35.319   840  8470 W libc    : Access denied finding property "vendor.dolby.mi.metadata.log"
03-15 18:11:35.319   840  8470 W libc    : Access denied finding property "vendor.dolby.mi.metadata.log"
03-15 18:11:35.319   840  8470 W libc    : Access denied finding property "vendor.dolby.mi.metadata.log"
03-15 18:11:35.319   840  8470 W libc    : Access denied finding property "vendor.dolby.mi.metadata.log"
03-15 18:11:35.320   840  8358 W libc    : Access denied finding property "hal.record.dump"
03-15 18:11:35.320  1032  3002 E SurfaceFlinger: isStylusTargetLayer notifyTargetLayerDisconnect in
03-15 18:11:35.327  1032  3002 E SurfaceFlinger: isStylusTargetLayer notifyTargetLayerDisconnect in
03-15 18:11:35.329  1346 11916 W FLACDecoder: decodeOneFrame: no streaminfo metadata block
03-15 18:11:35.330  1346 11916 W FLACDecoder: decodeOneFrame: no streaminfo metadata block
03-15 18:11:35.330  1346 11916 W FLACDecoder: decodeOneFrame: no streaminfo metadata block
03-15 18:11:35.331  1346 11916 W FLACDecoder: decodeOneFrame: no streaminfo metadata block
03-15 18:11:35.336  1032  3002 E SurfaceFlinger: isStylusTargetLayer notifyTargetLayerDisconnect in
03-15 18:11:35.339  1346 11916 W FLACDecoder: decodeOneFrame: no streaminfo metadata block
03-15 18:11:35.344  1032  1201 E SurfaceFlinger: isStylusTargetLayer notifyTargetLayerDisconnect in
03-15 18:11:35.353  1032  1201 E SurfaceFlinger: isStylusTargetLayer notifyTargetLayerDisconnect in
03-15 18:11:35.358   840  8358 I btaudio_offload_qti: audio_get_a2dp_sink_latency_qti: Sink Latency = 0
03-15 18:11:35.358   840  8470 W libc    : Access denied finding property "vendor.dolby.mi.metadata.log"
03-15 18:11:35.358   840  8470 W libc    : Access denied finding property "vendor.dolby.mi.metadata.log"
03-15 18:11:35.359   840  8470 W libc    : Access denied finding property "vendor.dolby.mi.metadata.log"
03-15 18:11:35.359   840  8470 W libc    : Access denied finding property "vendor.dolby.mi.metadata.log"
03-15 18:11:35.359   840  8470 W libc    : Access denied finding property "vendor.dolby.mi.metadata.log"
03-15 18:11:35.359   840  8470 W libc    : Access denied finding property "vendor.dolby.mi.metadata.log"
03-15 18:11:35.359   840  8470 W libc    : Access denied finding property "vendor.dolby.mi.metadata.log"
03-15 18:11:35.359   840  8358 W libc    : Access denied finding property "hal.record.dump"
03-15 18:11:35.360  1032  1201 E SurfaceFlinger: isStylusTargetLayer notifyTargetLayerDisconnect in
03-15 18:11:35.368  1032  1201 E SurfaceFlinger: isStylusTargetLayer notifyTargetLayerDisconnect in
03-15 18:11:35.376  1032  1201 E SurfaceFlinger: isStylusTargetLayer notifyTargetLayerDisconnect in
03-15 18:11:35.385  1032  1201 E SurfaceFlinger: isStylusTargetLayer notifyTargetLayerDisconnect in
03-15 18:11:35.393  1032  1201 E SurfaceFlinger: isStylusTargetLayer notifyTargetLayerDisconnect in
03-15 18:11:35.397   840  8358 I btaudio_offload_qti: audio_get_a2dp_sink_latency_qti: Sink Latency = 0
03-15 18:11:35.398   840  8470 W libc    : Access denied finding property "vendor.dolby.mi.metadata.log"
03-15 18:11:35.398   840  8470 W libc    : Access denied finding property "vendor.dolby.mi.metadata.log"
03-15 18:11:35.398   840  8470 W libc    : Access denied finding property "vendor.dolby.mi.metadata.log"
03-15 18:11:35.398   840  8470 W libc    : Access denied finding property "vendor.dolby.mi.metadata.log"
03-15 18:11:35.399   840  8470 W libc    : Access denied finding property "vendor.dolby.mi.metadata.log"
03-15 18:11:35.399   840  8470 W libc    : Access denied finding property "vendor.dolby.mi.metadata.log"
03-15 18:11:35.399   840  8470 W libc    : Access denied finding property "vendor.dolby.mi.metadata.log"
03-15 18:11:35.399   840  8470 W libc    : Access denied finding property "vendor.dolby.mi.metadata.log"
03-15 18:11:35.400   840  8358 W libc    : Access denied finding property "hal.record.dump"
03-15 18:11:35.401  1032  1201 E SurfaceFlinger: isStylusTargetLayer notifyTargetLayerDisconnect in
03-15 18:11:35.405   849  3104 I vendor.qti.bluetooth@1.0-ibs_handler: DeviceSleep: TX Awake, Sending SLEEP_IND
03-15 18:11:35.405   849  3104 D vendor.qti.bluetooth@1.0-ibs_handler: SerialClockVote: vote for UART CLK OFF
03-15 18:11:35.406   999   999 W libc    : Access denied finding property "hwservicemanager.ready"
03-15 18:11:35.410  1346 11916 W FLACDecoder: decodeOneFrame: no streaminfo metadata block
03-15 18:11:35.411  1032  1201 E SurfaceFlinger: isStylusTargetLayer notifyTargetLayerDisconnect in
03-15 18:11:35.411  1346 11916 W FLACDecoder: decodeOneFrame: no streaminfo metadata block
03-15 18:11:35.412  1346 11916 W FLACDecoder: decodeOneFrame: no streaminfo metadata block
03-15 18:11:35.413  1346 11916 W FLACDecoder: decodeOneFrame: no streaminfo metadata block
03-15 18:11:35.419  1032  1201 E SurfaceFlinger: isStylusTargetLayer notifyTargetLayerDisconnect in
03-15 18:11:35.427  1032  1201 E SurfaceFlinger: isStylusTargetLayer notifyTargetLayerDisconnect in
03-15 18:11:35.435  1032  1201 E SurfaceFlinger: isStylusTargetLayer notifyTargetLayerDisconnect in
03-15 18:11:35.437   840  8358 I btaudio_offload_qti: audio_get_a2dp_sink_latency_qti: Sink Latency = 0
03-15 18:11:35.438   840  8470 W libc    : Access denied finding property "vendor.dolby.mi.metadata.log"
03-15 18:11:35.439   840  8470 W libc    : Access denied finding property "vendor.dolby.mi.metadata.log"
03-15 18:11:35.439   840  8470 W libc    : Access denied finding property "vendor.dolby.mi.metadata.log"
03-15 18:11:35.439   840  8470 W libc    : Access denied finding property "vendor.dolby.mi.metadata.log"
03-15 18:11:35.439   840  8470 W libc    : Access denied finding property "vendor.dolby.mi.metadata.log"
03-15 18:11:35.439   840  8470 W libc    : Access denied finding property "vendor.dolby.mi.metadata.log"
03-15 18:11:35.439   840  8470 W libc    : Access denied finding property "vendor.dolby.mi.metadata.log"
03-15 18:11:35.440   840  8358 W libc    : Access denied finding property "hal.record.dump"
03-15 18:11:35.446  1032  1201 E SurfaceFlinger: isStylusTargetLayer notifyTargetLayerDisconnect in
03-15 18:11:35.454  1032  1201 E SurfaceFlinger: isStylusTargetLayer notifyTargetLayerDisconnect in
03-15 18:11:35.458   891   891 I vendor_lenovo_battery_hidl_test: getChargerType:type=1 ,len=2
03-15 18:11:35.460  2058  2058 D PowerUI : onReceive to showplugged=true buckert==1mcaharge==true level==81 chargrate=0oldpluge==true
03-15 18:11:35.460  2058  2058 D BatterySaverUtils: oldPlugged && !plugged is false
03-15 18:11:35.460  2058  3407 D PowerUI : can't show warning due to - plugged: true status unknown: false
03-15 18:11:35.460  2058  3407 I PowerUI.Notification: dismissing low battery notification
03-15 18:11:35.460  2058  3407 E PowerUI.Notification: cancel low battery notification
03-15 18:11:35.460  1474  1474 D UiModeManager: updateConfigurationLocked: mDockState=0; mCarMode=false; mNightMode=2; mZuiNightModeOverride=2; mPowerSave=false; isTestMode=false; uiMode=33
03-15 18:11:35.460  2058  2058 D BatteryController: chargePlug is 1
03-15 18:11:35.460  2058  2058 D BatteryController: type is 3
03-15 18:11:35.461  1032  1201 E SurfaceFlinger: isStylusTargetLayer notifyTargetLayerDisconnect in
03-15 18:11:35.463  2058  2058 E BatteryController:  initLevelAndSwtich  current level===30
03-15 18:11:35.463  2058  2058 D KeyguardUpdateMonitor: handleMessage: 302,for:MSG_BATTERY_UPDATE
03-15 18:11:35.463  2058  2058 I ChargingAnimatorController: isPluggedIn=true(mLastPluggedIn=true),,isChargingAnimating=false,level=81,rate=3
03-15 18:11:35.463  2058  2058 I ChargingAnimatorController: not changed ,return!
03-15 18:11:35.465 30878 31109 D NBLOG   : log is 2026-03-15 18:11:35.465 30878-31109 I/NMAudioPlayer: AndroidAudioPlayer: Get current PlayedTime: 32251
03-15 18:11:35.465  1032  1201 E SurfaceFlinger: isStylusTargetLayer notifyTargetLayerDisconnect in
03-15 18:11:35.468  1032  1201 E SurfaceFlinger: isStylusTargetLayer notifyTargetLayerDisconnect in
03-15 18:11:35.472   891   891 I vendor_lenovo_battery_hidl_test: getChargerType:type=1 ,len=2
03-15 18:11:35.474  2058  2058 D PowerUI : onReceive to showplugged=true buckert==1mcaharge==true level==81 chargrate=0oldpluge==true
03-15 18:11:35.474  2058  2058 D BatterySaverUtils: oldPlugged && !plugged is false
03-15 18:11:35.475  1474  1474 D UiModeManager: updateConfigurationLocked: mDockState=0; mCarMode=false; mNightMode=2; mZuiNightModeOverride=2; mPowerSave=false; isTestMode=false; uiMode=33
03-15 18:11:35.475  2058  3399 D PowerUI : can't show warning due to - plugged: true status unknown: false
03-15 18:11:35.475  2058  3399 I PowerUI.Notification: dismissing low battery notification
03-15 18:11:35.475  2058  3399 E PowerUI.Notification: cancel low battery notification
03-15 18:11:35.477  1032  1201 E SurfaceFlinger: isStylusTargetLayer notifyTargetLayerDisconnect in
03-15 18:11:35.477   840  8358 I btaudio_offload_qti: audio_get_a2dp_sink_latency_qti: Sink Latency = 0
03-15 18:11:35.477  2058  2058 D BatteryController: chargePlug is 1
03-15 18:11:35.477  2058  2058 D BatteryController: type is 3
03-15 18:11:35.477   840  8470 W libc    : Access denied finding property "vendor.dolby.mi.metadata.log"
03-15 18:11:35.475   840   840 W effect  : type=1400 audit(0.0:1869583): avc:  denied  { read } for  name="u:object_r:vendor_dolby_prop:s0" dev="tmpfs" ino=11682 scontext=u:r:hal_audio_default:s0 tcontext=u:object_r:vendor_dolby_prop:s0 tclass=file permissive=0
03-15 18:11:35.478   840  8470 W libc    : Access denied finding property "vendor.dolby.mi.metadata.log"
03-15 18:11:35.478   840  8470 W libc    : Access denied finding property "vendor.dolby.mi.metadata.log"
03-15 18:11:35.475   840   840 W effect  : type=1400 audit(0.0:1869584): avc:  denied  { read } for  name="u:object_r:vendor_dolby_prop:s0" dev="tmpfs" ino=11682 scontext=u:r:hal_audio_default:s0 tcontext=u:object_r:vendor_dolby_prop:s0 tclass=file permissive=0
03-15 18:11:35.475   840   840 W effect  : type=1400 audit(0.0:1869585): avc:  denied  { read } for  name="u:object_r:vendor_dolby_prop:s0" dev="tmpfs" ino=11682 scontext=u:r:hal_audio_default:s0 tcontext=u:object_r:vendor_dolby_prop:s0 tclass=file permissive=0
03-15 18:11:35.478   840  8470 W libc    : Access denied finding property "vendor.dolby.mi.metadata.log"
03-15 18:11:35.475   840   840 W effect  : type=1400 audit(0.0:1869586): avc:  denied  { read } for  name="u:object_r:vendor_dolby_prop:s0" dev="tmpfs" ino=11682 scontext=u:r:hal_audio_default:s0 tcontext=u:object_r:vendor_dolby_prop:s0 tclass=file permissive=0
03-15 18:11:35.478   840  8470 W libc    : Access denied finding property "vendor.dolby.mi.metadata.log"
