03-15 18:11:22.355   636  8480 W keystore2: system/security/keystore2/src/remote_provisioning.rs:102 - Error occurred: system/security/keystore2/src/rkpd_client.rs:226: Trying to get to IRegistration service.
03-15 18:11:22.355   636  8480 W keystore2: 
03-15 18:11:22.355   636  8480 W keystore2: Caused by:
03-15 18:11:22.355   636  8480 W keystore2:     0: system/security/keystore2/src/rkpd_client.rs:120: Trying to get IRPC name.
03-15 18:11:22.355   636  8480 W keystore2:     1: system/security/keystore2/src/globals.rs:440
03-15 18:11:22.355   636  8480 W keystore2:     2: Error::Km(r#HARDWARE_TYPE_UNAVAILABLE)
03-15 18:11:22.367   636  8480 E keystore2: system/security/keystore2/src/error.rs:180 - system/security/keystore2/src/security_level.rs:622
03-15 18:11:22.367   636  8480 E keystore2: 
03-15 18:11:22.367   636  8480 E keystore2: Caused by:
03-15 18:11:22.367   636  8480 E keystore2:     0: system/security/keystore2/src/security_level.rs:620: While generating Key without explicit attestation key.
03-15 18:11:22.367   636  8480 E keystore2:     1: Error::Km(-10003)
03-15 18:11:22.373   636  8480 W keystore2: system/security/keystore2/src/remote_provisioning.rs:102 - Error occurred: system/security/keystore2/src/rkpd_client.rs:226: Trying to get to IRegistration service.
03-15 18:11:22.373   636  8480 W keystore2: 
03-15 18:11:22.373   636  8480 W keystore2: Caused by:
03-15 18:11:22.373   636  8480 W keystore2:     0: system/security/keystore2/src/rkpd_client.rs:120: Trying to get IRPC name.
03-15 18:11:22.373   636  8480 W keystore2:     1: system/security/keystore2/src/globals.rs:440
03-15 18:11:22.373   636  8480 W keystore2:     2: Error::Km(r#HARDWARE_TYPE_UNAVAILABLE)
03-15 18:11:22.389   636  8480 E keystore2: system/security/keystore2/src/error.rs:180 - system/security/keystore2/src/security_level.rs:622
03-15 18:11:22.389   636  8480 E keystore2: 
03-15 18:11:22.389   636  8480 E keystore2: Caused by:
03-15 18:11:22.389   636  8480 E keystore2:     0: system/security/keystore2/src/security_level.rs:620: While generating Key without explicit attestation key.
03-15 18:11:22.389   636  8480 E keystore2:     1: Error::Km(-10003)
03-15 18:11:22.457  2058  2058 D PowerUI : onReceive to showplugged=true buckert==1mcaharge==true level==81 chargrate=0oldpluge==true
03-15 18:11:22.457  2058  3406 D PowerUI : can't show warning due to - plugged: true status unknown: false
03-15 18:11:22.457  2058  3406 I PowerUI.Notification: dismissing low battery notification
03-15 18:11:22.458  1474  1474 D UiModeManager: updateConfigurationLocked: mDockState=0; mCarMode=false; mNightMode=2; mZuiNightModeOverride=2; mPowerSave=false; isTestMode=false; uiMode=33
03-15 18:11:22.918 30878 30878 E ActivityThread: Failed to find provider info for com.miui.personalassistant.widget.external
03-15 18:11:23.006  2058  2058 D PowerUI : onReceive to showplugged=true buckert==1mcaharge==true level==81 chargrate=0oldpluge==true
03-15 18:11:23.006  1474  1474 D UiModeManager: updateConfigurationLocked: mDockState=0; mCarMode=false; mNightMode=2; mZuiNightModeOverride=2; mPowerSave=false; isTestMode=false; uiMode=33
03-15 18:11:23.006  2058  3408 D PowerUI : can't show warning due to - plugged: true status unknown: false
03-15 18:11:23.007  2058  3408 I PowerUI.Notification: dismissing low battery notification
03-15 18:11:23.923 30878 30878 E ActivityThread: Failed to find provider info for com.miui.personalassistant.widget.external
03-15 18:11:24.937 30878 30878 E ActivityThread: Failed to find provider info for com.miui.personalassistant.widget.external
03-15 18:11:25.937 30878 30878 E ActivityThread: Failed to find provider info for com.miui.personalassistant.widget.external
03-15 18:11:26.027  1474 11113 E ActivityManager: Unable to freeze binder for 10325 com.alibaba.android.rimet:gpu_process
03-15 18:11:26.940 30878 30878 E ActivityThread: Failed to find provider info for com.miui.personalassistant.widget.external
03-15 18:11:27.946 30878 30878 E ActivityThread: Failed to find provider info for com.miui.personalassistant.widget.external
03-15 18:11:27.977  1474  1474 D UiModeManager: updateConfigurationLocked: mDockState=0; mCarMode=false; mNightMode=2; mZuiNightModeOverride=2; mPowerSave=false; isTestMode=false; uiMode=33
03-15 18:11:27.977  2058  2058 D PowerUI : onReceive to showplugged=true buckert==1mcaharge==true level==81 chargrate=0oldpluge==true
03-15 18:11:27.978  2058  2874 D PowerUI : can't show warning due to - plugged: true status unknown: false
03-15 18:11:27.978  2058  2874 I PowerUI.Notification: dismissing low battery notification
03-15 18:11:28.960 30878 30878 E ActivityThread: Failed to find provider info for com.miui.personalassistant.widget.external
03-15 18:11:29.969 30878 30878 E ActivityThread: Failed to find provider info for com.miui.personalassistant.widget.external
03-15 18:11:30.975 30878 30878 E ActivityThread: Failed to find provider info for com.miui.personalassistant.widget.external
03-15 18:11:31.190  1474  1474 D UiModeManager: updateConfigurationLocked: mDockState=0; mCarMode=false; mNightMode=2; mZuiNightModeOverride=2; mPowerSave=false; isTestMode=false; uiMode=33
03-15 18:11:31.190  2058  2058 D PowerUI : onReceive to showplugged=true buckert==1mcaharge==true level==81 chargrate=0oldpluge==true
03-15 18:11:31.190  2058  3276 D PowerUI : can't show warning due to - plugged: true status unknown: false
03-15 18:11:31.190  2058  3276 I PowerUI.Notification: dismissing low battery notification
03-15 18:11:31.692  1474  1628 W ProcessStats: Tracking association SourceState{bd27747 com.zui.launchersdk/10058 BFgs #31556} whose proc state 4 is better than process ProcessState{9bb7cb9 com.zui.deviceidservice/10074 pkg=com.zui.deviceidservice} proc state 10 (28 skipped)
03-15 18:11:31.979 30878 30878 E ActivityThread: Failed to find provider info for com.miui.personalassistant.widget.external
03-15 18:11:32.890   636 12049 I keystore2: system/security/keystore2/src/watchdog.rs:319 - Watchdog thread idle -> terminating. Have a great day.
03-15 18:11:32.984 30878 30878 E ActivityThread: Failed to find provider info for com.miui.personalassistant.widget.external
03-15 18:11:33.988 30878 30878 E ActivityThread: Failed to find provider info for com.miui.personalassistant.widget.external
03-15 18:11:34.990 30878 30878 E ActivityThread: Failed to find provider info for com.miui.personalassistant.widget.external
03-15 18:11:35.203  2558  9253 W Binder  : BinderDebug: reply too large data on java level: InterfaceDescriptor=null calling uid=1000 pid=0 code=1(null) size=1056768
03-15 18:11:35.460  2058  2058 D PowerUI : onReceive to showplugged=true buckert==1mcaharge==true level==81 chargrate=0oldpluge==true
03-15 18:11:35.460  2058  3407 D PowerUI : can't show warning due to - plugged: true status unknown: false
03-15 18:11:35.460  2058  3407 I PowerUI.Notification: dismissing low battery notification
03-15 18:11:35.460  1474  1474 D UiModeManager: updateConfigurationLocked: mDockState=0; mCarMode=false; mNightMode=2; mZuiNightModeOverride=2; mPowerSave=false; isTestMode=false; uiMode=33
03-15 18:11:35.474  2058  2058 D PowerUI : onReceive to showplugged=true buckert==1mcaharge==true level==81 chargrate=0oldpluge==true
03-15 18:11:35.475  1474  1474 D UiModeManager: updateConfigurationLocked: mDockState=0; mCarMode=false; mNightMode=2; mZuiNightModeOverride=2; mPowerSave=false; isTestMode=false; uiMode=33
03-15 18:11:35.475  2058  3399 D PowerUI : can't show warning due to - plugged: true status unknown: false
03-15 18:11:35.475  2058  3399 I PowerUI.Notification: dismissing low battery notification
03-15 18:11:35.996 30878 30878 E ActivityThread: Failed to find provider info for com.miui.personalassistant.widget.external
03-15 18:11:37.007 30878 30878 E ActivityThread: Failed to find provider info for com.miui.personalassistant.widget.external
03-15 18:11:38.015 30878 30878 E ActivityThread: Failed to find provider info for com.miui.personalassistant.widget.external
03-15 18:11:38.219  2558  4933 W Binder  : BinderDebug: reply too large data on java level: InterfaceDescriptor=null calling uid=1000 pid=0 code=1(null) size=1056768
03-15 18:11:38.512  1474  1924 D AlarmManager: alarms fired, need delivery
03-15 18:11:38.513  1474  1924 D AlarmManager: final first Wakeup:29002250 now: 28965603 isInNightMode:false
03-15 18:11:38.516  1474  2280 D AppOps  : recordOpsBehaviorForZui() called with: code = [214], uid = [10100], packageName = [com.lenovo.lsf.device], attributionTag = [null], mode = [0]
03-15 18:11:38.625  2058  2058 D PowerUI : onReceive to showplugged=true buckert==1mcaharge==true level==81 chargrate=0oldpluge==true
03-15 18:11:38.625  2058  3402 D PowerUI : can't show warning due to - plugged: true status unknown: false
03-15 18:11:38.625  2058  3402 I PowerUI.Notification: dismissing low battery notification
03-15 18:11:38.625  1474  1474 D UiModeManager: updateConfigurationLocked: mDockState=0; mCarMode=false; mNightMode=2; mZuiNightModeOverride=2; mPowerSave=false; isTestMode=false; uiMode=33
03-15 18:11:39.027 30878 30878 E ActivityThread: Failed to find provider info for com.miui.personalassistant.widget.external
03-15 18:11:40.027 30878 30878 E ActivityThread: Failed to find provider info for com.miui.personalassistant.widget.external
03-15 18:11:41.029 30878 30878 E ActivityThread: Failed to find provider info for com.miui.personalassistant.widget.external
03-15 18:11:42.032 30878 30878 E ActivityThread: Failed to find provider info for com.miui.personalassistant.widget.external
03-15 18:11:43.043 30878 30878 E ActivityThread: Failed to find provider info for com.miui.personalassistant.widget.external
03-15 18:11:44.049 30878 30878 E ActivityThread: Failed to find provider info for com.miui.personalassistant.widget.external
03-15 18:11:44.247  1474  1474 D UiModeManager: updateConfigurationLocked: mDockState=0; mCarMode=false; mNightMode=2; mZuiNightModeOverride=2; mPowerSave=false; isTestMode=false; uiMode=33
03-15 18:11:44.247  2058  2058 D PowerUI : onReceive to showplugged=true buckert==1mcaharge==true level==81 chargrate=0oldpluge==true
03-15 18:11:44.248  2058  3403 D PowerUI : can't show warning due to - plugged: true status unknown: false
03-15 18:11:44.248  2058  3403 I PowerUI.Notification: dismissing low battery notification
03-15 18:11:44.779  1474 11113 W ProcessStats: Tracking association SourceState{bd27747 com.zui.launchersdk/10058 BFgs #31573} whose proc state 4 is better than process ProcessState{9bb7cb9 com.zui.deviceidservice/10074 pkg=com.zui.deviceidservice} proc state 10 (19 skipped)
03-15 18:11:45.052 30878 30878 E ActivityThread: Failed to find provider info for com.miui.personalassistant.widget.external
03-15 18:11:46.065 30878 30878 E ActivityThread: Failed to find provider info for com.miui.personalassistant.widget.external
03-15 18:11:47.068 30878 30878 E ActivityThread: Failed to find provider info for com.miui.personalassistant.widget.external
03-15 18:11:47.265  2558  4933 W Binder  : BinderDebug: reply too large data on java level: InterfaceDescriptor=null calling uid=1000 pid=0 code=1(null) size=1056768
03-15 18:11:47.318  1474  1474 D UiModeManager: updateConfigurationLocked: mDockState=0; mCarMode=false; mNightMode=2; mZuiNightModeOverride=2; mPowerSave=false; isTestMode=false; uiMode=33
03-15 18:11:47.319  2058  2058 D PowerUI : onReceive to showplugged=true buckert==1mcaharge==true level==81 chargrate=0oldpluge==true
03-15 18:11:47.319  2058  3406 D PowerUI : can't show warning due to - plugged: true status unknown: false
03-15 18:11:47.319  2058  3406 I PowerUI.Notification: dismissing low battery notification
03-15 18:11:48.074 30878 30878 E ActivityThread: Failed to find provider info for com.miui.personalassistant.widget.external
03-15 18:11:48.484  2058  2058 D PowerUI : onReceive to showplugged=true buckert==1mcaharge==true level==81 chargrate=0oldpluge==true
03-15 18:11:48.484  2058  3408 D PowerUI : can't show warning due to - plugged: true status unknown: false
03-15 18:11:48.484  2058  3408 I PowerUI.Notification: dismissing low battery notification
03-15 18:11:48.485  1474  1474 D UiModeManager: updateConfigurationLocked: mDockState=0; mCarMode=false; mNightMode=2; mZuiNightModeOverride=2; mPowerSave=false; isTestMode=false; uiMode=33
03-15 18:11:49.085 30878 30878 E ActivityThread: Failed to find provider info for com.miui.personalassistant.widget.external
03-15 18:11:50.088 30878 30878 E ActivityThread: Failed to find provider info for com.miui.personalassistant.widget.external
03-15 18:11:50.279  2558  4933 W Binder  : BinderDebug: reply too large data on java level: InterfaceDescriptor=null calling uid=1000 pid=0 code=1(null) size=1056768
03-15 18:11:51.095 30878 30878 E ActivityThread: Failed to find provider info for com.miui.personalassistant.widget.external
03-15 18:11:51.667  2058  2058 D PowerUI : onReceive to showplugged=true buckert==1mcaharge==true level==81 chargrate=0oldpluge==true
03-15 18:11:51.667  1474  1474 D UiModeManager: updateConfigurationLocked: mDockState=0; mCarMode=false; mNightMode=2; mZuiNightModeOverride=2; mPowerSave=false; isTestMode=false; uiMode=33
03-15 18:11:51.667  2058  2874 D PowerUI : can't show warning due to - plugged: true status unknown: false
03-15 18:11:51.667  2058  2874 I PowerUI.Notification: dismissing low battery notification
03-15 18:11:52.099 30878 30878 E ActivityThread: Failed to find provider info for com.miui.personalassistant.widget.external
03-15 18:11:53.104 30878 30878 E ActivityThread: Failed to find provider info for com.miui.personalassistant.widget.external
03-15 18:11:54.109 30878 30878 E ActivityThread: Failed to find provider info for com.miui.personalassistant.widget.external
03-15 18:11:55.128 30878 30878 E ActivityThread: Failed to find provider info for com.miui.personalassistant.widget.external
03-15 18:11:56.137 30878 30878 E ActivityThread: Failed to find provider info for com.miui.personalassistant.widget.external
03-15 18:11:57.143 30878 30878 E ActivityThread: Failed to find provider info for com.miui.personalassistant.widget.external
03-15 18:11:58.149 30878 30878 E ActivityThread: Failed to find provider info for com.miui.personalassistant.widget.external
03-15 18:11:59.154 30878 30878 E ActivityThread: Failed to find provider info for com.miui.personalassistant.widget.external
03-15 18:11:59.999  1474  1924 D AlarmManager: alarms fired, need delivery
03-15 18:12:00.000  1474  1924 D AlarmManager: final first Wakeup:29002250 now: 28987090 isInNightMode:false
03-15 18:12:00.000  1474  1924 D AlarmManager: final first Wakeup:29002250 now: 28987090 isInNightMode:false
03-15 18:12:00.016  1474  2280 W BatteryExternalStatsWorker: error reading modem stats:ERROR_INVALID_INFO_RECEIVED
03-15 18:12:00.024  1474  1651 E KernelCpuSpeedReader: Failed to read cpu-freq: /sys/devices/system/cpu/cpu7/cpufreq/stats/time_in_state: open failed: ENOENT (No such file or directory)
03-15 18:12:00.024  1474  1651 E KernelCpuSpeedReader: Failed to read cpu-freq: /sys/devices/system/cpu/cpu4/cpufreq/stats/time_in_state: open failed: ENOENT (No such file or directory)
03-15 18:12:00.024  1474  1651 E KernelCpuSpeedReader: Failed to read cpu-freq: /sys/devices/system/cpu/cpu0/cpufreq/stats/time_in_state: open failed: ENOENT (No such file or directory)
03-15 18:12:00.061  1474  2280 W BatteryExternalStatsWorker: error reading modem stats:ERROR_INVALID_INFO_RECEIVED
03-15 18:12:00.063  1474  1651 E KernelCpuSpeedReader: Failed to read cpu-freq: /sys/devices/system/cpu/cpu7/cpufreq/stats/time_in_state: open failed: ENOENT (No such file or directory)
03-15 18:12:00.063  1474  1651 E KernelCpuSpeedReader: Failed to read cpu-freq: /sys/devices/system/cpu/cpu4/cpufreq/stats/time_in_state: open failed: ENOENT (No such file or directory)
03-15 18:12:00.063  1474  1651 E KernelCpuSpeedReader: Failed to read cpu-freq: /sys/devices/system/cpu/cpu0/cpufreq/stats/time_in_state: open failed: ENOENT (No such file or directory)
03-15 18:12:00.166 30878 30878 E ActivityThread: Failed to find provider info for com.miui.personalassistant.widget.external
03-15 18:12:00.527  2058  2058 D PowerUI : onReceive to showplugged=true buckert==1mcaharge==true level==81 chargrate=0oldpluge==true
03-15 18:12:00.527  2058  3276 D PowerUI : can't show warning due to - plugged: true status unknown: false
03-15 18:12:00.527  2058  3276 I PowerUI.Notification: dismissing low battery notification
03-15 18:12:00.527  1474  1474 D UiModeManager: updateConfigurationLocked: mDockState=0; mCarMode=false; mNightMode=2; mZuiNightModeOverride=2; mPowerSave=false; isTestMode=false; uiMode=33
03-15 18:12:01.061  1474 12751 W ProcessStats: Tracking association SourceState{bd27747 com.zui.launchersdk/10058 BFgs #31587} whose proc state 4 is better than process ProcessState{9bb7cb9 com.zui.deviceidservice/10074 pkg=com.zui.deviceidservice} proc state 10 (23 skipped)
03-15 18:12:01.168 30878 30878 E ActivityThread: Failed to find provider info for com.miui.personalassistant.widget.external
03-15 18:12:01.501  1474  1474 D UiModeManager: updateConfigurationLocked: mDockState=0; mCarMode=false; mNightMode=2; mZuiNightModeOverride=2; mPowerSave=false; isTestMode=false; uiMode=33
03-15 18:12:01.501  2058  2058 D PowerUI : onReceive to showplugged=true buckert==1mcaharge==true level==81 chargrate=0oldpluge==true
03-15 18:12:01.502  2058  3407 D PowerUI : can't show warning due to - plugged: true status unknown: false
03-15 18:12:01.502  2058  3407 I PowerUI.Notification: dismissing low battery notification
03-15 18:12:02.196 30878 30878 E ActivityThread: Failed to find provider info for com.miui.personalassistant.widget.external
03-15 18:12:03.202 30878 30878 E ActivityThread: Failed to find provider info for com.miui.personalassistant.widget.external
03-15 18:12:03.257  1474  2280 D AlarmManager: final first Wakeup:29002250 now: 28990347 isInNightMode:false
03-15 18:12:03.259  1474  2280 D AlarmManager: final first Wakeup:29002250 now: 28990349 isInNightMode:false
03-15 18:12:03.701  2058  2058 D PowerUI : onReceive to showplugged=true buckert==1mcaharge==true level==81 chargrate=0oldpluge==true
03-15 18:12:03.701  2058  3399 D PowerUI : can't show warning due to - plugged: true status unknown: false
03-15 18:12:03.701  2058  3399 I PowerUI.Notification: dismissing low battery notification
03-15 18:12:03.701  1474  1474 D UiModeManager: updateConfigurationLocked: mDockState=0; mCarMode=false; mNightMode=2; mZuiNightModeOverride=2; mPowerSave=false; isTestMode=false; uiMode=33
03-15 18:12:04.208 30878 30878 E ActivityThread: Failed to find provider info for com.miui.personalassistant.widget.external
03-15 18:12:05.209 30878 30878 E ActivityThread: Failed to find provider info for com.miui.personalassistant.widget.external
03-15 18:12:06.210 30878 30878 E ActivityThread: Failed to find provider info for com.miui.personalassistant.widget.external
03-15 18:12:07.217 30878 30878 E ActivityThread: Failed to find provider info for com.miui.personalassistant.widget.external
03-15 18:12:08.221 30878 30878 E ActivityThread: Failed to find provider info for com.miui.personalassistant.widget.external
03-15 18:12:08.376  2558  9253 W Binder  : BinderDebug: reply too large data on java level: InterfaceDescriptor=null calling uid=1000 pid=0 code=1(null) size=1056768
03-15 18:12:08.660  1474  1474 D UiModeManager: updateConfigurationLocked: mDockState=0; mCarMode=false; mNightMode=2; mZuiNightModeOverride=2; mPowerSave=false; isTestMode=false; uiMode=33
03-15 18:12:08.660  2058  2058 D PowerUI : onReceive to showplugged=true buckert==1mcaharge==true level==81 chargrate=0oldpluge==true
03-15 18:12:08.660  2058  3402 D PowerUI : can't show warning due to - plugged: true status unknown: false
03-15 18:12:08.660  2058  3402 I PowerUI.Notification: dismissing low battery notification
03-15 18:12:09.234 30878 30878 E ActivityThread: Failed to find provider info for com.miui.personalassistant.widget.external
03-15 18:12:10.242 30878 30878 E ActivityThread: Failed to find provider info for com.miui.personalassistant.widget.external
03-15 18:12:11.260 30878 30878 E ActivityThread: Failed to find provider info for com.miui.personalassistant.widget.external
03-15 18:12:11.389  2558  9253 W Binder  : BinderDebug: reply too large data on java level: InterfaceDescriptor=null calling uid=1000 pid=0 code=1(null) size=1056768
03-15 18:12:11.892  1474  1474 D UiModeManager: updateConfigurationLocked: mDockState=0; mCarMode=false; mNightMode=2; mZuiNightModeOverride=2; mPowerSave=false; isTestMode=false; uiMode=33
03-15 18:12:11.892  2058  2058 D PowerUI : onReceive to showplugged=true buckert==1mcaharge==true level==81 chargrate=0oldpluge==true
03-15 18:12:11.893  2058  3403 D PowerUI : can't show warning due to - plugged: true status unknown: false
03-15 18:12:11.893  2058  3403 I PowerUI.Notification: dismissing low battery notification
03-15 18:12:12.267 30878 30878 E ActivityThread: Failed to find provider info for com.miui.personalassistant.widget.external
03-15 18:12:12.394  1474  1628 W ProcessStats: Tracking association SourceState{bd27747 com.zui.launchersdk/10058 BFgs #31597} whose proc state 4 is better than process ProcessState{9bb7cb9 com.zui.deviceidservice/10074 pkg=com.zui.deviceidservice} proc state 10 (23 skipped)
03-15 18:12:13.288 30878 30878 E ActivityThread: Failed to find provider info for com.miui.personalassistant.widget.external
03-15 18:12:13.731  2058  2058 D PowerUI : onReceive to showplugged=true buckert==1mcaharge==true level==81 chargrate=0oldpluge==true
03-15 18:12:13.732  2058  3406 D PowerUI : can't show warning due to - plugged: true status unknown: false
03-15 18:12:13.732  2058  3406 I PowerUI.Notification: dismissing low battery notification
03-15 18:12:13.732  1474  1474 D UiModeManager: updateConfigurationLocked: mDockState=0; mCarMode=false; mNightMode=2; mZuiNightModeOverride=2; mPowerSave=false; isTestMode=false; uiMode=33
03-15 18:12:14.301 30878 30878 E ActivityThread: Failed to find provider info for com.miui.personalassistant.widget.external
03-15 18:12:14.512  1474  1474 D UiModeManager: updateConfigurationLocked: mDockState=0; mCarMode=false; mNightMode=2; mZuiNightModeOverride=2; mPowerSave=false; isTestMode=false; uiMode=33
03-15 18:12:14.512  2058  2058 D PowerUI : onReceive to showplugged=true buckert==1mcaharge==true level==81 chargrate=0oldpluge==true
03-15 18:12:14.512  2058  3408 D PowerUI : can't show warning due to - plugged: true status unknown: false
03-15 18:12:14.512  2058  3408 I PowerUI.Notification: dismissing low battery notification
03-15 18:12:15.160  1474  1924 D AlarmManager: alarms fired, need delivery
03-15 18:12:15.162  1474  1924 D AlarmManager: final first Wakeup:29109355 now: 29002252 isInNightMode:false
03-15 18:12:15.166  1474  1474 D AlarmManager: final first Wakeup:29062256 now: 29002256 isInNightMode:false
03-15 18:12:15.295 30878 30878 E ActivityThread: Failed to find provider info for com.miui.personalassistant.widget.external
03-15 18:12:16.298 30878 30878 E ActivityThread: Failed to find provider info for com.miui.personalassistant.widget.external
03-15 18:12:17.303 30878 30878 E ActivityThread: Failed to find provider info for com.miui.personalassistant.widget.external
03-15 18:12:17.528  2058  2058 D PowerUI : onReceive to showplugged=true buckert==1mcaharge==true level==81 chargrate=0oldpluge==true
03-15 18:12:17.528  1474  1474 D UiModeManager: updateConfigurationLocked: mDockState=0; mCarMode=false; mNightMode=2; mZuiNightModeOverride=2; mPowerSave=false; isTestMode=false; uiMode=33
03-15 18:12:17.528  2058  2874 D PowerUI : can't show warning due to - plugged: true status unknown: false
03-15 18:12:17.528  2058  2874 I PowerUI.Notification: dismissing low battery notification
03-15 18:12:18.318 30878 30878 E ActivityThread: Failed to find provider info for com.miui.personalassistant.widget.external
03-15 18:12:19.316 30878 30878 E ActivityThread: Failed to find provider info for com.miui.personalassistant.widget.external
03-15 18:12:20.328 30878 30878 E ActivityThread: Failed to find provider info for com.miui.personalassistant.widget.external
03-15 18:12:21.330 30878 30878 E ActivityThread: Failed to find provider info for com.miui.personalassistant.widget.external
03-15 18:12:22.337 30878 30878 E ActivityThread: Failed to find provider info for com.miui.personalassistant.widget.external
03-15 18:12:23.346 30878 30878 E ActivityThread: Failed to find provider info for com.miui.personalassistant.widget.external
03-15 18:12:24.350 30878 30878 E ActivityThread: Failed to find provider info for com.miui.personalassistant.widget.external
03-15 18:12:24.935  1474  1474 D UiModeManager: updateConfigurationLocked: mDockState=0; mCarMode=false; mNightMode=2; mZuiNightModeOverride=2; mPowerSave=false; isTestMode=false; uiMode=33
03-15 18:12:24.936  2058  2058 D PowerUI : onReceive to showplugged=true buckert==1mcaharge==true level==81 chargrate=0oldpluge==true
03-15 18:12:24.936  2058  3276 D PowerUI : can't show warning due to - plugged: true status unknown: false
03-15 18:12:24.936  2058  3276 I PowerUI.Notification: dismissing low battery notification
03-15 18:12:25.165  1474  1910 W ProcessStats: Tracking association SourceState{50ce9e1 com.netease.cloudmusic/10241 Fgs #31610} whose proc state 3 is better than process ProcessState{673cc86 com.netease.cloudmusic:pushservice/10241 pkg=com.netease.cloudmusic} proc state 14 (36 skipped)
03-15 18:12:25.348 30878 30878 E ActivityThread: Failed to find provider info for com.miui.personalassistant.widget.external
03-15 18:12:25.690   636  8480 W keystore2: system/security/keystore2/src/remote_provisioning.rs:102 - Error occurred: system/security/keystore2/src/rkpd_client.rs:226: Trying to get to IRegistration service.
03-15 18:12:25.690   636  8480 W keystore2: 
03-15 18:12:25.690   636  8480 W keystore2: Caused by:
03-15 18:12:25.690   636  8480 W keystore2:     0: system/security/keystore2/src/rkpd_client.rs:120: Trying to get IRPC name.
03-15 18:12:25.690   636  8480 W keystore2:     1: system/security/keystore2/src/globals.rs:440
03-15 18:12:25.690   636  8480 W keystore2:     2: Error::Km(r#HARDWARE_TYPE_UNAVAILABLE)
03-15 18:12:25.704   636  8480 E keystore2: system/security/keystore2/src/error.rs:180 - system/security/keystore2/src/security_level.rs:622
03-15 18:12:25.704   636  8480 E keystore2: 
03-15 18:12:25.704   636  8480 E keystore2: Caused by:
03-15 18:12:25.704   636  8480 E keystore2:     0: system/security/keystore2/src/security_level.rs:620: While generating Key without explicit attestation key.
03-15 18:12:25.704   636  8480 E keystore2:     1: Error::Km(-10003)
03-15 18:12:25.709   636  8480 W keystore2: system/security/keystore2/src/remote_provisioning.rs:102 - Error occurred: system/security/keystore2/src/rkpd_client.rs:226: Trying to get to IRegistration service.
03-15 18:12:25.709   636  8480 W keystore2: 
03-15 18:12:25.709   636  8480 W keystore2: Caused by:
03-15 18:12:25.709   636  8480 W keystore2:     0: system/security/keystore2/src/rkpd_client.rs:120: Trying to get IRPC name.
03-15 18:12:25.709   636  8480 W keystore2:     1: system/security/keystore2/src/globals.rs:440
03-15 18:12:25.709   636  8480 W keystore2:     2: Error::Km(r#HARDWARE_TYPE_UNAVAILABLE)
03-15 18:12:25.724   636  8480 E keystore2: system/security/keystore2/src/error.rs:180 - system/security/keystore2/src/security_level.rs:622
03-15 18:12:25.724   636  8480 E keystore2: 
03-15 18:12:25.724   636  8480 E keystore2: Caused by:
03-15 18:12:25.724   636  8480 E keystore2:     0: system/security/keystore2/src/security_level.rs:620: While generating Key without explicit attestation key.
03-15 18:12:25.724   636  8480 E keystore2:     1: Error::Km(-10003)
03-15 18:12:26.029  9774  9948 E ActivityThread: Failed to find provider info for com.meizu.flyme.openidsdk
03-15 18:12:26.030  9774  9948 E ActivityThread: Failed to find provider info for com.meizu.flyme.openidsdk
03-15 18:12:26.030  9774  9948 E ActivityThread: Failed to find provider info for com.vivo.push.sdk.service.SystemPushConfig
03-15 18:12:26.032  9774  9948 E ActivityThread: Failed to find provider info for com.huawei.wallet.thirdprovider
03-15 18:12:26.034  9774  9948 E ActivityThread: Failed to find provider info for com.miui.analytics.OneTrackProvider
03-15 18:12:26.094  1474  3379 E ActivityManager: Unable to freeze binder for 10325 com.alibaba.android.rimet:gpu_process
03-15 18:12:26.360 30878 30878 E ActivityThread: Failed to find provider info for com.miui.personalassistant.widget.external
03-15 18:12:26.444  2558  9253 W Binder  : BinderDebug: reply too large data on java level: InterfaceDescriptor=null calling uid=1000 pid=0 code=1(null) size=1056768
03-15 18:12:27.117   636  8480 W keystore2: system/security/keystore2/src/remote_provisioning.rs:102 - Error occurred: system/security/keystore2/src/rkpd_client.rs:226: Trying to get to IRegistration service.
03-15 18:12:27.117   636  8480 W keystore2: 
03-15 18:12:27.117   636  8480 W keystore2: Caused by:
03-15 18:12:27.117   636  8480 W keystore2:     0: system/security/keystore2/src/rkpd_client.rs:120: Trying to get IRPC name.
03-15 18:12:27.117   636  8480 W keystore2:     1: system/security/keystore2/src/globals.rs:440
03-15 18:12:27.117   636  8480 W keystore2:     2: Error::Km(r#HARDWARE_TYPE_UNAVAILABLE)
03-15 18:12:27.134   636  8480 E keystore2: system/security/keystore2/src/error.rs:180 - system/security/keystore2/src/security_level.rs:622
03-15 18:12:27.134   636  8480 E keystore2: 
03-15 18:12:27.134   636  8480 E keystore2: Caused by:
03-15 18:12:27.134   636  8480 E keystore2:     0: system/security/keystore2/src/security_level.rs:620: While generating Key without explicit attestation key.
03-15 18:12:27.134   636  8480 E keystore2:     1: Error::Km(-10003)
03-15 18:12:27.175   636  8480 W keystore2: system/security/keystore2/src/remote_provisioning.rs:102 - Error occurred: system/security/keystore2/src/rkpd_client.rs:226: Trying to get to IRegistration service.
03-15 18:12:27.175   636  8480 W keystore2: 
03-15 18:12:27.175   636  8480 W keystore2: Caused by:
03-15 18:12:27.175   636  8480 W keystore2:     0: system/security/keystore2/src/rkpd_client.rs:120: Trying to get IRPC name.
03-15 18:12:27.175   636  8480 W keystore2:     1: system/security/keystore2/src/globals.rs:440
03-15 18:12:27.175   636  8480 W keystore2:     2: Error::Km(r#HARDWARE_TYPE_UNAVAILABLE)
03-15 18:12:27.188   636  8480 E keystore2: system/security/keystore2/src/error.rs:180 - system/security/keystore2/src/security_level.rs:622
03-15 18:12:27.188   636  8480 E keystore2: 
03-15 18:12:27.188   636  8480 E keystore2: Caused by:
03-15 18:12:27.188   636  8480 E keystore2:     0: system/security/keystore2/src/security_level.rs:620: While generating Key without explicit attestation key.
03-15 18:12:27.188   636  8480 E keystore2:     1: Error::Km(-10003)
03-15 18:12:27.193   636  8480 W keystore2: system/security/keystore2/src/remote_provisioning.rs:102 - Error occurred: system/security/keystore2/src/rkpd_client.rs:226: Trying to get to IRegistration service.
03-15 18:12:27.193   636  8480 W keystore2: 
03-15 18:12:27.193   636  8480 W keystore2: Caused by:
03-15 18:12:27.193   636  8480 W keystore2:     0: system/security/keystore2/src/rkpd_client.rs:120: Trying to get IRPC name.
03-15 18:12:27.193   636  8480 W keystore2:     1: system/security/keystore2/src/globals.rs:440
03-15 18:12:27.193   636  8480 W keystore2:     2: Error::Km(r#HARDWARE_TYPE_UNAVAILABLE)
03-15 18:12:27.207   636  8480 E keystore2: system/security/keystore2/src/error.rs:180 - system/security/keystore2/src/security_level.rs:622
03-15 18:12:27.207   636  8480 E keystore2: 
03-15 18:12:27.207   636  8480 E keystore2: Caused by:
03-15 18:12:27.207   636  8480 E keystore2:     0: system/security/keystore2/src/security_level.rs:620: While generating Key without explicit attestation key.
03-15 18:12:27.207   636  8480 E keystore2:     1: Error::Km(-10003)
03-15 18:12:27.368 30878 30878 E ActivityThread: Failed to find provider info for com.miui.personalassistant.widget.external
03-15 18:12:27.536  2058  2058 D PowerUI : onReceive to showplugged=true buckert==1mcaharge==true level==81 chargrate=0oldpluge==true
03-15 18:12:27.536  1474  1474 D UiModeManager: updateConfigurationLocked: mDockState=0; mCarMode=false; mNightMode=2; mZuiNightModeOverride=2; mPowerSave=false; isTestMode=false; uiMode=33
03-15 18:12:27.536  2058  3407 D PowerUI : can't show warning due to - plugged: true status unknown: false
03-15 18:12:27.537  2058  3407 I PowerUI.Notification: dismissing low battery notification
03-15 18:12:28.003  1474  1612 D WindowManager: ondown, touch down!
03-15 18:12:28.012  1474 11113 D ChangeTransitionController: applySyncStagingTypesIfNeeded: fail stage is empty
03-15 18:12:28.017  1474 11113 I OvCameraRotation: camera activity:null fullScreen:false canResizeTask:false isEmbedded:false display:0 pcMode:false
03-15 18:12:28.017  1474 11113 I OvCameraRotation: camera activity:null fullScreen:false canResizeTask:false isEmbedded:false display:0 pcMode:false
03-15 18:12:28.020  1474  2057 W ActivityManager: notifyProcessStarted!
03-15 18:12:28.029  1474 11974 I OvCameraRotation: camera activity:null fullScreen:false canResizeTask:false isEmbedded:false display:0 pcMode:false
03-15 18:12:28.040  1474  1474 D UiModeManager: updateConfigurationLocked: mDockState=0; mCarMode=false; mNightMode=2; mZuiNightModeOverride=2; mPowerSave=false; isTestMode=false; uiMode=33
03-15 18:12:28.040  2058  2058 D PowerUI : onReceive to showplugged=true buckert==1mcaharge==true level==81 chargrate=0oldpluge==true
03-15 18:12:28.040  2058  3399 D PowerUI : can't show warning due to - plugged: true status unknown: false
03-15 18:12:28.040  2058  3399 I PowerUI.Notification: dismissing low battery notification
03-15 18:12:28.053  1474 12751 I WindowManager: Window{d1e2f6a u0 com.zui.launcher/com.zui.launcher.drawer.NormalLauncher} state from NO_SURFACE to DRAW_PENDING; reason: resetDrawState
03-15 18:12:28.055  1474 12751 I OvCameraRotation: camera activity:null fullScreen:false canResizeTask:false isEmbedded:false display:0 pcMode:false
03-15 18:12:28.069  1474 12751 I WindowManager: Window{d1e2f6a u0 com.zui.launcher/com.zui.launcher.drawer.NormalLauncher} state from DRAW_PENDING to COMMIT_DRAW_PENDING; reason: finishDrawingLocked
03-15 18:12:28.072  1474  1615 I WindowManager: Window{d1e2f6a u0 com.zui.launcher/com.zui.launcher.drawer.NormalLauncher} state from COMMIT_DRAW_PENDING to READY_TO_SHOW; reason: commitFinishDrawingLocked
03-15 18:12:28.072  1474  1615 D ActivityTaskManager: SplashScreen not transfer special !!!
03-15 18:12:28.072  1474  1615 I Transition: RefreshRateConfigs, boost when animation.
03-15 18:12:28.073  1474  1615 D ActivityTaskManager: SplashScreen not transfer special !!!
03-15 18:12:28.073  1474  1615 I WindowManager: Window{d1e2f6a u0 com.zui.launcher/com.zui.launcher.drawer.NormalLauncher} state from READY_TO_SHOW to HAS_DRAWN; reason: performShowLocked
03-15 18:12:28.075  1474  1615 I OvCameraRotation: camera activity:null fullScreen:false canResizeTask:false isEmbedded:false display:0 pcMode:false
03-15 18:12:28.078  1474  2057 W ActivityManager: notifyProcessStarted!
03-15 18:12:28.078  1474  1611 V WindowManager: Sent Transition #211 createdAt=03-15 18:12:28.012
03-15 18:12:28.078  1474  1611 V WindowManager:     startWCT=WindowContainerTransaction { changes = {} hops = [{PendingIntent: options=Bundle[{android.activity.splashScreenStyle=-1, android.activity.sourceInfo=android.app.ActivityOptions$SourceInfo@de92ed2, android.activity.transientLaunch=true}]}] errorCallbackToken=null taskFragmentOrganizer=null }
03-15 18:12:28.078  1474  1611 V WindowManager:     info={id=211 t=TO_FRONT f=0x80 trk=0 r=[0@Point(0, 0)] c=[{WCT{RemoteToken{6a6091e Task{c016788 #1 type=home}}} m=TO_FRONT f=SHOW_WALLPAPER|MOVE_TO_TOP leash=Surface(name=Task=1)/@0xa05ac31 sb=Rect(0, 0 - 2944, 1840) eb=Rect(0, 0 - 2944, 1840) d=0 windowingMode=1},{WCT{RemoteToken{dc936fc Task{1bbc059 #49 type=standard A=10260:com.example.mymusic}}} m=TO_BACK f=NONE leash=Surface(name=Task=49)/@0xb11e0ce sb=Rect(0, 0 - 2944, 1840) eb=Rect(0, 0 - 2944, 1840) d=0 windowingMode=1},{null m=TO_FRONT f=IS_WALLPAPER leash=Surface(name=WallpaperWindowToken{f567b55 token=android.os.Binder@33a560c})/@0x418184a sb=Rect(0, 0 - 2944, 1840) eb=Rect(0, 0 - 2944, 1840) d=0 windowingMode=1}]}
03-15 18:12:28.078  1474  1611 D TransitionController: for OneVision debug. Transition info:{id=211 t=TO_FRONT f=0x80 trk=0 r=[0@Point(0, 0)] c=[{WCT{RemoteToken{6a6091e Task{c016788 #1 type=home}}} m=TO_FRONT f=SHOW_WALLPAPER|MOVE_TO_TOP leash=Surface(name=Task=1)/@0xa05ac31 sb=Rect(0, 0 - 2944, 1840) eb=Rect(0, 0 - 2944, 1840) d=0 windowingMode=1},{WCT{RemoteToken{dc936fc Task{1bbc059 #49 type=standard A=10260:com.example.mymusic}}} m=TO_BACK f=NONE leash=Surface(name=Task=49)/@0xb11e0ce sb=Rect(0, 0 - 2944, 1840) eb=Rect(0, 0 - 2944, 1840) d=0 windowingMode=1},{null m=TO_FRONT f=IS_WALLPAPER leash=Surface(name=WallpaperWindowToken{f567b55 token=android.os.Binder@33a560c})/@0x418184a sb=Rect(0, 0 - 2944, 1840) eb=Rect(0, 0 - 2944, 1840) d=0 windowingMode=1}]}
03-15 18:12:28.084  2562  9419 D RemoteAnimationTargets: apps >>> length = 2
03-15 18:12:28.084  2562  9419 D RemoteAnimationTargets: java.lang.Throwable
03-15 18:12:28.084  2562  9419 D RemoteAnimationTargets: 	at com.zui.quickstep.RemoteAnimationTargets.<init>(Unknown Source:34)
03-15 18:12:28.084  2562  9419 D RemoteAnimationTargets: 	at com.zui.quickstep.RecentsAnimationTargets.<init>(Unknown Source:1)
03-15 18:12:28.084  2562  9419 D RemoteAnimationTargets: 	at com.zui.quickstep.RecentsAnimationCallbacks.onAnimationStart(Unknown Source:139)
03-15 18:12:28.084  2562  9419 D RemoteAnimationTargets: 	at com.zui.quickstep.SystemUiProxy$a.onAnimationStart(Unknown Source:37)
03-15 18:12:28.084  2562  9419 D RemoteAnimationTargets: 	at android.view.IRecentsAnimationRunner$Stub.onTransact(IRecentsAnimationRunner.java:149)
03-15 18:12:28.084  2562  9419 D RemoteAnimationTargets: 	at android.os.Binder.execTransactInternal(Binder.java:1354)
03-15 18:12:28.084  2562  9419 D RemoteAnimationTargets: 	at android.os.Binder.execTransact(Binder.java:1285)
03-15 18:12:28.087  1474  1615 D ActivityTaskManager: SplashScreen not transfer special !!!
03-15 18:12:28.111  1474  4660 I OvCameraRotation: camera activity:null fullScreen:false canResizeTask:false isEmbedded:false display:0 pcMode:false
03-15 18:12:28.141  1474  3379 I WindowManager: setFocusedAppLw : ActivityRecord{49a16b3 u0 com.zui.launcher/.drawer.NormalLauncher t8, isEmbedded=false},display Id:0
03-15 18:12:28.141  1474  3379 D WindowManager: Changing focus from Window{6545aea u0 com.example.mymusic/com.example.mymusic.MainActivity} to Window{d1e2f6a u0 com.zui.launcher/com.zui.launcher.drawer.NormalLauncher} displayId=0 Callers=com.android.server.wm.RootWindowContainer.updateFocusedWindowLocked:503 com.android.server.wm.WindowManagerService.updateFocusedWindowLocked:6584 com.android.server.wm.ActivityTaskManagerService.setLastResumedActivityUncheckLocked:5363 com.android.server.wm.ActivityTaskManagerService.setFocusedTask:2308 
03-15 18:12:28.142  1474  3379 I WindowManager: setInputFocusLw : Window{d1e2f6a u0 com.zui.launcher/com.zui.launcher.drawer.NormalLauncher},display Id:0
03-15 18:12:28.146  1474  2014 D ZuiInputManager: updateTopTaskPackageStatus mTopTaskPackageName = com.zui.launcher
03-15 18:12:28.148  1474  2014 D BigPalmInputPolicy: isGameAppPackage: mUiType = ZUI, packageName = com.zui.launcher
03-15 18:12:28.148  1474  2014 D TouchscreenServiceManager: setBigPalm by hidl v1_0 
03-15 18:12:28.152  1474  3379 I OvCameraRotation: camera activity:null fullScreen:false canResizeTask:false isEmbedded:false display:0 pcMode:false
03-15 18:12:28.156  1474  4660 D ChangeTransitionController: applySyncStagingTypesIfNeeded: fail stage is empty
03-15 18:12:28.189  1474  1944 E HandwritingModeController: Cannot get requestId: Handwriting was not initialized.
03-15 18:12:28.286  1474  1612 D WindowManager: onup, touch up!
03-15 18:12:28.287  1474 11974 D OvfWmHideShowController: moveTasksToBackLocked, autoRestore: true
03-15 18:12:28.386 30878 30878 E ActivityThread: Failed to find provider info for com.miui.personalassistant.widget.external
03-15 18:12:28.668  1474 11974 D ChangeTransitionController: applySyncStagingTypesIfNeeded: fail stage is empty
03-15 18:12:28.668  1474  1611 V WindowManager: Finish Transition #211: created at 03-15 18:12:28.012 collect-started=0.126ms started=0.169ms ready=8.927ms sent=62.83ms finished=656.628ms
03-15 18:12:28.675  1474  1614 V WindowManager: Unknown focus tokens, dropping reportFocusChanged
03-15 18:12:28.681  1474 11974 W WindowManager: Failed looking up window session=Session{ad86772 2058:u0a10076} callers=com.android.server.wm.WindowManagerService.windowForClientLocked:6472 com.android.server.wm.WindowManagerService.removeWindow:2275 com.android.server.wm.Session.remove:238 
03-15 18:12:28.685  1474  2492 D ChangeTransitionController: applySyncStagingTypesIfNeeded: fail stage is empty
03-15 18:12:28.690  1474  2280 I OvCameraRotation: camera activity:null fullScreen:false canResizeTask:false isEmbedded:false display:0 pcMode:false
03-15 18:12:28.723  1474 11974 D WindowManager: computeImeParent ret ===0
03-15 18:12:28.744  1474  2280 I OvCameraRotation: camera activity:null fullScreen:false canResizeTask:false isEmbedded:false display:0 pcMode:false
03-15 18:12:28.752  1474  1612 D WindowManager: ondown, touch down!
03-15 18:12:28.767  1474  2492 I WindowManager: Window{6545aea u0 com.example.mymusic/com.example.mymusic.MainActivity} state from HAS_DRAWN to NO_SURFACE; reason: destroySurface
03-15 18:12:28.767  1474  2492 W WindowManager: for OneVision debug destroySurface:Window{6545aea u0 com.example.mymusic/com.example.mymusic.MainActivity} caller:com.android.server.wm.WindowStateAnimator.destroySurfaceLocked:395 com.android.server.wm.WindowState.destroySurfaceUnchecked:3471 com.android.server.wm.WindowState.destroySurface:3445 com.android.server.wm.ActivityRecord.destroySurfaces:6295 com.android.server.wm.ActivityRecord.destroySurfaces:6276 
03-15 18:12:28.767  1474  2492 D ActivityTaskManager: SplashScreen not transfer special !!!
03-15 18:12:28.838  1474  1612 D WindowManager: onfling, touch interaction!
03-15 18:12:28.840  1474  1612 D WindowManager: onup, touch up!
03-15 18:12:29.093  1474  2492 I OvCameraRotation: camera activity:null fullScreen:false canResizeTask:false isEmbedded:false display:0 pcMode:false
03-15 18:12:29.099  1474  2492 I OvCameraRotation: camera activity:null fullScreen:false canResizeTask:false isEmbedded:false display:0 pcMode:false
03-15 18:12:29.359  2058  2058 D RecentTasksController: notifyRecentTasksChanged reason:onRecentTaskListUpdated
03-15 18:12:29.360  1474  2014 D ZuiInputManager: updateTopTaskPackageStatus mTopTaskPackageName = com.zui.launcher
03-15 18:12:29.360  1474  2492 I ActivityManager: Force stopping com.example.mymusic appid=10260 user=0: from pid 2562
03-15 18:12:29.360  1474  3678 E TaskPersister: File error accessing recents directory (directory doesn't exist?).
03-15 18:12:29.361  1474  2492 E ActivityManager: Unable to freeze binder for 11765: java.lang.RuntimeException: Unable to freeze/unfreeze binder
03-15 18:12:29.362  1474  2492 I ActivityManager: Killing 11765:com.example.mymusic/u0a260 (adj 50): stop com.example.mymusic due to from pid 2562
03-15 18:12:29.363  1474  1612 D DisplayManagerService: Drop pending events for gone uid 10260
03-15 18:12:29.363  1474  2014 D BigPalmInputPolicy: isGameAppPackage: mUiType = ZUI, packageName = com.zui.launcher
03-15 18:12:29.365  1474  2492 W ForegroundServiceTypeLoggerModule: Logger should be tracking FGS types correctly for UID 10260 in package com.example.mymusic
03-15 18:12:29.366  1474  2492 W ActivityTaskManager: Force removing ActivityRecord{36d3ca0 u0 com.example.mymusic/.MainActivity t49 f}, isEmbedded=false}: app died, no saved state
03-15 18:12:29.366  1474  1621 W UsageStatsService: Unexpected activity event reported! (com.example.mymusic/com.example.mymusic.MainActivity event : 23 instanceId : 258094110)
03-15 18:12:29.366  1474  2492 D WindowManager: setParent old=ActivityRecord{36d3ca0 u0 com.example.mymusic/.MainActivity t49 f}, isEmbedded=false},new=null,this window=Window{6545aea u0 com.example.mymusic/com.example.mymusic.MainActivity},callers=com.android.server.wm.WindowContainer.removeChild:813 com.android.server.wm.ActivityRecord.removeChild:4630 com.android.server.wm.ActivityRecord.removeChild:432 com.android.server.wm.WindowContainer.removeImmediately:871 com.android.server.wm.WindowState.removeImmediately:2455 com.android.server.wm.WindowState.removeIfPossible:2615 
03-15 18:12:29.367  1474  2014 D TouchscreenServiceManager: setBigPalm by hidl v1_0 
03-15 18:12:29.368  1474  2492 D WindowManager: setParent old=Task{1bbc059 #49 type=standard A=10260:com.example.mymusic},new=null,this window=ActivityRecord{36d3ca0 u0 com.example.mymusic/.MainActivity t49 f}, isEmbedded=false},callers=com.android.server.wm.WindowContainer.removeChild:813 com.android.server.wm.TaskFragment.removeChild:3134 com.android.server.wm.Task.removeChild:1806 com.android.server.wm.Task.removeChild:1789 com.android.server.wm.WindowContainer.removeImmediately:871 com.android.server.wm.WindowToken.removeImmediately:387 
03-15 18:12:29.369  1474  2492 D WindowManager: setParent old=DefaultTaskDisplayArea@120896112(displayId=0),new=null,this window=Task{1bbc059 #49 type=standard A=10260:com.example.mymusic},callers=com.android.server.wm.WindowContainer.removeChild:813 com.android.server.wm.TaskDisplayArea.removeChildTask:397 com.android.server.wm.TaskDisplayArea.removeChild:388 com.android.server.wm.WindowContainer.removeImmediately:871 com.android.server.wm.TaskFragment.removeImmediately:3218 com.android.server.wm.Task.removeImmediately:3228 
03-15 18:12:29.371  1474  2057 W ActivityManager: notifyProcessStarted!
03-15 18:12:29.371  1474  2492 I AppsFilter: interaction: PackageSetting{849c360 com.motorola.readyforsignature.app/10082} -> PackageSetting{b883f4 com.example.mymusic/10260} BLOCKED
03-15 18:12:29.372  1474  2492 I AppsFilter: interaction: PackageSetting{c64f8de com.example.music/10200} -> PackageSetting{b883f4 com.example.mymusic/10260} BLOCKED
03-15 18:12:29.372  1474  2492 I AppsFilter: interaction: PackageSetting{485cabf bin.mt.termex/10290} -> PackageSetting{b883f4 com.example.mymusic/10260} BLOCKED
03-15 18:12:29.375  1474  4660 W WindowManager: Failed looking up window session=Session{ad86772 2058:u0a10076} callers=com.android.server.wm.WindowManagerService.windowForClientLocked:6472 com.android.server.wm.WindowManagerService.removeWindow:2275 com.android.server.wm.Session.remove:238 
03-15 18:12:29.377  1474 11974 D ChangeTransitionController: applySyncStagingTypesIfNeeded: fail stage is empty
03-15 18:12:29.377  2058  2058 D RecentTasksController: notifyRecentTasksChanged reason:onTaskRemoved
03-15 18:12:29.387 30878 30878 E ActivityThread: Failed to find provider info for com.miui.personalassistant.widget.external
03-15 18:12:29.398  1474  2492 V ActivityManager: Got obituary of 11765:com.example.mymusic
03-15 18:12:29.398  1474  1614 W ActivityManager: setHasOverlayUi called on unknown pid: 11765
03-15 18:12:29.407  1474  2062 I OvCameraRotation: camera activity:null fullScreen:false canResizeTask:false isEmbedded:false display:0 pcMode:false
03-15 18:12:29.427  1474  1612 D WindowManager: ondown, touch down!
03-15 18:12:29.451  2558 24808 W Binder  : BinderDebug: reply too large data on java level: InterfaceDescriptor=null calling uid=1000 pid=0 code=1(null) size=1056768
03-15 18:12:29.464  2058  2058 D RecentTasksController: notifyRecentTasksChanged reason:onTaskStackChanged
03-15 18:12:29.510  1474  1612 D WindowManager: onscroll, touch interaction!
03-15 18:12:29.519  1474  1612 D WindowManager: onfling, touch interaction!
03-15 18:12:29.520  1474  1612 D WindowManager: onup, touch up!
03-15 18:12:30.378  1474  1612 D WindowManager: ondown, touch down!
03-15 18:12:30.391 30878 30878 E ActivityThread: Failed to find provider info for com.miui.personalassistant.widget.external
03-15 18:12:30.463  1474  1612 D WindowManager: onscroll, touch interaction!
03-15 18:12:30.469  1474  1612 D WindowManager: onfling, touch interaction!
03-15 18:12:30.470  1474  1612 D WindowManager: onup, touch up!
03-15 18:12:31.396 30878 30878 E ActivityThread: Failed to find provider info for com.miui.personalassistant.widget.external
03-15 18:12:31.937  1474  1612 D WindowManager: ondown, touch down!
03-15 18:12:32.036  1474  1612 D WindowManager: onscroll, touch interaction!
03-15 18:12:32.045  1474  1612 D WindowManager: onfling, touch interaction!
03-15 18:12:32.046  1474  1612 D WindowManager: onup, touch up!
03-15 18:12:32.369  1474  3678 E TaskPersister: File error accessing recents directory (directory doesn't exist?).
03-15 18:12:32.402 30878 30878 E ActivityThread: Failed to find provider info for com.miui.personalassistant.widget.external
03-15 18:12:32.887  1474  1612 D WindowManager: ondown, touch down!
03-15 18:12:32.970  1474  1612 D WindowManager: onup, touch up!
03-15 18:12:32.979  1474  2062 D ActivityTaskManager: executeRequest appLockEnabled = true
03-15 18:12:32.979  1474  2062 D ActivityStartInterceptor: intercept appLockEnabled = true
03-15 18:12:32.979  1474  2062 D ActivityStartInterceptor: createAppLockIntentWhenIntercept shouldConfirm = false
03-15 18:12:32.979  1474  2062 D ActivityStartInterceptor: interceptWithAppLockConfirmCredentials newIntent == null
03-15 18:12:32.979  1474  2062 D ActivityStartInterceptor: interceptAppLock called
