03-15 18:12:52.163  1474  2493 D CompatibilityChangeReporter: Compat change id reported: 214016041; UID 10253; state: ENABLED
03-15 18:12:52.204  1474  1978 D AlarmManager: final first Wakeup:29109355 now: 29039294 isInNightMode:false
03-15 18:12:52.206  1474  1978 D AlarmManager: final first Wakeup:29099294 now: 29039296 isInNightMode:false
03-15 18:12:52.211  1474  1560 I MediaSessionStack: addSession to bottom of stack | record: tv.danmaku.bilibilihd/HeadsetControlPlayAdapter.Session (userId=0)
03-15 18:12:52.238  1474  3416 D ChangeTransitionController: applySyncStagingTypesIfNeeded: fail stage is empty
03-15 18:12:52.347  2058  2058 D PowerUI : onReceive to showplugged=true buckert==1mcaharge==true level==81 chargrate=0oldpluge==true
03-15 18:12:52.347  2058  3402 D PowerUI : can't show warning due to - plugged: true status unknown: false
03-15 18:12:52.347  2058  3402 I PowerUI.Notification: dismissing low battery notification
03-15 18:12:52.347  1474  1474 D UiModeManager: updateConfigurationLocked: mDockState=0; mCarMode=false; mNightMode=2; mZuiNightModeOverride=2; mPowerSave=false; isTestMode=false; uiMode=33
03-15 18:12:52.449 12152 12152 D OvcEditorInfoUtils[OV_IME]: bindActivityTokenIfNeeded, create extras for pkgName: tv.danmaku.bilibilihd
03-15 18:12:52.457  1474  2489 I MediaSessionStack: onPlaybackStateChanged - Pushing session to top | record: tv.danmaku.bilibilihd/HeadsetControlPlayAdapter.Session (userId=0)
03-15 18:12:52.540  2058  2153 D TransactionPool: release st:-5476376656299799152 caller:com.android.wm.shell.common.TransactionPool.release:60 com.android.wm.shell.transition.DefaultTransitionHandler.lambda$buildSurfaceAnimation$7:879 com.android.wm.shell.transition.DefaultTransitionHandler$$ExternalSyntheticLambda7.run:26 
03-15 18:12:52.540  2058  2153 D TransactionPool: put st:-5476376656299799152 reason to release map
03-15 18:12:52.542  2058  2153 D TransactionPool: release st:-5476376656299412304 caller:com.android.wm.shell.common.TransactionPool.release:60 com.android.wm.shell.transition.DefaultTransitionHandler.lambda$buildSurfaceAnimation$7:879 com.android.wm.shell.transition.DefaultTransitionHandler$$ExternalSyntheticLambda7.run:26 
03-15 18:12:52.542  2058  2153 D TransactionPool: put st:-5476376656299412304 reason to release map
03-15 18:12:52.549  1474  1611 V WindowManager: Finish Transition #213: created at 03-15 18:12:51.927 collect-started=0.057ms request-sent=4.631ms started=5.478ms ready=11.671ms sent=112.559ms finished=621.036ms
03-15 18:12:52.573  1474  3416 I WindowManager: Window{14f673e u0 tv.danmaku.bilibilihd/tv.danmaku.bili.MainActivityV2} state from HAS_DRAWN to NO_SURFACE; reason: destroySurface
03-15 18:12:52.573  1474  3416 W WindowManager: for OneVision debug destroySurface:Window{14f673e u0 tv.danmaku.bilibilihd/tv.danmaku.bili.MainActivityV2} caller:com.android.server.wm.WindowStateAnimator.destroySurfaceLocked:395 com.android.server.wm.WindowState.destroySurfaceUnchecked:3471 com.android.server.wm.WindowState.destroySurface:3445 com.android.server.wm.ActivityRecord.destroySurfaces:6295 com.android.server.wm.ActivityRecord.destroySurfaces:6276 
03-15 18:12:52.573  1474  3416 D ActivityTaskManager: SplashScreen not transfer special !!!
03-15 18:12:52.785  1474  1677 W PackageManager: Not removing package com.google.android.libraries.internal.sampleads_20009 hosting lib com.google.android.libraries.internal.sampleads version 20009 used by [VersionedPackage[com.google.android.play.games/624524440]] for user 0
03-15 18:12:52.785  1474  1677 W PackageManager: Not removing package com.google.android.trichromelibrary hosting lib com.google.android.trichromelibrary version 763215933 used by [VersionedPackage[com.android.chrome/763215933]] for user 0
03-15 18:12:53.194  1474  1612 D WindowManager: ondown, touch down!
03-15 18:12:53.569  2058  2058 D PowerUI : onReceive to showplugged=true buckert==1mcaharge==true level==81 chargrate=0oldpluge==true
03-15 18:12:53.570  1474  1474 D UiModeManager: updateConfigurationLocked: mDockState=0; mCarMode=false; mNightMode=2; mZuiNightModeOverride=2; mPowerSave=false; isTestMode=false; uiMode=33
03-15 18:12:53.570  2058  3403 D PowerUI : can't show warning due to - plugged: true status unknown: false
03-15 18:12:53.570  2058  3403 I PowerUI.Notification: dismissing low battery notification
03-15 18:12:54.932  1474  3678 E TaskPersister: File error accessing recents directory (directory doesn't exist?).
03-15 18:12:56.056  1474  1612 D WindowManager: onup, touch up!
03-15 18:12:56.697  1474  1474 D UiModeManager: updateConfigurationLocked: mDockState=0; mCarMode=false; mNightMode=2; mZuiNightModeOverride=2; mPowerSave=false; isTestMode=false; uiMode=33
03-15 18:12:56.697  2058  2058 D PowerUI : onReceive to showplugged=true buckert==1mcaharge==true level==81 chargrate=0oldpluge==true
03-15 18:12:56.698  2058  3406 D PowerUI : can't show warning due to - plugged: true status unknown: false
03-15 18:12:56.698  2058  3406 I PowerUI.Notification: dismissing low battery notification
03-15 18:12:57.212  1474  4660 W ProcessStats: Tracking association SourceState{bd27747 com.zui.launchersdk/10058 BFgs #32136} whose proc state 4 is better than process ProcessState{9bb7cb9 com.zui.deviceidservice/10074 pkg=com.zui.deviceidservice} proc state 10 (70 skipped)
03-15 18:13:00.000  1474  1924 D AlarmManager: alarms fired, need delivery
03-15 18:13:00.000  1474  1924 D AlarmManager: final first Wakeup:29099294 now: 29047090 isInNightMode:false
03-15 18:13:00.001  1474  1924 D AlarmManager: final first Wakeup:29099294 now: 29047091 isInNightMode:false
03-15 18:13:00.017  1474  3416 W BatteryExternalStatsWorker: error reading modem stats:ERROR_INVALID_INFO_RECEIVED
03-15 18:13:00.018  1474  1560 W BatteryExternalStatsWorker: error reading Bluetooth stats: 11
03-15 18:13:00.022  1474  1651 E KernelCpuSpeedReader: Failed to read cpu-freq: /sys/devices/system/cpu/cpu7/cpufreq/stats/time_in_state: open failed: ENOENT (No such file or directory)
03-15 18:13:00.022  1474  1651 E KernelCpuSpeedReader: Failed to read cpu-freq: /sys/devices/system/cpu/cpu4/cpufreq/stats/time_in_state: open failed: ENOENT (No such file or directory)
03-15 18:13:00.022  1474  1651 E KernelCpuSpeedReader: Failed to read cpu-freq: /sys/devices/system/cpu/cpu0/cpufreq/stats/time_in_state: open failed: ENOENT (No such file or directory)
03-15 18:13:00.048  1474  1560 W BatteryExternalStatsWorker: error reading Bluetooth stats: 11
03-15 18:13:00.048  1474  3416 W BatteryExternalStatsWorker: error reading modem stats:ERROR_INVALID_INFO_RECEIVED
03-15 18:13:00.049  1474  1651 E KernelCpuSpeedReader: Failed to read cpu-freq: /sys/devices/system/cpu/cpu7/cpufreq/stats/time_in_state: open failed: ENOENT (No such file or directory)
03-15 18:13:00.049  1474  1651 E KernelCpuSpeedReader: Failed to read cpu-freq: /sys/devices/system/cpu/cpu4/cpufreq/stats/time_in_state: open failed: ENOENT (No such file or directory)
03-15 18:13:00.049  1474  1651 E KernelCpuSpeedReader: Failed to read cpu-freq: /sys/devices/system/cpu/cpu0/cpufreq/stats/time_in_state: open failed: ENOENT (No such file or directory)
03-15 18:13:00.130  1474  1924 D AlarmManager: alarms fired, need delivery
03-15 18:13:00.131  1474  1924 D AlarmManager: final first Wakeup:29099294 now: 29047222 isInNightMode:false
03-15 18:13:00.143  1474  4660 D AlarmManager: final first Wakeup:29099294 now: 29047233 isInNightMode:false
03-15 18:13:00.535  1474  1474 D UiModeManager: updateConfigurationLocked: mDockState=0; mCarMode=false; mNightMode=2; mZuiNightModeOverride=2; mPowerSave=false; isTestMode=false; uiMode=33
03-15 18:13:00.535  2058  2058 D PowerUI : onReceive to showplugged=true buckert==1mcaharge==true level==81 chargrate=0oldpluge==true
03-15 18:13:00.536  2058  3408 D PowerUI : can't show warning due to - plugged: true status unknown: false
03-15 18:13:00.536  2058  3408 I PowerUI.Notification: dismissing low battery notification
03-15 18:13:05.609  1474  1620 V LongtimeChargingProtectController: BatteryReceiver onReceive: mStatus=2, mPlugType=1, mLevel=82, ismBypassProtectedEnabled = false, BatteryProtected = false, mIscharging = true, mIsSupplyStatus = true, charging time = 951011
03-15 18:13:05.610  1474  1621 D BatterySaverStateMachine: ZFW117 event upload completed
03-15 18:13:05.612  2058  2058 D PowerUI : onReceive to showplugged=true buckert==1mcaharge==true level==82 chargrate=0oldpluge==true
03-15 18:13:05.613  2058  2874 D PowerUI : can't show warning due to - plugged: true status unknown: false
03-15 18:13:05.613  2058  2874 I PowerUI.Notification: dismissing low battery notification
03-15 18:13:05.615  1474  1474 D UiModeManager: updateConfigurationLocked: mDockState=0; mCarMode=false; mNightMode=2; mZuiNightModeOverride=2; mPowerSave=false; isTestMode=false; uiMode=33
03-15 18:13:06.590  1474  1474 D UiModeManager: updateConfigurationLocked: mDockState=0; mCarMode=false; mNightMode=2; mZuiNightModeOverride=2; mPowerSave=false; isTestMode=false; uiMode=33
03-15 18:13:06.591  2058  2058 D PowerUI : onReceive to showplugged=true buckert==1mcaharge==true level==82 chargrate=0oldpluge==true
03-15 18:13:06.591  2058  3276 D PowerUI : can't show warning due to - plugged: true status unknown: false
03-15 18:13:06.591  2058  3276 I PowerUI.Notification: dismissing low battery notification
03-15 18:13:08.727  1474  1474 D UiModeManager: updateConfigurationLocked: mDockState=0; mCarMode=false; mNightMode=2; mZuiNightModeOverride=2; mPowerSave=false; isTestMode=false; uiMode=33
03-15 18:13:08.727  2058  2058 D PowerUI : onReceive to showplugged=true buckert==1mcaharge==true level==82 chargrate=0oldpluge==true
03-15 18:13:08.727  2058  3407 D PowerUI : can't show warning due to - plugged: true status unknown: false
03-15 18:13:08.727  2058  3407 I PowerUI.Notification: dismissing low battery notification
03-15 18:13:08.890  1474  3416 D AlarmManager: final first Wakeup:29099294 now: 29055981 isInNightMode:false
03-15 18:13:08.894  1474  3416 D AlarmManager: final first Wakeup:29099294 now: 29055984 isInNightMode:false
03-15 18:13:08.902  1474  1628 D CompatibilityChangeReporter: Compat change id reported: 135634846; UID 10243; state: DISABLED
03-15 18:13:08.902  1474  1628 D CompatibilityChangeReporter: Compat change id reported: 177438394; UID 10243; state: DISABLED
03-15 18:13:08.902  1474  1628 D CompatibilityChangeReporter: Compat change id reported: 135772972; UID 10243; state: DISABLED
03-15 18:13:08.902  1474  1628 D CompatibilityChangeReporter: Compat change id reported: 135754954; UID 10243; state: ENABLED
03-15 18:13:08.902  1474  1629 D CompatibilityChangeReporter: Compat change id reported: 143937733; UID 10243; state: ENABLED
03-15 18:13:08.910  1474  1629 I ActivityManager: Start proc 13667:com.tencent.mobileqq/u0a243 for broadcast {com.tencent.mobileqq/mqq.app.QQBroadcastReceiver}
03-15 18:13:08.910  1474  2057 W ActivityManager: notifyProcessStarted!
03-15 18:13:08.925  1474  4660 D CompatibilityChangeReporter: Compat change id reported: 168419799; UID 10243; state: DISABLED
03-15 18:13:08.926  1474  4660 D CompatibilityChangeReporter: Compat change id reported: 273564678; UID 10243; state: DISABLED
03-15 18:13:08.932  1474  4660 D CompatibilityChangeReporter: Compat change id reported: 170503758; UID 10243; state: ENABLED
03-15 18:13:09.230  1474  1628 W ProcessStats: Tracking association SourceState{bd27747 com.zui.launchersdk/10058 BFgs #32166} whose proc state 4 is better than process ProcessState{9bb7cb9 com.zui.deviceidservice/10074 pkg=com.zui.deviceidservice} proc state 10 (35 skipped)
03-15 18:13:09.512  1474  4660 D CompatibilityChangeReporter: Compat change id reported: 161145287; UID 10243; state: DISABLED
03-15 18:13:09.767  1474  1474 D UiModeManager: updateConfigurationLocked: mDockState=0; mCarMode=false; mNightMode=2; mZuiNightModeOverride=2; mPowerSave=false; isTestMode=false; uiMode=33
03-15 18:13:09.767  2058  2058 D PowerUI : onReceive to showplugged=true buckert==1mcaharge==true level==82 chargrate=0oldpluge==true
03-15 18:13:09.767  2058  3399 D PowerUI : can't show warning due to - plugged: true status unknown: false
03-15 18:13:09.767  2058  3399 I PowerUI.Notification: dismissing low battery notification
03-15 18:13:09.981  1474  4660 I ActivityManager: Flag disabled. Ignoring finishAttachApplication from uid: 10243. pid: 13667
03-15 18:13:09.981 13667 13667 W Looper  : Slow dispatch took 1052ms main h=android.app.ActivityThread$H c=null m=110
03-15 18:13:09.995  1474  4660 D CompatibilityChangeReporter: Compat change id reported: 261072174; UID 10243; state: DISABLED
03-15 18:13:10.552  1474  4490 D ZuiMemoryCleaner: Begin to handle vmpressure event
03-15 18:13:10.552  1474  4490 D ZuiMemoryCleaner: free 171832Kb  cache 2416596Kb  available 2252896Kb  swap free 3316520Kb  pgscan_kswapd 11351311 pgscan_direct 26635 wmark 3 (0-Min, 1-Low, 2-High, 3-None) nanoTime 12289564889059
03-15 18:13:10.552  1474  4490 E ZuiMemoryCleaner: updateStrategy all memory indicators are normal, ignore this pressure event
03-15 18:13:10.552  1474  4490 E ZuiMemoryCleaner: Memory status is normal, no cleaning needed
03-15 18:13:10.552  1474  4490 D ZuiMemoryCleaner: Finish to handle vmpressure event
03-15 18:13:11.586  2558  9253 W Binder  : BinderDebug: reply too large data on java level: InterfaceDescriptor=null calling uid=1000 pid=0 code=1(null) size=1056768
03-15 18:13:13.741  1474  1474 D UiModeManager: updateConfigurationLocked: mDockState=0; mCarMode=false; mNightMode=2; mZuiNightModeOverride=2; mPowerSave=false; isTestMode=false; uiMode=33
03-15 18:13:13.742  2058  2058 D PowerUI : onReceive to showplugged=true buckert==1mcaharge==true level==82 chargrate=0oldpluge==true
03-15 18:13:13.742  2058  3402 D PowerUI : can't show warning due to - plugged: true status unknown: false
03-15 18:13:13.742  2058  3402 I PowerUI.Notification: dismissing low battery notification
03-15 18:13:14.598  2558  3914 W Binder  : BinderDebug: reply too large data on java level: InterfaceDescriptor=null calling uid=1000 pid=0 code=1(null) size=1056768
03-15 18:13:15.841  1474  1677 I PackageManager: Integrity check passed for file:///data/app/vmdl841602867.tmp
03-15 18:13:15.844  1474  1677 I PackageManager: Continuing with installation of file:///data/app/vmdl841602867.tmp
03-15 18:13:15.850  1474  1628 I ActivityManager: Force stopping com.example.mymusic appid=10260 user=-1: installPackageLI
03-15 18:13:15.850  1474  1677 I PackageManager: Update package com.example.mymusic code path from /data/app/~~k51OZvT2XosWjhdMx81iKw==/com.example.mymusic-5dZXH3DoEvF8g7KopQAQOQ== to /data/app/~~eGHY4N2UDfRoJjgFNbuC_A==/com.example.mymusic-HtRZDg8defscCNBeCeXRHg==; Retain data and using new
03-15 18:13:15.850  1474  1677 I AppsFilter: interaction: PackageSetting{f7d9a84 com.motorola.readyforsignature.app/10082} -> PackageSetting{bf531d8 com.example.mymusic/10260} BLOCKED
03-15 18:13:15.850  1474  1677 I AppsFilter: interaction: PackageSetting{d8567b3 com.example.music/10200} -> PackageSetting{bf531d8 com.example.mymusic/10260} BLOCKED
03-15 18:13:15.850  1474  1677 I AppsFilter: interaction: PackageSetting{615486c bin.mt.termex/10290} -> PackageSetting{bf531d8 com.example.mymusic/10260} BLOCKED
03-15 18:13:15.851  1474  1677 I AppsFilter: interaction: PackageSetting{f7d9a84 com.motorola.readyforsignature.app/10082} -> PackageSetting{f3562d4 com.example.mymusic/10260} BLOCKED
03-15 18:13:15.851  1474  1677 I AppsFilter: interaction: PackageSetting{d8567b3 com.example.music/10200} -> PackageSetting{f3562d4 com.example.mymusic/10260} BLOCKED
03-15 18:13:15.851  1474  1677 I AppsFilter: interaction: PackageSetting{615486c bin.mt.termex/10290} -> PackageSetting{f3562d4 com.example.mymusic/10260} BLOCKED
03-15 18:13:15.853  1474  1677 I PermissionManager: Permission ownership changed. Updating all permissions.
03-15 18:13:15.964  1474  2057 W ActivityManager: notifyProcessStarted!
03-15 18:13:15.964  1474  1611 W Looper  : Slow dispatch took 111ms android.fg h=android.os.Handler c=<recycled PooledLambda@833697a> m=0
03-15 18:13:15.964  1474  3416 D CompatibilityChangeReporter: Compat change id reported: 197654537; UID 10253; state: ENABLED
03-15 18:13:15.972   611   631 W vold    : HQ enter IsFilesystemSupported fsType=sdcardfs: No such file or directory
03-15 18:13:15.972   611   631 W vold    : HQ enter IsFilesystemSupported result=1: No such file or directory
03-15 18:13:16.006  1474  1677 I AppsFilter: interaction: PackageSetting{f7d9a84 com.motorola.readyforsignature.app/10082} -> PackageSetting{f3562d4 com.example.mymusic/10260} BLOCKED
03-15 18:13:16.006  1474  1677 I AppsFilter: interaction: PackageSetting{d8567b3 com.example.music/10200} -> PackageSetting{f3562d4 com.example.mymusic/10260} BLOCKED
03-15 18:13:16.006  1474  1677 I AppsFilter: interaction: PackageSetting{615486c bin.mt.termex/10290} -> PackageSetting{f3562d4 com.example.mymusic/10260} BLOCKED
03-15 18:13:16.011  1474  1677 I ActivityManager: Force stopping com.example.mymusic appid=10260 user=0: pkg removed
03-15 18:13:16.027  1474  1677 D CompatibilityChangeReporter: Compat change id reported: 168419799; UID 10260; state: DISABLED
03-15 18:13:16.027  1474  1677 D CompatibilityChangeReporter: Compat change id reported: 273564678; UID 10260; state: DISABLED
03-15 18:13:16.040  1474  1628 D CompatibilityChangeReporter: Compat change id reported: 135634846; UID 10112; state: DISABLED
03-15 18:13:16.040  1474  1628 D CompatibilityChangeReporter: Compat change id reported: 177438394; UID 10112; state: DISABLED
03-15 18:13:16.040  1474  1628 D CompatibilityChangeReporter: Compat change id reported: 135772972; UID 10112; state: DISABLED
03-15 18:13:16.040  1474  1628 D CompatibilityChangeReporter: Compat change id reported: 135754954; UID 10112; state: ENABLED
03-15 18:13:16.040  1474  1629 D CompatibilityChangeReporter: Compat change id reported: 143937733; UID 10112; state: ENABLED
03-15 18:13:16.046  1474  1910 D CompatibilityChangeReporter: Compat change id reported: 265195908; UID 10112; state: ENABLED
03-15 18:13:16.052  1474  1629 I ActivityManager: Start proc 13971:com.lenovo.leos.appstore/u0a112 for broadcast {com.lenovo.leos.appstore/com.lenovo.leos.lcapackageinstaller.LcaInstallerReceiver}
03-15 18:13:16.052  1474  2057 W ActivityManager: notifyProcessStarted!
03-15 18:13:16.067  1474  1677 D PackageInstallerSession: Marking session 841602867 as applied
03-15 18:13:16.081  1474  1657 W ProcessCpuTracker: Failed to stat(/proc/13955): android.system.ErrnoException: stat failed: ENOENT (No such file or directory)
03-15 18:13:16.081  1474  1657 W ProcessCpuTracker: Skipping unknown process pid 13955
03-15 18:13:16.082  1474  1657 W ProcessCpuTracker: Failed to stat(/proc/13958): android.system.ErrnoException: stat failed: ENOENT (No such file or directory)
03-15 18:13:16.082  1474  1657 W ProcessCpuTracker: Skipping unknown process pid 13958
03-15 18:13:16.082  1474  1657 W ProcessCpuTracker: Failed to stat(/proc/13959): android.system.ErrnoException: stat failed: ENOENT (No such file or directory)
03-15 18:13:16.082  1474  1657 W ProcessCpuTracker: Skipping unknown process pid 13959
03-15 18:13:16.103  1474  2495 D CompatibilityChangeReporter: Compat change id reported: 168419799; UID 10112; state: DISABLED
03-15 18:13:16.103  1474  2495 D CompatibilityChangeReporter: Compat change id reported: 273564678; UID 10112; state: DISABLED
03-15 18:13:16.130  1474  2493 D CompatibilityChangeReporter: Compat change id reported: 170503758; UID 10112; state: ENABLED
03-15 18:13:16.165  1474  1611 W Looper  : Slow delivery took 200ms android.fg h=android.os.Handler c=<recycled PooledLambda@5dd2f82> m=0
03-15 18:13:16.483  1474 13234 D CompatibilityChangeReporter: Compat change id reported: 161145287; UID 10112; state: DISABLED
03-15 18:13:16.572 13971 14038 E ActivityThread: Failed to find provider info for com.lenovo.leos.appstore.serverconfig.ConfigProvider
03-15 18:13:16.574  1474  2493 D AppOps  : recordOpsBehaviorForZui() called with: code = [214], uid = [10112], packageName = [com.lenovo.leos.appstore], attributionTag = [null], mode = [0]
03-15 18:13:16.582  1474 13234 I ActivityManager: Flag disabled. Ignoring finishAttachApplication from uid: 10112. pid: 13971
03-15 18:13:16.585  1474 13234 D CompatibilityChangeReporter: Compat change id reported: 253665015; UID 10112; state: DISABLED
03-15 18:13:16.585  1474 13234 D CompatibilityChangeReporter: Compat change id reported: 194532703; UID 10112; state: ENABLED
03-15 18:13:16.586  1474  1611 W Looper  : Drained
03-15 18:13:16.596  1474  4014 D AppOps  : recordOpsBehaviorForZui() called with: code = [214], uid = [10196], packageName = [com.qualcomm.qti.workloadclassifier], attributionTag = [null], mode = [0]
03-15 18:13:16.609  1474  2491 D AppOps  : recordOpsBehaviorForZui() called with: code = [214], uid = [10060], packageName = [com.lenovo.leos.cloud.sync], attributionTag = [null], mode = [0]
03-15 18:13:16.613  1474  1474 I Telecom : CarModeTracker: Package com.example.mymusic is not tracked.: SSH.oR@RKY
03-15 18:13:16.613  1474  1474 I Telecom : InCallController: updateCarModeForConnections: car mode apps: : SSH.oR@RKY
03-15 18:13:16.613  1474  1474 I Telecom : InCallController: update carmode current:UserHandle{0} parent:null: SSH.oR@RKY
03-15 18:13:16.614  1474  1980 D AlarmManager: final first Wakeup:29099294 now: 29063704 isInNightMode:false
03-15 18:13:16.630  1474  1951 W PackageConfigPersister: App-specific configuration not found for packageName: com.example.mymusic and userId: 0
03-15 18:13:16.640  1474  4014 D AppOps  : recordOpsBehaviorForZui() called with: code = [214], uid = [10060], packageName = [com.lenovo.leos.cloud.sync], attributionTag = [null], mode = [0]
03-15 18:13:16.646  1474  1980 D AlarmManager: final first Wakeup:29099294 now: 29063736 isInNightMode:false
03-15 18:13:16.653  1474 13234 D AppOps  : recordOpsBehaviorForZui() called with: code = [214], uid = [10196], packageName = [com.qualcomm.qti.workloadclassifier], attributionTag = [null], mode = [0]
03-15 18:13:16.658  1474  1474 V BackupManagerConstants: getFullBackupIntervalMilliseconds(...) returns 86400000
03-15 18:13:16.658  1474  1474 V BackupManagerConstants: getFullBackupRequiredNetworkType(...) returns 2
03-15 18:13:16.658  1474  1474 V BackupManagerConstants: getFullBackupRequireCharging(...) returns true
03-15 18:13:16.661  1474  1474 D CompatibilityChangeReporter: Compat change id reported: 218533173; UID 10260; state: ENABLED
03-15 18:13:16.662  1474  1474 D CompatibilityChangeReporter: Compat change id reported: 171306433; UID 10260; state: ENABLED
03-15 18:13:16.662  1474  1474 W AlarmManager: Package com.example.mymusic, uid 10260 lost permission to set exact alarms!
03-15 18:13:16.676  2562  2562 E ActivityThread: Failed to find provider info for com.zui.launcher.downloadinfo.provider
03-15 18:13:16.680  1474  2495 D AlarmManager: final first Wakeup:29099294 now: 29063770 isInNightMode:false
03-15 18:13:16.683  1474  2493 D AppOps  : recordOpsBehaviorForZui() called with: code = [214], uid = [10060], packageName = [com.lenovo.leos.cloud.sync], attributionTag = [null], mode = [0]
03-15 18:13:16.683  1474  2062 D AlarmManager: final first Wakeup:29099294 now: 29063774 isInNightMode:false
03-15 18:13:16.723  1474 29988 D IntervalStats: Unable to parse usage stats packages: [1324]
03-15 18:13:16.736  1474  2061 D CompatibilityChangeReporter: Compat change id reported: 161252188; UID 10260; state: DISABLED
03-15 18:13:16.743  1474  2061 D AppOps  : recordOpsBehaviorForZui() called with: code = [214], uid = [10149], packageName = [com.google.android.gms], attributionTag = [null], mode = [0]
03-15 18:13:16.756  1474 29988 D IntervalStats: Unable to parse usage stats packages: [1324]
03-15 18:13:16.766  1474 29988 D IntervalStats: Unable to parse usage stats packages: [1324]
03-15 18:13:16.769  1474  6795 D AppOps  : recordOpsBehaviorForZui() called with: code = [214], uid = [10149], packageName = [com.google.android.gms], attributionTag = [null], mode = [0]
03-15 18:13:16.780  1474  1980 D AlarmManager: final first Wakeup:29099294 now: 29063870 isInNightMode:false
03-15 18:13:16.780  1474  1980 D AlarmManager: final first Wakeup:29099294 now: 29063870 isInNightMode:false
03-15 18:13:16.782  1474 29988 D IntervalStats: Unable to parse usage stats packages: [548, 1324]
03-15 18:13:16.786  1474  2491 D AppOps  : recordOpsBehaviorForZui() called with: code = [214], uid = [10149], packageName = [com.google.android.gms], attributionTag = [null], mode = [0]
03-15 18:13:16.791  1474 29988 D IntervalStats: Unable to parse usage stats packages: [548, 1324]
03-15 18:13:16.794  3677  3677 W ContextImpl: Calling a method in the system process without a qualified user: android.app.ContextImpl.startService:1903 android.content.ContextWrapper.startService:825 com.lenovo.safecenter.antivirus.support.AppBroadcast.onReceive:259 android.app.LoadedApk$ReceiverDispatcher$Args.lambda$getRunnable$0:1847 android.app.LoadedApk$ReceiverDispatcher$Args.$r8$lambda$gDuJqgxY6Zb-ifyeubKeivTLAwk:0 
03-15 18:13:16.796  1474 29988 D IntervalStats: Unable to parse usage stats packages: [548, 1281, 1324]
03-15 18:13:16.802  1474 29988 D IntervalStats: Unable to parse usage stats packages: [1324]
03-15 18:13:16.805  1474  4014 D AppOps  : recordOpsBehaviorForZui() called with: code = [214], uid = [10149], packageName = [com.google.android.gms], attributionTag = [null], mode = [0]
03-15 18:13:16.814  1474 29988 D IntervalStats: Unable to parse usage stats packages: [1324]
03-15 18:13:16.819  1474 29988 D IntervalStats: Unable to parse usage stats packages: [1324, 1333]
03-15 18:13:16.819  1474 29988 D IntervalStats: Unable to parse event packages: [1333]
03-15 18:13:16.840  1474  2491 D IntervalStats: Unable to parse usage stats packages: [1324]
03-15 18:13:16.841  1474  2491 D IntervalStats: Unable to parse usage stats packages: [548, 1324]
03-15 18:13:16.842  1474  2491 D IntervalStats: Unable to parse usage stats packages: [548, 1324]
03-15 18:13:16.844  1474  2491 D IntervalStats: Unable to parse usage stats packages: [548, 1281, 1324]
03-15 18:13:16.846  1474  2491 D IntervalStats: Unable to parse usage stats packages: [1324]
03-15 18:13:16.847  1474  2491 D IntervalStats: Unable to parse usage stats packages: [1324]
03-15 18:13:16.849  1474  2491 D IntervalStats: Unable to parse usage stats packages: [1324, 1333]
03-15 18:13:16.849  1474  2491 D IntervalStats: Unable to parse event packages: [1333]
03-15 18:13:16.859  1474  3416 D CompatibilityChangeReporter: Compat change id reported: 161252188; UID 10253; state: DISABLED
03-15 18:13:16.904  1474  1560 D CompatibilityChangeReporter: Compat change id reported: 135634846; UID 10087; state: DISABLED
03-15 18:13:16.904  1474  1560 D CompatibilityChangeReporter: Compat change id reported: 177438394; UID 10087; state: DISABLED
03-15 18:13:16.904  1474  1560 D CompatibilityChangeReporter: Compat change id reported: 135772972; UID 10087; state: DISABLED
03-15 18:13:16.904  1474  1560 D CompatibilityChangeReporter: Compat change id reported: 135754954; UID 10087; state: ENABLED
03-15 18:13:16.904  1474  1629 D CompatibilityChangeReporter: Compat change id reported: 143937733; UID 10087; state: ENABLED
03-15 18:13:16.904  1474  2057 W ActivityManager: notifyProcessStarted!
03-15 18:13:16.909  1474  1560 D CompatibilityChangeReporter: Compat change id reported: 135634846; UID 99026; state: DISABLED
03-15 18:13:16.909  1474  1560 D CompatibilityChangeReporter: Compat change id reported: 177438394; UID 99026; state: DISABLED
03-15 18:13:16.909  1474  1560 D CompatibilityChangeReporter: Compat change id reported: 135772972; UID 99026; state: DISABLED
03-15 18:13:16.909  1474  1560 D CompatibilityChangeReporter: Compat change id reported: 135754954; UID 99026; state: ENABLED
03-15 18:13:16.910  1474  2057 W ActivityManager: notifyProcessStarted!
03-15 18:13:16.912  1474  1629 I ActivityManager: Start proc 14182:com.lenovo.lsf/u0a87 for service {com.lenovo.lsf/com.lenovo.lsf.account.auth.AuthenticationService}
03-15 18:13:16.912  1474  2057 W ActivityManager: notifyProcessStarted!
03-15 18:13:16.912  1474  1629 D CompatibilityChangeReporter: Compat change id reported: 143937733; UID 10112; state: ENABLED
03-15 18:13:16.922  1474  2057 W ActivityManager: notifyProcessStarted!
03-15 18:13:16.922  1474  1629 I ActivityManager: Start proc 14183:com.google.android.webview:sandboxed_process0:org.chromium.content.app.SandboxedProcessService0:0/u0i26 for  {com.lenovo.leos.appstore/org.chromium.content.app.SandboxedProcessService0:0}
03-15 18:13:16.922  2058  2058 D PowerUI : onReceive to showplugged=true buckert==1mcaharge==true level==82 chargrate=0oldpluge==true
03-15 18:13:16.922  2058  3403 D PowerUI : can't show warning due to - plugged: true status unknown: false
03-15 18:13:16.922  2058  3403 I PowerUI.Notification: dismissing low battery notification
03-15 18:13:16.924  1474  1474 D UiModeManager: updateConfigurationLocked: mDockState=0; mCarMode=false; mNightMode=2; mZuiNightModeOverride=2; mPowerSave=false; isTestMode=false; uiMode=33
03-15 18:13:16.944  1474  3416 D CompatibilityChangeReporter: Compat change id reported: 261072174; UID 10112; state: DISABLED
03-15 18:13:16.945  1474  6795 D CompatibilityChangeReporter: Compat change id reported: 168419799; UID 10087; state: DISABLED
03-15 18:13:16.945  1474  6795 D CompatibilityChangeReporter: Compat change id reported: 273564678; UID 10087; state: DISABLED
03-15 18:13:16.952  1474  1910 D CompatibilityChangeReporter: Compat change id reported: 265195908; UID 10087; state: ENABLED
03-15 18:13:16.955  1474  1560 D CompatibilityChangeReporter: Compat change id reported: 170503758; UID 10087; state: ENABLED
03-15 18:13:16.987  1474  3416 I ActivityManager: Flag disabled. Ignoring finishAttachApplication from uid: 10087. pid: 14182
--------- beginning of main
03-15 18:13:17.039  1032  1669 E SurfaceFlinger: isStylusTargetLayer notifyTargetLayerDisconnect in
03-15 18:13:17.045  3677 14216 D TrafficStats: tagSocket(85) with statsTag=0xffffffff, statsUid=-1
03-15 18:13:17.047 13667 13782 E NTKernel: [E] united_config_mgr_mobileqq.cc(131)::operator() [united_config]->load config error. group_id:102431
03-15 18:13:17.047 13667 13782 I NTKernel: [I] united_config_mgr_mobileqq.cc(151)::operator() [united_config]->group_id:102431, switch:
03-15 18:13:17.047 13667 13782 I NTKernel: [I] buddy_list_config.cc(80)::operator() [LogConfig]->fetch config suc content size:0
03-15 18:13:17.047  1032  1201 E SurfaceFlinger: isStylusTargetLayer notifyTargetLayerDisconnect in
03-15 18:13:17.048  1032  1201 E SurfaceFlinger: isStylusTargetLayer notifyTargetLayerDisconnect in
03-15 18:13:17.049  3163  3163 D BoundBrokerSvc: onBind: Intent { act=com.google.android.gms.safetynet.service.START pkg=com.google.android.gms }
03-15 18:13:17.049  3163  3163 D BoundBrokerSvc: Loading bound service for intent: Intent { act=com.google.android.gms.safetynet.service.START pkg=com.google.android.gms }
03-15 18:13:17.056  1032  3002 E SurfaceFlinger: isStylusTargetLayer notifyTargetLayerDisconnect in
03-15 18:13:17.056  1474  1560 I ActivityManager: Flag disabled. Ignoring finishAttachApplication from uid: 99026. pid: 14183
03-15 18:13:17.064  1032  3002 E SurfaceFlinger: isStylusTargetLayer notifyTargetLayerDisconnect in
03-15 18:13:17.067 14183 14183 W SystemServiceRegistry: No service published for: virtualdevice
03-15 18:13:17.071   840  8470 W libc    : Access denied finding property "vendor.dolby.mi.metadata.log"
03-15 18:13:17.071   840  8470 W libc    : Access denied finding property "vendor.dolby.mi.metadata.log"
03-15 18:13:17.071   840  8470 W libc    : Access denied finding property "vendor.dolby.mi.metadata.log"
03-15 18:13:17.071   840  8470 W libc    : Access denied finding property "vendor.dolby.mi.metadata.log"
03-15 18:13:17.072   840  8470 W libc    : Access denied finding property "vendor.dolby.mi.metadata.log"
03-15 18:13:17.072   840  8470 W libc    : Access denied finding property "vendor.dolby.mi.metadata.log"
03-15 18:13:17.072 14183 14183 I cr_ChildProcessService: Creating new ChildProcessService pid=14183
03-15 18:13:17.072   840  8470 W libc    : Access denied finding property "vendor.dolby.mi.metadata.log"
03-15 18:13:17.072   840  8470 W libc    : Access denied finding property "vendor.dolby.mi.metadata.log"
03-15 18:13:17.072   840  8358 W libc    : Access denied finding property "hal.record.dump"
03-15 18:13:17.072  1032  3002 E SurfaceFlinger: isStylusTargetLayer notifyTargetLayerDisconnect in
03-15 18:13:17.073   999   999 W libc    : Access denied finding property "hwservicemanager.ready"
03-15 18:13:17.081  1032  3002 E SurfaceFlinger: isStylusTargetLayer notifyTargetLayerDisconnect in
03-15 18:13:17.081  1032  3002 E SurfaceFlinger: isStylusTargetLayer notifyTargetLayerDisconnect in
03-15 18:13:17.089  1032  3002 E SurfaceFlinger: isStylusTargetLayer notifyTargetLayerDisconnect in
03-15 18:13:17.094 13667 13782 I NTKernel: [I] msg_unread_time_processor.cc(495)::GetAllUnreadCntFilterFolder [msg_unread_cnt_time_proc]->GetAllUnreadCntFilterFolder, peer_id:u_-PBswiplK-7J7bmaQLA-mA is not show.
03-15 18:13:17.094 13667 13782 I NTKernel: [I] msg_unread_time_processor.cc(495)::GetAllUnreadCntFilterFolder [msg_unread_cnt_time_proc]->GetAllUnreadCntFilterFolder, peer_id:u_-lbsTWjM8BQzvQgXxOxwBw is not show.
03-15 18:13:17.094 13667 13782 I NTKernel: [I] msg_unread_time_processor.cc(495)::GetAllUnreadCntFilterFolder [msg_unread_cnt_time_proc]->GetAllUnreadCntFilterFolder, peer_id:u_2ZRcriDgt2a46svnxKPPMw is not show.
03-15 18:13:17.094 13667 13782 I NTKernel: [I] msg_unread_time_processor.cc(495)::GetAllUnreadCntFilterFolder [msg_unread_cnt_time_proc]->GetAllUnreadCntFilterFolder, peer_id:u_8aIwoudKn-E2GqmQqm8mkA is not show.
03-15 18:13:17.094 13667 13782 I NTKernel: [I] msg_unread_time_processor.cc(495)::GetAllUnreadCntFilterFolder [msg_unread_cnt_time_proc]->GetAllUnreadCntFilterFolder, peer_id:u_BWXiWqJtbtbmrr2h5LELQg is not show.
03-15 18:13:17.094 13667 13782 I NTKernel: [I] msg_unread_time_processor.cc(495)::GetAllUnreadCntFilterFolder [msg_unread_cnt_time_proc]->GetAllUnreadCntFilterFolder, peer_id:u_EGODlYMC4JsHzl9KebLHNw is not show.
03-15 18:13:17.094 13667 13782 I NTKernel: [I] msg_unread_time_processor.cc(495)::GetAllUnreadCntFilterFolder [msg_unread_cnt_time_proc]->GetAllUnreadCntFilterFolder, peer_id:u_GkuvMlTIc1P-qjMxcziUiw is not show.
03-15 18:13:17.094 13667 13782 I NTKernel: [I] msg_unread_time_processor.cc(495)::GetAllUnreadCntFilterFolder [msg_unread_cnt_time_proc]->GetAllUnreadCntFilterFolder, peer_id:u_H-5vvNgsQzO-AhmHNAqElQ is not show.
03-15 18:13:17.094 13667 13782 I NTKernel: [I] msg_unread_time_processor.cc(495)::GetAllUnreadCntFilterFolder [msg_unread_cnt_time_proc]->GetAllUnreadCntFilterFolder, peer_id:u_LybjswVdDqCbj0fzTbsQSQ is not show.
03-15 18:13:17.095 13667 13782 I NTKernel: [I] msg_unread_time_processor.cc(495)::GetAllUnreadCntFilterFolder [msg_unread_cnt_time_proc]->GetAllUnreadCntFilterFolder, peer_id:u_NXR2VOPFqCLTv3oz_NSHXQ is not show.
03-15 18:13:17.095 13667 13782 I NTKernel: [I] msg_unread_time_processor.cc(495)::GetAllUnreadCntFilterFolder [msg_unread_cnt_time_proc]->GetAllUnreadCntFilterFolder, peer_id:u_ODsaD3ecUGWdBoN-xx6xmg is not show.
03-15 18:13:17.095 13667 13782 I NTKernel: [I] msg_unread_time_processor.cc(495)::GetAllUnreadCntFilterFolder [msg_unread_cnt_time_proc]->GetAllUnreadCntFilterFolder, peer_id:u_wYQjWwtxkvtyQFfgUpLkZQ is not show.
03-15 18:13:17.095 13667 13782 I NTKernel: [I] msg_unread_time_processor.cc(495)::GetAllUnreadCntFilterFolder [msg_unread_cnt_time_proc]->GetAllUnreadCntFilterFolder, peer_id:u_zUs2iRvzWJKFlkCvY-yJXg is not show.
03-15 18:13:17.095 13667 13782 E NTKernel: [E] msg_unread_cnt_mgr.cc(1076)::InterGetUnreadDotMessageCount [msg_unread_cnt]->unreadRedDot begin 
03-15 18:13:17.095 13667 13782 E NTKernel: c2c type = 1 uid = u_H14CwkRNMd0L2z-mMq_U5Q redType = 1 cnt = 1 
03-15 18:13:17.095 13667 13782 E NTKernel: c2c cnt = 1 sz:1 tc:1
03-15 18:13:17.095 13667 13782 E NTKernel: group uid = 906228485 redType = 1 cnt = 3 
03-15 18:13:17.095 13667 13782 E NTKernel: group cnt = 4 sz:25 tc:3
03-15 18:13:17.095 13667 13782 E NTKernel: addition Box cnt = 4 tc:0
03-15 18:13:17.095 13667 13782 E NTKernel: addition timeP sub cnt = 4 pa_tc:0
03-15 18:13:17.095 13667 13782 E NTKernel: addition dataInjection cnt = 4 sz:6 
03-15 18:13:17.095 13667 13782 E NTKernel: cnt = 4  unreadRedDot end
03-15 18:13:17.095 13667 13782 I NTKernel: [I] msg_unread_cnt_mgr.cc(3441)::DoCorrectUnreadWithRecentContact DoCorrectUnreadWithRecentContact...totalUnreadCnt:4 red_contact_size:2
03-15 18:13:17.095 13667 13782 I NTKernel: [I] msg_unread_cnt_mgr.cc(3460)::DoCorrectUnreadWithRecentContactInBatches DoCorrectUnreadWithRecentContactInBatches contact size:2
03-15 18:13:17.098 13667 13782 I NTKernel: [I] recent_contact_storage.cc(6126)::operator() [RC_S]->GetContacts:f:1_u_H14CwkRNMd0L2z-mMq_U5Q,f:2_906228485
03-15 18:13:17.098  1032  3002 E SurfaceFlinger: isStylusTargetLayer notifyTargetLayerDisconnect in
03-15 18:13:17.098 13667 13782 I NTKernel: [I] msg_unread_cnt_mgr.cc(3478)::operator() result of get contacts: found:2 un found: 0
03-15 18:13:17.098 13667 13782 I NTKernel: [I] msg_unread_cnt_mgr.cc(3497)::operator()  info: uid:u_H14CwkRNMd0L2z-mMq_U5Q id:7369386411379005730 msg_id:7529789008677930067 msg_time:1753165621 msg_seq:71 hidden_flag:0 hidden_time:0 top_flag:0 top_time:0
03-15 18:13:17.098 13667 13782 I NTKernel: [I] msg_unread_cnt_mgr.cc(3497)::operator()  info: uid:906228485 id:7411404886327295904 msg_id:7416180539094460049 msg_time:1726708729 msg_seq:26170 hidden_flag:0 hidden_time:0 top_flag:0 top_time:0
03-15 18:13:17.106  1032  1097 E SurfaceFlinger: isStylusTargetLayer notifyTargetLayerDisconnect in
03-15 18:13:17.111   840  8470 W libc    : Access denied finding property "vendor.dolby.mi.metadata.log"
03-15 18:13:17.111   840  8470 W libc    : Access denied finding property "vendor.dolby.mi.metadata.log"
03-15 18:13:17.111   840  8470 W libc    : Access denied finding property "vendor.dolby.mi.metadata.log"
03-15 18:13:17.111   840  8470 W libc    : Access denied finding property "vendor.dolby.mi.metadata.log"
03-15 18:13:17.111   840  8470 W libc    : Access denied finding property "vendor.dolby.mi.metadata.log"
03-15 18:13:17.112   840  8470 W libc    : Access denied finding property "vendor.dolby.mi.metadata.log"
03-15 18:13:17.112   840  8470 W libc    : Access denied finding property "vendor.dolby.mi.metadata.log"
03-15 18:13:17.112   840  8358 W libc    : Access denied finding property "hal.record.dump"
03-15 18:13:17.114  1032  1097 E SurfaceFlinger: isStylusTargetLayer notifyTargetLayerDisconnect in
03-15 18:13:17.114  1032  1669 E SurfaceFlinger: isStylusTargetLayer notifyTargetLayerDisconnect in
03-15 18:13:17.122  1032  3002 E SurfaceFlinger: isStylusTargetLayer notifyTargetLayerDisconnect in
03-15 18:13:17.131  1032  3002 E SurfaceFlinger: isStylusTargetLayer notifyTargetLayerDisconnect in
03-15 18:13:17.139  1032  3002 E SurfaceFlinger: isStylusTargetLayer notifyTargetLayerDisconnect in
03-15 18:13:17.148  1032  3002 E SurfaceFlinger: isStylusTargetLayer notifyTargetLayerDisconnect in
03-15 18:13:17.150  1032  3002 E SurfaceFlinger: isStylusTargetLayer notifyTargetLayerDisconnect in
03-15 18:13:17.151   840  8470 W libc    : Access denied finding property "vendor.dolby.mi.metadata.log"
03-15 18:13:17.151   840  8470 W libc    : Access denied finding property "vendor.dolby.mi.metadata.log"
03-15 18:13:17.151   840  8470 W libc    : Access denied finding property "vendor.dolby.mi.metadata.log"
03-15 18:13:17.151   840  8470 W libc    : Access denied finding property "vendor.dolby.mi.metadata.log"
03-15 18:13:17.151   840  8470 W libc    : Access denied finding property "vendor.dolby.mi.metadata.log"
03-15 18:13:17.152   840  8470 W libc    : Access denied finding property "vendor.dolby.mi.metadata.log"
03-15 18:13:17.152   840  8470 W libc    : Access denied finding property "vendor.dolby.mi.metadata.log"
03-15 18:13:17.152   840  8470 W libc    : Access denied finding property "vendor.dolby.mi.metadata.log"
03-15 18:13:17.152   840  8358 W libc    : Access denied finding property "hal.record.dump"
03-15 18:13:17.156  1032  3002 E SurfaceFlinger: isStylusTargetLayer notifyTargetLayerDisconnect in
03-15 18:13:17.164  1032  3002 E SurfaceFlinger: isStylusTargetLayer notifyTargetLayerDisconnect in
03-15 18:13:17.165  6239  6325 I Finsky  : [105] yjy.apply(9): SCH: Scheduling 1 system job(s)
03-15 18:13:17.166  6239  6325 I Finsky  : [105] zak.d(4): SCH: Scheduling system job Id: 9857, L: 14503, D: 55690988, C: false, I: false, N: 1
03-15 18:13:17.167  1474  6795 D AlarmManager: final first Wakeup:29099294 now: 29064257 isInNightMode:false
03-15 18:13:17.167  1474  6795 D AlarmManager: final first Wakeup:29099294 now: 29064258 isInNightMode:false
03-15 18:13:17.173   999   999 W libc    : Access denied finding property "hwservicemanager.ready"
03-15 18:13:17.174  1032  3002 E SurfaceFlinger: isStylusTargetLayer notifyTargetLayerDisconnect in
03-15 18:13:17.181  1032  1669 E SurfaceFlinger: isStylusTargetLayer notifyTargetLayerDisconnect in
03-15 18:13:17.182  1032  1669 E SurfaceFlinger: isStylusTargetLayer notifyTargetLayerDisconnect in
03-15 18:13:17.190  1032  1669 E SurfaceFlinger: isStylusTargetLayer notifyTargetLayerDisconnect in
03-15 18:13:17.191   840  8470 W libc    : Access denied finding property "vendor.dolby.mi.metadata.log"
03-15 18:13:17.191   840  8470 W libc    : Access denied finding property "vendor.dolby.mi.metadata.log"
03-15 18:13:17.191   840  8470 W libc    : Access denied finding property "vendor.dolby.mi.metadata.log"
03-15 18:13:17.191   840  8470 W libc    : Access denied finding property "vendor.dolby.mi.metadata.log"
03-15 18:13:17.191   840  8470 W libc    : Access denied finding property "vendor.dolby.mi.metadata.log"
03-15 18:13:17.191   840  8470 W libc    : Access denied finding property "vendor.dolby.mi.metadata.log"
03-15 18:13:17.191   840  8470 W libc    : Access denied finding property "vendor.dolby.mi.metadata.log"
03-15 18:13:17.192   840  8358 W libc    : Access denied finding property "hal.record.dump"
03-15 18:13:17.198  1032  1669 E SurfaceFlinger: isStylusTargetLayer notifyTargetLayerDisconnect in
03-15 18:13:17.206  1032  1669 E SurfaceFlinger: isStylusTargetLayer notifyTargetLayerDisconnect in
03-15 18:13:17.214  1032  1669 E SurfaceFlinger: isStylusTargetLayer notifyTargetLayerDisconnect in
03-15 18:13:17.214  1032  1669 E SurfaceFlinger: isStylusTargetLayer notifyTargetLayerDisconnect in
03-15 18:13:17.223  1032  3002 E SurfaceFlinger: isStylusTargetLayer notifyTargetLayerDisconnect in
03-15 18:13:17.229 13971 13971 W chromium: [WARNING:android_webview/browser/network_service/net_helpers.cc:137] HTTP Cache size is: 20971520
03-15 18:13:17.231   840  8470 W libc    : Access denied finding property "vendor.dolby.mi.metadata.log"
03-15 18:13:17.231   840  8470 W libc    : Access denied finding property "vendor.dolby.mi.metadata.log"
03-15 18:13:17.231   840  8470 W libc    : Access denied finding property "vendor.dolby.mi.metadata.log"
03-15 18:13:17.231   840  8470 W libc    : Access denied finding property "vendor.dolby.mi.metadata.log"
03-15 18:13:17.231   840  8470 W libc    : Access denied finding property "vendor.dolby.mi.metadata.log"
03-15 18:13:17.231   840  8470 W libc    : Access denied finding property "vendor.dolby.mi.metadata.log"
03-15 18:13:17.231   840  8470 W libc    : Access denied finding property "vendor.dolby.mi.metadata.log"
03-15 18:13:17.231  1032  3002 E SurfaceFlinger: isStylusTargetLayer notifyTargetLayerDisconnect in
03-15 18:13:17.232   840  8470 W libc    : Access denied finding property "vendor.dolby.mi.metadata.log"
03-15 18:13:17.232   840  8358 W libc    : Access denied finding property "hal.record.dump"
03-15 18:13:17.239  1032  1669 E SurfaceFlinger: isStylusTargetLayer notifyTargetLayerDisconnect in
03-15 18:13:17.247  1032  3002 E SurfaceFlinger: isStylusTargetLayer notifyTargetLayerDisconnect in
03-15 18:13:17.248  1032  1097 E SurfaceFlinger: isStylusTargetLayer notifyTargetLayerDisconnect in
03-15 18:13:17.253 13667 14178 D TianshuAdUtils: single report code:200
03-15 18:13:17.254 13667 14178 D TianshuAdUtils: single report send success!
03-15 18:13:17.256  1032  1097 E SurfaceFlinger: isStylusTargetLayer notifyTargetLayerDisconnect in
03-15 18:13:17.264  1032  1669 E SurfaceFlinger: isStylusTargetLayer notifyTargetLayerDisconnect in
03-15 18:13:17.271  3677 14159 I InstallJudgeService: 2222appName=My Music, appName.length=8,result.type=0
03-15 18:13:17.271   840  8470 W libc    : Access denied finding property "vendor.dolby.mi.metadata.log"
03-15 18:13:17.271   840  8470 W libc    : Access denied finding property "vendor.dolby.mi.metadata.log"
03-15 18:13:17.271   840  8470 W libc    : Access denied finding property "vendor.dolby.mi.metadata.log"
03-15 18:13:17.272   840  8470 W libc    : Access denied finding property "vendor.dolby.mi.metadata.log"
03-15 18:13:17.272   840  8470 W libc    : Access denied finding property "vendor.dolby.mi.metadata.log"
03-15 18:13:17.272   840  8470 W libc    : Access denied finding property "vendor.dolby.mi.metadata.log"
03-15 18:13:17.272   840  8470 W libc    : Access denied finding property "vendor.dolby.mi.metadata.log"
03-15 18:13:17.273   840  8358 W libc    : Access denied finding property "hal.record.dump"
03-15 18:13:17.273  1032  1669 E SurfaceFlinger: isStylusTargetLayer notifyTargetLayerDisconnect in
03-15 18:13:17.275  3677 14159 D OpRecordUtil: start = 1773569597275
03-15 18:13:17.276  3677 14159 D OpRecordUtil: welcom = true
03-15 18:13:17.276  3677 14159 I InstallJudgeService: release QScanner
03-15 18:13:17.281   999   999 W libc    : Access denied finding property "hwservicemanager.ready"
03-15 18:13:17.281  1032  1097 E SurfaceFlinger: isStylusTargetLayer notifyTargetLayerDisconnect in
03-15 18:13:17.281  1032  1669 E SurfaceFlinger: isStylusTargetLayer notifyTargetLayerDisconnect in
03-15 18:13:17.282  3163  3163 D BoundBrokerSvc: onBind: Intent { act=com.google.android.gms.safebrowsing.SafeBrowsingService.START dat=chimera-action:/... cmp=com.google.android.gms/.chimera.GmsBoundBrokerService }
03-15 18:13:17.282  3163  3163 D BoundBrokerSvc: Loading bound service for intent: Intent { act=com.google.android.gms.safebrowsing.SafeBrowsingService.START dat=chimera-action:/... cmp=com.google.android.gms/.chimera.GmsBoundBrokerService }
03-15 18:13:17.286 13971 13971 D CompatibilityChangeReporter: Compat change id reported: 214741472; UID 10112; state: ENABLED
03-15 18:13:17.289  1032  1669 E SurfaceFlinger: isStylusTargetLayer notifyTargetLayerDisconnect in
03-15 18:13:17.293 13971 14056 D TrafficStats: tagSocket(194) with statsTag=0xffffffff, statsUid=-1
03-15 18:13:17.297  1032  1669 E SurfaceFlinger: isStylusTargetLayer notifyTargetLayerDisconnect in
03-15 18:13:17.300  6239  6325 I Finsky  : [105] jqg.a(11): AIM: AppInfoManager-Perf > ItemModel > CacheSize=19, cacheHitCount=0, cacheMissCount=0, total appsWithNoServerDataCount=18. Missed  in cache (limit 10) : []
03-15 18:13:17.306 13971 14253 I CameraManagerGlobal: Connecting to camera service
03-15 18:13:17.306  1032  1669 E SurfaceFlinger: isStylusTargetLayer notifyTargetLayerDisconnect in
03-15 18:13:17.311   840  8470 W libc    : Access denied finding property "vendor.dolby.mi.metadata.log"
03-15 18:13:17.311   840  8470 W libc    : Access denied finding property "vendor.dolby.mi.metadata.log"
03-15 18:13:17.311   840  8470 W libc    : Access denied finding property "vendor.dolby.mi.metadata.log"
03-15 18:13:17.311   840  8470 W libc    : Access denied finding property "vendor.dolby.mi.metadata.log"
03-15 18:13:17.311   840  8470 W libc    : Access denied finding property "vendor.dolby.mi.metadata.log"
03-15 18:13:17.311   840  8470 W libc    : Access denied finding property "vendor.dolby.mi.metadata.log"
03-15 18:13:17.311   840  8470 W libc    : Access denied finding property "vendor.dolby.mi.metadata.log"
03-15 18:13:17.311   840  8470 W libc    : Access denied finding property "vendor.dolby.mi.metadata.log"
03-15 18:13:17.312   840  8358 W libc    : Access denied finding property "hal.record.dump"
03-15 18:13:17.314  1032  1097 E SurfaceFlinger: isStylusTargetLayer notifyTargetLayerDisconnect in
03-15 18:13:17.314  1032  1669 E SurfaceFlinger: isStylusTargetLayer notifyTargetLayerDisconnect in
03-15 18:13:17.320  6239  6314 I Finsky  : [96] klr.aaw(23): [ContentSync] finished, scheduled=true
03-15 18:13:17.322  1032  1669 E SurfaceFlinger: isStylusTargetLayer notifyTargetLayerDisconnect in
03-15 18:13:17.331  1032  1097 E SurfaceFlinger: isStylusTargetLayer notifyTargetLayerDisconnect in
03-15 18:13:17.339  1032  1097 E SurfaceFlinger: isStylusTargetLayer notifyTargetLayerDisconnect in
03-15 18:13:17.348  1032  1097 E SurfaceFlinger: isStylusTargetLayer notifyTargetLayerDisconnect in
03-15 18:13:17.348  1032  1097 E SurfaceFlinger: isStylusTargetLayer notifyTargetLayerDisconnect in
03-15 18:13:17.351   840  8470 W libc    : Access denied finding property "vendor.dolby.mi.metadata.log"
03-15 18:13:17.351   840  8470 W libc    : Access denied finding property "vendor.dolby.mi.metadata.log"
03-15 18:13:17.351   840  8470 W libc    : Access denied finding property "vendor.dolby.mi.metadata.log"
03-15 18:13:17.351   840  8470 W libc    : Access denied finding property "vendor.dolby.mi.metadata.log"
03-15 18:13:17.351   840  8470 W libc    : Access denied finding property "vendor.dolby.mi.metadata.log"
03-15 18:13:17.351   840  8470 W libc    : Access denied finding property "vendor.dolby.mi.metadata.log"
03-15 18:13:17.351   840  8470 W libc    : Access denied finding property "vendor.dolby.mi.metadata.log"
