03-15 18:09:58.360  1474  1611 V WindowManager: Sent Transition #210 createdAt=03-15 18:09:58.324 via request=TransitionRequestInfo { type = OPEN, triggerTask = TaskInfo{userId=0 taskId=49 displayId=0 isRunning=true baseIntent=Intent { flg=0x10000000 cmp=com.example.mymusic/.MainActivity } baseActivity=ComponentInfo{com.example.mymusic/com.example.mymusic.MainActivity} topActivity=ComponentInfo{com.example.mymusic/com.example.mymusic.MainActivity} origActivity=null realActivity=ComponentInfo{com.example.mymusic/com.example.mymusic.MainActivity} numActivities=1 lastActiveTime=28865420 supportsMultiWindow=true resizeMode=1 isResizeable=true canKillAndRestart=true isShowDecorCaptionWindowRequest=false minWidth=-1 minHeight=-1 defaultMinSize=220 token=WCT{RemoteToken{dc936fc Task{1bbc059 #49 type=standard A=10260:com.example.mymusic}}} topActivityType=1 pictureInPictureParams=null shouldDockBigOverlays=false launchIntoPipHostTaskId=-1 lastParentTaskIdBeforePip=-1 displayCutoutSafeInsets=null topActivityInfo=ActivityInfo{556185 com.example.mymusic.MainActivity} launchCookies=[] positionInParent=Point(0, 0) parentTaskId=-1 isFocused=false isVisible=false isVisibleRequested=false isHasResumedActivity=false ifUltraWideField=false layoutFlags=0 layoutSystemUiVisibility=0 layoutSubtreeSystemUiVisibility=0 isSleeping=false topActivityInSizeCompat=false topActivityEligibleForLetterboxEducation= false topActivityLetterboxed= false isFromDoubleTap= false topActivityLetterboxVerticalPosition= -1 topActivityLetterboxHorizontalPosition= -1 topActivityLetterboxWidth=-1 topActivityLetterboxHeight=-1 locusId=null displayAreaFeatureId=1 cameraCompatControlState=hidden}, remoteTransition = null, displayChange = null }
03-15 18:09:58.360  1474  1611 V WindowManager:     startWCT=WindowContainerTransaction { changes = {} hops = [] errorCallbackToken=null taskFragmentOrganizer=null }
03-15 18:09:58.360  1474  1611 V WindowManager:     info={id=210 t=OPEN f=0x0 trk=0 r=[0@Point(0, 0)] c=[{WCT{RemoteToken{dc936fc Task{1bbc059 #49 type=standard A=10260:com.example.mymusic}}} m=OPEN f=NONE leash=Surface(name=Task=49)/@0xb11e0ce sb=Rect(0, 0 - 2944, 1840) eb=Rect(0, 0 - 2944, 1840) d=0 windowingMode=1},{WCT{RemoteToken{6a6091e Task{c016788 #1 type=home}}} m=TO_BACK f=SHOW_WALLPAPER leash=Surface(name=Task=1)/@0xa05ac31 sb=Rect(0, 0 - 2944, 1840) eb=Rect(0, 0 - 2944, 1840) d=0 windowingMode=1}]}
03-15 18:09:58.360  1474  1611 D TransitionController: for OneVision debug. Transition info:{id=210 t=OPEN f=0x0 trk=0 r=[0@Point(0, 0)] c=[{WCT{RemoteToken{dc936fc Task{1bbc059 #49 type=standard A=10260:com.example.mymusic}}} m=OPEN f=NONE leash=Surface(name=Task=49)/@0xb11e0ce sb=Rect(0, 0 - 2944, 1840) eb=Rect(0, 0 - 2944, 1840) d=0 windowingMode=1},{WCT{RemoteToken{6a6091e Task{c016788 #1 type=home}}} m=TO_BACK f=SHOW_WALLPAPER leash=Surface(name=Task=1)/@0xa05ac31 sb=Rect(0, 0 - 2944, 1840) eb=Rect(0, 0 - 2944, 1840) d=0 windowingMode=1}]}
03-15 18:09:58.376  1474 11113 I OvCameraRotation: camera activity:null fullScreen:false canResizeTask:false isEmbedded:false display:0 pcMode:false
03-15 18:09:58.376  1474 11113 I OvCameraRotation: camera activity:null fullScreen:false canResizeTask:false isEmbedded:false display:0 pcMode:false
03-15 18:09:58.377  1474 11113 I WindowManager: setFocusedAppLw : ActivityRecord{36d3ca0 u0 com.example.mymusic/.MainActivity t49, isEmbedded=false},display Id:0
03-15 18:09:58.378  1474  2014 D ZuiInputManager: updateTopTaskPackageStatus mTopTaskPackageName = com.example.mymusic
03-15 18:09:58.378  1474  2014 D BigPalmInputPolicy: isGameAppPackage: mUiType = ZUI, packageName = com.example.mymusic
03-15 18:09:58.379  1474  2014 D TouchscreenServiceManager: setBigPalm by hidl v1_0 
03-15 18:09:58.380  2058  2058 D WindowDecoration: Keep captionBar Inset, taskId: 49, displayId: 0
03-15 18:09:58.381  2058  2058 D SystemServiceRegistry:  zuiHandwriting new zuihandwritingmanager
03-15 18:09:58.384  1474  2490 D ChangeTransitionController: applySyncStagingTypesIfNeeded: fail stage is empty
03-15 18:09:58.385  2058  2058 D TransactionPool: acquire st:-5476376656299412304 caller:com.android.wm.shell.transition.DefaultTransitionHandler.buildSurfaceAnimation:860 com.android.wm.shell.transition.DefaultTransitionHandler.startAnimation:599 com.android.wm.shell.transition.Transitions.dispatchTransition:1061 
03-15 18:09:58.386  2058  2058 D TransactionPool: acquire st:-5476376656299799152 caller:com.android.wm.shell.transition.DefaultTransitionHandler.buildSurfaceAnimation:860 com.android.wm.shell.transition.DefaultTransitionHandler.startAnimation:599 com.android.wm.shell.transition.Transitions.dispatchTransition:1061 
03-15 18:09:58.386  1474  2490 D CompatibilityChangeReporter: Compat change id reported: 170503758; UID 10260; state: ENABLED
03-15 18:09:58.398  1474 11113 D ChangeTransitionController: applySyncStagingTypesIfNeeded: fail stage is empty
03-15 18:09:58.420 30878 30878 E ActivityThread: Failed to find provider info for com.miui.personalassistant.widget.external
03-15 18:09:58.442  2058  2058 D RecentTasksController: notifyRecentTasksChanged reason:onTaskStackChanged
03-15 18:09:58.467  1474  1474 D UiModeManager: updateConfigurationLocked: mDockState=0; mCarMode=false; mNightMode=2; mZuiNightModeOverride=2; mPowerSave=false; isTestMode=false; uiMode=33
03-15 18:09:58.473  2058  2058 D PowerUI : onReceive to showplugged=true buckert==1mcaharge==true level==81 chargrate=0oldpluge==true
03-15 18:09:58.473  2058  3402 D PowerUI : can't show warning due to - plugged: true status unknown: false
03-15 18:09:58.473  2058  3402 I PowerUI.Notification: dismissing low battery notification
03-15 18:09:58.664  2058  2153 D TransactionPool: release st:-5476376656299412304 caller:com.android.wm.shell.common.TransactionPool.release:60 com.android.wm.shell.transition.DefaultTransitionHandler.lambda$buildSurfaceAnimation$7:879 com.android.wm.shell.transition.DefaultTransitionHandler$$ExternalSyntheticLambda7.run:26 
03-15 18:09:58.664  2058  2153 D TransactionPool: put st:-5476376656299412304 reason to release map
03-15 18:09:58.664  2058  2153 D TransactionPool: release st:-5476376656299799152 caller:com.android.wm.shell.common.TransactionPool.release:60 com.android.wm.shell.transition.DefaultTransitionHandler.lambda$buildSurfaceAnimation$7:879 com.android.wm.shell.transition.DefaultTransitionHandler$$ExternalSyntheticLambda7.run:26 
03-15 18:09:58.664  2058  2153 D TransactionPool: put st:-5476376656299799152 reason to release map
03-15 18:09:58.665  1474  1611 V WindowManager: Finish Transition #210: created at 03-15 18:09:58.324 collect-started=0.042ms request-sent=5.028ms started=10.072ms ready=32.364ms sent=34.728ms finished=340.322ms
03-15 18:09:58.689  1474  2490 I OvCameraRotation: camera activity:null fullScreen:false canResizeTask:false isEmbedded:false display:0 pcMode:false
03-15 18:09:58.796  1474  3416 I ActivityManager: Flag disabled. Ignoring finishAttachApplication from uid: 10260. pid: 11765
03-15 18:09:58.832  1474  2490 I ActivityManager: Background started FGS: Allowed [callingPackage: com.example.mymusic; callingUid: 10260; uidState: TOP ; uidBFSL: [BFSL]; intent: Intent { cmp=com.example.mymusic/.service.MusicService }; code:PROC_STATE_TOP; tempAllowListReason:<null>; targetSdkVersion:36; callerTargetSdkVersion:36; startForegroundCount:0; bindFromPackage:null: isBindService:false]
03-15 18:09:58.863 11765 11765 D WindowManagerImpl: addView displayId=0 0
03-15 18:09:58.863 11765 11765 D WindowManagerImpl: addView displayId33= 0
03-15 18:09:58.866 11765 11765 D SystemServiceRegistry:  zuiHandwriting new zuihandwritingmanager
03-15 18:09:58.878  1474 11273 D ChangeTransitionController: applySyncStagingTypesIfNeeded: fail stage is empty
03-15 18:09:59.138  1474  2490 D CoreBackPreview: Window{6545aea u0 com.example.mymusic/com.example.mymusic.MainActivity}: Setting back callback OnBackInvokedCallbackInfo{mCallback=android.window.IOnBackInvokedCallback$Stub$Proxy@eb1529a, mPriority=0, mIsAnimationCallback=false}
03-15 18:09:59.163  1474  2490 I WindowManager: Window{6545aea u0 com.example.mymusic/com.example.mymusic.MainActivity} state from NO_SURFACE to DRAW_PENDING; reason: resetDrawState
03-15 18:09:59.164  1474  2490 D WindowManager: Changing focus from null to Window{6545aea u0 com.example.mymusic/com.example.mymusic.MainActivity} displayId=0 Callers=com.android.server.wm.RootWindowContainer.updateFocusedWindowLocked:503 com.android.server.wm.WindowManagerService.updateFocusedWindowLocked:6584 com.android.server.wm.WindowManagerService.relayoutWindow:2809 com.android.server.wm.Session.relayout:256 
03-15 18:09:59.165  1474  2490 I WindowManager: setInputFocusLw : Window{6545aea u0 com.example.mymusic/com.example.mymusic.MainActivity},display Id:0
03-15 18:09:59.166  1474  2490 I OvCameraRotation: camera activity:null fullScreen:false canResizeTask:false isEmbedded:false display:0 pcMode:false
03-15 18:09:59.166  1474 11273 D ChangeTransitionController: applySyncStagingTypesIfNeeded: fail stage is empty
03-15 18:09:59.204  1474 11273 I WindowManager: Window{6545aea u0 com.example.mymusic/com.example.mymusic.MainActivity} state from DRAW_PENDING to COMMIT_DRAW_PENDING; reason: finishDrawingLocked
03-15 18:09:59.204  1474  1615 I WindowManager: Window{6545aea u0 com.example.mymusic/com.example.mymusic.MainActivity} state from COMMIT_DRAW_PENDING to READY_TO_SHOW; reason: commitFinishDrawingLocked
03-15 18:09:59.204  1474  1615 D ActivityTaskManager: SplashScreen not transfer special !!!
03-15 18:09:59.205  1474  1615 I WindowManager: Window{6545aea u0 com.example.mymusic/com.example.mymusic.MainActivity} state from READY_TO_SHOW to HAS_DRAWN; reason: performShowLocked
03-15 18:09:59.206  2058  2160 D TransactionPool: acquire st:-5476376656299799152 caller:com.android.wm.shell.startingsurface.SplashScreenExitAnimationUtils$ShiftUpAnimation.onAnimationProgress:334 com.android.wm.shell.startingsurface.SplashScreenExitAnimationUtils.lambda$createAnimator$0:192 com.android.wm.shell.startingsurface.SplashScreenExitAnimationUtils$$ExternalSyntheticLambda0.onAnimationUpdate:19 
03-15 18:09:59.206  2058  2160 D TransactionPool: release st:-5476376656299799152 caller:com.android.wm.shell.common.TransactionPool.release:60 com.android.wm.shell.startingsurface.SplashScreenExitAnimationUtils$ShiftUpAnimation.onAnimationProgress:347 com.android.wm.shell.startingsurface.SplashScreenExitAnimationUtils.lambda$createAnimator$0:192 
03-15 18:09:59.206  2058  2160 D TransactionPool: put st:-5476376656299799152 reason to release map
03-15 18:09:59.209  1474  1615 D ActivityTaskManager: SplashScreen not transfer special !!!
03-15 18:09:59.214  2058  2160 D TransactionPool: acquire st:-5476376656299799152 caller:com.android.wm.shell.startingsurface.SplashScreenExitAnimationUtils$ShiftUpAnimation.onAnimationProgress:334 com.android.wm.shell.startingsurface.SplashScreenExitAnimationUtils.lambda$createAnimator$0:192 com.android.wm.shell.startingsurface.SplashScreenExitAnimationUtils$$ExternalSyntheticLambda0.onAnimationUpdate:19 
03-15 18:09:59.214  2058  2160 D TransactionPool: release st:-5476376656299799152 caller:com.android.wm.shell.common.TransactionPool.release:60 com.android.wm.shell.startingsurface.SplashScreenExitAnimationUtils$ShiftUpAnimation.onAnimationProgress:347 com.android.wm.shell.startingsurface.SplashScreenExitAnimationUtils.lambda$createAnimator$0:192 
03-15 18:09:59.214  2058  2160 D TransactionPool: put st:-5476376656299799152 reason to release map
03-15 18:09:59.215  1474 11273 I OvCameraRotation: camera activity:null fullScreen:false canResizeTask:false isEmbedded:false display:0 pcMode:false
03-15 18:09:59.217  1474  2490 D ChangeTransitionController: applySyncStagingTypesIfNeeded: fail stage is empty
03-15 18:09:59.222  2058  2160 D TransactionPool: acquire st:-5476376656299799152 caller:com.android.wm.shell.startingsurface.SplashScreenExitAnimationUtils$ShiftUpAnimation.onAnimationProgress:334 com.android.wm.shell.startingsurface.SplashScreenExitAnimationUtils.lambda$createAnimator$0:192 com.android.wm.shell.startingsurface.SplashScreenExitAnimationUtils$$ExternalSyntheticLambda0.onAnimationUpdate:19 
03-15 18:09:59.222  2058  2160 D TransactionPool: release st:-5476376656299799152 caller:com.android.wm.shell.common.TransactionPool.release:60 com.android.wm.shell.startingsurface.SplashScreenExitAnimationUtils$ShiftUpAnimation.onAnimationProgress:347 com.android.wm.shell.startingsurface.SplashScreenExitAnimationUtils.lambda$createAnimator$0:192 
03-15 18:09:59.222  2058  2160 D TransactionPool: put st:-5476376656299799152 reason to release map
03-15 18:09:59.230  2058  2160 D TransactionPool: acquire st:-5476376656299799152 caller:com.android.wm.shell.startingsurface.SplashScreenExitAnimationUtils$ShiftUpAnimation.onAnimationProgress:334 com.android.wm.shell.startingsurface.SplashScreenExitAnimationUtils.lambda$createAnimator$0:192 com.android.wm.shell.startingsurface.SplashScreenExitAnimationUtils$$ExternalSyntheticLambda0.onAnimationUpdate:19 
03-15 18:09:59.231  2058  2160 D TransactionPool: release st:-5476376656299799152 caller:com.android.wm.shell.common.TransactionPool.release:60 com.android.wm.shell.startingsurface.SplashScreenExitAnimationUtils$ShiftUpAnimation.onAnimationProgress:347 com.android.wm.shell.startingsurface.SplashScreenExitAnimationUtils.lambda$createAnimator$0:192 
03-15 18:09:59.231  2058  2160 D TransactionPool: put st:-5476376656299799152 reason to release map
03-15 18:09:59.239  2058  2160 D TransactionPool: acquire st:-5476376656299799152 caller:com.android.wm.shell.startingsurface.SplashScreenExitAnimationUtils$ShiftUpAnimation.onAnimationProgress:334 com.android.wm.shell.startingsurface.SplashScreenExitAnimationUtils.lambda$createAnimator$0:192 com.android.wm.shell.startingsurface.SplashScreenExitAnimationUtils$$ExternalSyntheticLambda0.onAnimationUpdate:19 
03-15 18:09:59.239  2058  2160 D TransactionPool: release st:-5476376656299799152 caller:com.android.wm.shell.common.TransactionPool.release:60 com.android.wm.shell.startingsurface.SplashScreenExitAnimationUtils$ShiftUpAnimation.onAnimationProgress:347 com.android.wm.shell.startingsurface.SplashScreenExitAnimationUtils.lambda$createAnimator$0:192 
03-15 18:09:59.240  2058  2160 D TransactionPool: put st:-5476376656299799152 reason to release map
03-15 18:09:59.248  2058  2160 D TransactionPool: acquire st:-5476376656299799152 caller:com.android.wm.shell.startingsurface.SplashScreenExitAnimationUtils$ShiftUpAnimation.onAnimationProgress:334 com.android.wm.shell.startingsurface.SplashScreenExitAnimationUtils.lambda$createAnimator$0:192 com.android.wm.shell.startingsurface.SplashScreenExitAnimationUtils$$ExternalSyntheticLambda0.onAnimationUpdate:19 
03-15 18:09:59.248  2058  2160 D TransactionPool: release st:-5476376656299799152 caller:com.android.wm.shell.common.TransactionPool.release:60 com.android.wm.shell.startingsurface.SplashScreenExitAnimationUtils$ShiftUpAnimation.onAnimationProgress:347 com.android.wm.shell.startingsurface.SplashScreenExitAnimationUtils.lambda$createAnimator$0:192 
03-15 18:09:59.248  2058  2160 D TransactionPool: put st:-5476376656299799152 reason to release map
03-15 18:09:59.256  2058  2160 D TransactionPool: acquire st:-5476376656299799152 caller:com.android.wm.shell.startingsurface.SplashScreenExitAnimationUtils$ShiftUpAnimation.onAnimationProgress:334 com.android.wm.shell.startingsurface.SplashScreenExitAnimationUtils.lambda$createAnimator$0:192 com.android.wm.shell.startingsurface.SplashScreenExitAnimationUtils$$ExternalSyntheticLambda0.onAnimationUpdate:19 
03-15 18:09:59.256  2058  2160 D TransactionPool: release st:-5476376656299799152 caller:com.android.wm.shell.common.TransactionPool.release:60 com.android.wm.shell.startingsurface.SplashScreenExitAnimationUtils$ShiftUpAnimation.onAnimationProgress:347 com.android.wm.shell.startingsurface.SplashScreenExitAnimationUtils.lambda$createAnimator$0:192 
03-15 18:09:59.256  2058  2160 D TransactionPool: put st:-5476376656299799152 reason to release map
03-15 18:09:59.258  1474  4660 D CompatibilityChangeReporter: Compat change id reported: 161145287; UID 10260; state: ENABLED
03-15 18:09:59.264  2058  2160 D TransactionPool: acquire st:-5476376656299799152 caller:com.android.wm.shell.startingsurface.SplashScreenExitAnimationUtils$ShiftUpAnimation.onAnimationProgress:334 com.android.wm.shell.startingsurface.SplashScreenExitAnimationUtils.lambda$createAnimator$0:192 com.android.wm.shell.startingsurface.SplashScreenExitAnimationUtils$$ExternalSyntheticLambda0.onAnimationUpdate:19 
03-15 18:09:59.264  2058  2160 D TransactionPool: release st:-5476376656299799152 caller:com.android.wm.shell.common.TransactionPool.release:60 com.android.wm.shell.startingsurface.SplashScreenExitAnimationUtils$ShiftUpAnimation.onAnimationProgress:347 com.android.wm.shell.startingsurface.SplashScreenExitAnimationUtils.lambda$createAnimator$0:192 
03-15 18:09:59.264  2058  2160 D TransactionPool: put st:-5476376656299799152 reason to release map
03-15 18:09:59.272  1474  4660 D CompatibilityChangeReporter: Compat change id reported: 170668199; UID 10260; state: ENABLED
03-15 18:09:59.273  2058  2160 D TransactionPool: acquire st:-5476376656299799152 caller:com.android.wm.shell.startingsurface.SplashScreenExitAnimationUtils$ShiftUpAnimation.onAnimationProgress:334 com.android.wm.shell.startingsurface.SplashScreenExitAnimationUtils.lambda$createAnimator$0:192 com.android.wm.shell.startingsurface.SplashScreenExitAnimationUtils$$ExternalSyntheticLambda0.onAnimationUpdate:19 
03-15 18:09:59.273  2058  2160 D TransactionPool: release st:-5476376656299799152 caller:com.android.wm.shell.common.TransactionPool.release:60 com.android.wm.shell.startingsurface.SplashScreenExitAnimationUtils$ShiftUpAnimation.onAnimationProgress:347 com.android.wm.shell.startingsurface.SplashScreenExitAnimationUtils.lambda$createAnimator$0:192 
03-15 18:09:59.273  2058  2160 D TransactionPool: put st:-5476376656299799152 reason to release map
03-15 18:09:59.281  2058  2160 D TransactionPool: acquire st:-5476376656299799152 caller:com.android.wm.shell.startingsurface.SplashScreenExitAnimationUtils$ShiftUpAnimation.onAnimationProgress:334 com.android.wm.shell.startingsurface.SplashScreenExitAnimationUtils.lambda$createAnimator$0:192 com.android.wm.shell.startingsurface.SplashScreenExitAnimationUtils$$ExternalSyntheticLambda0.onAnimationUpdate:19 
03-15 18:09:59.281  2058  2160 D TransactionPool: release st:-5476376656299799152 caller:com.android.wm.shell.common.TransactionPool.release:60 com.android.wm.shell.startingsurface.SplashScreenExitAnimationUtils$ShiftUpAnimation.onAnimationProgress:347 com.android.wm.shell.startingsurface.SplashScreenExitAnimationUtils.lambda$createAnimator$0:192 
03-15 18:09:59.281  2058  2160 D TransactionPool: put st:-5476376656299799152 reason to release map
03-15 18:09:59.289  2058  2160 D TransactionPool: acquire st:-5476376656299799152 caller:com.android.wm.shell.startingsurface.SplashScreenExitAnimationUtils$ShiftUpAnimation.onAnimationProgress:334 com.android.wm.shell.startingsurface.SplashScreenExitAnimationUtils.lambda$createAnimator$0:192 com.android.wm.shell.startingsurface.SplashScreenExitAnimationUtils$$ExternalSyntheticLambda0.onAnimationUpdate:19 
03-15 18:09:59.289  2058  2160 D TransactionPool: release st:-5476376656299799152 caller:com.android.wm.shell.common.TransactionPool.release:60 com.android.wm.shell.startingsurface.SplashScreenExitAnimationUtils$ShiftUpAnimation.onAnimationProgress:347 com.android.wm.shell.startingsurface.SplashScreenExitAnimationUtils.lambda$createAnimator$0:192 
03-15 18:09:59.289  2058  2160 D TransactionPool: put st:-5476376656299799152 reason to release map
03-15 18:09:59.290  1474 11113 D CompatibilityChangeReporter: Compat change id reported: 214016041; UID 10260; state: ENABLED
03-15 18:09:59.297  2058  2160 D TransactionPool: acquire st:-5476376656299799152 caller:com.android.wm.shell.startingsurface.SplashScreenExitAnimationUtils$ShiftUpAnimation.onAnimationProgress:334 com.android.wm.shell.startingsurface.SplashScreenExitAnimationUtils.lambda$createAnimator$0:192 com.android.wm.shell.startingsurface.SplashScreenExitAnimationUtils$$ExternalSyntheticLambda0.onAnimationUpdate:19 
03-15 18:09:59.298  2058  2160 D TransactionPool: release st:-5476376656299799152 caller:com.android.wm.shell.common.TransactionPool.release:60 com.android.wm.shell.startingsurface.SplashScreenExitAnimationUtils$ShiftUpAnimation.onAnimationProgress:347 com.android.wm.shell.startingsurface.SplashScreenExitAnimationUtils.lambda$createAnimator$0:192 
03-15 18:09:59.298  2058  2160 D TransactionPool: put st:-5476376656299799152 reason to release map
03-15 18:09:59.305  2058  2160 D TransactionPool: acquire st:-5476376656299799152 caller:com.android.wm.shell.startingsurface.SplashScreenExitAnimationUtils$ShiftUpAnimation.onAnimationProgress:334 com.android.wm.shell.startingsurface.SplashScreenExitAnimationUtils.lambda$createAnimator$0:192 com.android.wm.shell.startingsurface.SplashScreenExitAnimationUtils$$ExternalSyntheticLambda0.onAnimationUpdate:19 
03-15 18:09:59.305  2058  2160 D TransactionPool: release st:-5476376656299799152 caller:com.android.wm.shell.common.TransactionPool.release:60 com.android.wm.shell.startingsurface.SplashScreenExitAnimationUtils$ShiftUpAnimation.onAnimationProgress:347 com.android.wm.shell.startingsurface.SplashScreenExitAnimationUtils.lambda$createAnimator$0:192 
03-15 18:09:59.306  2058  2160 D TransactionPool: put st:-5476376656299799152 reason to release map
03-15 18:09:59.314  2058  2160 D TransactionPool: acquire st:-5476376656299799152 caller:com.android.wm.shell.startingsurface.SplashScreenExitAnimationUtils$ShiftUpAnimation.onAnimationProgress:334 com.android.wm.shell.startingsurface.SplashScreenExitAnimationUtils.lambda$createAnimator$0:192 com.android.wm.shell.startingsurface.SplashScreenExitAnimationUtils$$ExternalSyntheticLambda0.onAnimationUpdate:19 
03-15 18:09:59.314  2058  2160 D TransactionPool: release st:-5476376656299799152 caller:com.android.wm.shell.common.TransactionPool.release:60 com.android.wm.shell.startingsurface.SplashScreenExitAnimationUtils$ShiftUpAnimation.onAnimationProgress:347 com.android.wm.shell.startingsurface.SplashScreenExitAnimationUtils.lambda$createAnimator$0:192 
03-15 18:09:59.314  2058  2160 D TransactionPool: put st:-5476376656299799152 reason to release map
03-15 18:09:59.322  1474  2057 W ActivityManager: notifyProcessStarted!
03-15 18:09:59.322  2058  2160 D TransactionPool: acquire st:-5476376656299799152 caller:com.android.wm.shell.startingsurface.SplashScreenExitAnimationUtils$ShiftUpAnimation.onAnimationProgress:334 com.android.wm.shell.startingsurface.SplashScreenExitAnimationUtils.lambda$createAnimator$0:192 com.android.wm.shell.startingsurface.SplashScreenExitAnimationUtils$$ExternalSyntheticLambda0.onAnimationUpdate:19 
03-15 18:09:59.323  2058  2160 D TransactionPool: release st:-5476376656299799152 caller:com.android.wm.shell.common.TransactionPool.release:60 com.android.wm.shell.startingsurface.SplashScreenExitAnimationUtils$ShiftUpAnimation.onAnimationProgress:347 com.android.wm.shell.startingsurface.SplashScreenExitAnimationUtils.lambda$createAnimator$0:192 
03-15 18:09:59.323  2058  2160 D TransactionPool: put st:-5476376656299799152 reason to release map
03-15 18:09:59.331  2058  2160 D TransactionPool: acquire st:-5476376656299799152 caller:com.android.wm.shell.startingsurface.SplashScreenExitAnimationUtils$ShiftUpAnimation.onAnimationProgress:334 com.android.wm.shell.startingsurface.SplashScreenExitAnimationUtils.lambda$createAnimator$0:192 com.android.wm.shell.startingsurface.SplashScreenExitAnimationUtils$$ExternalSyntheticLambda0.onAnimationUpdate:19 
03-15 18:09:59.331  2058  2160 D TransactionPool: release st:-5476376656299799152 caller:com.android.wm.shell.common.TransactionPool.release:60 com.android.wm.shell.startingsurface.SplashScreenExitAnimationUtils$ShiftUpAnimation.onAnimationProgress:347 com.android.wm.shell.startingsurface.SplashScreenExitAnimationUtils.lambda$createAnimator$0:192 
03-15 18:09:59.331  2058  2160 D TransactionPool: put st:-5476376656299799152 reason to release map
03-15 18:09:59.340  2058  2160 D TransactionPool: acquire st:-5476376656299799152 caller:com.android.wm.shell.startingsurface.SplashScreenExitAnimationUtils$ShiftUpAnimation.onAnimationProgress:334 com.android.wm.shell.startingsurface.SplashScreenExitAnimationUtils.lambda$createAnimator$0:192 com.android.wm.shell.startingsurface.SplashScreenExitAnimationUtils$$ExternalSyntheticLambda0.onAnimationUpdate:19 
03-15 18:09:59.340  2058  2160 D TransactionPool: release st:-5476376656299799152 caller:com.android.wm.shell.common.TransactionPool.release:60 com.android.wm.shell.startingsurface.SplashScreenExitAnimationUtils$ShiftUpAnimation.onAnimationProgress:347 com.android.wm.shell.startingsurface.SplashScreenExitAnimationUtils.lambda$createAnimator$0:192 
03-15 18:09:59.340  2058  2160 D TransactionPool: put st:-5476376656299799152 reason to release map
03-15 18:09:59.341  1474  4660 I WindowManager: Window{d1e2f6a u0 com.zui.launcher/com.zui.launcher.drawer.NormalLauncher} state from HAS_DRAWN to NO_SURFACE; reason: destroySurface
03-15 18:09:59.341  1474  4660 W WindowManager: for OneVision debug destroySurface:Window{d1e2f6a u0 com.zui.launcher/com.zui.launcher.drawer.NormalLauncher} caller:com.android.server.wm.WindowStateAnimator.destroySurfaceLocked:395 com.android.server.wm.WindowState.destroySurfaceUnchecked:3471 com.android.server.wm.WindowState.destroySurface:3445 com.android.server.wm.ActivityRecord.destroySurfaces:6295 com.android.server.wm.ActivityRecord.destroySurfaces:6276 
03-15 18:09:59.343  1474  4660 D ActivityTaskManager: SplashScreen not transfer special !!!
03-15 18:09:59.347  2058  2160 D TransactionPool: acquire st:-5476376656299799152 caller:com.android.wm.shell.startingsurface.SplashScreenExitAnimationUtils$ShiftUpAnimation.onAnimationProgress:334 com.android.wm.shell.startingsurface.SplashScreenExitAnimationUtils.lambda$createAnimator$0:192 com.android.wm.shell.startingsurface.SplashScreenExitAnimationUtils$$ExternalSyntheticLambda0.onAnimationUpdate:19 
03-15 18:09:59.348  2058  2160 D TransactionPool: release st:-5476376656299799152 caller:com.android.wm.shell.common.TransactionPool.release:60 com.android.wm.shell.startingsurface.SplashScreenExitAnimationUtils$ShiftUpAnimation.onAnimationProgress:347 com.android.wm.shell.startingsurface.SplashScreenExitAnimationUtils.lambda$createAnimator$0:192 
03-15 18:09:59.348  2058  2160 D TransactionPool: put st:-5476376656299799152 reason to release map
03-15 18:09:59.349  2058  2160 D TransactionPool: acquire st:-5476376656299799152 caller:com.android.wm.shell.startingsurface.SplashScreenExitAnimationUtils$ShiftUpAnimation.finish:354 com.android.wm.shell.startingsurface.SplashScreenExitAnimationUtils$1.onAnimationEnd:160 android.animation.Animator$AnimatorListener.onAnimationEnd:711 
03-15 18:09:59.350  2058  2160 D TransactionPool: release st:-5476376656299799152 caller:com.android.wm.shell.common.TransactionPool.release:60 com.android.wm.shell.startingsurface.SplashScreenExitAnimationUtils$ShiftUpAnimation.finish:369 com.android.wm.shell.startingsurface.SplashScreenExitAnimationUtils$1.onAnimationEnd:160 
03-15 18:09:59.350  2058  2160 D TransactionPool: put st:-5476376656299799152 reason to release map
03-15 18:09:59.354  1474  4660 I OvCameraRotation: camera activity:null fullScreen:false canResizeTask:false isEmbedded:false display:0 pcMode:false
03-15 18:09:59.355  1474 11113 D CoreBackPreview: Window{797721b u0 Splash Screen com.example.mymusic EXITING}: Setting back callback null
03-15 18:09:59.429 30878 30878 E ActivityThread: Failed to find provider info for com.miui.personalassistant.widget.external
03-15 18:09:59.509  1474  1615 I WindowManager: Window{797721b u0 Splash Screen com.example.mymusic EXITING} state from HAS_DRAWN to NO_SURFACE; reason: destroySurface
03-15 18:09:59.509  1474  1615 W WindowManager: for OneVision debug destroySurface:Window{797721b u0 Splash Screen com.example.mymusic EXITING} caller:com.android.server.wm.WindowStateAnimator.destroySurfaceLocked:395 com.android.server.wm.WindowState.destroySurfaceUnchecked:3471 com.android.server.wm.WindowState.destroySurface:3445 com.android.server.wm.WindowState.onExitAnimationDone:4919 com.android.server.wm.WindowStateAnimator.onAnimationFinished:195 
03-15 18:09:59.509  1474  1615 D WindowManager: setParent old=ActivityRecord{36d3ca0 u0 com.example.mymusic/.MainActivity t49, isEmbedded=false},new=null,this window=Window{797721b u0 Splash Screen com.example.mymusic},callers=com.android.server.wm.WindowContainer.removeChild:813 com.android.server.wm.ActivityRecord.removeChild:4630 com.android.server.wm.ActivityRecord.removeChild:432 com.android.server.wm.WindowContainer.removeImmediately:871 com.android.server.wm.WindowState.removeImmediately:2455 com.android.server.wm.WindowState.destroySurface:3448 
03-15 18:09:59.999  1474  1924 D AlarmManager: alarms fired, need delivery
03-15 18:10:00.000  1474  1924 D AlarmManager: final first Wakeup:28882243 now: 28867090 isInNightMode:false
03-15 18:10:00.000  1474  1924 D AlarmManager: final first Wakeup:28882243 now: 28867090 isInNightMode:false
03-15 18:10:00.007  1474  2490 W BatteryExternalStatsWorker: error reading modem stats:ERROR_INVALID_INFO_RECEIVED
03-15 18:10:00.013  1474  1651 E KernelCpuSpeedReader: Failed to read cpu-freq: /sys/devices/system/cpu/cpu7/cpufreq/stats/time_in_state: open failed: ENOENT (No such file or directory)
03-15 18:10:00.013  1474  1651 E KernelCpuSpeedReader: Failed to read cpu-freq: /sys/devices/system/cpu/cpu4/cpufreq/stats/time_in_state: open failed: ENOENT (No such file or directory)
03-15 18:10:00.013  1474  1651 E KernelCpuSpeedReader: Failed to read cpu-freq: /sys/devices/system/cpu/cpu0/cpufreq/stats/time_in_state: open failed: ENOENT (No such file or directory)
03-15 18:10:00.026  1474  4660 W BatteryExternalStatsWorker: error reading modem stats:ERROR_INVALID_INFO_RECEIVED
03-15 18:10:00.027  1474  1651 E KernelCpuSpeedReader: Failed to read cpu-freq: /sys/devices/system/cpu/cpu7/cpufreq/stats/time_in_state: open failed: ENOENT (No such file or directory)
03-15 18:10:00.027  1474  1651 E KernelCpuSpeedReader: Failed to read cpu-freq: /sys/devices/system/cpu/cpu4/cpufreq/stats/time_in_state: open failed: ENOENT (No such file or directory)
03-15 18:10:00.027  1474  1651 E KernelCpuSpeedReader: Failed to read cpu-freq: /sys/devices/system/cpu/cpu0/cpufreq/stats/time_in_state: open failed: ENOENT (No such file or directory)
03-15 18:10:00.425 30878 30878 E ActivityThread: Failed to find provider info for com.miui.personalassistant.widget.external
03-15 18:10:00.549  1474  4660 D AlarmManager: final first Wakeup:28882243 now: 28867639 isInNightMode:false
03-15 18:10:00.967  1474  4660 D AlarmManager: final first Wakeup:28882243 now: 28868057 isInNightMode:false
03-15 18:10:01.433 30878 30878 E ActivityThread: Failed to find provider info for com.miui.personalassistant.widget.external
03-15 18:10:01.590  1474  1474 D UiModeManager: updateConfigurationLocked: mDockState=0; mCarMode=false; mNightMode=2; mZuiNightModeOverride=2; mPowerSave=false; isTestMode=false; uiMode=33
03-15 18:10:01.591  2058  2058 D PowerUI : onReceive to showplugged=true buckert==1mcaharge==true level==81 chargrate=0oldpluge==true
03-15 18:10:01.591  2058  3403 D PowerUI : can't show warning due to - plugged: true status unknown: false
03-15 18:10:01.591  2058  3403 I PowerUI.Notification: dismissing low battery notification
03-15 18:10:01.833  1474  3678 E TaskPersister: File error accessing recents directory (directory doesn't exist?).
03-15 18:10:02.439 30878 30878 E ActivityThread: Failed to find provider info for com.miui.personalassistant.widget.external
03-15 18:10:03.449 30878 30878 E ActivityThread: Failed to find provider info for com.miui.personalassistant.widget.external
03-15 18:10:03.624  1474  1924 D AlarmManager: alarms fired, need delivery
03-15 18:10:03.625  1474  1924 D AlarmManager: final first Wakeup:28882243 now: 28870715 isInNightMode:false
03-15 18:10:03.626  1474  1628 I ActivityManager: Killing 8493:com.lenovo.udcplatform/u0a75 (adj 999): empty #31
03-15 18:10:03.633  1474  3416 D AlarmManager: final first Wakeup:28882243 now: 28870723 isInNightMode:false
03-15 18:10:03.651  1474 11113 D AlarmManager: final first Wakeup:28882243 now: 28870741 isInNightMode:false
03-15 18:10:03.654  1474  3416 D RestartModeController: markWaitRestartAppIsSuicided null processName=com.lenovo.udcplatform
03-15 18:10:03.655  1474  1612 D DisplayManagerService: Drop pending events for gone uid 10075
03-15 18:10:03.668  1474  4660 D AlarmManager: final first Wakeup:28882243 now: 28870759 isInNightMode:false
03-15 18:10:03.682  1474  4660 D AlarmManager: final first Wakeup:28882243 now: 28870772 isInNightMode:false
03-15 18:10:04.110  1474  4660 I ActivityManager: Process com.lenovo.leos.appstore (pid 11498) has died: cch+5 CEM 
03-15 18:10:04.112  1474  4660 I ActivityManager: Killing 11672:com.google.android.webview:sandboxed_process0:org.chromium.content.app.SandboxedProcessService0:0/u0a112i22 (adj 0): isolated not needed
03-15 18:10:04.114  1474  4660 D RestartModeController: markWaitRestartAppIsSuicided null processName=com.lenovo.leos.appstore
03-15 18:10:04.115  1474  1612 D DisplayManagerService: Drop pending events for gone uid 10112
03-15 18:10:04.130  1474  1612 D DisplayManagerService: Drop pending events for gone uid 99022
03-15 18:10:04.136  1474  1651 E KernelCpuSpeedReader: Failed to read cpu-freq: /sys/devices/system/cpu/cpu7/cpufreq/stats/time_in_state: open failed: ENOENT (No such file or directory)
03-15 18:10:04.136  1474  1651 E KernelCpuSpeedReader: Failed to read cpu-freq: /sys/devices/system/cpu/cpu4/cpufreq/stats/time_in_state: open failed: ENOENT (No such file or directory)
03-15 18:10:04.136  1474  1651 E KernelCpuSpeedReader: Failed to read cpu-freq: /sys/devices/system/cpu/cpu0/cpufreq/stats/time_in_state: open failed: ENOENT (No such file or directory)
03-15 18:10:04.451 30878 30878 E ActivityThread: Failed to find provider info for com.miui.personalassistant.widget.external
03-15 18:10:04.952   636 11576 I keystore2: system/security/keystore2/src/watchdog.rs:319 - Watchdog thread idle -> terminating. Have a great day.
03-15 18:10:05.456 30878 30878 E ActivityThread: Failed to find provider info for com.miui.personalassistant.widget.external
03-15 18:10:05.633  1474  1474 D UiModeManager: updateConfigurationLocked: mDockState=0; mCarMode=false; mNightMode=2; mZuiNightModeOverride=2; mPowerSave=false; isTestMode=false; uiMode=33
03-15 18:10:05.633  2058  2058 D PowerUI : onReceive to showplugged=true buckert==1mcaharge==true level==81 chargrate=0oldpluge==true
03-15 18:10:05.634  2058  3406 D PowerUI : can't show warning due to - plugged: true status unknown: false
03-15 18:10:05.634  2058  3406 I PowerUI.Notification: dismissing low battery notification
03-15 18:10:06.468 30878 30878 E ActivityThread: Failed to find provider info for com.miui.personalassistant.widget.external
03-15 18:10:07.448  1474  1612 D WindowManager: ondown, touch down!
03-15 18:10:07.475 30878 30878 E ActivityThread: Failed to find provider info for com.miui.personalassistant.widget.external
03-15 18:10:07.496  1474  1612 D WindowManager: onup, touch up!
03-15 18:10:07.513  1474  9433 I AppsFilter: interaction: PackageSetting{333576d com.example.mymusic/10260} -> PackageSetting{7f07bd7 com.sohu.inputmethod.sogou.oem/10223} BLOCKED
03-15 18:10:07.513  1474  9433 W FillRequestEventLogger: Couldn't find packageName: com.sohu.inputmethod.sogou.oem
03-15 18:10:07.556  1474  4660 D InputMethodManagerService: showCurrentInputLocked: handwritingEnabled = true
03-15 18:10:07.556  1474  4660 D InputMethodManagerService: showCurrentInputLocked: selectedMethodId = com.sohu.inputmethod.sogou.oem/com.sohu.inputmethod.sogou.SogouIME
03-15 18:10:07.556  1474  4660 D InputMethodManagerService: showCurrentInputLocked: mZuiDelegate = com.android.server.inputmethod.InputMethodManagerServiceDelegate@c036bf4
03-15 18:10:07.556  1474  4660 D ZuiInputMethodManagerService: selectIme: 
03-15 18:10:07.568  1474  4660 D AutofillSession: createPendingIntent for request 14
03-15 18:10:07.583  1474  4660 D InputMethodManagerService: showCurrentInputLocked: handwritingEnabled = true
03-15 18:10:07.583  1474  4660 D InputMethodManagerService: showCurrentInputLocked: selectedMethodId = com.sohu.inputmethod.sogou.oem/com.sohu.inputmethod.sogou.SogouIME
03-15 18:10:07.583  1474  4660 D InputMethodManagerService: showCurrentInputLocked: mZuiDelegate = com.android.server.inputmethod.InputMethodManagerServiceDelegate@c036bf4
03-15 18:10:07.583  1474  4660 D ZuiInputMethodManagerService: selectIme: 
03-15 18:10:07.587  5071  5071 D OvcEditorInfoUtils[OV_IME]: startViews, restarting: false, pkgName: com.example.mymusic, extras: Bundle[{android.support.text.emoji.emojiCompat_metadataVersion=11, androidx.core.view.inputmethod.EditorInfoCompat.STYLUS_HANDWRITING_ENABLED=true, android.support.text.emoji.emojiCompat_replaceAll=false, ov_ime_target_act_token=android.os.BinderProxy@56b4063, ov_ime_target_win_mode=Fullscreen}]
03-15 18:10:07.612  1474 11275 I WindowManager: Window{298de12 u0 InputMethod} state from NO_SURFACE to DRAW_PENDING; reason: resetDrawState
03-15 18:10:07.614  1474 11275 I OvCameraRotation: camera activity:null fullScreen:false canResizeTask:false isEmbedded:false display:0 pcMode:false
03-15 18:10:07.634  1474 11275 I WindowManager: Window{298de12 u0 InputMethod} state from DRAW_PENDING to COMMIT_DRAW_PENDING; reason: finishDrawingLocked
03-15 18:10:07.635  1474  1615 I WindowManager: Window{298de12 u0 InputMethod} state from COMMIT_DRAW_PENDING to READY_TO_SHOW; reason: commitFinishDrawingLocked
03-15 18:10:07.642  1474 11275 D CoreBackPreview: Window{6545aea u0 com.example.mymusic/com.example.mymusic.MainActivity}: Setting back callback OnBackInvokedCallbackInfo{mCallback=android.window.IOnBackInvokedCallback$Stub$Proxy@7e5f5dd, mPriority=0, mIsAnimationCallback=false}
03-15 18:10:07.660  1474  1614 I WindowManager: Window{298de12 u0 InputMethod} state from READY_TO_SHOW to HAS_DRAWN; reason: performShowLocked
03-15 18:10:08.265  1474  1612 D WindowManager: ondown, touch down!
03-15 18:10:08.321  1474  1612 D WindowManager: onup, touch up!
03-15 18:10:08.481 30878 30878 E ActivityThread: Failed to find provider info for com.miui.personalassistant.widget.external
03-15 18:10:08.532  1474  1612 D WindowManager: ondown, touch down!
03-15 18:10:08.573  1474 11974 W ProcessStats: Tracking association SourceState{9e4017e com.google.android.gms.persistent/10149 BFgs #31408} whose proc state 4 is better than process ProcessState{685a43f com.google.android.gms/10149 pkg=com.google.android.gms} proc state 8 (201 skipped)
03-15 18:10:08.590  1474  1612 D WindowManager: onup, touch up!
03-15 18:10:08.761  1474  1474 D UiModeManager: updateConfigurationLocked: mDockState=0; mCarMode=false; mNightMode=2; mZuiNightModeOverride=2; mPowerSave=false; isTestMode=false; uiMode=33
03-15 18:10:08.761  2058  2058 D PowerUI : onReceive to showplugged=true buckert==1mcaharge==true level==81 chargrate=0oldpluge==true
03-15 18:10:08.761  2058  3408 D PowerUI : can't show warning due to - plugged: true status unknown: false
03-15 18:10:08.761  2058  3408 I PowerUI.Notification: dismissing low battery notification
03-15 18:10:08.989  1474  1612 D WindowManager: ondown, touch down!
03-15 18:10:09.046  1474  1612 D WindowManager: onup, touch up!
03-15 18:10:09.247  1474  1612 D WindowManager: ondown, touch down!
03-15 18:10:09.313  1474  1612 D WindowManager: onup, touch up!
03-15 18:10:09.495 30878 30878 E ActivityThread: Failed to find provider info for com.miui.personalassistant.widget.external
03-15 18:10:09.590  1474  1612 D WindowManager: ondown, touch down!
03-15 18:10:09.638  1474  1612 D WindowManager: onup, touch up!
03-15 18:10:09.864  1474  1612 D WindowManager: ondown, touch down!
03-15 18:10:09.916  1474  1612 D WindowManager: onup, touch up!
03-15 18:10:10.300  1474  1612 D WindowManager: ondown, touch down!
03-15 18:10:10.359  1474  1612 D WindowManager: onup, touch up!
03-15 18:10:10.399 11765 11765 D OvcEditorInfoUtils[OV_IME]: bindActivityTokenIfNeeded, create extras for pkgName: com.example.mymusic
03-15 18:10:10.407  1474  4660 I OvCameraRotation: camera activity:null fullScreen:false canResizeTask:false isEmbedded:false display:0 pcMode:false
03-15 18:10:10.424  1474  4660 D CoreBackPreview: Window{6545aea u0 com.example.mymusic/com.example.mymusic.MainActivity}: Setting back callback OnBackInvokedCallbackInfo{mCallback=android.window.IOnBackInvokedCallback$Stub$Proxy@f83705b, mPriority=0, mIsAnimationCallback=false}
03-15 18:10:10.497 30878 30878 E ActivityThread: Failed to find provider info for com.miui.personalassistant.widget.external
03-15 18:10:10.637  1474 11113 D AlarmManager: final first Wakeup:28882243 now: 28877728 isInNightMode:false
03-15 18:10:11.227  1474  4660 I WindowManager: Window{298de12 u0 InputMethod} state from HAS_DRAWN to NO_SURFACE; reason: destroySurface
03-15 18:10:11.227  1474  4660 W WindowManager: for OneVision debug destroySurface:Window{298de12 u0 InputMethod} caller:com.android.server.wm.WindowStateAnimator.destroySurfaceLocked:395 com.android.server.wm.WindowState.destroySurfaceUnchecked:3471 com.android.server.wm.WindowState.destroySurface:3445 com.android.server.wm.WindowManagerService.tryStartExitingAnimation:2984 com.android.server.wm.WindowManagerService.relayoutWindow:2739 
03-15 18:10:11.228  1474  4660 I OvCameraRotation: camera activity:null fullScreen:false canResizeTask:false isEmbedded:false display:0 pcMode:false
03-15 18:10:11.506 30878 30878 E ActivityThread: Failed to find provider info for com.miui.personalassistant.widget.external
03-15 18:10:12.515 30878 30878 E ActivityThread: Failed to find provider info for com.miui.personalassistant.widget.external
03-15 18:10:12.571  1474  1474 E RemoteFillService: Error calling on fill request
03-15 18:10:12.571  1474  1474 E RemoteFillService: java.util.concurrent.TimeoutException
03-15 18:10:12.571  1474  1474 E RemoteFillService: 	at com.android.internal.infra.AndroidFuture.triggerTimeout(AndroidFuture.java:289)
03-15 18:10:12.571  1474  1474 E RemoteFillService: 	at com.android.internal.infra.AndroidFuture$$ExternalSyntheticLambda1.run(Unknown Source:2)
03-15 18:10:12.571  1474  1474 E RemoteFillService: 	at android.os.Handler.handleCallback(Handler.java:977)
03-15 18:10:12.571  1474  1474 E RemoteFillService: 	at android.os.Handler.dispatchMessage(Handler.java:111)
03-15 18:10:12.571  1474  1474 E RemoteFillService: 	at android.os.Looper.loopOnce(Looper.java:206)
03-15 18:10:12.571  1474  1474 E RemoteFillService: 	at android.os.Looper.loop(Looper.java:295)
03-15 18:10:12.571  1474  1474 E RemoteFillService: 	at com.android.server.SystemServer.run(SystemServer.java:1080)
03-15 18:10:12.571  1474  1474 E RemoteFillService: 	at com.android.server.SystemServer.main(SystemServer.java:718)
03-15 18:10:12.571  1474  1474 E RemoteFillService: 	at java.lang.reflect.Method.invoke(Native Method)
03-15 18:10:12.571  1474  1474 E RemoteFillService: 	at com.android.internal.os.RuntimeInit$MethodAndArgsCaller.run(RuntimeInit.java:556)
03-15 18:10:12.571  1474  1474 E RemoteFillService: 	at com.android.internal.os.ZygoteInit.main(ZygoteInit.java:959)
03-15 18:10:12.571  1474  1474 W PresentationStatsEventLogger: Shouldn't be logging AutofillPresentationEventReported again for same event
03-15 18:10:12.571  1474  1474 W FillRequestEventLogger: Shouldn't be logging AutofillFillRequestReported again for same event
03-15 18:10:12.571  1474  1474 W FillResponseEventLogger: Shouldn't be logging AutofillFillRequestReported again for same event
03-15 18:10:12.571  1474  1474 W PresentationStatsEventLogger: Shouldn't be logging AutofillPresentationEventReported again for same event
03-15 18:10:12.571  1474  1474 D AutofillSession: clearPendingIntentLocked
03-15 18:10:13.157  1474  1612 D WindowManager: ondown, touch down!
03-15 18:10:13.231  1474  1612 D WindowManager: onup, touch up!
03-15 18:10:13.513 30878 30878 E ActivityThread: Failed to find provider info for com.miui.personalassistant.widget.external
03-15 18:10:13.736  2058  2058 D PowerUI : onReceive to showplugged=true buckert==1mcaharge==true level==81 chargrate=0oldpluge==true
03-15 18:10:13.736  1474  1474 D UiModeManager: updateConfigurationLocked: mDockState=0; mCarMode=false; mNightMode=2; mZuiNightModeOverride=2; mPowerSave=false; isTestMode=false; uiMode=33
03-15 18:10:13.736  2058  2874 D PowerUI : can't show warning due to - plugged: true status unknown: false
03-15 18:10:13.736  2058  2874 I PowerUI.Notification: dismissing low battery notification
03-15 18:10:13.753  1474  4660 I OvCameraRotation: camera activity:null fullScreen:false canResizeTask:false isEmbedded:false display:0 pcMode:false
03-15 18:10:13.941  1474  1612 D WindowManager: ondown, touch down!
03-15 18:10:14.006  1474  1612 D WindowManager: onup, touch up!
03-15 18:10:14.516 30878 30878 E ActivityThread: Failed to find provider info for com.miui.personalassistant.widget.external
03-15 18:10:14.742  2058  2058 D PowerUI : onReceive to showplugged=true buckert==1mcaharge==true level==81 chargrate=0oldpluge==true
03-15 18:10:14.743  1474  1474 D UiModeManager: updateConfigurationLocked: mDockState=0; mCarMode=false; mNightMode=2; mZuiNightModeOverride=2; mPowerSave=false; isTestMode=false; uiMode=33
03-15 18:10:14.743  2058  3276 D PowerUI : can't show warning due to - plugged: true status unknown: false
03-15 18:10:14.743  2058  3276 I PowerUI.Notification: dismissing low battery notification
03-15 18:10:15.152  1474  1924 D AlarmManager: alarms fired, need delivery
03-15 18:10:15.153  1474  1924 D AlarmManager: final first Wakeup:28893054 now: 28882243 isInNightMode:false
03-15 18:10:15.155  1474  1474 D AlarmManager: final first Wakeup:28893054 now: 28882245 isInNightMode:false
03-15 18:10:15.520 30878 30878 E ActivityThread: Failed to find provider info for com.miui.personalassistant.widget.external
03-15 18:10:15.833  1474  1612 D WindowManager: ondown, touch down!
03-15 18:10:15.915  1474  1612 D WindowManager: onup, touch up!
03-15 18:10:16.529 30878 30878 E ActivityThread: Failed to find provider info for com.miui.personalassistant.widget.external
03-15 18:10:16.858  1474  1612 D WindowManager: ondown, touch down!
03-15 18:10:16.957  1474  1612 D WindowManager: onup, touch up!
03-15 18:10:16.974 11765 11765 D WindowManagerImpl: addView displayId=0 0
03-15 18:10:16.975 11765 11765 D WindowManagerImpl: addView displayId33= 0
03-15 18:10:16.980  1474 11113 D WindowManager: Changing focus from Window{6545aea u0 com.example.mymusic/com.example.mymusic.MainActivity} to Window{887beee u0 Õ╝╣Õć║Õ╝Åń¬ŚÕÅŻ} displayId=0 Callers=com.android.server.wm.RootWindowContainer.updateFocusedWindowLocked:503 com.android.server.wm.WindowManagerService.updateFocusedWindowLocked:6584 com.android.server.wm.WindowManagerService.addWindow:1936 com.android.server.wm.Session.addToDisplayAsUser:221 
03-15 18:10:16.981  1474 11113 I WindowManager: focus change setInputFocusLw : Window{887beee u0 Õ╝╣Õć║Õ╝Åń¬ŚÕÅŻ},display Id:0
03-15 18:10:16.981  1474 11113 I OvCameraRotation: camera activity:null fullScreen:false canResizeTask:false isEmbedded:false display:0 pcMode:false
03-15 18:10:16.981  1474  1615 V WindowManager: Focus not requested for window=Window{887beee u0 Õ╝╣Õć║Õ╝Åń¬ŚÕÅŻ} because it has no surface or is not focusable.
03-15 18:10:17.010  1474 11113 D CoreBackPreview: Window{887beee u0 Õ╝╣Õć║Õ╝Åń¬ŚÕÅŻ}: Setting back callback OnBackInvokedCallbackInfo{mCallback=android.window.IOnBackInvokedCallback$Stub$Proxy@d8147a1, mPriority=0, mIsAnimationCallback=false}
03-15 18:10:17.016  1474 11113 I WindowManager: Window{887beee u0 Õ╝╣Õć║Õ╝Åń¬ŚÕÅŻ} state from NO_SURFACE to DRAW_PENDING; reason: resetDrawState
03-15 18:10:17.017  1474 11113 I OvCameraRotation: camera activity:null fullScreen:false canResizeTask:false isEmbedded:false display:0 pcMode:false
03-15 18:10:17.019  1474 11113 D ChangeTransitionController: applySyncStagingTypesIfNeeded: fail stage is empty
03-15 18:10:17.044  1474  4660 I WindowManager: Window{887beee u0 Õ╝╣Õć║Õ╝Åń¬ŚÕÅŻ} state from DRAW_PENDING to COMMIT_DRAW_PENDING; reason: finishDrawingLocked
03-15 18:10:17.044  1474  1615 I WindowManager: Window{887beee u0 Õ╝╣Õć║Õ╝Åń¬ŚÕÅŻ} state from COMMIT_DRAW_PENDING to READY_TO_SHOW; reason: commitFinishDrawingLocked
03-15 18:10:17.044  1474  1615 D ActivityTaskManager: SplashScreen not transfer special !!!
03-15 18:10:17.044  1474  1615 I WindowManager: Window{887beee u0 Õ╝╣Õć║Õ╝Åń¬ŚÕÅŻ} state from READY_TO_SHOW to HAS_DRAWN; reason: performShowLocked
03-15 18:10:17.048  1474  1615 D ActivityTaskManager: SplashScreen not transfer special !!!
03-15 18:10:17.048  1474  1615 D ActivityTaskManager: SplashScreen not transfer special !!!
03-15 18:10:17.064  1474  4660 I OvCameraRotation: camera activity:null fullScreen:false canResizeTask:false isEmbedded:false display:0 pcMode:false
03-15 18:10:17.089  1474  4660 I OvCameraRotation: camera activity:null fullScreen:false canResizeTask:false isEmbedded:false display:0 pcMode:false
03-15 18:10:17.090 11765 11765 D OvcEditorInfoUtils[OV_IME]: bindActivityTokenIfNeeded, create extras for pkgName: com.example.mymusic
03-15 18:10:17.529 30878 30878 E ActivityThread: Failed to find provider info for com.miui.personalassistant.widget.external
03-15 18:10:17.625  1474  1612 D WindowManager: ondown, touch down!
03-15 18:10:17.699  1474  1612 D WindowManager: onup, touch up!
