03-15 18:10:17.757  1474 11113 D CoreBackPreview: Window{887beee u0 Õ╝╣Õć║Õ╝Åń¬ŚÕÅŻ}: Setting back callback null
03-15 18:10:17.765  1474 11113 I WindowManager: Window{887beee u0 Õ╝╣Õć║Õ╝Åń¬ŚÕÅŻ} state from HAS_DRAWN to NO_SURFACE; reason: destroySurface
03-15 18:10:17.765  1474 11113 W WindowManager: for OneVision debug destroySurface:Window{887beee u0 Õ╝╣Õć║Õ╝Åń¬ŚÕÅŻ} caller:com.android.server.wm.WindowStateAnimator.destroySurfaceLocked:395 com.android.server.wm.WindowState.removeImmediately:2451 com.android.server.wm.WindowState.removeIfPossible:2615 com.android.server.wm.WindowManagerService.removeWindow:2277 com.android.server.wm.Session.remove:238 
03-15 18:10:17.765  1474 11113 D WindowManager: setParent old=Window{6545aea u0 com.example.mymusic/com.example.mymusic.MainActivity},new=null,this window=Window{887beee u0 Õ╝╣Õć║Õ╝Åń¬ŚÕÅŻ},callers=com.android.server.wm.WindowContainer.removeChild:813 com.android.server.wm.WindowContainer.removeImmediately:871 com.android.server.wm.WindowState.removeImmediately:2455 com.android.server.wm.WindowState.removeIfPossible:2615 com.android.server.wm.WindowManagerService.removeWindow:2277 com.android.server.wm.Session.remove:238 
03-15 18:10:17.768  1474 11113 I OvCameraRotation: camera activity:null fullScreen:false canResizeTask:false isEmbedded:false display:0 pcMode:false
03-15 18:10:17.768  1474 11113 D WindowManager: Changing focus from Window{887beee u0 Õ╝╣Õć║Õ╝Åń¬ŚÕÅŻ} to Window{6545aea u0 com.example.mymusic/com.example.mymusic.MainActivity} displayId=0 Callers=com.android.server.wm.RootWindowContainer.updateFocusedWindowLocked:503 com.android.server.wm.WindowManagerService.updateFocusedWindowLocked:6584 com.android.server.wm.WindowState.removeIfPossible:2627 com.android.server.wm.WindowManagerService.removeWindow:2277 
03-15 18:10:17.769  1474 11113 I WindowManager: setInputFocusLw : Window{6545aea u0 com.example.mymusic/com.example.mymusic.MainActivity},display Id:0
03-15 18:10:17.777  1474  1614 V WindowManager: Unknown focus tokens, dropping reportFocusChanged
03-15 18:10:17.973  1474  1474 D UiModeManager: updateConfigurationLocked: mDockState=0; mCarMode=false; mNightMode=2; mZuiNightModeOverride=2; mPowerSave=false; isTestMode=false; uiMode=33
03-15 18:10:17.973  2058  2058 D PowerUI : onReceive to showplugged=true buckert==1mcaharge==true level==81 chargrate=0oldpluge==true
03-15 18:10:17.973  2058  3407 D PowerUI : can't show warning due to - plugged: true status unknown: false
03-15 18:10:17.973  2058  3407 I PowerUI.Notification: dismissing low battery notification
03-15 18:10:18.083  1474  1612 D WindowManager: ondown, touch down!
03-15 18:10:18.167  1474  1612 D WindowManager: onup, touch up!
03-15 18:10:18.508  1474  1612 D WindowManager: ondown, touch down!
03-15 18:10:18.529 30878 30878 E ActivityThread: Failed to find provider info for com.miui.personalassistant.widget.external
03-15 18:10:18.591  1474  1612 D WindowManager: onup, touch up!
03-15 18:10:18.658  2058  2058 D PowerUI : onReceive to showplugged=true buckert==1mcaharge==true level==81 chargrate=0oldpluge==true
03-15 18:10:18.658  2058  3399 D PowerUI : can't show warning due to - plugged: true status unknown: false
03-15 18:10:18.658  2058  3399 I PowerUI.Notification: dismissing low battery notification
03-15 18:10:18.658  1474  1474 D UiModeManager: updateConfigurationLocked: mDockState=0; mCarMode=false; mNightMode=2; mZuiNightModeOverride=2; mPowerSave=false; isTestMode=false; uiMode=33
03-15 18:10:19.160  1474  1628 W ProcessStats: Tracking association SourceState{bd27747 com.zui.launchersdk/10058 BFgs #31451} whose proc state 4 is better than process ProcessState{9bb7cb9 com.zui.deviceidservice/10074 pkg=com.zui.deviceidservice} proc state 10 (58 skipped)
03-15 18:10:19.509  1474  1612 D WindowManager: ondown, touch down!
03-15 18:10:19.533 30878 30878 E ActivityThread: Failed to find provider info for com.miui.personalassistant.widget.external
03-15 18:10:19.592  1474  1612 D WindowManager: onup, touch up!
03-15 18:10:19.606 11765 11765 D WindowManagerImpl: addView displayId=0 0
03-15 18:10:19.606 11765 11765 D WindowManagerImpl: addView displayId33= 0
03-15 18:10:19.611  1474  2280 D WindowManager: Changing focus from Window{6545aea u0 com.example.mymusic/com.example.mymusic.MainActivity} to Window{e282a10 u0 Õ╝╣Õć║Õ╝Åń¬ŚÕÅŻ} displayId=0 Callers=com.android.server.wm.RootWindowContainer.updateFocusedWindowLocked:503 com.android.server.wm.WindowManagerService.updateFocusedWindowLocked:6584 com.android.server.wm.WindowManagerService.addWindow:1936 com.android.server.wm.Session.addToDisplayAsUser:221 
03-15 18:10:19.612  1474  2280 I WindowManager: focus change setInputFocusLw : Window{e282a10 u0 Õ╝╣Õć║Õ╝Åń¬ŚÕÅŻ},display Id:0
03-15 18:10:19.612  1474  2280 I OvCameraRotation: camera activity:null fullScreen:false canResizeTask:false isEmbedded:false display:0 pcMode:false
03-15 18:10:19.612  1474  1615 V WindowManager: Focus not requested for window=Window{e282a10 u0 Õ╝╣Õć║Õ╝Åń¬ŚÕÅŻ} because it has no surface or is not focusable.
03-15 18:10:19.633  1474  2280 D CoreBackPreview: Window{e282a10 u0 Õ╝╣Õć║Õ╝Åń¬ŚÕÅŻ}: Setting back callback OnBackInvokedCallbackInfo{mCallback=android.window.IOnBackInvokedCallback$Stub$Proxy@33b761a, mPriority=0, mIsAnimationCallback=false}
03-15 18:10:19.638  1474  2280 I WindowManager: Window{e282a10 u0 Õ╝╣Õć║Õ╝Åń¬ŚÕÅŻ} state from NO_SURFACE to DRAW_PENDING; reason: resetDrawState
03-15 18:10:19.640  1474  2280 I OvCameraRotation: camera activity:null fullScreen:false canResizeTask:false isEmbedded:false display:0 pcMode:false
03-15 18:10:19.661  1474 12751 I WindowManager: Window{e282a10 u0 Õ╝╣Õć║Õ╝Åń¬ŚÕÅŻ} state from DRAW_PENDING to COMMIT_DRAW_PENDING; reason: finishDrawingLocked
03-15 18:10:19.661  1474  1615 I WindowManager: Window{e282a10 u0 Õ╝╣Õć║Õ╝Åń¬ŚÕÅŻ} state from COMMIT_DRAW_PENDING to READY_TO_SHOW; reason: commitFinishDrawingLocked
03-15 18:10:19.661  1474  1615 D ActivityTaskManager: SplashScreen not transfer special !!!
03-15 18:10:19.661  1474  1615 I WindowManager: Window{e282a10 u0 Õ╝╣Õć║Õ╝Åń¬ŚÕÅŻ} state from READY_TO_SHOW to HAS_DRAWN; reason: performShowLocked
03-15 18:10:19.665  1474  1615 D ActivityTaskManager: SplashScreen not transfer special !!!
03-15 18:10:19.666  1474  1615 D ActivityTaskManager: SplashScreen not transfer special !!!
03-15 18:10:19.675  1474  2280 I OvCameraRotation: camera activity:null fullScreen:false canResizeTask:false isEmbedded:false display:0 pcMode:false
03-15 18:10:19.695  1474  2280 I OvCameraRotation: camera activity:null fullScreen:false canResizeTask:false isEmbedded:false display:0 pcMode:false
03-15 18:10:19.701 11765 11765 D OvcEditorInfoUtils[OV_IME]: bindActivityTokenIfNeeded, create extras for pkgName: com.example.mymusic
03-15 18:10:20.017  1474  1612 D WindowManager: ondown, touch down!
03-15 18:10:20.040  1474  2280 I OvCameraRotation: camera activity:null fullScreen:false canResizeTask:false isEmbedded:false display:0 pcMode:false
03-15 18:10:20.109  1474  1612 D WindowManager: onup, touch up!
03-15 18:10:20.223  1474  2280 D CoreBackPreview: Window{e282a10 u0 Õ╝╣Õć║Õ╝Åń¬ŚÕÅŻ}: Setting back callback null
03-15 18:10:20.235  1474  2280 I WindowManager: Window{e282a10 u0 Õ╝╣Õć║Õ╝Åń¬ŚÕÅŻ} state from HAS_DRAWN to NO_SURFACE; reason: destroySurface
03-15 18:10:20.235  1474  2280 W WindowManager: for OneVision debug destroySurface:Window{e282a10 u0 Õ╝╣Õć║Õ╝Åń¬ŚÕÅŻ} caller:com.android.server.wm.WindowStateAnimator.destroySurfaceLocked:395 com.android.server.wm.WindowState.removeImmediately:2451 com.android.server.wm.WindowState.removeIfPossible:2615 com.android.server.wm.WindowManagerService.removeWindow:2277 com.android.server.wm.Session.remove:238 
03-15 18:10:20.235  1474  2280 D WindowManager: setParent old=Window{6545aea u0 com.example.mymusic/com.example.mymusic.MainActivity},new=null,this window=Window{e282a10 u0 Õ╝╣Õć║Õ╝Åń¬ŚÕÅŻ},callers=com.android.server.wm.WindowContainer.removeChild:813 com.android.server.wm.WindowContainer.removeImmediately:871 com.android.server.wm.WindowState.removeImmediately:2455 com.android.server.wm.WindowState.removeIfPossible:2615 com.android.server.wm.WindowManagerService.removeWindow:2277 com.android.server.wm.Session.remove:238 
03-15 18:10:20.239  1474  2280 I OvCameraRotation: camera activity:null fullScreen:false canResizeTask:false isEmbedded:false display:0 pcMode:false
03-15 18:10:20.240  1474  2280 D WindowManager: Changing focus from Window{e282a10 u0 Õ╝╣Õć║Õ╝Åń¬ŚÕÅŻ} to Window{6545aea u0 com.example.mymusic/com.example.mymusic.MainActivity} displayId=0 Callers=com.android.server.wm.RootWindowContainer.updateFocusedWindowLocked:503 com.android.server.wm.WindowManagerService.updateFocusedWindowLocked:6584 com.android.server.wm.WindowState.removeIfPossible:2627 com.android.server.wm.WindowManagerService.removeWindow:2277 
03-15 18:10:20.241  1474  2280 I WindowManager: setInputFocusLw : Window{6545aea u0 com.example.mymusic/com.example.mymusic.MainActivity},display Id:0
03-15 18:10:20.245  1474  1614 V WindowManager: Unknown focus tokens, dropping reportFocusChanged
03-15 18:10:20.536 30878 30878 E ActivityThread: Failed to find provider info for com.miui.personalassistant.widget.external
03-15 18:10:21.242  1474  1612 D WindowManager: ondown, touch down!
03-15 18:10:21.326  1474  1612 D WindowManager: onup, touch up!
03-15 18:10:21.340 11765 11765 D WindowManagerImpl: addView displayId=0 0
03-15 18:10:21.340 11765 11765 D WindowManagerImpl: addView displayId33= 0
03-15 18:10:21.347  1474 12751 D WindowManager: Changing focus from Window{6545aea u0 com.example.mymusic/com.example.mymusic.MainActivity} to Window{9e66d0 u0 Õ╝╣Õć║Õ╝Åń¬ŚÕÅŻ} displayId=0 Callers=com.android.server.wm.RootWindowContainer.updateFocusedWindowLocked:503 com.android.server.wm.WindowManagerService.updateFocusedWindowLocked:6584 com.android.server.wm.WindowManagerService.addWindow:1936 com.android.server.wm.Session.addToDisplayAsUser:221 
03-15 18:10:21.348  1474 12751 I WindowManager: focus change setInputFocusLw : Window{9e66d0 u0 Õ╝╣Õć║Õ╝Åń¬ŚÕÅŻ},display Id:0
03-15 18:10:21.348  1474 12751 I OvCameraRotation: camera activity:null fullScreen:false canResizeTask:false isEmbedded:false display:0 pcMode:false
03-15 18:10:21.348  1474  1615 V WindowManager: Focus not requested for window=Window{9e66d0 u0 Õ╝╣Õć║Õ╝Åń¬ŚÕÅŻ} because it has no surface or is not focusable.
03-15 18:10:21.373  1474 12751 D CoreBackPreview: Window{9e66d0 u0 Õ╝╣Õć║Õ╝Åń¬ŚÕÅŻ}: Setting back callback OnBackInvokedCallbackInfo{mCallback=android.window.IOnBackInvokedCallback$Stub$Proxy@be1ccda, mPriority=0, mIsAnimationCallback=false}
03-15 18:10:21.378  1474 12751 I WindowManager: Window{9e66d0 u0 Õ╝╣Õć║Õ╝Åń¬ŚÕÅŻ} state from NO_SURFACE to DRAW_PENDING; reason: resetDrawState
03-15 18:10:21.380  1474 12751 I OvCameraRotation: camera activity:null fullScreen:false canResizeTask:false isEmbedded:false display:0 pcMode:false
03-15 18:10:21.396  1474 12751 I WindowManager: Window{9e66d0 u0 Õ╝╣Õć║Õ╝Åń¬ŚÕÅŻ} state from DRAW_PENDING to COMMIT_DRAW_PENDING; reason: finishDrawingLocked
03-15 18:10:21.397  1474  1615 I WindowManager: Window{9e66d0 u0 Õ╝╣Õć║Õ╝Åń¬ŚÕÅŻ} state from COMMIT_DRAW_PENDING to READY_TO_SHOW; reason: commitFinishDrawingLocked
03-15 18:10:21.397  1474  1615 D ActivityTaskManager: SplashScreen not transfer special !!!
03-15 18:10:21.397  1474  1615 I WindowManager: Window{9e66d0 u0 Õ╝╣Õć║Õ╝Åń¬ŚÕÅŻ} state from READY_TO_SHOW to HAS_DRAWN; reason: performShowLocked
03-15 18:10:21.399  1474  1615 D ActivityTaskManager: SplashScreen not transfer special !!!
03-15 18:10:21.399  1474  1615 D ActivityTaskManager: SplashScreen not transfer special !!!
03-15 18:10:21.408  1474 12751 I OvCameraRotation: camera activity:null fullScreen:false canResizeTask:false isEmbedded:false display:0 pcMode:false
03-15 18:10:21.419  1474 12751 I OvCameraRotation: camera activity:null fullScreen:false canResizeTask:false isEmbedded:false display:0 pcMode:false
03-15 18:10:21.428 11765 11765 D OvcEditorInfoUtils[OV_IME]: bindActivityTokenIfNeeded, create extras for pkgName: com.example.mymusic
03-15 18:10:21.542 30878 30878 E ActivityThread: Failed to find provider info for com.miui.personalassistant.widget.external
03-15 18:10:21.752  1474  1612 D WindowManager: ondown, touch down!
03-15 18:10:21.785  1474 11113 I OvCameraRotation: camera activity:null fullScreen:false canResizeTask:false isEmbedded:false display:0 pcMode:false
03-15 18:10:21.814  2058  2058 D PowerUI : onReceive to showplugged=true buckert==1mcaharge==true level==81 chargrate=0oldpluge==true
03-15 18:10:21.814  1474  1474 D UiModeManager: updateConfigurationLocked: mDockState=0; mCarMode=false; mNightMode=2; mZuiNightModeOverride=2; mPowerSave=false; isTestMode=false; uiMode=33
03-15 18:10:21.816  2058  3402 D PowerUI : can't show warning due to - plugged: true status unknown: false
03-15 18:10:21.816  2058  3402 I PowerUI.Notification: dismissing low battery notification
03-15 18:10:21.826  1474  1612 D WindowManager: onup, touch up!
03-15 18:10:21.963  1474 11113 D CoreBackPreview: Window{9e66d0 u0 Õ╝╣Õć║Õ╝Åń¬ŚÕÅŻ}: Setting back callback null
03-15 18:10:21.969  1474 11113 I WindowManager: Window{9e66d0 u0 Õ╝╣Õć║Õ╝Åń¬ŚÕÅŻ} state from HAS_DRAWN to NO_SURFACE; reason: destroySurface
03-15 18:10:21.969  1474 11113 W WindowManager: for OneVision debug destroySurface:Window{9e66d0 u0 Õ╝╣Õć║Õ╝Åń¬ŚÕÅŻ} caller:com.android.server.wm.WindowStateAnimator.destroySurfaceLocked:395 com.android.server.wm.WindowState.removeImmediately:2451 com.android.server.wm.WindowState.removeIfPossible:2615 com.android.server.wm.WindowManagerService.removeWindow:2277 com.android.server.wm.Session.remove:238 
03-15 18:10:21.969  1474 11113 D WindowManager: setParent old=Window{6545aea u0 com.example.mymusic/com.example.mymusic.MainActivity},new=null,this window=Window{9e66d0 u0 Õ╝╣Õć║Õ╝Åń¬ŚÕÅŻ},callers=com.android.server.wm.WindowContainer.removeChild:813 com.android.server.wm.WindowContainer.removeImmediately:871 com.android.server.wm.WindowState.removeImmediately:2455 com.android.server.wm.WindowState.removeIfPossible:2615 com.android.server.wm.WindowManagerService.removeWindow:2277 com.android.server.wm.Session.remove:238 
03-15 18:10:21.972  1474 11113 I OvCameraRotation: camera activity:null fullScreen:false canResizeTask:false isEmbedded:false display:0 pcMode:false
03-15 18:10:21.972  1474 11113 D WindowManager: Changing focus from Window{9e66d0 u0 Õ╝╣Õć║Õ╝Åń¬ŚÕÅŻ} to Window{6545aea u0 com.example.mymusic/com.example.mymusic.MainActivity} displayId=0 Callers=com.android.server.wm.RootWindowContainer.updateFocusedWindowLocked:503 com.android.server.wm.WindowManagerService.updateFocusedWindowLocked:6584 com.android.server.wm.WindowState.removeIfPossible:2627 com.android.server.wm.WindowManagerService.removeWindow:2277 
03-15 18:10:21.973  1474 11113 I WindowManager: setInputFocusLw : Window{6545aea u0 com.example.mymusic/com.example.mymusic.MainActivity},display Id:0
03-15 18:10:21.979  1474  1614 V WindowManager: Unknown focus tokens, dropping reportFocusChanged
03-15 18:10:22.545 30878 30878 E ActivityThread: Failed to find provider info for com.miui.personalassistant.widget.external
03-15 18:10:22.866   636   650 W keystore2: system/security/keystore2/src/remote_provisioning.rs:102 - Error occurred: system/security/keystore2/src/rkpd_client.rs:226: Trying to get to IRegistration service.
03-15 18:10:22.866   636   650 W keystore2: 
03-15 18:10:22.866   636   650 W keystore2: Caused by:
03-15 18:10:22.866   636   650 W keystore2:     0: system/security/keystore2/src/rkpd_client.rs:120: Trying to get IRPC name.
03-15 18:10:22.866   636   650 W keystore2:     1: system/security/keystore2/src/globals.rs:440
03-15 18:10:22.866   636   650 W keystore2:     2: Error::Km(r#HARDWARE_TYPE_UNAVAILABLE)
03-15 18:10:22.880   636   650 E keystore2: system/security/keystore2/src/error.rs:180 - system/security/keystore2/src/security_level.rs:622
03-15 18:10:22.880   636   650 E keystore2: 
03-15 18:10:22.880   636   650 E keystore2: Caused by:
03-15 18:10:22.880   636   650 E keystore2:     0: system/security/keystore2/src/security_level.rs:620: While generating Key without explicit attestation key.
03-15 18:10:22.880   636   650 E keystore2:     1: Error::Km(-10003)
03-15 18:10:22.886  1474  1474 D UiModeManager: updateConfigurationLocked: mDockState=0; mCarMode=false; mNightMode=2; mZuiNightModeOverride=2; mPowerSave=false; isTestMode=false; uiMode=33
03-15 18:10:22.886  2058  2058 D PowerUI : onReceive to showplugged=true buckert==1mcaharge==true level==81 chargrate=0oldpluge==true
03-15 18:10:22.887  2058  3403 D PowerUI : can't show warning due to - plugged: true status unknown: false
03-15 18:10:22.887  2058  3403 I PowerUI.Notification: dismissing low battery notification
03-15 18:10:22.888   636  4870 W keystore2: system/security/keystore2/src/remote_provisioning.rs:102 - Error occurred: system/security/keystore2/src/rkpd_client.rs:226: Trying to get to IRegistration service.
03-15 18:10:22.888   636  4870 W keystore2: 
03-15 18:10:22.888   636  4870 W keystore2: Caused by:
03-15 18:10:22.888   636  4870 W keystore2:     0: system/security/keystore2/src/rkpd_client.rs:120: Trying to get IRPC name.
03-15 18:10:22.888   636  4870 W keystore2:     1: system/security/keystore2/src/globals.rs:440
03-15 18:10:22.888   636  4870 W keystore2:     2: Error::Km(r#HARDWARE_TYPE_UNAVAILABLE)
03-15 18:10:22.901   636  4870 E keystore2: system/security/keystore2/src/error.rs:180 - system/security/keystore2/src/security_level.rs:622
03-15 18:10:22.901   636  4870 E keystore2: 
03-15 18:10:22.901   636  4870 E keystore2: Caused by:
03-15 18:10:22.901   636  4870 E keystore2:     0: system/security/keystore2/src/security_level.rs:620: While generating Key without explicit attestation key.
03-15 18:10:22.901   636  4870 E keystore2:     1: Error::Km(-10003)
03-15 18:10:23.200  9774  9948 E ActivityThread: Failed to find provider info for com.meizu.flyme.openidsdk
03-15 18:10:23.201  9774  9948 E ActivityThread: Failed to find provider info for com.meizu.flyme.openidsdk
03-15 18:10:23.201  9774  9948 E ActivityThread: Failed to find provider info for com.vivo.push.sdk.service.SystemPushConfig
03-15 18:10:23.205  9774  9948 E ActivityThread: Failed to find provider info for com.huawei.wallet.thirdprovider
03-15 18:10:23.206  9774  9948 E ActivityThread: Failed to find provider info for com.miui.analytics.OneTrackProvider
03-15 18:10:23.550 30878 30878 E ActivityThread: Failed to find provider info for com.miui.personalassistant.widget.external
03-15 18:10:24.264   636  4870 W keystore2: system/security/keystore2/src/remote_provisioning.rs:102 - Error occurred: system/security/keystore2/src/rkpd_client.rs:226: Trying to get to IRegistration service.
03-15 18:10:24.264   636  4870 W keystore2: 
03-15 18:10:24.264   636  4870 W keystore2: Caused by:
03-15 18:10:24.264   636  4870 W keystore2:     0: system/security/keystore2/src/rkpd_client.rs:120: Trying to get IRPC name.
03-15 18:10:24.264   636  4870 W keystore2:     1: system/security/keystore2/src/globals.rs:440
03-15 18:10:24.264   636  4870 W keystore2:     2: Error::Km(r#HARDWARE_TYPE_UNAVAILABLE)
03-15 18:10:24.278   636  4870 E keystore2: system/security/keystore2/src/error.rs:180 - system/security/keystore2/src/security_level.rs:622
03-15 18:10:24.278   636  4870 E keystore2: 
03-15 18:10:24.278   636  4870 E keystore2: Caused by:
03-15 18:10:24.278   636  4870 E keystore2:     0: system/security/keystore2/src/security_level.rs:620: While generating Key without explicit attestation key.
03-15 18:10:24.278   636  4870 E keystore2:     1: Error::Km(-10003)
03-15 18:10:24.312   636  4870 W keystore2: system/security/keystore2/src/remote_provisioning.rs:102 - Error occurred: system/security/keystore2/src/rkpd_client.rs:226: Trying to get to IRegistration service.
03-15 18:10:24.312   636  4870 W keystore2: 
03-15 18:10:24.312   636  4870 W keystore2: Caused by:
03-15 18:10:24.312   636  4870 W keystore2:     0: system/security/keystore2/src/rkpd_client.rs:120: Trying to get IRPC name.
03-15 18:10:24.312   636  4870 W keystore2:     1: system/security/keystore2/src/globals.rs:440
03-15 18:10:24.312   636  4870 W keystore2:     2: Error::Km(r#HARDWARE_TYPE_UNAVAILABLE)
03-15 18:10:24.327   636  4870 E keystore2: system/security/keystore2/src/error.rs:180 - system/security/keystore2/src/security_level.rs:622
03-15 18:10:24.327   636  4870 E keystore2: 
03-15 18:10:24.327   636  4870 E keystore2: Caused by:
03-15 18:10:24.327   636  4870 E keystore2:     0: system/security/keystore2/src/security_level.rs:620: While generating Key without explicit attestation key.
03-15 18:10:24.327   636  4870 E keystore2:     1: Error::Km(-10003)
03-15 18:10:24.333   636  4870 W keystore2: system/security/keystore2/src/remote_provisioning.rs:102 - Error occurred: system/security/keystore2/src/rkpd_client.rs:226: Trying to get to IRegistration service.
03-15 18:10:24.333   636  4870 W keystore2: 
03-15 18:10:24.333   636  4870 W keystore2: Caused by:
03-15 18:10:24.333   636  4870 W keystore2:     0: system/security/keystore2/src/rkpd_client.rs:120: Trying to get IRPC name.
03-15 18:10:24.333   636  4870 W keystore2:     1: system/security/keystore2/src/globals.rs:440
03-15 18:10:24.333   636  4870 W keystore2:     2: Error::Km(r#HARDWARE_TYPE_UNAVAILABLE)
03-15 18:10:24.346   636  4870 E keystore2: system/security/keystore2/src/error.rs:180 - system/security/keystore2/src/security_level.rs:622
03-15 18:10:24.346   636  4870 E keystore2: 
03-15 18:10:24.346   636  4870 E keystore2: Caused by:
03-15 18:10:24.346   636  4870 E keystore2:     0: system/security/keystore2/src/security_level.rs:620: While generating Key without explicit attestation key.
03-15 18:10:24.346   636  4870 E keystore2:     1: Error::Km(-10003)
03-15 18:10:24.556 30878 30878 E ActivityThread: Failed to find provider info for com.miui.personalassistant.widget.external
03-15 18:10:25.564 30878 30878 E ActivityThread: Failed to find provider info for com.miui.personalassistant.widget.external
03-15 18:10:25.914  2058  2058 D PowerUI : onReceive to showplugged=true buckert==1mcaharge==true level==81 chargrate=0oldpluge==true
03-15 18:10:25.915  2058  3406 D PowerUI : can't show warning due to - plugged: true status unknown: false
03-15 18:10:25.915  2058  3406 I PowerUI.Notification: dismissing low battery notification
03-15 18:10:25.923  1474  1474 D UiModeManager: updateConfigurationLocked: mDockState=0; mCarMode=false; mNightMode=2; mZuiNightModeOverride=2; mPowerSave=false; isTestMode=false; uiMode=33
03-15 18:10:25.964  1474  1924 D AlarmManager: alarms fired, need delivery
03-15 18:10:25.965  1474  1924 D AlarmManager: final first Wakeup:28929346 now: 28893055 isInNightMode:false
03-15 18:10:25.965  1474  1628 D CompatibilityChangeReporter: Compat change id reported: 135634846; UID 10075; state: DISABLED
03-15 18:10:25.965  1474  1628 D CompatibilityChangeReporter: Compat change id reported: 177438394; UID 10075; state: DISABLED
03-15 18:10:25.965  1474  1628 D CompatibilityChangeReporter: Compat change id reported: 135772972; UID 10075; state: DISABLED
03-15 18:10:25.965  1474  1628 D CompatibilityChangeReporter: Compat change id reported: 135754954; UID 10075; state: ENABLED
03-15 18:10:25.965  1474  1629 D CompatibilityChangeReporter: Compat change id reported: 143937733; UID 10075; state: ENABLED
03-15 18:10:25.973  1474  1629 I ActivityManager: Start proc 11977:com.lenovo.udcplatform/u0a75 for broadcast {com.lenovo.udcplatform/udc.lenovo.com.udclient.service.telemetry.schedulers.DataSyncScheduler}
03-15 18:10:25.973  1474  2057 W ActivityManager: notifyProcessStarted!
03-15 18:10:25.989  1474  2280 D CompatibilityChangeReporter: Compat change id reported: 168419799; UID 10075; state: DISABLED
03-15 18:10:25.989  1474  2280 D CompatibilityChangeReporter: Compat change id reported: 273564678; UID 10075; state: DISABLED
03-15 18:10:25.992  1474  1910 D CompatibilityChangeReporter: Compat change id reported: 265195908; UID 10075; state: ENABLED
03-15 18:10:26.000  1474  2280 D CompatibilityChangeReporter: Compat change id reported: 170503758; UID 10075; state: ENABLED
03-15 18:10:26.574 30878 30878 E ActivityThread: Failed to find provider info for com.miui.personalassistant.widget.external
03-15 18:10:27.012  1474 12751 I ActivityManager: Flag disabled. Ignoring finishAttachApplication from uid: 10075. pid: 11977
03-15 18:10:27.012 11977 11977 W Looper  : Slow dispatch took 1016ms main h=android.app.ActivityThread$H c=null m=110
03-15 18:10:27.080  1474 12751 D CompatibilityChangeReporter: Compat change id reported: 171306433; UID 10075; state: ENABLED
03-15 18:10:27.080  1474 12751 D CompatibilityChangeReporter: Compat change id reported: 226439802; UID 10075; state: ENABLED
03-15 18:10:27.081  1474 12751 D CompatibilityChangeReporter: Compat change id reported: 218533173; UID 10075; state: ENABLED
03-15 18:10:27.081  1474 12751 D AlarmManager: final first Wakeup:28929346 now: 28894171 isInNightMode:false
03-15 18:10:27.577 30878 30878 E ActivityThread: Failed to find provider info for com.miui.personalassistant.widget.external
03-15 18:10:28.584 30878 30878 E ActivityThread: Failed to find provider info for com.miui.personalassistant.widget.external
03-15 18:10:29.585 30878 30878 E ActivityThread: Failed to find provider info for com.miui.personalassistant.widget.external
03-15 18:10:30.590 30878 30878 E ActivityThread: Failed to find provider info for com.miui.personalassistant.widget.external
03-15 18:10:31.018  2058  2058 D PowerUI : onReceive to showplugged=true buckert==1mcaharge==true level==81 chargrate=0oldpluge==true
03-15 18:10:31.019  1474  1474 D UiModeManager: updateConfigurationLocked: mDockState=0; mCarMode=false; mNightMode=2; mZuiNightModeOverride=2; mPowerSave=false; isTestMode=false; uiMode=33
03-15 18:10:31.019  2058  3408 D PowerUI : can't show warning due to - plugged: true status unknown: false
03-15 18:10:31.019  2058  3408 I PowerUI.Notification: dismissing low battery notification
03-15 18:10:31.551  1474 12751 W ProcessStats: Tracking association SourceState{bd27747 com.zui.launchersdk/10058 BFgs #31476} whose proc state 4 is better than process ProcessState{9bb7cb9 com.zui.deviceidservice/10074 pkg=com.zui.deviceidservice} proc state 10 (37 skipped)
03-15 18:10:31.595 30878 30878 E ActivityThread: Failed to find provider info for com.miui.personalassistant.widget.external
03-15 18:10:32.597 30878 30878 E ActivityThread: Failed to find provider info for com.miui.personalassistant.widget.external
03-15 18:10:33.602 30878 30878 E ActivityThread: Failed to find provider info for com.miui.personalassistant.widget.external
03-15 18:10:34.101  2058  2058 D PowerUI : onReceive to showplugged=true buckert==1mcaharge==true level==81 chargrate=0oldpluge==true
03-15 18:10:34.101  2058  2874 D PowerUI : can't show warning due to - plugged: true status unknown: false
03-15 18:10:34.101  2058  2874 I PowerUI.Notification: dismissing low battery notification
03-15 18:10:34.102  1474  1474 D UiModeManager: updateConfigurationLocked: mDockState=0; mCarMode=false; mNightMode=2; mZuiNightModeOverride=2; mPowerSave=false; isTestMode=false; uiMode=33
03-15 18:10:34.612 30878 30878 E ActivityThread: Failed to find provider info for com.miui.personalassistant.widget.external
03-15 18:10:35.618 30878 30878 E ActivityThread: Failed to find provider info for com.miui.personalassistant.widget.external
03-15 18:10:36.624 30878 30878 E ActivityThread: Failed to find provider info for com.miui.personalassistant.widget.external
03-15 18:10:36.844   636 11952 I keystore2: system/security/keystore2/src/watchdog.rs:319 - Watchdog thread idle -> terminating. Have a great day.
03-15 18:10:37.627 30878 30878 E ActivityThread: Failed to find provider info for com.miui.personalassistant.widget.external
03-15 18:10:38.429  6239  6332 W Looper  : Slow dispatch took 503864ms alwp h=alwj c=null m=3
03-15 18:10:38.633 30878 30878 E ActivityThread: Failed to find provider info for com.miui.personalassistant.widget.external
03-15 18:10:39.158  2058  2058 D PowerUI : onReceive to showplugged=true buckert==1mcaharge==true level==81 chargrate=0oldpluge==true
03-15 18:10:39.158  1474  1474 D UiModeManager: updateConfigurationLocked: mDockState=0; mCarMode=false; mNightMode=2; mZuiNightModeOverride=2; mPowerSave=false; isTestMode=false; uiMode=33
03-15 18:10:39.158  2058  3276 D PowerUI : can't show warning due to - plugged: true status unknown: false
03-15 18:10:39.158  2058  3276 I PowerUI.Notification: dismissing low battery notification
03-15 18:10:39.641 30878 30878 E ActivityThread: Failed to find provider info for com.miui.personalassistant.widget.external
03-15 18:10:40.650 30878 30878 E ActivityThread: Failed to find provider info for com.miui.personalassistant.widget.external
03-15 18:10:41.650 30878 30878 E ActivityThread: Failed to find provider info for com.miui.personalassistant.widget.external
03-15 18:10:42.089  1474  1474 D UiModeManager: updateConfigurationLocked: mDockState=0; mCarMode=false; mNightMode=2; mZuiNightModeOverride=2; mPowerSave=false; isTestMode=false; uiMode=33
03-15 18:10:42.089  2058  2058 D PowerUI : onReceive to showplugged=true buckert==1mcaharge==true level==81 chargrate=0oldpluge==true
03-15 18:10:42.089  2058  3407 D PowerUI : can't show warning due to - plugged: true status unknown: false
03-15 18:10:42.089  2058  3407 I PowerUI.Notification: dismissing low battery notification
03-15 18:10:42.592  1474  1628 W ProcessStats: Tracking association SourceState{bd27747 com.zui.launchersdk/10058 BFgs #31487} whose proc state 4 is better than process ProcessState{9bb7cb9 com.zui.deviceidservice/10074 pkg=com.zui.deviceidservice} proc state 10 (20 skipped)
03-15 18:10:42.652 30878 30878 E ActivityThread: Failed to find provider info for com.miui.personalassistant.widget.external
03-15 18:10:42.764  1474  1924 D AlarmManager: alarms fired, need delivery
03-15 18:10:42.765  1474  1924 D AlarmManager: final first Wakeup:28929346 now: 28909855 isInNightMode:false
03-15 18:10:42.766  1474  1474 D AlarmManager: final first Wakeup:28929346 now: 28909856 isInNightMode:false
03-15 18:10:42.784  1474 12751 D AppOps  : recordOpsBehaviorForZui() called with: code = [214], uid = [10144], packageName = [com.android.vending], attributionTag = [null], mode = [0]
03-15 18:10:43.030  1474  2280 D AlarmManager: final first Wakeup:28929346 now: 28910121 isInNightMode:false
03-15 18:10:43.035  1474  2280 D AlarmManager: final first Wakeup:28929346 now: 28910125 isInNightMode:false
03-15 18:10:43.657 30878 30878 E ActivityThread: Failed to find provider info for com.miui.personalassistant.widget.external
03-15 18:10:44.664 30878 30878 E ActivityThread: Failed to find provider info for com.miui.personalassistant.widget.external
03-15 18:10:45.669 30878 30878 E ActivityThread: Failed to find provider info for com.miui.personalassistant.widget.external
03-15 18:10:46.682 30878 30878 E ActivityThread: Failed to find provider info for com.miui.personalassistant.widget.external
03-15 18:10:47.299  2058  2058 D PowerUI : onReceive to showplugged=true buckert==1mcaharge==true level==81 chargrate=0oldpluge==true
03-15 18:10:47.299  1474  1474 D UiModeManager: updateConfigurationLocked: mDockState=0; mCarMode=false; mNightMode=2; mZuiNightModeOverride=2; mPowerSave=false; isTestMode=false; uiMode=33
03-15 18:10:47.299  2058  3399 D PowerUI : can't show warning due to - plugged: true status unknown: false
03-15 18:10:47.299  2058  3399 I PowerUI.Notification: dismissing low battery notification
03-15 18:10:47.683 30878 30878 E ActivityThread: Failed to find provider info for com.miui.personalassistant.widget.external
03-15 18:10:48.688 30878 30878 E ActivityThread: Failed to find provider info for com.miui.personalassistant.widget.external
03-15 18:10:49.691 30878 30878 E ActivityThread: Failed to find provider info for com.miui.personalassistant.widget.external
03-15 18:10:50.493  1474  1474 D UiModeManager: updateConfigurationLocked: mDockState=0; mCarMode=false; mNightMode=2; mZuiNightModeOverride=2; mPowerSave=false; isTestMode=false; uiMode=33
03-15 18:10:50.493  2058  2058 D PowerUI : onReceive to showplugged=true buckert==1mcaharge==true level==81 chargrate=0oldpluge==true
03-15 18:10:50.493  2058  3402 D PowerUI : can't show warning due to - plugged: true status unknown: false
03-15 18:10:50.493  2058  3402 I PowerUI.Notification: dismissing low battery notification
03-15 18:10:50.700 30878 30878 E ActivityThread: Failed to find provider info for com.miui.personalassistant.widget.external
03-15 18:10:51.707 30878 30878 E ActivityThread: Failed to find provider info for com.miui.personalassistant.widget.external
03-15 18:10:52.717 30878 30878 E ActivityThread: Failed to find provider info for com.miui.personalassistant.widget.external
03-15 18:10:53.719 30878 30878 E ActivityThread: Failed to find provider info for com.miui.personalassistant.widget.external
03-15 18:10:54.727 30878 30878 E ActivityThread: Failed to find provider info for com.miui.personalassistant.widget.external
03-15 18:10:55.430  2058  2058 D PowerUI : onReceive to showplugged=true buckert==1mcaharge==true level==81 chargrate=0oldpluge==true
03-15 18:10:55.430  2058  3403 D PowerUI : can't show warning due to - plugged: true status unknown: false
03-15 18:10:55.430  2058  3403 I PowerUI.Notification: dismissing low battery notification
03-15 18:10:55.431  1474  1474 D UiModeManager: updateConfigurationLocked: mDockState=0; mCarMode=false; mNightMode=2; mZuiNightModeOverride=2; mPowerSave=false; isTestMode=false; uiMode=33
03-15 18:10:55.742 30878 30878 E ActivityThread: Failed to find provider info for com.miui.personalassistant.widget.external
03-15 18:10:55.962  1474  3379 W ProcessStats: Tracking association SourceState{bd27747 com.zui.launchersdk/10058 BFgs #31508} whose proc state 4 is better than process ProcessState{9bb7cb9 com.zui.deviceidservice/10074 pkg=com.zui.deviceidservice} proc state 10 (19 skipped)
03-15 18:10:56.412  1474  1474 D UiModeManager: updateConfigurationLocked: mDockState=0; mCarMode=false; mNightMode=2; mZuiNightModeOverride=2; mPowerSave=false; isTestMode=false; uiMode=33
03-15 18:10:56.412  2058  2058 D PowerUI : onReceive to showplugged=true buckert==1mcaharge==true level==81 chargrate=0oldpluge==true
03-15 18:10:56.412  2058  3406 D PowerUI : can't show warning due to - plugged: true status unknown: false
03-15 18:10:56.412  2058  3406 I PowerUI.Notification: dismissing low battery notification
03-15 18:10:56.743 30878 30878 E ActivityThread: Failed to find provider info for com.miui.personalassistant.widget.external
03-15 18:10:57.747 30878 30878 E ActivityThread: Failed to find provider info for com.miui.personalassistant.widget.external
03-15 18:10:58.683  2058  2058 D PowerUI : onReceive to showplugged=true buckert==1mcaharge==true level==81 chargrate=0oldpluge==true
03-15 18:10:58.683  1474  1474 D UiModeManager: updateConfigurationLocked: mDockState=0; mCarMode=false; mNightMode=2; mZuiNightModeOverride=2; mPowerSave=false; isTestMode=false; uiMode=33
03-15 18:10:58.683  2058  3408 D PowerUI : can't show warning due to - plugged: true status unknown: false
03-15 18:10:58.684  2058  3408 I PowerUI.Notification: dismissing low battery notification
03-15 18:10:58.753 30878 30878 E ActivityThread: Failed to find provider info for com.miui.personalassistant.widget.external
03-15 18:10:59.761 30878 30878 E ActivityThread: Failed to find provider info for com.miui.personalassistant.widget.external
03-15 18:11:00.000  1474  1924 D AlarmManager: alarms fired, need delivery
03-15 18:11:00.000  1474  1924 D AlarmManager: final first Wakeup:28929346 now: 28927090 isInNightMode:false
03-15 18:11:00.001  1474  1924 D AlarmManager: final first Wakeup:28929346 now: 28927091 isInNightMode:false
03-15 18:11:00.017  1474  3379 W BatteryExternalStatsWorker: error reading modem stats:ERROR_INVALID_INFO_RECEIVED
03-15 18:11:00.025  1474  1651 E KernelCpuSpeedReader: Failed to read cpu-freq: /sys/devices/system/cpu/cpu7/cpufreq/stats/time_in_state: open failed: ENOENT (No such file or directory)
03-15 18:11:00.025  1474  1651 E KernelCpuSpeedReader: Failed to read cpu-freq: /sys/devices/system/cpu/cpu4/cpufreq/stats/time_in_state: open failed: ENOENT (No such file or directory)
03-15 18:11:00.026  1474  1651 E KernelCpuSpeedReader: Failed to read cpu-freq: /sys/devices/system/cpu/cpu0/cpufreq/stats/time_in_state: open failed: ENOENT (No such file or directory)
03-15 18:11:00.040  1474  1651 D KernelCpuUidUserSysTimeReader: Removing uids 99020-99020
03-15 18:11:00.052  1474  3379 W BatteryExternalStatsWorker: error reading modem stats:ERROR_INVALID_INFO_RECEIVED
03-15 18:11:00.052  1474  1651 E KernelCpuSpeedReader: Failed to read cpu-freq: /sys/devices/system/cpu/cpu7/cpufreq/stats/time_in_state: open failed: ENOENT (No such file or directory)
03-15 18:11:00.052  1474  1651 E KernelCpuSpeedReader: Failed to read cpu-freq: /sys/devices/system/cpu/cpu4/cpufreq/stats/time_in_state: open failed: ENOENT (No such file or directory)
03-15 18:11:00.052  1474  1651 E KernelCpuSpeedReader: Failed to read cpu-freq: /sys/devices/system/cpu/cpu0/cpufreq/stats/time_in_state: open failed: ENOENT (No such file or directory)
03-15 18:11:00.767 30878 30878 E ActivityThread: Failed to find provider info for com.miui.personalassistant.widget.external
03-15 18:11:01.772 30878 30878 E ActivityThread: Failed to find provider info for com.miui.personalassistant.widget.external
03-15 18:11:02.256  1474  1924 D AlarmManager: alarms fired, need delivery
03-15 18:11:02.256  1474  1924 D AlarmManager: final first Wakeup:28942245 now: 28929346 isInNightMode:false
03-15 18:11:02.265  1474 12751 D AlarmManager: final first Wakeup:28942245 now: 28929356 isInNightMode:false
03-15 18:11:02.783 30878 30878 E ActivityThread: Failed to find provider info for com.miui.personalassistant.widget.external
03-15 18:11:03.564  1474  1474 D UiModeManager: updateConfigurationLocked: mDockState=0; mCarMode=false; mNightMode=2; mZuiNightModeOverride=2; mPowerSave=false; isTestMode=false; uiMode=33
03-15 18:11:03.565  2058  2058 D PowerUI : onReceive to showplugged=true buckert==1mcaharge==true level==81 chargrate=0oldpluge==true
03-15 18:11:03.565  2058  2874 D PowerUI : can't show warning due to - plugged: true status unknown: false
03-15 18:11:03.565  2058  2874 I PowerUI.Notification: dismissing low battery notification
03-15 18:11:03.780 30878 30878 E ActivityThread: Failed to find provider info for com.miui.personalassistant.widget.external
03-15 18:11:04.786 30878 30878 E ActivityThread: Failed to find provider info for com.miui.personalassistant.widget.external
03-15 18:11:04.973 30878 30878 E ActivityThread: Failed to find provider info for com.miui.personalassistant.widget.external
03-15 18:11:05.061 30878 30878 E ActivityThread: Failed to find provider info for com.miui.personalassistant.widget.external
03-15 18:11:05.066 30878 30878 E ActivityThread: Failed to find provider info for com.miui.personalassistant.widget.external
03-15 18:11:05.068 30878 30878 E ActivityThread: Failed to find provider info for com.miui.personalassistant.widget.external
03-15 18:11:05.068 30878 30878 E ActivityThread: Failed to find provider info for com.miui.personalassistant.widget.external
03-15 18:11:05.144  1474 11974 W ActivityManager: Starting FGS with type mediaPlayback code=4 callerApp=ProcessRecord{22bc164 30878:com.netease.cloudmusic/u0a241} targetSDK=33 requiredPermissions=all of the permissions allOf=true [android.permission.FOREGROUND_SERVICE_MEDIA_PLAYBACK] 
03-15 18:11:05.146  1474  1628 E NotificationVibratorHelper: Error creating vibration waveform with pattern: [0]
03-15 18:11:05.163 30878 30878 E ActivityThread: Failed to find provider info for com.miui.personalassistant.widget.external
03-15 18:11:05.249  1474  2280 W ActivityManager: Starting FGS with type mediaPlayback code=4 callerApp=ProcessRecord{22bc164 30878:com.netease.cloudmusic/u0a241} targetSDK=33 requiredPermissions=all of the permissions allOf=true [android.permission.FOREGROUND_SERVICE_MEDIA_PLAYBACK] 
03-15 18:11:05.252  1474  1628 E NotificationVibratorHelper: Error creating vibration waveform with pattern: [0]
03-15 18:11:05.356  1474  2280 E NotificationVibratorHelper: Error creating vibration waveform with pattern: [0]
03-15 18:11:05.798 30878 30878 E ActivityThread: Failed to find provider info for com.miui.personalassistant.widget.external
03-15 18:11:06.621  1474  1474 D UiModeManager: updateConfigurationLocked: mDockState=0; mCarMode=false; mNightMode=2; mZuiNightModeOverride=2; mPowerSave=false; isTestMode=false; uiMode=33
03-15 18:11:06.621  2058  2058 D PowerUI : onReceive to showplugged=true buckert==1mcaharge==true level==81 chargrate=0oldpluge==true
03-15 18:11:06.621  2058  3276 D PowerUI : can't show warning due to - plugged: true status unknown: false
03-15 18:11:06.621  2058  3276 I PowerUI.Notification: dismissing low battery notification
03-15 18:11:06.809 30878 30878 E ActivityThread: Failed to find provider info for com.miui.personalassistant.widget.external
03-15 18:11:07.124  1474  1628 W ProcessStats: Tracking association SourceState{bd27747 com.zui.launchersdk/10058 BFgs #31523} whose proc state 4 is better than process ProcessState{9bb7cb9 com.zui.deviceidservice/10074 pkg=com.zui.deviceidservice} proc state 10 (38 skipped)
03-15 18:11:07.810 30878 30878 E ActivityThread: Failed to find provider info for com.miui.personalassistant.widget.external
03-15 18:11:08.810 30878 30878 E ActivityThread: Failed to find provider info for com.miui.personalassistant.widget.external
03-15 18:11:09.437  2058  2058 D PowerUI : onReceive to showplugged=true buckert==1mcaharge==true level==81 chargrate=0oldpluge==true
03-15 18:11:09.439  2058  3407 D PowerUI : can't show warning due to - plugged: true status unknown: false
03-15 18:11:09.439  2058  3407 I PowerUI.Notification: dismissing low battery notification
03-15 18:11:09.440  1474  1474 D UiModeManager: updateConfigurationLocked: mDockState=0; mCarMode=false; mNightMode=2; mZuiNightModeOverride=2; mPowerSave=false; isTestMode=false; uiMode=33
03-15 18:11:09.823 30878 30878 E ActivityThread: Failed to find provider info for com.miui.personalassistant.widget.external
03-15 18:11:10.830 30878 30878 E ActivityThread: Failed to find provider info for com.miui.personalassistant.widget.external
03-15 18:11:11.856 30878 30878 E ActivityThread: Failed to find provider info for com.miui.personalassistant.widget.external
03-15 18:11:12.503  2058  2058 D PowerUI : onReceive to showplugged=true buckert==1mcaharge==true level==81 chargrate=0oldpluge==true
03-15 18:11:12.503  2058  3399 D PowerUI : can't show warning due to - plugged: true status unknown: false
03-15 18:11:12.503  2058  3399 I PowerUI.Notification: dismissing low battery notification
03-15 18:11:12.505  1474  1474 D UiModeManager: updateConfigurationLocked: mDockState=0; mCarMode=false; mNightMode=2; mZuiNightModeOverride=2; mPowerSave=false; isTestMode=false; uiMode=33
03-15 18:11:12.861 30878 30878 E ActivityThread: Failed to find provider info for com.miui.personalassistant.widget.external
03-15 18:11:13.732  2058  2058 D PowerUI : onReceive to showplugged=true buckert==1mcaharge==true level==81 chargrate=0oldpluge==true
03-15 18:11:13.732  2058  3402 D PowerUI : can't show warning due to - plugged: true status unknown: false
03-15 18:11:13.732  2058  3402 I PowerUI.Notification: dismissing low battery notification
03-15 18:11:13.735  1474  1474 D UiModeManager: updateConfigurationLocked: mDockState=0; mCarMode=false; mNightMode=2; mZuiNightModeOverride=2; mPowerSave=false; isTestMode=false; uiMode=33
03-15 18:11:13.866 30878 30878 E ActivityThread: Failed to find provider info for com.miui.personalassistant.widget.external
03-15 18:11:14.876 30878 30878 E ActivityThread: Failed to find provider info for com.miui.personalassistant.widget.external
03-15 18:11:15.155  1474  1924 D AlarmManager: alarms fired, need delivery
03-15 18:11:15.155  1474  1924 D AlarmManager: final first Wakeup:28965602 now: 28942246 isInNightMode:false
03-15 18:11:15.160  1474  1474 D AlarmManager: final first Wakeup:28965602 now: 28942250 isInNightMode:false
03-15 18:11:15.882 30878 30878 E ActivityThread: Failed to find provider info for com.miui.personalassistant.widget.external
03-15 18:11:16.892 30878 30878 E ActivityThread: Failed to find provider info for com.miui.personalassistant.widget.external
03-15 18:11:17.896 30878 30878 E ActivityThread: Failed to find provider info for com.miui.personalassistant.widget.external
03-15 18:11:18.895 30878 30878 E ActivityThread: Failed to find provider info for com.miui.personalassistant.widget.external
03-15 18:11:19.845  2058  2058 D PowerUI : onReceive to showplugged=true buckert==1mcaharge==true level==81 chargrate=0oldpluge==true
03-15 18:11:19.845  1474  1474 D UiModeManager: updateConfigurationLocked: mDockState=0; mCarMode=false; mNightMode=2; mZuiNightModeOverride=2; mPowerSave=false; isTestMode=false; uiMode=33
03-15 18:11:19.845  2058  3403 D PowerUI : can't show warning due to - plugged: true status unknown: false
03-15 18:11:19.845  2058  3403 I PowerUI.Notification: dismissing low battery notification
03-15 18:11:19.900 30878 30878 E ActivityThread: Failed to find provider info for com.miui.personalassistant.widget.external
03-15 18:11:20.371  1474 12751 W ProcessStats: Tracking association SourceState{bd27747 com.zui.launchersdk/10058 BFgs #31541} whose proc state 4 is better than process ProcessState{9bb7cb9 com.zui.deviceidservice/10074 pkg=com.zui.deviceidservice} proc state 10 (41 skipped)
03-15 18:11:20.867   636  8480 W keystore2: system/security/keystore2/src/remote_provisioning.rs:102 - Error occurred: system/security/keystore2/src/rkpd_client.rs:226: Trying to get to IRegistration service.
03-15 18:11:20.867   636  8480 W keystore2: 
03-15 18:11:20.867   636  8480 W keystore2: Caused by:
03-15 18:11:20.867   636  8480 W keystore2:     0: system/security/keystore2/src/rkpd_client.rs:120: Trying to get IRPC name.
03-15 18:11:20.867   636  8480 W keystore2:     1: system/security/keystore2/src/globals.rs:440
03-15 18:11:20.867   636  8480 W keystore2:     2: Error::Km(r#HARDWARE_TYPE_UNAVAILABLE)
03-15 18:11:20.884   636  8480 E keystore2: system/security/keystore2/src/error.rs:180 - system/security/keystore2/src/security_level.rs:622
03-15 18:11:20.884   636  8480 E keystore2: 
03-15 18:11:20.884   636  8480 E keystore2: Caused by:
03-15 18:11:20.884   636  8480 E keystore2:     0: system/security/keystore2/src/security_level.rs:620: While generating Key without explicit attestation key.
03-15 18:11:20.884   636  8480 E keystore2:     1: Error::Km(-10003)
03-15 18:11:20.892   636  8480 W keystore2: system/security/keystore2/src/remote_provisioning.rs:102 - Error occurred: system/security/keystore2/src/rkpd_client.rs:226: Trying to get to IRegistration service.
03-15 18:11:20.892   636  8480 W keystore2: 
03-15 18:11:20.892   636  8480 W keystore2: Caused by:
03-15 18:11:20.892   636  8480 W keystore2:     0: system/security/keystore2/src/rkpd_client.rs:120: Trying to get IRPC name.
03-15 18:11:20.892   636  8480 W keystore2:     1: system/security/keystore2/src/globals.rs:440
03-15 18:11:20.892   636  8480 W keystore2:     2: Error::Km(r#HARDWARE_TYPE_UNAVAILABLE)
03-15 18:11:20.907   636  8480 E keystore2: system/security/keystore2/src/error.rs:180 - system/security/keystore2/src/security_level.rs:622
03-15 18:11:20.907   636  8480 E keystore2: 
03-15 18:11:20.907   636  8480 E keystore2: Caused by:
03-15 18:11:20.907   636  8480 E keystore2:     0: system/security/keystore2/src/security_level.rs:620: While generating Key without explicit attestation key.
03-15 18:11:20.907   636  8480 E keystore2:     1: Error::Km(-10003)
03-15 18:11:20.907 30878 30878 E ActivityThread: Failed to find provider info for com.miui.personalassistant.widget.external
03-15 18:11:21.208  9774  9948 E ActivityThread: Failed to find provider info for com.meizu.flyme.openidsdk
03-15 18:11:21.208  9774  9948 E ActivityThread: Failed to find provider info for com.meizu.flyme.openidsdk
03-15 18:11:21.209  9774  9948 E ActivityThread: Failed to find provider info for com.vivo.push.sdk.service.SystemPushConfig
03-15 18:11:21.211  9774  9948 E ActivityThread: Failed to find provider info for com.huawei.wallet.thirdprovider
03-15 18:11:21.213  9774  9948 E ActivityThread: Failed to find provider info for com.miui.analytics.OneTrackProvider
03-15 18:11:21.908 30878 30878 E ActivityThread: Failed to find provider info for com.miui.personalassistant.widget.external
03-15 18:11:22.305   636  8480 W keystore2: system/security/keystore2/src/remote_provisioning.rs:102 - Error occurred: system/security/keystore2/src/rkpd_client.rs:226: Trying to get to IRegistration service.
03-15 18:11:22.305   636  8480 W keystore2: 
03-15 18:11:22.305   636  8480 W keystore2: Caused by:
03-15 18:11:22.305   636  8480 W keystore2:     0: system/security/keystore2/src/rkpd_client.rs:120: Trying to get IRPC name.
03-15 18:11:22.305   636  8480 W keystore2:     1: system/security/keystore2/src/globals.rs:440
03-15 18:11:22.305   636  8480 W keystore2:     2: Error::Km(r#HARDWARE_TYPE_UNAVAILABLE)
03-15 18:11:22.319   636  8480 E keystore2: system/security/keystore2/src/error.rs:180 - system/security/keystore2/src/security_level.rs:622
03-15 18:11:22.319   636  8480 E keystore2: 
03-15 18:11:22.319   636  8480 E keystore2: Caused by:
03-15 18:11:22.319   636  8480 E keystore2:     0: system/security/keystore2/src/security_level.rs:620: While generating Key without explicit attestation key.
03-15 18:11:22.319   636  8480 E keystore2:     1: Error::Km(-10003)
