03-15 18:08:39.579  2058  2160 D TransactionPool: release st:-5476376656299412304 caller:com.android.wm.shell.common.TransactionPool.release:60 com.android.wm.shell.startingsurface.SplashScreenExitAnimationUtils$ShiftUpAnimation.onAnimationProgress:347 com.android.wm.shell.startingsurface.SplashScreenExitAnimationUtils.lambda$createAnimator$0:192 
03-15 18:08:39.579  2058  2160 D TransactionPool: put st:-5476376656299412304 reason to release map
03-15 18:08:39.587  2058  2160 D TransactionPool: acquire st:-5476376656299412304 caller:com.android.wm.shell.startingsurface.SplashScreenExitAnimationUtils$ShiftUpAnimation.onAnimationProgress:334 com.android.wm.shell.startingsurface.SplashScreenExitAnimationUtils.lambda$createAnimator$0:192 com.android.wm.shell.startingsurface.SplashScreenExitAnimationUtils$$ExternalSyntheticLambda0.onAnimationUpdate:19 
03-15 18:08:39.587  2058  2160 D TransactionPool: release st:-5476376656299412304 caller:com.android.wm.shell.common.TransactionPool.release:60 com.android.wm.shell.startingsurface.SplashScreenExitAnimationUtils$ShiftUpAnimation.onAnimationProgress:347 com.android.wm.shell.startingsurface.SplashScreenExitAnimationUtils.lambda$createAnimator$0:192 
03-15 18:08:39.587  2058  2160 D TransactionPool: put st:-5476376656299412304 reason to release map
03-15 18:08:39.595  2058  2160 D TransactionPool: acquire st:-5476376656299412304 caller:com.android.wm.shell.startingsurface.SplashScreenExitAnimationUtils$ShiftUpAnimation.onAnimationProgress:334 com.android.wm.shell.startingsurface.SplashScreenExitAnimationUtils.lambda$createAnimator$0:192 com.android.wm.shell.startingsurface.SplashScreenExitAnimationUtils$$ExternalSyntheticLambda0.onAnimationUpdate:19 
03-15 18:08:39.595  2058  2160 D TransactionPool: release st:-5476376656299412304 caller:com.android.wm.shell.common.TransactionPool.release:60 com.android.wm.shell.startingsurface.SplashScreenExitAnimationUtils$ShiftUpAnimation.onAnimationProgress:347 com.android.wm.shell.startingsurface.SplashScreenExitAnimationUtils.lambda$createAnimator$0:192 
03-15 18:08:39.595  2058  2160 D TransactionPool: put st:-5476376656299412304 reason to release map
03-15 18:08:39.600  1474  2490 D CompatibilityChangeReporter: Compat change id reported: 161145287; UID 10260; state: ENABLED
03-15 18:08:39.604  2058  2160 D TransactionPool: acquire st:-5476376656299412304 caller:com.android.wm.shell.startingsurface.SplashScreenExitAnimationUtils$ShiftUpAnimation.onAnimationProgress:334 com.android.wm.shell.startingsurface.SplashScreenExitAnimationUtils.lambda$createAnimator$0:192 com.android.wm.shell.startingsurface.SplashScreenExitAnimationUtils$$ExternalSyntheticLambda0.onAnimationUpdate:19 
03-15 18:08:39.604  2058  2160 D TransactionPool: release st:-5476376656299412304 caller:com.android.wm.shell.common.TransactionPool.release:60 com.android.wm.shell.startingsurface.SplashScreenExitAnimationUtils$ShiftUpAnimation.onAnimationProgress:347 com.android.wm.shell.startingsurface.SplashScreenExitAnimationUtils.lambda$createAnimator$0:192 
03-15 18:08:39.604  2058  2160 D TransactionPool: put st:-5476376656299412304 reason to release map
03-15 18:08:39.612  2058  2160 D TransactionPool: acquire st:-5476376656299412304 caller:com.android.wm.shell.startingsurface.SplashScreenExitAnimationUtils$ShiftUpAnimation.onAnimationProgress:334 com.android.wm.shell.startingsurface.SplashScreenExitAnimationUtils.lambda$createAnimator$0:192 com.android.wm.shell.startingsurface.SplashScreenExitAnimationUtils$$ExternalSyntheticLambda0.onAnimationUpdate:19 
03-15 18:08:39.612  2058  2160 D TransactionPool: release st:-5476376656299412304 caller:com.android.wm.shell.common.TransactionPool.release:60 com.android.wm.shell.startingsurface.SplashScreenExitAnimationUtils$ShiftUpAnimation.onAnimationProgress:347 com.android.wm.shell.startingsurface.SplashScreenExitAnimationUtils.lambda$createAnimator$0:192 
03-15 18:08:39.612  2058  2160 D TransactionPool: put st:-5476376656299412304 reason to release map
03-15 18:08:39.615  1474  6795 D CompatibilityChangeReporter: Compat change id reported: 170668199; UID 10260; state: ENABLED
03-15 18:08:39.621  2058  2160 D TransactionPool: acquire st:-5476376656299412304 caller:com.android.wm.shell.startingsurface.SplashScreenExitAnimationUtils$ShiftUpAnimation.onAnimationProgress:334 com.android.wm.shell.startingsurface.SplashScreenExitAnimationUtils.lambda$createAnimator$0:192 com.android.wm.shell.startingsurface.SplashScreenExitAnimationUtils$$ExternalSyntheticLambda0.onAnimationUpdate:19 
03-15 18:08:39.621  2058  2160 D TransactionPool: release st:-5476376656299412304 caller:com.android.wm.shell.common.TransactionPool.release:60 com.android.wm.shell.startingsurface.SplashScreenExitAnimationUtils$ShiftUpAnimation.onAnimationProgress:347 com.android.wm.shell.startingsurface.SplashScreenExitAnimationUtils.lambda$createAnimator$0:192 
03-15 18:08:39.621  2058  2160 D TransactionPool: put st:-5476376656299412304 reason to release map
03-15 18:08:39.624  1474  8237 W BatteryExternalStatsWorker: error reading modem stats:ERROR_INVALID_INFO_RECEIVED
03-15 18:08:39.629  2058  2160 D TransactionPool: acquire st:-5476376656299412304 caller:com.android.wm.shell.startingsurface.SplashScreenExitAnimationUtils$ShiftUpAnimation.onAnimationProgress:334 com.android.wm.shell.startingsurface.SplashScreenExitAnimationUtils.lambda$createAnimator$0:192 com.android.wm.shell.startingsurface.SplashScreenExitAnimationUtils$$ExternalSyntheticLambda0.onAnimationUpdate:19 
03-15 18:08:39.629  2058  2160 D TransactionPool: release st:-5476376656299412304 caller:com.android.wm.shell.common.TransactionPool.release:60 com.android.wm.shell.startingsurface.SplashScreenExitAnimationUtils$ShiftUpAnimation.onAnimationProgress:347 com.android.wm.shell.startingsurface.SplashScreenExitAnimationUtils.lambda$createAnimator$0:192 
03-15 18:08:39.629  2058  2160 D TransactionPool: put st:-5476376656299412304 reason to release map
03-15 18:08:39.630  1474  1651 E KernelCpuSpeedReader: Failed to read cpu-freq: /sys/devices/system/cpu/cpu7/cpufreq/stats/time_in_state: open failed: ENOENT (No such file or directory)
03-15 18:08:39.630  1474  1651 E KernelCpuSpeedReader: Failed to read cpu-freq: /sys/devices/system/cpu/cpu4/cpufreq/stats/time_in_state: open failed: ENOENT (No such file or directory)
03-15 18:08:39.630  1474  1651 E KernelCpuSpeedReader: Failed to read cpu-freq: /sys/devices/system/cpu/cpu0/cpufreq/stats/time_in_state: open failed: ENOENT (No such file or directory)
03-15 18:08:39.632  1474  6795 D CompatibilityChangeReporter: Compat change id reported: 214016041; UID 10260; state: ENABLED
03-15 18:08:39.637  2058  2160 D TransactionPool: acquire st:-5476376656299412304 caller:com.android.wm.shell.startingsurface.SplashScreenExitAnimationUtils$ShiftUpAnimation.onAnimationProgress:334 com.android.wm.shell.startingsurface.SplashScreenExitAnimationUtils.lambda$createAnimator$0:192 com.android.wm.shell.startingsurface.SplashScreenExitAnimationUtils$$ExternalSyntheticLambda0.onAnimationUpdate:19 
03-15 18:08:39.638  2058  2160 D TransactionPool: release st:-5476376656299412304 caller:com.android.wm.shell.common.TransactionPool.release:60 com.android.wm.shell.startingsurface.SplashScreenExitAnimationUtils$ShiftUpAnimation.onAnimationProgress:347 com.android.wm.shell.startingsurface.SplashScreenExitAnimationUtils.lambda$createAnimator$0:192 
03-15 18:08:39.638  2058  2160 D TransactionPool: put st:-5476376656299412304 reason to release map
03-15 18:08:39.646  2058  2160 D TransactionPool: acquire st:-5476376656299412304 caller:com.android.wm.shell.startingsurface.SplashScreenExitAnimationUtils$ShiftUpAnimation.onAnimationProgress:334 com.android.wm.shell.startingsurface.SplashScreenExitAnimationUtils.lambda$createAnimator$0:192 com.android.wm.shell.startingsurface.SplashScreenExitAnimationUtils$$ExternalSyntheticLambda0.onAnimationUpdate:19 
03-15 18:08:39.646  2058  2160 D TransactionPool: release st:-5476376656299412304 caller:com.android.wm.shell.common.TransactionPool.release:60 com.android.wm.shell.startingsurface.SplashScreenExitAnimationUtils$ShiftUpAnimation.onAnimationProgress:347 com.android.wm.shell.startingsurface.SplashScreenExitAnimationUtils.lambda$createAnimator$0:192 
03-15 18:08:39.646  2058  2160 D TransactionPool: put st:-5476376656299412304 reason to release map
03-15 18:08:39.654  2058  2160 D TransactionPool: acquire st:-5476376656299412304 caller:com.android.wm.shell.startingsurface.SplashScreenExitAnimationUtils$ShiftUpAnimation.onAnimationProgress:334 com.android.wm.shell.startingsurface.SplashScreenExitAnimationUtils.lambda$createAnimator$0:192 com.android.wm.shell.startingsurface.SplashScreenExitAnimationUtils$$ExternalSyntheticLambda0.onAnimationUpdate:19 
03-15 18:08:39.654  2058  2160 D TransactionPool: release st:-5476376656299412304 caller:com.android.wm.shell.common.TransactionPool.release:60 com.android.wm.shell.startingsurface.SplashScreenExitAnimationUtils$ShiftUpAnimation.onAnimationProgress:347 com.android.wm.shell.startingsurface.SplashScreenExitAnimationUtils.lambda$createAnimator$0:192 
03-15 18:08:39.654  2058  2160 D TransactionPool: put st:-5476376656299412304 reason to release map
03-15 18:08:39.663  2058  2160 D TransactionPool: acquire st:-5476376656299412304 caller:com.android.wm.shell.startingsurface.SplashScreenExitAnimationUtils$ShiftUpAnimation.onAnimationProgress:334 com.android.wm.shell.startingsurface.SplashScreenExitAnimationUtils.lambda$createAnimator$0:192 com.android.wm.shell.startingsurface.SplashScreenExitAnimationUtils$$ExternalSyntheticLambda0.onAnimationUpdate:19 
03-15 18:08:39.664  2058  2160 D TransactionPool: release st:-5476376656299412304 caller:com.android.wm.shell.common.TransactionPool.release:60 com.android.wm.shell.startingsurface.SplashScreenExitAnimationUtils$ShiftUpAnimation.onAnimationProgress:347 com.android.wm.shell.startingsurface.SplashScreenExitAnimationUtils.lambda$createAnimator$0:192 
03-15 18:08:39.664  2058  2160 D TransactionPool: put st:-5476376656299412304 reason to release map
03-15 18:08:39.669  1474  2057 W ActivityManager: notifyProcessStarted!
03-15 18:08:39.671  2058  2160 D TransactionPool: acquire st:-5476376656299412304 caller:com.android.wm.shell.startingsurface.SplashScreenExitAnimationUtils$ShiftUpAnimation.onAnimationProgress:334 com.android.wm.shell.startingsurface.SplashScreenExitAnimationUtils.lambda$createAnimator$0:192 com.android.wm.shell.startingsurface.SplashScreenExitAnimationUtils$$ExternalSyntheticLambda0.onAnimationUpdate:19 
03-15 18:08:39.671  2058  2160 D TransactionPool: release st:-5476376656299412304 caller:com.android.wm.shell.common.TransactionPool.release:60 com.android.wm.shell.startingsurface.SplashScreenExitAnimationUtils$ShiftUpAnimation.onAnimationProgress:347 com.android.wm.shell.startingsurface.SplashScreenExitAnimationUtils.lambda$createAnimator$0:192 
03-15 18:08:39.671  2058  2160 D TransactionPool: put st:-5476376656299412304 reason to release map
03-15 18:08:39.679  2058  2160 D TransactionPool: acquire st:-5476376656299412304 caller:com.android.wm.shell.startingsurface.SplashScreenExitAnimationUtils$ShiftUpAnimation.onAnimationProgress:334 com.android.wm.shell.startingsurface.SplashScreenExitAnimationUtils.lambda$createAnimator$0:192 com.android.wm.shell.startingsurface.SplashScreenExitAnimationUtils$$ExternalSyntheticLambda0.onAnimationUpdate:19 
03-15 18:08:39.679  1474  8237 I WindowManager: Window{d1e2f6a u0 com.zui.launcher/com.zui.launcher.drawer.NormalLauncher} state from HAS_DRAWN to NO_SURFACE; reason: destroySurface
03-15 18:08:39.679  2058  2160 D TransactionPool: release st:-5476376656299412304 caller:com.android.wm.shell.common.TransactionPool.release:60 com.android.wm.shell.startingsurface.SplashScreenExitAnimationUtils$ShiftUpAnimation.onAnimationProgress:347 com.android.wm.shell.startingsurface.SplashScreenExitAnimationUtils.lambda$createAnimator$0:192 
03-15 18:08:39.679  2058  2160 D TransactionPool: put st:-5476376656299412304 reason to release map
03-15 18:08:39.679  1474  8237 W WindowManager: for OneVision debug destroySurface:Window{d1e2f6a u0 com.zui.launcher/com.zui.launcher.drawer.NormalLauncher} caller:com.android.server.wm.WindowStateAnimator.destroySurfaceLocked:395 com.android.server.wm.WindowState.destroySurfaceUnchecked:3471 com.android.server.wm.WindowState.destroySurface:3445 com.android.server.wm.ActivityRecord.destroySurfaces:6295 com.android.server.wm.ActivityRecord.destroySurfaces:6276 
03-15 18:08:39.680  1474  8237 D ActivityTaskManager: SplashScreen not transfer special !!!
03-15 18:08:39.687  2058  2160 D TransactionPool: acquire st:-5476376656299412304 caller:com.android.wm.shell.startingsurface.SplashScreenExitAnimationUtils$ShiftUpAnimation.onAnimationProgress:334 com.android.wm.shell.startingsurface.SplashScreenExitAnimationUtils.lambda$createAnimator$0:192 com.android.wm.shell.startingsurface.SplashScreenExitAnimationUtils$$ExternalSyntheticLambda0.onAnimationUpdate:19 
03-15 18:08:39.688  2058  2160 D TransactionPool: release st:-5476376656299412304 caller:com.android.wm.shell.common.TransactionPool.release:60 com.android.wm.shell.startingsurface.SplashScreenExitAnimationUtils$ShiftUpAnimation.onAnimationProgress:347 com.android.wm.shell.startingsurface.SplashScreenExitAnimationUtils.lambda$createAnimator$0:192 
03-15 18:08:39.688  2058  2160 D TransactionPool: put st:-5476376656299412304 reason to release map
03-15 18:08:39.690  2058  2160 D TransactionPool: acquire st:-5476376656299412304 caller:com.android.wm.shell.startingsurface.SplashScreenExitAnimationUtils$ShiftUpAnimation.finish:354 com.android.wm.shell.startingsurface.SplashScreenExitAnimationUtils$1.onAnimationEnd:160 android.animation.Animator$AnimatorListener.onAnimationEnd:711 
03-15 18:08:39.690  2058  2160 D TransactionPool: release st:-5476376656299412304 caller:com.android.wm.shell.common.TransactionPool.release:60 com.android.wm.shell.startingsurface.SplashScreenExitAnimationUtils$ShiftUpAnimation.finish:369 com.android.wm.shell.startingsurface.SplashScreenExitAnimationUtils$1.onAnimationEnd:160 
03-15 18:08:39.690  2058  2160 D TransactionPool: put st:-5476376656299412304 reason to release map
03-15 18:08:39.693  1474  8237 I OvCameraRotation: camera activity:null fullScreen:false canResizeTask:false isEmbedded:false display:0 pcMode:false
03-15 18:08:39.695  1474  8237 D CoreBackPreview: Window{2d4b889 u0 Splash Screen com.example.mymusic EXITING}: Setting back callback null
03-15 18:08:39.800 30878 30878 E ActivityThread: Failed to find provider info for com.miui.personalassistant.widget.external
03-15 18:08:39.849  1474  1615 I WindowManager: Window{2d4b889 u0 Splash Screen com.example.mymusic EXITING} state from HAS_DRAWN to NO_SURFACE; reason: destroySurface
03-15 18:08:39.849  1474  1615 W WindowManager: for OneVision debug destroySurface:Window{2d4b889 u0 Splash Screen com.example.mymusic EXITING} caller:com.android.server.wm.WindowStateAnimator.destroySurfaceLocked:395 com.android.server.wm.WindowState.destroySurfaceUnchecked:3471 com.android.server.wm.WindowState.destroySurface:3445 com.android.server.wm.WindowState.onExitAnimationDone:4919 com.android.server.wm.WindowStateAnimator.onAnimationFinished:195 
03-15 18:08:39.849  1474  1615 D WindowManager: setParent old=ActivityRecord{43610b6 u0 com.example.mymusic/.MainActivity t48, isEmbedded=false},new=null,this window=Window{2d4b889 u0 Splash Screen com.example.mymusic},callers=com.android.server.wm.WindowContainer.removeChild:813 com.android.server.wm.ActivityRecord.removeChild:4630 com.android.server.wm.ActivityRecord.removeChild:432 com.android.server.wm.WindowContainer.removeImmediately:871 com.android.server.wm.WindowState.removeImmediately:2455 com.android.server.wm.WindowState.destroySurface:3448 
03-15 18:08:40.181  2058  2058 D PowerUI : onReceive to showplugged=true buckert==1mcaharge==true level==80 chargrate=0oldpluge==true
03-15 18:08:40.181  2058  3406 D PowerUI : can't show warning due to - plugged: true status unknown: false
03-15 18:08:40.181  2058  3406 I PowerUI.Notification: dismissing low battery notification
03-15 18:08:40.182  1474  1474 D UiModeManager: updateConfigurationLocked: mDockState=0; mCarMode=false; mNightMode=2; mZuiNightModeOverride=2; mPowerSave=false; isTestMode=false; uiMode=33
03-15 18:08:40.330  2558  9253 W Binder  : BinderDebug: reply too large data on java level: InterfaceDescriptor=null calling uid=1000 pid=0 code=1(null) size=1056768
03-15 18:08:40.792  1474 11273 D AlarmManager: final first Wakeup:28822239 now: 28787882 isInNightMode:false
03-15 18:08:40.802 30878 30878 E ActivityThread: Failed to find provider info for com.miui.personalassistant.widget.external
03-15 18:08:41.038  1474  2490 D AlarmManager: final first Wakeup:28822239 now: 28788129 isInNightMode:false
03-15 18:08:41.701  1474  3678 E TaskPersister: File error accessing recents directory (directory doesn't exist?).
03-15 18:08:41.811 30878 30878 E ActivityThread: Failed to find provider info for com.miui.personalassistant.widget.external
03-15 18:08:42.820 30878 30878 E ActivityThread: Failed to find provider info for com.miui.personalassistant.widget.external
03-15 18:08:43.809  1474  1924 D AlarmManager: alarms fired, need delivery
03-15 18:08:43.810  1474  1924 D AlarmManager: final first Wakeup:28822239 now: 28790901 isInNightMode:false
03-15 18:08:43.811  1474  1628 I ActivityManager: Killing 6750:com.google.android.gms.unstable/u0a149 (adj 905): empty #31
03-15 18:08:43.812  1474  1628 W ProcessStats: Tracking association SourceState{920b97e com.google.android.gms.persistent/10149 BTop #30982} whose proc state 2 is better than process ProcessState{685a43f com.google.android.gms/10149 pkg=com.google.android.gms} proc state 8 (186 skipped)
03-15 18:08:43.819  1474  2490 D AlarmManager: final first Wakeup:28822239 now: 28790909 isInNightMode:false
03-15 18:08:43.826 30878 30878 E ActivityThread: Failed to find provider info for com.miui.personalassistant.widget.external
03-15 18:08:43.840  1474  2490 D AlarmManager: final first Wakeup:28822239 now: 28790930 isInNightMode:false
03-15 18:08:43.856  1474  8237 D RestartModeController: markWaitRestartAppIsSuicided null processName=com.google.android.gms.unstable
03-15 18:08:44.148   636   650 W keystore2: system/security/keystore2/src/remote_provisioning.rs:102 - Error occurred: system/security/keystore2/src/rkpd_client.rs:226: Trying to get to IRegistration service.
03-15 18:08:44.148   636   650 W keystore2: 
03-15 18:08:44.148   636   650 W keystore2: Caused by:
03-15 18:08:44.148   636   650 W keystore2:     0: system/security/keystore2/src/rkpd_client.rs:120: Trying to get IRPC name.
03-15 18:08:44.148   636   650 W keystore2:     1: system/security/keystore2/src/globals.rs:440
03-15 18:08:44.148   636   650 W keystore2:     2: Error::Km(r#HARDWARE_TYPE_UNAVAILABLE)
03-15 18:08:44.163   636   650 E keystore2: system/security/keystore2/src/error.rs:180 - system/security/keystore2/src/security_level.rs:622
03-15 18:08:44.163   636   650 E keystore2: 
03-15 18:08:44.163   636   650 E keystore2: Caused by:
03-15 18:08:44.163   636   650 E keystore2:     0: system/security/keystore2/src/security_level.rs:620: While generating Key without explicit attestation key.
03-15 18:08:44.163   636   650 E keystore2:     1: Error::Km(-10003)
03-15 18:08:44.169   636   650 W keystore2: system/security/keystore2/src/remote_provisioning.rs:102 - Error occurred: system/security/keystore2/src/rkpd_client.rs:226: Trying to get to IRegistration service.
03-15 18:08:44.169   636   650 W keystore2: 
03-15 18:08:44.169   636   650 W keystore2: Caused by:
03-15 18:08:44.169   636   650 W keystore2:     0: system/security/keystore2/src/rkpd_client.rs:120: Trying to get IRPC name.
03-15 18:08:44.169   636   650 W keystore2:     1: system/security/keystore2/src/globals.rs:440
03-15 18:08:44.169   636   650 W keystore2:     2: Error::Km(r#HARDWARE_TYPE_UNAVAILABLE)
03-15 18:08:44.184   636   650 E keystore2: system/security/keystore2/src/error.rs:180 - system/security/keystore2/src/security_level.rs:622
03-15 18:08:44.184   636   650 E keystore2: 
03-15 18:08:44.184   636   650 E keystore2: Caused by:
03-15 18:08:44.184   636   650 E keystore2:     0: system/security/keystore2/src/security_level.rs:620: While generating Key without explicit attestation key.
03-15 18:08:44.184   636   650 E keystore2:     1: Error::Km(-10003)
03-15 18:08:44.497  9774  9948 E ActivityThread: Failed to find provider info for com.meizu.flyme.openidsdk
03-15 18:08:44.498  9774  9948 E ActivityThread: Failed to find provider info for com.meizu.flyme.openidsdk
03-15 18:08:44.498  9774  9948 E ActivityThread: Failed to find provider info for com.vivo.push.sdk.service.SystemPushConfig
03-15 18:08:44.500  9774  9948 E ActivityThread: Failed to find provider info for com.huawei.wallet.thirdprovider
03-15 18:08:44.501  9774  9948 E ActivityThread: Failed to find provider info for com.miui.analytics.OneTrackProvider
03-15 18:08:44.525  1474 11974 I ActivityManager: Process com.lenovo.leos.appstore (pid 10850) has died: cch+5 CEM 
03-15 18:08:44.526  1474 11974 I ActivityManager: Killing 11036:com.google.android.webview:sandboxed_process0:org.chromium.content.app.SandboxedProcessService0:0/u0a112i21 (adj 0): isolated not needed
03-15 18:08:44.527  1474 11974 D RestartModeController: markWaitRestartAppIsSuicided null processName=com.lenovo.leos.appstore
03-15 18:08:44.528  1474  1612 D DisplayManagerService: Drop pending events for gone uid 10112
03-15 18:08:44.549  1474  1612 D DisplayManagerService: Drop pending events for gone uid 99021
03-15 18:08:44.554  1474  1651 E KernelCpuSpeedReader: Failed to read cpu-freq: /sys/devices/system/cpu/cpu7/cpufreq/stats/time_in_state: open failed: ENOENT (No such file or directory)
03-15 18:08:44.554  1474  1651 E KernelCpuSpeedReader: Failed to read cpu-freq: /sys/devices/system/cpu/cpu4/cpufreq/stats/time_in_state: open failed: ENOENT (No such file or directory)
03-15 18:08:44.554  1474  1651 E KernelCpuSpeedReader: Failed to read cpu-freq: /sys/devices/system/cpu/cpu0/cpufreq/stats/time_in_state: open failed: ENOENT (No such file or directory)
03-15 18:08:44.829 30878 30878 E ActivityThread: Failed to find provider info for com.miui.personalassistant.widget.external
03-15 18:08:44.910  2058  2058 D PowerUI : onReceive to showplugged=true buckert==1mcaharge==true level==80 chargrate=0oldpluge==true
03-15 18:08:44.910  2058  3408 D PowerUI : can't show warning due to - plugged: true status unknown: false
03-15 18:08:44.910  2058  3408 I PowerUI.Notification: dismissing low battery notification
03-15 18:08:44.911  1474  1474 D UiModeManager: updateConfigurationLocked: mDockState=0; mCarMode=false; mNightMode=2; mZuiNightModeOverride=2; mPowerSave=false; isTestMode=false; uiMode=33
03-15 18:08:45.547   636   650 W keystore2: system/security/keystore2/src/remote_provisioning.rs:102 - Error occurred: system/security/keystore2/src/rkpd_client.rs:226: Trying to get to IRegistration service.
03-15 18:08:45.547   636   650 W keystore2: 
03-15 18:08:45.547   636   650 W keystore2: Caused by:
03-15 18:08:45.547   636   650 W keystore2:     0: system/security/keystore2/src/rkpd_client.rs:120: Trying to get IRPC name.
03-15 18:08:45.547   636   650 W keystore2:     1: system/security/keystore2/src/globals.rs:440
03-15 18:08:45.547   636   650 W keystore2:     2: Error::Km(r#HARDWARE_TYPE_UNAVAILABLE)
03-15 18:08:45.563   636   650 E keystore2: system/security/keystore2/src/error.rs:180 - system/security/keystore2/src/security_level.rs:622
03-15 18:08:45.563   636   650 E keystore2: 
03-15 18:08:45.563   636   650 E keystore2: Caused by:
03-15 18:08:45.563   636   650 E keystore2:     0: system/security/keystore2/src/security_level.rs:620: While generating Key without explicit attestation key.
03-15 18:08:45.563   636   650 E keystore2:     1: Error::Km(-10003)
03-15 18:08:45.595   636   650 W keystore2: system/security/keystore2/src/remote_provisioning.rs:102 - Error occurred: system/security/keystore2/src/rkpd_client.rs:226: Trying to get to IRegistration service.
03-15 18:08:45.595   636   650 W keystore2: 
03-15 18:08:45.595   636   650 W keystore2: Caused by:
03-15 18:08:45.595   636   650 W keystore2:     0: system/security/keystore2/src/rkpd_client.rs:120: Trying to get IRPC name.
03-15 18:08:45.595   636   650 W keystore2:     1: system/security/keystore2/src/globals.rs:440
03-15 18:08:45.595   636   650 W keystore2:     2: Error::Km(r#HARDWARE_TYPE_UNAVAILABLE)
03-15 18:08:45.613   636   650 E keystore2: system/security/keystore2/src/error.rs:180 - system/security/keystore2/src/security_level.rs:622
03-15 18:08:45.613   636   650 E keystore2: 
03-15 18:08:45.613   636   650 E keystore2: Caused by:
03-15 18:08:45.613   636   650 E keystore2:     0: system/security/keystore2/src/security_level.rs:620: While generating Key without explicit attestation key.
03-15 18:08:45.613   636   650 E keystore2:     1: Error::Km(-10003)
03-15 18:08:45.618   636   650 W keystore2: system/security/keystore2/src/remote_provisioning.rs:102 - Error occurred: system/security/keystore2/src/rkpd_client.rs:226: Trying to get to IRegistration service.
03-15 18:08:45.618   636   650 W keystore2: 
03-15 18:08:45.618   636   650 W keystore2: Caused by:
03-15 18:08:45.618   636   650 W keystore2:     0: system/security/keystore2/src/rkpd_client.rs:120: Trying to get IRPC name.
03-15 18:08:45.618   636   650 W keystore2:     1: system/security/keystore2/src/globals.rs:440
03-15 18:08:45.618   636   650 W keystore2:     2: Error::Km(r#HARDWARE_TYPE_UNAVAILABLE)
03-15 18:08:45.632   636   650 E keystore2: system/security/keystore2/src/error.rs:180 - system/security/keystore2/src/security_level.rs:622
03-15 18:08:45.632   636   650 E keystore2: 
03-15 18:08:45.632   636   650 E keystore2: Caused by:
03-15 18:08:45.632   636   650 E keystore2:     0: system/security/keystore2/src/security_level.rs:620: While generating Key without explicit attestation key.
03-15 18:08:45.632   636   650 E keystore2:     1: Error::Km(-10003)
03-15 18:08:45.834 30878 30878 E ActivityThread: Failed to find provider info for com.miui.personalassistant.widget.external
03-15 18:08:46.353  1474  1612 D WindowManager: ondown, touch down!
03-15 18:08:46.361  2558  3914 W Binder  : BinderDebug: reply too large data on java level: InterfaceDescriptor=null calling uid=1000 pid=0 code=1(null) size=1056768
03-15 18:08:46.402  1474  1612 D WindowManager: onup, touch up!
03-15 18:08:46.414  1474  4660 I AppsFilter: interaction: PackageSetting{d69b25d com.example.mymusic/10260} -> PackageSetting{7f07bd7 com.sohu.inputmethod.sogou.oem/10223} BLOCKED
03-15 18:08:46.414  1474  4660 W FillRequestEventLogger: Couldn't find packageName: com.sohu.inputmethod.sogou.oem
03-15 18:08:46.454  1474  8237 D InputMethodManagerService: showCurrentInputLocked: handwritingEnabled = true
03-15 18:08:46.454  1474  8237 D InputMethodManagerService: showCurrentInputLocked: selectedMethodId = com.sohu.inputmethod.sogou.oem/com.sohu.inputmethod.sogou.SogouIME
03-15 18:08:46.454  1474  8237 D InputMethodManagerService: showCurrentInputLocked: mZuiDelegate = com.android.server.inputmethod.InputMethodManagerServiceDelegate@c036bf4
03-15 18:08:46.454  1474  8237 D ZuiInputMethodManagerService: selectIme: 
03-15 18:08:46.470  1474  8237 D AutofillSession: createPendingIntent for request 13
03-15 18:08:46.489  1474  2137 D InputMethodManagerService: showCurrentInputLocked: handwritingEnabled = true
03-15 18:08:46.489  1474  2137 D InputMethodManagerService: showCurrentInputLocked: selectedMethodId = com.sohu.inputmethod.sogou.oem/com.sohu.inputmethod.sogou.SogouIME
03-15 18:08:46.489  1474  2137 D InputMethodManagerService: showCurrentInputLocked: mZuiDelegate = com.android.server.inputmethod.InputMethodManagerServiceDelegate@c036bf4
03-15 18:08:46.489  1474  2137 D ZuiInputMethodManagerService: selectIme: 
03-15 18:08:46.510  5071  5071 D OvcEditorInfoUtils[OV_IME]: startViews, restarting: false, pkgName: com.example.mymusic, extras: Bundle[{android.support.text.emoji.emojiCompat_metadataVersion=11, androidx.core.view.inputmethod.EditorInfoCompat.STYLUS_HANDWRITING_ENABLED=true, android.support.text.emoji.emojiCompat_replaceAll=false, ov_ime_target_act_token=android.os.BinderProxy@5c13545, ov_ime_target_win_mode=Fullscreen}]
03-15 18:08:46.538  1474 11273 I WindowManager: Window{298de12 u0 InputMethod} state from NO_SURFACE to DRAW_PENDING; reason: resetDrawState
03-15 18:08:46.539  1474 11273 I OvCameraRotation: camera activity:null fullScreen:false canResizeTask:false isEmbedded:false display:0 pcMode:false
03-15 18:08:46.556  1474 11273 I WindowManager: Window{298de12 u0 InputMethod} state from DRAW_PENDING to COMMIT_DRAW_PENDING; reason: finishDrawingLocked
03-15 18:08:46.556  1474  1615 I WindowManager: Window{298de12 u0 InputMethod} state from COMMIT_DRAW_PENDING to READY_TO_SHOW; reason: commitFinishDrawingLocked
03-15 18:08:46.567  1474 11273 D CoreBackPreview: Window{98a7d77 u0 com.example.mymusic/com.example.mymusic.MainActivity}: Setting back callback OnBackInvokedCallbackInfo{mCallback=android.window.IOnBackInvokedCallback$Stub$Proxy@6397982, mPriority=0, mIsAnimationCallback=false}
03-15 18:08:46.587  1474  1615 I WindowManager: Window{298de12 u0 InputMethod} state from READY_TO_SHOW to HAS_DRAWN; reason: performShowLocked
03-15 18:08:46.834 30878 30878 E ActivityThread: Failed to find provider info for com.miui.personalassistant.widget.external
03-15 18:08:47.254  1474  1612 D WindowManager: ondown, touch down!
03-15 18:08:47.344  1474  1612 D WindowManager: onup, touch up!
03-15 18:08:47.621  1474  1612 D WindowManager: ondown, touch down!
03-15 18:08:47.702  1474  1612 D WindowManager: onup, touch up!
03-15 18:08:47.843 30878 30878 E ActivityThread: Failed to find provider info for com.miui.personalassistant.widget.external
03-15 18:08:47.996  1474  1612 D WindowManager: ondown, touch down!
03-15 18:08:48.080  1474  1612 D WindowManager: onup, touch up!
03-15 18:08:48.270  1474  1612 D WindowManager: ondown, touch down!
03-15 18:08:48.344  1474  1612 D WindowManager: onup, touch up!
03-15 18:08:48.580  1474  1612 D WindowManager: ondown, touch down!
03-15 18:08:48.653  1474  1612 D WindowManager: onup, touch up!
03-15 18:08:48.847 30878 30878 E ActivityThread: Failed to find provider info for com.miui.personalassistant.widget.external
03-15 18:08:48.897  1474  1612 D WindowManager: ondown, touch down!
03-15 18:08:48.961  1474  1612 D WindowManager: onup, touch up!
03-15 18:08:49.333  1474 11974 D CompatibilityChangeReporter: Compat change id reported: 197654537; UID 10260; state: ENABLED
03-15 18:08:49.372  2558  4489 W Binder  : BinderDebug: reply too large data on java level: InterfaceDescriptor=null calling uid=1000 pid=0 code=1(null) size=1056768
03-15 18:08:49.378  1474  1612 D WindowManager: ondown, touch down!
03-15 18:08:49.428  1474  1612 D WindowManager: onup, touch up!
03-15 18:08:49.476 11133 11133 D OvcEditorInfoUtils[OV_IME]: bindActivityTokenIfNeeded, create extras for pkgName: com.example.mymusic
03-15 18:08:49.482  1474 13234 I OvCameraRotation: camera activity:null fullScreen:false canResizeTask:false isEmbedded:false display:0 pcMode:false
03-15 18:08:49.503  1474 13234 D CoreBackPreview: Window{98a7d77 u0 com.example.mymusic/com.example.mymusic.MainActivity}: Setting back callback OnBackInvokedCallbackInfo{mCallback=android.window.IOnBackInvokedCallback$Stub$Proxy@f836d54, mPriority=0, mIsAnimationCallback=false}
03-15 18:08:49.590  1474  1621 D ActivityManager: DebugMem: totalMb = 7706, cachedMb = 1933, freeMb = 328, zramMb = 196, kernelMb = 660, nativeTotalPssMb = 552, freeLow = false (threshold = 150), freeCacheLow = false (threshold = 770), nativeHigh = false (threshold = 6164), DebugMemInfoForceDump = false, mDumpMeminfoFileNums = 100, took time: 266ms
03-15 18:08:49.849 30878 30878 E ActivityThread: Failed to find provider info for com.miui.personalassistant.widget.external
03-15 18:08:50.300  1474 13234 I WindowManager: Window{298de12 u0 InputMethod} state from HAS_DRAWN to NO_SURFACE; reason: destroySurface
03-15 18:08:50.300  1474 13234 W WindowManager: for OneVision debug destroySurface:Window{298de12 u0 InputMethod} caller:com.android.server.wm.WindowStateAnimator.destroySurfaceLocked:395 com.android.server.wm.WindowState.destroySurfaceUnchecked:3471 com.android.server.wm.WindowState.destroySurface:3445 com.android.server.wm.WindowManagerService.tryStartExitingAnimation:2984 com.android.server.wm.WindowManagerService.relayoutWindow:2739 
03-15 18:08:50.301  1474 13234 I OvCameraRotation: camera activity:null fullScreen:false canResizeTask:false isEmbedded:false display:0 pcMode:false
03-15 18:08:50.830  1474 13234 D AlarmManager: final first Wakeup:28822239 now: 28797920 isInNightMode:false
03-15 18:08:50.855 30878 30878 E ActivityThread: Failed to find provider info for com.miui.personalassistant.widget.external
03-15 18:08:51.472  1474  1474 E RemoteFillService: Error calling on fill request
03-15 18:08:51.472  1474  1474 E RemoteFillService: java.util.concurrent.TimeoutException
03-15 18:08:51.472  1474  1474 E RemoteFillService: 	at com.android.internal.infra.AndroidFuture.triggerTimeout(AndroidFuture.java:289)
03-15 18:08:51.472  1474  1474 E RemoteFillService: 	at com.android.internal.infra.AndroidFuture$$ExternalSyntheticLambda1.run(Unknown Source:2)
03-15 18:08:51.472  1474  1474 E RemoteFillService: 	at android.os.Handler.handleCallback(Handler.java:977)
03-15 18:08:51.472  1474  1474 E RemoteFillService: 	at android.os.Handler.dispatchMessage(Handler.java:111)
03-15 18:08:51.472  1474  1474 E RemoteFillService: 	at android.os.Looper.loopOnce(Looper.java:206)
03-15 18:08:51.472  1474  1474 E RemoteFillService: 	at android.os.Looper.loop(Looper.java:295)
03-15 18:08:51.472  1474  1474 E RemoteFillService: 	at com.android.server.SystemServer.run(SystemServer.java:1080)
03-15 18:08:51.472  1474  1474 E RemoteFillService: 	at com.android.server.SystemServer.main(SystemServer.java:718)
03-15 18:08:51.472  1474  1474 E RemoteFillService: 	at java.lang.reflect.Method.invoke(Native Method)
03-15 18:08:51.472  1474  1474 E RemoteFillService: 	at com.android.internal.os.RuntimeInit$MethodAndArgsCaller.run(RuntimeInit.java:556)
03-15 18:08:51.472  1474  1474 E RemoteFillService: 	at com.android.internal.os.ZygoteInit.main(ZygoteInit.java:959)
03-15 18:08:51.472  1474  1474 W PresentationStatsEventLogger: Shouldn't be logging AutofillPresentationEventReported again for same event
03-15 18:08:51.473  1474  1474 W FillRequestEventLogger: Shouldn't be logging AutofillFillRequestReported again for same event
03-15 18:08:51.473  1474  1474 W FillResponseEventLogger: Shouldn't be logging AutofillFillRequestReported again for same event
03-15 18:08:51.473  1474  1474 W PresentationStatsEventLogger: Shouldn't be logging AutofillPresentationEventReported again for same event
03-15 18:08:51.473  1474  1474 D AutofillSession: clearPendingIntentLocked
03-15 18:08:51.505  1474  1612 D WindowManager: ondown, touch down!
03-15 18:08:51.579  1474  1612 D WindowManager: onup, touch up!
03-15 18:08:51.863 30878 30878 E ActivityThread: Failed to find provider info for com.miui.personalassistant.widget.external
03-15 18:08:52.151  1474  2495 I OvCameraRotation: camera activity:null fullScreen:false canResizeTask:false isEmbedded:false display:0 pcMode:false
03-15 18:08:52.389  2558  3914 W Binder  : BinderDebug: reply too large data on java level: InterfaceDescriptor=null calling uid=1000 pid=0 code=1(null) size=1056768
03-15 18:08:52.874 30878 30878 E ActivityThread: Failed to find provider info for com.miui.personalassistant.widget.external
03-15 18:08:53.363  1474  1620 V LongtimeChargingProtectController: BatteryReceiver onReceive: mStatus=2, mPlugType=1, mLevel=81, ismBypassProtectedEnabled = false, BatteryProtected = false, mIscharging = true, mIsSupplyStatus = true, charging time = 698765
03-15 18:08:53.364  1474  1621 D BatterySaverStateMachine: ZFW117 event upload completed
03-15 18:08:53.365  2058  2058 D PowerUI : onReceive to showplugged=true buckert==1mcaharge==true level==81 chargrate=0oldpluge==true
03-15 18:08:53.366  2058  2874 D PowerUI : can't show warning due to - plugged: true status unknown: false
03-15 18:08:53.366  2058  2874 I PowerUI.Notification: dismissing low battery notification
03-15 18:08:53.366  1474  1474 D UiModeManager: updateConfigurationLocked: mDockState=0; mCarMode=false; mNightMode=2; mZuiNightModeOverride=2; mPowerSave=false; isTestMode=false; uiMode=33
03-15 18:08:53.705  1474  1612 D WindowManager: ondown, touch down!
03-15 18:08:53.771  1474  1612 D WindowManager: onup, touch up!
03-15 18:08:53.878 30878 30878 E ActivityThread: Failed to find provider info for com.miui.personalassistant.widget.external
03-15 18:08:53.893  1474 11273 W ProcessStats: Tracking association SourceState{bd27747 com.zui.launchersdk/10058 BFgs #31041} whose proc state 4 is better than process ProcessState{9bb7cb9 com.zui.deviceidservice/10074 pkg=com.zui.deviceidservice} proc state 10 (120 skipped)
03-15 18:08:54.881 30878 30878 E ActivityThread: Failed to find provider info for com.miui.personalassistant.widget.external
03-15 18:08:55.403  2558  3914 W Binder  : BinderDebug: reply too large data on java level: InterfaceDescriptor=null calling uid=1000 pid=0 code=1(null) size=1056768
03-15 18:08:55.888 30878 30878 E ActivityThread: Failed to find provider info for com.miui.personalassistant.widget.external
03-15 18:08:55.981  1474  1612 D WindowManager: ondown, touch down!
03-15 18:08:56.063  1474  1612 D WindowManager: onup, touch up!
03-15 18:08:56.134   636 10918 I keystore2: system/security/keystore2/src/watchdog.rs:319 - Watchdog thread idle -> terminating. Have a great day.
03-15 18:08:56.565  1474  1474 D UiModeManager: updateConfigurationLocked: mDockState=0; mCarMode=false; mNightMode=2; mZuiNightModeOverride=2; mPowerSave=false; isTestMode=false; uiMode=33
03-15 18:08:56.566  2058  2058 D PowerUI : onReceive to showplugged=true buckert==1mcaharge==true level==81 chargrate=0oldpluge==true
03-15 18:08:56.566  2058  3276 D PowerUI : can't show warning due to - plugged: true status unknown: false
03-15 18:08:56.566  2058  3276 I PowerUI.Notification: dismissing low battery notification
03-15 18:08:56.581  1474  1612 D WindowManager: ondown, touch down!
03-15 18:08:56.647  1474  1612 D WindowManager: onup, touch up!
03-15 18:08:56.661 11133 11133 D WindowManagerImpl: addView displayId=0 0
03-15 18:08:56.661 11133 11133 D WindowManagerImpl: addView displayId33= 0
03-15 18:08:56.665  1474 13234 D CompatibilityChangeReporter: Compat change id reported: 168419799; UID 10260; state: DISABLED
03-15 18:08:56.665  1474 13234 D CompatibilityChangeReporter: Compat change id reported: 273564678; UID 10260; state: DISABLED
03-15 18:08:56.666  1474 13234 D WindowManager: Changing focus from Window{98a7d77 u0 com.example.mymusic/com.example.mymusic.MainActivity} to Window{d72d6ce u0 Õ╝╣Õć║Õ╝Åń¬ŚÕÅŻ} displayId=0 Callers=com.android.server.wm.RootWindowContainer.updateFocusedWindowLocked:503 com.android.server.wm.WindowManagerService.updateFocusedWindowLocked:6584 com.android.server.wm.WindowManagerService.addWindow:1936 com.android.server.wm.Session.addToDisplayAsUser:221 
03-15 18:08:56.667  1474 13234 I WindowManager: focus change setInputFocusLw : Window{d72d6ce u0 Õ╝╣Õć║Õ╝Åń¬ŚÕÅŻ},display Id:0
03-15 18:08:56.667  1474 13234 I OvCameraRotation: camera activity:null fullScreen:false canResizeTask:false isEmbedded:false display:0 pcMode:false
03-15 18:08:56.668  1474  1615 V WindowManager: Focus not requested for window=Window{d72d6ce u0 Õ╝╣Õć║Õ╝Åń¬ŚÕÅŻ} because it has no surface or is not focusable.
03-15 18:08:56.696  1474 13234 D CoreBackPreview: Window{d72d6ce u0 Õ╝╣Õć║Õ╝Åń¬ŚÕÅŻ}: Setting back callback OnBackInvokedCallbackInfo{mCallback=android.window.IOnBackInvokedCallback$Stub$Proxy@365f01, mPriority=0, mIsAnimationCallback=false}
03-15 18:08:56.702  1474  8237 I WindowManager: Window{d72d6ce u0 Õ╝╣Õć║Õ╝Åń¬ŚÕÅŻ} state from NO_SURFACE to DRAW_PENDING; reason: resetDrawState
03-15 18:08:56.704  1474  8237 I OvCameraRotation: camera activity:null fullScreen:false canResizeTask:false isEmbedded:false display:0 pcMode:false
03-15 18:08:56.706  1474 13234 D ChangeTransitionController: applySyncStagingTypesIfNeeded: fail stage is empty
03-15 18:08:56.726  1474  8237 I WindowManager: Window{d72d6ce u0 Õ╝╣Õć║Õ╝Åń¬ŚÕÅŻ} state from DRAW_PENDING to COMMIT_DRAW_PENDING; reason: finishDrawingLocked
03-15 18:08:56.727  1474  1615 I WindowManager: Window{d72d6ce u0 Õ╝╣Õć║Õ╝Åń¬ŚÕÅŻ} state from COMMIT_DRAW_PENDING to READY_TO_SHOW; reason: commitFinishDrawingLocked
03-15 18:08:56.727  1474  1615 D ActivityTaskManager: SplashScreen not transfer special !!!
03-15 18:08:56.727  1474  1615 I WindowManager: Window{d72d6ce u0 Õ╝╣Õć║Õ╝Åń¬ŚÕÅŻ} state from READY_TO_SHOW to HAS_DRAWN; reason: performShowLocked
03-15 18:08:56.729  1474  1615 D ActivityTaskManager: SplashScreen not transfer special !!!
03-15 18:08:56.729  1474  1615 D ActivityTaskManager: SplashScreen not transfer special !!!
03-15 18:08:56.742  1474  8237 I OvCameraRotation: camera activity:null fullScreen:false canResizeTask:false isEmbedded:false display:0 pcMode:false
03-15 18:08:56.759  1474  8237 I OvCameraRotation: camera activity:null fullScreen:false canResizeTask:false isEmbedded:false display:0 pcMode:false
03-15 18:08:56.771 11133 11133 D OvcEditorInfoUtils[OV_IME]: bindActivityTokenIfNeeded, create extras for pkgName: com.example.mymusic
03-15 18:08:56.890 30878 30878 E ActivityThread: Failed to find provider info for com.miui.personalassistant.widget.external
03-15 18:08:57.214  1474  1612 D WindowManager: ondown, touch down!
03-15 18:08:57.236  1474  8237 I OvCameraRotation: camera activity:null fullScreen:false canResizeTask:false isEmbedded:false display:0 pcMode:false
03-15 18:08:57.272  1474  1612 D WindowManager: onup, touch up!
03-15 18:08:57.401  1474  8237 D CoreBackPreview: Window{d72d6ce u0 Õ╝╣Õć║Õ╝Åń¬ŚÕÅŻ}: Setting back callback null
03-15 18:08:57.406  1474  8237 I WindowManager: Window{d72d6ce u0 Õ╝╣Õć║Õ╝Åń¬ŚÕÅŻ} state from HAS_DRAWN to NO_SURFACE; reason: destroySurface
03-15 18:08:57.406  1474  8237 W WindowManager: for OneVision debug destroySurface:Window{d72d6ce u0 Õ╝╣Õć║Õ╝Åń¬ŚÕÅŻ} caller:com.android.server.wm.WindowStateAnimator.destroySurfaceLocked:395 com.android.server.wm.WindowState.removeImmediately:2451 com.android.server.wm.WindowState.removeIfPossible:2615 com.android.server.wm.WindowManagerService.removeWindow:2277 com.android.server.wm.Session.remove:238 
03-15 18:08:57.406  1474  8237 D WindowManager: setParent old=Window{98a7d77 u0 com.example.mymusic/com.example.mymusic.MainActivity},new=null,this window=Window{d72d6ce u0 Õ╝╣Õć║Õ╝Åń¬ŚÕÅŻ},callers=com.android.server.wm.WindowContainer.removeChild:813 com.android.server.wm.WindowContainer.removeImmediately:871 com.android.server.wm.WindowState.removeImmediately:2455 com.android.server.wm.WindowState.removeIfPossible:2615 com.android.server.wm.WindowManagerService.removeWindow:2277 com.android.server.wm.Session.remove:238 
03-15 18:08:57.408  1474  8237 I OvCameraRotation: camera activity:null fullScreen:false canResizeTask:false isEmbedded:false display:0 pcMode:false
03-15 18:08:57.408  1474  8237 D WindowManager: Changing focus from Window{d72d6ce u0 Õ╝╣Õć║Õ╝Åń¬ŚÕÅŻ} to Window{98a7d77 u0 com.example.mymusic/com.example.mymusic.MainActivity} displayId=0 Callers=com.android.server.wm.RootWindowContainer.updateFocusedWindowLocked:503 com.android.server.wm.WindowManagerService.updateFocusedWindowLocked:6584 com.android.server.wm.WindowState.removeIfPossible:2627 com.android.server.wm.WindowManagerService.removeWindow:2277 
03-15 18:08:57.409  1474  8237 I WindowManager: setInputFocusLw : Window{98a7d77 u0 com.example.mymusic/com.example.mymusic.MainActivity},display Id:0
03-15 18:08:57.417  1474  1614 V WindowManager: Unknown focus tokens, dropping reportFocusChanged
03-15 18:08:57.892 30878 30878 E ActivityThread: Failed to find provider info for com.miui.personalassistant.widget.external
03-15 18:08:57.898  1474  1612 D WindowManager: ondown, touch down!
03-15 18:08:57.920  2058  2058 D PowerUI : onReceive to showplugged=true buckert==1mcaharge==true level==81 chargrate=0oldpluge==true
03-15 18:08:57.920  1474  1474 D UiModeManager: updateConfigurationLocked: mDockState=0; mCarMode=false; mNightMode=2; mZuiNightModeOverride=2; mPowerSave=false; isTestMode=false; uiMode=33
03-15 18:08:57.920  2058  3407 D PowerUI : can't show warning due to - plugged: true status unknown: false
03-15 18:08:57.920  2058  3407 I PowerUI.Notification: dismissing low battery notification
03-15 18:08:57.972  1474  1612 D WindowManager: onup, touch up!
03-15 18:08:57.979 11133 11133 D WindowManagerImpl: addView displayId=0 0
03-15 18:08:57.980 11133 11133 D WindowManagerImpl: addView displayId33= 0
03-15 18:08:57.983  1474  8237 D WindowManager: Changing focus from Window{98a7d77 u0 com.example.mymusic/com.example.mymusic.MainActivity} to Window{6213624 u0 Õ╝╣Õć║Õ╝Åń¬ŚÕÅŻ} displayId=0 Callers=com.android.server.wm.RootWindowContainer.updateFocusedWindowLocked:503 com.android.server.wm.WindowManagerService.updateFocusedWindowLocked:6584 com.android.server.wm.WindowManagerService.addWindow:1936 com.android.server.wm.Session.addToDisplayAsUser:221 
03-15 18:08:57.983  1474  8237 I WindowManager: focus change setInputFocusLw : Window{6213624 u0 Õ╝╣Õć║Õ╝Åń¬ŚÕÅŻ},display Id:0
03-15 18:08:57.984  1474  8237 I OvCameraRotation: camera activity:null fullScreen:false canResizeTask:false isEmbedded:false display:0 pcMode:false
03-15 18:08:57.985  1474  1615 V WindowManager: Focus not requested for window=Window{6213624 u0 Õ╝╣Õć║Õ╝Åń¬ŚÕÅŻ} because it has no surface or is not focusable.
03-15 18:08:58.009  1474  8237 D CoreBackPreview: Window{6213624 u0 Õ╝╣Õć║Õ╝Åń¬ŚÕÅŻ}: Setting back callback OnBackInvokedCallbackInfo{mCallback=android.window.IOnBackInvokedCallback$Stub$Proxy@3551daf, mPriority=0, mIsAnimationCallback=false}
03-15 18:08:58.013  1474  8237 I WindowManager: Window{6213624 u0 Õ╝╣Õć║Õ╝Åń¬ŚÕÅŻ} state from NO_SURFACE to DRAW_PENDING; reason: resetDrawState
03-15 18:08:58.014  1474  8237 I OvCameraRotation: camera activity:null fullScreen:false canResizeTask:false isEmbedded:false display:0 pcMode:false
03-15 18:08:58.041  1474  8237 I WindowManager: Window{6213624 u0 Õ╝╣Õć║Õ╝Åń¬ŚÕÅŻ} state from DRAW_PENDING to COMMIT_DRAW_PENDING; reason: finishDrawingLocked
03-15 18:08:58.041  1474  1615 I WindowManager: Window{6213624 u0 Õ╝╣Õć║Õ╝Åń¬ŚÕÅŻ} state from COMMIT_DRAW_PENDING to READY_TO_SHOW; reason: commitFinishDrawingLocked
03-15 18:08:58.041  1474  1615 D ActivityTaskManager: SplashScreen not transfer special !!!
03-15 18:08:58.041  1474  1615 I WindowManager: Window{6213624 u0 Õ╝╣Õć║Õ╝Åń¬ŚÕÅŻ} state from READY_TO_SHOW to HAS_DRAWN; reason: performShowLocked
03-15 18:08:58.047  1474  1615 D ActivityTaskManager: SplashScreen not transfer special !!!
03-15 18:08:58.047  1474  1615 D ActivityTaskManager: SplashScreen not transfer special !!!
03-15 18:08:58.058  1474  8237 I OvCameraRotation: camera activity:null fullScreen:false canResizeTask:false isEmbedded:false display:0 pcMode:false
03-15 18:08:58.074  1474  8237 I OvCameraRotation: camera activity:null fullScreen:false canResizeTask:false isEmbedded:false display:0 pcMode:false
03-15 18:08:58.077 11133 11133 D OvcEditorInfoUtils[OV_IME]: bindActivityTokenIfNeeded, create extras for pkgName: com.example.mymusic
03-15 18:08:58.418  2558  3914 W Binder  : BinderDebug: reply too large data on java level: InterfaceDescriptor=null calling uid=1000 pid=0 code=1(null) size=1056768
03-15 18:08:58.423  1474  1612 D WindowManager: ondown, touch down!
03-15 18:08:58.458  1474  2495 I OvCameraRotation: camera activity:null fullScreen:false canResizeTask:false isEmbedded:false display:0 pcMode:false
03-15 18:08:58.489  1474  1612 D WindowManager: onup, touch up!
03-15 18:08:58.629  1474  8237 D CoreBackPreview: Window{6213624 u0 Õ╝╣Õć║Õ╝Åń¬ŚÕÅŻ}: Setting back callback null
03-15 18:08:58.641  1474  8237 I WindowManager: Window{6213624 u0 Õ╝╣Õć║Õ╝Åń¬ŚÕÅŻ} state from HAS_DRAWN to NO_SURFACE; reason: destroySurface
03-15 18:08:58.641  1474  8237 W WindowManager: for OneVision debug destroySurface:Window{6213624 u0 Õ╝╣Õć║Õ╝Åń¬ŚÕÅŻ} caller:com.android.server.wm.WindowStateAnimator.destroySurfaceLocked:395 com.android.server.wm.WindowState.removeImmediately:2451 com.android.server.wm.WindowState.removeIfPossible:2615 com.android.server.wm.WindowManagerService.removeWindow:2277 com.android.server.wm.Session.remove:238 
03-15 18:08:58.641  1474  8237 D WindowManager: setParent old=Window{98a7d77 u0 com.example.mymusic/com.example.mymusic.MainActivity},new=null,this window=Window{6213624 u0 Õ╝╣Õć║Õ╝Åń¬ŚÕÅŻ},callers=com.android.server.wm.WindowContainer.removeChild:813 com.android.server.wm.WindowContainer.removeImmediately:871 com.android.server.wm.WindowState.removeImmediately:2455 com.android.server.wm.WindowState.removeIfPossible:2615 com.android.server.wm.WindowManagerService.removeWindow:2277 com.android.server.wm.Session.remove:238 
03-15 18:08:58.644  1474  8237 I OvCameraRotation: camera activity:null fullScreen:false canResizeTask:false isEmbedded:false display:0 pcMode:false
03-15 18:08:58.645  1474  8237 D WindowManager: Changing focus from Window{6213624 u0 Õ╝╣Õć║Õ╝Åń¬ŚÕÅŻ} to Window{98a7d77 u0 com.example.mymusic/com.example.mymusic.MainActivity} displayId=0 Callers=com.android.server.wm.RootWindowContainer.updateFocusedWindowLocked:503 com.android.server.wm.WindowManagerService.updateFocusedWindowLocked:6584 com.android.server.wm.WindowState.removeIfPossible:2627 com.android.server.wm.WindowManagerService.removeWindow:2277 
