03-15 18:12:34.974  1474  4490 E ActivityManager: Unable to freeze binder for 9261: java.lang.RuntimeException: Unable to freeze/unfreeze binder
03-15 18:12:34.975  1474  4490 I ActivityManager: Killing 9261:com.android.externalstorage/u0a110 (adj 965): stop com.android.externalstorage due to ZuiMemoryCleaner[Moderate-MemFreeLow]
03-15 18:12:34.975  1474  1612 D DisplayManagerService: Drop pending events for gone uid 10110
03-15 18:12:34.984  1474  2057 W ActivityManager: notifyProcessStarted!
03-15 18:12:34.988  1474  4490 I ZuiMemoryCleaner: forcestop app: com.tblenovo.lenovowhatsnew
03-15 18:12:34.991  1474  4490 D ActivityManager: forceStopPackage appid:10098,packageName:com.tblenovo.lenovowhatsnew,cur state:19,min adj:985
03-15 18:12:34.991  1474  4490 I ActivityManager: Force stopping com.tblenovo.lenovowhatsnew appid=10098 user=0: ZuiMemoryCleaner[Moderate-MemFreeLow]
03-15 18:12:34.991  1474  4490 E ActivityManager: Unable to freeze binder for 9082: java.lang.RuntimeException: Unable to freeze/unfreeze binder
03-15 18:12:34.992  1474  1612 D DisplayManagerService: Drop pending events for gone uid 10098
03-15 18:12:34.993  1474  4490 I ActivityManager: Killing 9082:com.tblenovo.lenovowhatsnew/u0a98 (adj 985): stop com.tblenovo.lenovowhatsnew due to ZuiMemoryCleaner[Moderate-MemFreeLow]
03-15 18:12:34.997  1474  1612 D WindowManager: ondown, touch down!
03-15 18:12:35.000  1474  4490 D ZuiMemoryCleaner: Finish to handle vmpressure event
03-15 18:12:35.014  1474  1474 I Telecom : WiredHeadsetManager: ACTION_HEADSET_PLUG event, plugged in: false, : WHC.oADR@RJk
03-15 18:12:35.050  1474  4473 D CompatibilityChangeReporter: Compat change id reported: 261072174; UID 10253; state: ENABLED
03-15 18:12:35.080  1474  2025 D CompatibilityChangeReporter: Compat change id reported: 197654537; UID 10253; state: ENABLED
03-15 18:12:35.085  1474  1474 I Telecom : BluetoothDeviceManager: clearHearingAidCommunicationDevice: mHearingAidSetAsCommunicationDevice = false: BMSL.oSD@RJs
03-15 18:12:35.085  1474  1474 I Telecom : BluetoothDeviceManager: Lost BluetoothHearingAid service. Removing all tracked devices.: BMSL.oSD@RJs
03-15 18:12:35.086  1474  1474 I Telecom : BluetoothDeviceManager: clearHearingAidCommunicationDevice: mHearingAidSetAsCommunicationDevice = false: BMSL.oSD@RJw
03-15 18:12:35.086  1474  1474 I Telecom : BluetoothDeviceManager: Lost BluetoothHearingAid service. Removing all tracked devices.: BMSL.oSD@RJw
03-15 18:12:35.087  1474  1612 D WindowManager: onscroll, touch interaction!
03-15 18:12:35.098  1474  1612 D WindowManager: onfling, touch interaction!
03-15 18:12:35.098  1474  1612 D WindowManager: onup, touch up!
03-15 18:12:35.164  1474  4014 W ProcessStats: Tracking association SourceState{bd27747 com.zui.launchersdk/10058 BFgs #31820} whose proc state 4 is better than process ProcessState{9bb7cb9 com.zui.deviceidservice/10074 pkg=com.zui.deviceidservice} proc state 10 (178 skipped)
03-15 18:12:35.201  1474  3416 V ActivityManager: Got obituary of 9261:com.android.externalstorage
03-15 18:12:35.204  1474  4660 D WindowManager: Changing focus from Window{b3e559c u0 NotificationShade} to Window{14f673e u0 tv.danmaku.bilibilihd/tv.danmaku.bili.MainActivityV2} displayId=0 Callers=com.android.server.wm.RootWindowContainer.updateFocusedWindowLocked:503 com.android.server.wm.WindowManagerService.updateFocusedWindowLocked:6584 com.android.server.wm.WindowManagerService.relayoutWindow:2809 com.android.server.wm.Session.relayout:256 
03-15 18:12:35.207  1474  4660 I WindowManager: setInputFocusLw : Window{14f673e u0 tv.danmaku.bilibilihd/tv.danmaku.bili.MainActivityV2},display Id:0
03-15 18:12:35.209  1474  1474 W Looper  : Slow dispatch took 101ms main h=android.app.ActivityThread$H c=android.app.LoadedApk$ReceiverDispatcher$Args$$ExternalSyntheticLambda0@e2da88a m=0
03-15 18:12:35.250  1474  2492 D CompatibilityChangeReporter: Compat change id reported: 214016041; UID 10253; state: ENABLED
03-15 18:12:35.263  1474  2493 W ActivityManager: Starting FGS with type mediaPlayback code=4 callerApp=ProcessRecord{22bc164 30878:com.netease.cloudmusic/u0a241} targetSDK=33 requiredPermissions=all of the permissions allOf=true [android.permission.FOREGROUND_SERVICE_MEDIA_PLAYBACK] 
03-15 18:12:35.264 30878 30878 E ActivityThread: Failed to find provider info for com.miui.personalassistant.widget.external
03-15 18:12:35.266  1474 11974 D ChangeTransitionController: applySyncStagingTypesIfNeeded: fail stage is empty
03-15 18:12:35.270  1474  1560 D CompatibilityChangeReporter: Compat change id reported: 135634846; UID 10253; state: DISABLED
03-15 18:12:35.270  1474  1560 D CompatibilityChangeReporter: Compat change id reported: 177438394; UID 10253; state: DISABLED
03-15 18:12:35.270  1474  1560 D CompatibilityChangeReporter: Compat change id reported: 135772972; UID 10253; state: DISABLED
03-15 18:12:35.270  1474  1560 D CompatibilityChangeReporter: Compat change id reported: 135754954; UID 10253; state: ENABLED
03-15 18:12:35.270  1474  2057 W ActivityManager: notifyProcessStarted!
03-15 18:12:35.272  1474  1629 D CompatibilityChangeReporter: Compat change id reported: 143937733; UID 10253; state: ENABLED
03-15 18:12:35.275  1474  1628 E NotificationVibratorHelper: Error creating vibration waveform with pattern: [0]
03-15 18:12:35.293  1474  1629 I ActivityManager: Start proc 12705:tv.danmaku.bilibilihd:pushservice/u0a253 for service {tv.danmaku.bilibilihd/com.bilibili.lib.infoeyes.InfoEyesRemoteService}
03-15 18:12:35.293  1474  2057 W ActivityManager: notifyProcessStarted!
03-15 18:12:35.323 30878 30878 E ActivityThread: Failed to find provider info for com.miui.personalassistant.widget.external
03-15 18:12:35.325  1474  4473 D CompatibilityChangeReporter: Compat change id reported: 168419799; UID 10253; state: DISABLED
03-15 18:12:35.325  1474  4473 D CompatibilityChangeReporter: Compat change id reported: 273564678; UID 10253; state: DISABLED
03-15 18:12:35.330  1474  4473 I WindowManager: Window{b3e559c u0 NotificationShade} state from HAS_DRAWN to NO_SURFACE; reason: destroySurface
03-15 18:12:35.330  1474  4473 W WindowManager: for OneVision debug destroySurface:Window{b3e559c u0 NotificationShade} caller:com.android.server.wm.WindowStateAnimator.destroySurfaceLocked:395 com.android.server.wm.WindowState.destroySurfaceUnchecked:3471 com.android.server.wm.WindowState.destroySurface:3445 com.android.server.wm.WindowManagerService.tryStartExitingAnimation:2984 com.android.server.wm.WindowManagerService.relayoutWindow:2739 
03-15 18:12:35.333  1474  4473 D CompatibilityChangeReporter: Compat change id reported: 170503758; UID 10253; state: ENABLED
03-15 18:12:35.355  1474  2062 V ActivityManager: Got obituary of 9082:com.tblenovo.lenovowhatsnew
03-15 18:12:35.367  1474  4473 W ActivityManager: Starting FGS with type mediaPlayback code=4 callerApp=ProcessRecord{22bc164 30878:com.netease.cloudmusic/u0a241} targetSDK=33 requiredPermissions=all of the permissions allOf=true [android.permission.FOREGROUND_SERVICE_MEDIA_PLAYBACK] 
03-15 18:12:35.370  1474  1628 E NotificationVibratorHelper: Error creating vibration waveform with pattern: [0]
03-15 18:12:35.485  1474  2489 D CompatibilityChangeReporter: Compat change id reported: 161145287; UID 10253; state: ENABLED
03-15 18:12:35.734  1474  2489 I ActivityManager: Flag disabled. Ignoring finishAttachApplication from uid: 10253. pid: 12705
03-15 18:12:35.940  1474  1474 I Telecom : WiredHeadsetManager: ACTION_HEADSET_PLUG event, plugged in: false, : WHC.oADR@RKM
03-15 18:12:35.966  1474  1621 W VoiceInteractionManager: no available voice recognition services found for user 0
03-15 18:12:36.004  1474  4490 D ZuiMemoryCleaner: Begin to handle vmpressure event
03-15 18:12:36.004  1474  4490 D ZuiMemoryCleaner: free 166828Kb  cache 2814192Kb  available 2665568Kb  swap free 3434256Kb  pgscan_kswapd 11035517 pgscan_direct 26635 wmark 2 (0-Min, 1-Low, 2-High, 3-None) nanoTime 12255016933083
03-15 18:12:36.004  1474  4490 I ZuiMemoryCleaner: updateStrategy use: Moderate (1-Moderate, 2-Aggressive), minAdj: 701subreason: ZuiMemoryCleaner[Moderate-KSwapdActive]
03-15 18:12:36.004  1474  4490 I ZuiMemoryCleaner: forcestop app: com.zui.filemanager
03-15 18:12:36.004  1474  4490 D ActivityManager: forceStopPackage appid:10123,packageName:com.zui.filemanager,cur state:19,min adj:975
03-15 18:12:36.004  1474  4490 I ActivityManager: Force stopping com.zui.filemanager appid=10123 user=0: ZuiMemoryCleaner[Moderate-KSwapdActive]
03-15 18:12:36.005  1474  4490 E ActivityManager: Unable to freeze binder for 9133: java.lang.RuntimeException: Unable to freeze/unfreeze binder
03-15 18:12:36.006  1474  4490 I ActivityManager: Killing 9133:com.zui.filemanager/u0a123 (adj 975): stop com.zui.filemanager due to ZuiMemoryCleaner[Moderate-KSwapdActive]
03-15 18:12:36.006  1474  1612 D DisplayManagerService: Drop pending events for gone uid 10123
03-15 18:12:36.010  1474  2057 W ActivityManager: notifyProcessStarted!
03-15 18:12:36.012  1474  4490 I AppsFilter: interaction: PackageSetting{849c360 com.motorola.readyforsignature.app/10082} -> PackageSetting{611f45f com.zui.filemanager/10123} BLOCKED
03-15 18:12:36.012  1474  4490 I AppsFilter: interaction: PackageSetting{b883f4 com.example.mymusic/10260} -> PackageSetting{611f45f com.zui.filemanager/10123} BLOCKED
03-15 18:12:36.012  1474  4490 I AppsFilter: interaction: PackageSetting{c64f8de com.example.music/10200} -> PackageSetting{611f45f com.zui.filemanager/10123} BLOCKED
03-15 18:12:36.012  1474  4490 I AppsFilter: interaction: PackageSetting{485cabf bin.mt.termex/10290} -> PackageSetting{611f45f com.zui.filemanager/10123} BLOCKED
03-15 18:12:36.013  1474  4490 I ZuiMemoryCleaner: forcestop app: com.lenovo.lsf
03-15 18:12:36.016  1474  4490 D ActivityManager: forceStopPackage appid:10087,packageName:com.lenovo.lsf,cur state:19,min adj:925
03-15 18:12:36.016  1474  4490 I ActivityManager: Force stopping com.lenovo.lsf appid=10087 user=0: ZuiMemoryCleaner[Moderate-KSwapdActive]
03-15 18:12:36.017  1474  4490 E ActivityManager: Unable to freeze binder for 24824: java.lang.RuntimeException: Unable to freeze/unfreeze binder
03-15 18:12:36.017  1474  4490 I ActivityManager: Killing 24824:com.lenovo.lsf/u0a87 (adj 925): stop com.lenovo.lsf due to ZuiMemoryCleaner[Moderate-KSwapdActive]
03-15 18:12:36.018  1474  1612 D DisplayManagerService: Drop pending events for gone uid 10087
03-15 18:12:36.021  1474  4490 I AppsFilter: interaction: PackageSetting{849c360 com.motorola.readyforsignature.app/10082} -> PackageSetting{5171e54 com.lenovo.lsf/10087} BLOCKED
03-15 18:12:36.021  1474  4490 I AppsFilter: interaction: PackageSetting{b883f4 com.example.mymusic/10260} -> PackageSetting{5171e54 com.lenovo.lsf/10087} BLOCKED
03-15 18:12:36.021  1474  4490 I AppsFilter: interaction: PackageSetting{c64f8de com.example.music/10200} -> PackageSetting{5171e54 com.lenovo.lsf/10087} BLOCKED
03-15 18:12:36.021  1474  4490 I AppsFilter: interaction: PackageSetting{485cabf bin.mt.termex/10290} -> PackageSetting{5171e54 com.lenovo.lsf/10087} BLOCKED
03-15 18:12:36.022  1474  4490 D ZuiMemoryCleaner: Finish to handle vmpressure event
03-15 18:12:36.022  1474  3678 E TaskPersister: File error accessing recents directory (directory doesn't exist?).
03-15 18:12:36.059  1474  2493 V ActivityManager: Got obituary of 24824:com.lenovo.lsf
03-15 18:12:36.087  1474  2057 W ActivityManager: notifyProcessStarted!
03-15 18:12:36.113  1474  3416 V ActivityManager: Got obituary of 9133:com.zui.filemanager
03-15 18:12:36.212  1474  1474 D UiModeManager: updateConfigurationLocked: mDockState=0; mCarMode=false; mNightMode=2; mZuiNightModeOverride=2; mPowerSave=false; isTestMode=false; uiMode=33
03-15 18:12:36.213  2058  2058 D PowerUI : onReceive to showplugged=true buckert==1mcaharge==true level==81 chargrate=0oldpluge==true
03-15 18:12:36.213  2058  2874 D PowerUI : can't show warning due to - plugged: true status unknown: false
03-15 18:12:36.213  2058  2874 I PowerUI.Notification: dismissing low battery notification
03-15 18:12:36.288  2562  2562 E ActivityThread: Failed to find provider info for com.zui.launcher.downloadinfo.provider
03-15 18:12:36.808  1474  3416 D CompatibilityChangeReporter: Compat change id reported: 135634846; UID 10253; state: DISABLED
03-15 18:12:36.808  1474  3416 D CompatibilityChangeReporter: Compat change id reported: 177438394; UID 10253; state: DISABLED
03-15 18:12:36.808  1474  3416 D CompatibilityChangeReporter: Compat change id reported: 135772972; UID 10253; state: DISABLED
03-15 18:12:36.808  1474  3416 D CompatibilityChangeReporter: Compat change id reported: 135754954; UID 10253; state: ENABLED
03-15 18:12:36.808  1474  1629 D CompatibilityChangeReporter: Compat change id reported: 143937733; UID 10253; state: ENABLED
03-15 18:12:36.808  1474  2057 W ActivityManager: notifyProcessStarted!
03-15 18:12:36.815  1474  1629 I ActivityManager: Start proc 12897:tv.danmaku.bilibilihd:download/u0a253 for service {tv.danmaku.bilibilihd/com.bilibili.ad.core.apkdownload.ADDownloadService}
03-15 18:12:36.815  1474  2057 W ActivityManager: notifyProcessStarted!
03-15 18:12:36.838  1474  4014 D CompatibilityChangeReporter: Compat change id reported: 135634846; UID 10165; state: DISABLED
03-15 18:12:36.838  1474  4014 D CompatibilityChangeReporter: Compat change id reported: 177438394; UID 10165; state: DISABLED
03-15 18:12:36.838  1474  4014 D CompatibilityChangeReporter: Compat change id reported: 135772972; UID 10165; state: DISABLED
03-15 18:12:36.838  1474  4014 D CompatibilityChangeReporter: Compat change id reported: 135754954; UID 10165; state: ENABLED
03-15 18:12:36.839  1474  2057 W ActivityManager: notifyProcessStarted!
03-15 18:12:36.839  1474  1629 D CompatibilityChangeReporter: Compat change id reported: 143937733; UID 10165; state: ENABLED
03-15 18:12:36.857  1474  1629 I ActivityManager: Start proc 12912:com.google.android.webview:webview_service/u0a165 for service {com.google.android.webview/org.chromium.android_webview.services.VariationsSeedServer}
03-15 18:12:36.857  1474  2057 W ActivityManager: notifyProcessStarted!
03-15 18:12:36.888  1474  3416 D CompatibilityChangeReporter: Compat change id reported: 168419799; UID 10165; state: DISABLED
03-15 18:12:36.888  1474  3416 D CompatibilityChangeReporter: Compat change id reported: 273564678; UID 10165; state: DISABLED
03-15 18:12:36.891  1474  1910 D CompatibilityChangeReporter: Compat change id reported: 265195908; UID 10165; state: ENABLED
03-15 18:12:36.894  1474  2062 D CompatibilityChangeReporter: Compat change id reported: 170503758; UID 10165; state: ENABLED
03-15 18:12:36.915  1474  4014 I ActivityManager: Flag disabled. Ignoring finishAttachApplication from uid: 10165. pid: 12912
03-15 18:12:37.128  1474  4014 I ActivityManager: Flag disabled. Ignoring finishAttachApplication from uid: 10253. pid: 12897
03-15 18:12:37.217  1474  4014 D CompatibilityChangeReporter: Compat change id reported: 161252188; UID 10212; state: DISABLED
03-15 18:12:37.708   636 12110 I keystore2: system/security/keystore2/src/watchdog.rs:319 - Watchdog thread idle -> terminating. Have a great day.
03-15 18:12:37.936   636  8480 W keystore2: system/security/keystore2/src/remote_provisioning.rs:102 - Error occurred: system/security/keystore2/src/rkpd_client.rs:226: Trying to get to IRegistration service.
03-15 18:12:37.936   636  8480 W keystore2: 
03-15 18:12:37.936   636  8480 W keystore2: Caused by:
03-15 18:12:37.936   636  8480 W keystore2:     0: system/security/keystore2/src/rkpd_client.rs:120: Trying to get IRPC name.
03-15 18:12:37.936   636  8480 W keystore2:     1: system/security/keystore2/src/globals.rs:440
03-15 18:12:37.936   636  8480 W keystore2:     2: Error::Km(r#HARDWARE_TYPE_UNAVAILABLE)
03-15 18:12:37.951   636  8480 E keystore2: system/security/keystore2/src/error.rs:180 - system/security/keystore2/src/security_level.rs:622
03-15 18:12:37.951   636  8480 E keystore2: 
03-15 18:12:37.951   636  8480 E keystore2: Caused by:
03-15 18:12:37.951   636  8480 E keystore2:     0: system/security/keystore2/src/security_level.rs:620: While generating Key without explicit attestation key.
03-15 18:12:37.951   636  8480 E keystore2:     1: Error::Km(-10003)
03-15 18:12:37.956   636  8480 W keystore2: system/security/keystore2/src/remote_provisioning.rs:102 - Error occurred: system/security/keystore2/src/rkpd_client.rs:226: Trying to get to IRegistration service.
03-15 18:12:37.956   636  8480 W keystore2: 
03-15 18:12:37.956   636  8480 W keystore2: Caused by:
03-15 18:12:37.956   636  8480 W keystore2:     0: system/security/keystore2/src/rkpd_client.rs:120: Trying to get IRPC name.
03-15 18:12:37.956   636  8480 W keystore2:     1: system/security/keystore2/src/globals.rs:440
03-15 18:12:37.956   636  8480 W keystore2:     2: Error::Km(r#HARDWARE_TYPE_UNAVAILABLE)
03-15 18:12:37.970   636  8480 E keystore2: system/security/keystore2/src/error.rs:180 - system/security/keystore2/src/security_level.rs:622
03-15 18:12:37.970   636  8480 E keystore2: 
03-15 18:12:37.970   636  8480 E keystore2: Caused by:
03-15 18:12:37.970   636  8480 E keystore2:     0: system/security/keystore2/src/security_level.rs:620: While generating Key without explicit attestation key.
03-15 18:12:37.970   636  8480 E keystore2:     1: Error::Km(-10003)
03-15 18:12:38.031  1474  1677 I AppsFilter: interaction: PackageSetting{849c360 com.motorola.readyforsignature.app/10082} -> PackageSetting{f15f664 tv.danmaku.bilibilihd/10253} BLOCKED
03-15 18:12:38.031  1474  1677 I AppsFilter: interaction: PackageSetting{b883f4 com.example.mymusic/10260} -> PackageSetting{f15f664 tv.danmaku.bilibilihd/10253} BLOCKED
03-15 18:12:38.031  1474  1677 I AppsFilter: interaction: PackageSetting{c64f8de com.example.music/10200} -> PackageSetting{f15f664 tv.danmaku.bilibilihd/10253} BLOCKED
03-15 18:12:38.031  1474  1677 I AppsFilter: interaction: PackageSetting{485cabf bin.mt.termex/10290} -> PackageSetting{f15f664 tv.danmaku.bilibilihd/10253} BLOCKED
03-15 18:12:38.033  1474  1910 D CompatibilityChangeReporter: Compat change id reported: 218533173; UID 10253; state: ENABLED
03-15 18:12:38.033  1474  1910 D CompatibilityChangeReporter: Compat change id reported: 262645982; UID 10253; state: ENABLED
03-15 18:12:38.060  1474  2489 D ChangeTransitionController: applySyncStagingTypesIfNeeded: fail stage is empty
03-15 18:12:38.065  1474  1560 D ChangeTransitionController: applySyncStagingTypesIfNeeded: fail stage is empty
03-15 18:12:38.107  1474  1621 D AppWidgetServiceImpl: Provider info from ComponentInfo{tv.danmaku.bilibilihd/tv.danmaku.bili.appwidget.hotword.HotWordAppWidget} won't be persisted.
03-15 18:12:38.116  1474  1621 W VoiceInteractionManager: no available voice recognition services found for user 0
03-15 18:12:38.282 12152 12152 D WindowManagerImpl: addView displayId=0 0
03-15 18:12:38.283 12152 12152 D WindowManagerImpl: addView displayId33= 0
03-15 18:12:38.293  1474  4660 D CoreBackPreview: Window{3b75a74 u0 Toast}: Setting back callback OnBackInvokedCallbackInfo{mCallback=android.window.IOnBackInvokedCallback$Stub$Proxy@be1f812, mPriority=0, mIsAnimationCallback=false}
03-15 18:12:38.293  1474  4660 I WindowManager: Window{3b75a74 u0 Toast} state from NO_SURFACE to DRAW_PENDING; reason: resetDrawState
03-15 18:12:38.303  1474  4660 I WindowManager: Window{3b75a74 u0 Toast} state from DRAW_PENDING to COMMIT_DRAW_PENDING; reason: finishDrawingLocked
03-15 18:12:38.304  1474  1615 I WindowManager: Window{3b75a74 u0 Toast} state from COMMIT_DRAW_PENDING to READY_TO_SHOW; reason: commitFinishDrawingLocked
03-15 18:12:38.305  1474  1615 I WindowManager: Window{3b75a74 u0 Toast} state from READY_TO_SHOW to HAS_DRAWN; reason: performShowLocked
03-15 18:12:38.390  9774  9948 E ActivityThread: Failed to find provider info for com.meizu.flyme.openidsdk
03-15 18:12:38.392  9774  9948 E ActivityThread: Failed to find provider info for com.meizu.flyme.openidsdk
03-15 18:12:38.393  9774  9948 E ActivityThread: Failed to find provider info for com.vivo.push.sdk.service.SystemPushConfig
03-15 18:12:38.395  9774  9948 E ActivityThread: Failed to find provider info for com.huawei.wallet.thirdprovider
03-15 18:12:38.397  9774  9948 E ActivityThread: Failed to find provider info for com.miui.analytics.OneTrackProvider
03-15 18:12:38.537  2562  2562 E ActivityThread: Failed to find provider info for com.zui.launcher.downloadinfo.provider
03-15 18:12:39.421   636  8480 W keystore2: system/security/keystore2/src/remote_provisioning.rs:102 - Error occurred: system/security/keystore2/src/rkpd_client.rs:226: Trying to get to IRegistration service.
03-15 18:12:39.421   636  8480 W keystore2: 
03-15 18:12:39.421   636  8480 W keystore2: Caused by:
03-15 18:12:39.421   636  8480 W keystore2:     0: system/security/keystore2/src/rkpd_client.rs:120: Trying to get IRPC name.
03-15 18:12:39.421   636  8480 W keystore2:     1: system/security/keystore2/src/globals.rs:440
03-15 18:12:39.421   636  8480 W keystore2:     2: Error::Km(r#HARDWARE_TYPE_UNAVAILABLE)
03-15 18:12:39.438   636  8480 E keystore2: system/security/keystore2/src/error.rs:180 - system/security/keystore2/src/security_level.rs:622
03-15 18:12:39.438   636  8480 E keystore2: 
03-15 18:12:39.438   636  8480 E keystore2: Caused by:
03-15 18:12:39.438   636  8480 E keystore2:     0: system/security/keystore2/src/security_level.rs:620: While generating Key without explicit attestation key.
03-15 18:12:39.438   636  8480 E keystore2:     1: Error::Km(-10003)
03-15 18:12:39.473   636  8480 W keystore2: system/security/keystore2/src/remote_provisioning.rs:102 - Error occurred: system/security/keystore2/src/rkpd_client.rs:226: Trying to get to IRegistration service.
03-15 18:12:39.473   636  8480 W keystore2: 
03-15 18:12:39.473   636  8480 W keystore2: Caused by:
03-15 18:12:39.473   636  8480 W keystore2:     0: system/security/keystore2/src/rkpd_client.rs:120: Trying to get IRPC name.
03-15 18:12:39.473   636  8480 W keystore2:     1: system/security/keystore2/src/globals.rs:440
03-15 18:12:39.473   636  8480 W keystore2:     2: Error::Km(r#HARDWARE_TYPE_UNAVAILABLE)
03-15 18:12:39.485   636  8480 E keystore2: system/security/keystore2/src/error.rs:180 - system/security/keystore2/src/security_level.rs:622
03-15 18:12:39.485   636  8480 E keystore2: 
03-15 18:12:39.485   636  8480 E keystore2: Caused by:
03-15 18:12:39.485   636  8480 E keystore2:     0: system/security/keystore2/src/security_level.rs:620: While generating Key without explicit attestation key.
03-15 18:12:39.485   636  8480 E keystore2:     1: Error::Km(-10003)
03-15 18:12:39.489   636  8480 W keystore2: system/security/keystore2/src/remote_provisioning.rs:102 - Error occurred: system/security/keystore2/src/rkpd_client.rs:226: Trying to get to IRegistration service.
03-15 18:12:39.489   636  8480 W keystore2: 
03-15 18:12:39.489   636  8480 W keystore2: Caused by:
03-15 18:12:39.489   636  8480 W keystore2:     0: system/security/keystore2/src/rkpd_client.rs:120: Trying to get IRPC name.
03-15 18:12:39.489   636  8480 W keystore2:     1: system/security/keystore2/src/globals.rs:440
03-15 18:12:39.489   636  8480 W keystore2:     2: Error::Km(r#HARDWARE_TYPE_UNAVAILABLE)
03-15 18:12:39.502   636  8480 E keystore2: system/security/keystore2/src/error.rs:180 - system/security/keystore2/src/security_level.rs:622
03-15 18:12:39.502   636  8480 E keystore2: 
03-15 18:12:39.502   636  8480 E keystore2: Caused by:
03-15 18:12:39.502   636  8480 E keystore2:     0: system/security/keystore2/src/security_level.rs:620: While generating Key without explicit attestation key.
03-15 18:12:39.502   636  8480 E keystore2:     1: Error::Km(-10003)
03-15 18:12:40.067  1474  3416 D CompatibilityChangeReporter: Compat change id reported: 182734110; UID 10253; state: ENABLED
03-15 18:12:40.282  1474  3416 D CoreBackPreview: Window{3b75a74 u0 Toast}: Setting back callback null
03-15 18:12:40.287  1474  2489 W NotificationService: Toast already killed. pkg=tv.danmaku.bilibilihd token=android.os.BinderProxy@d2549f
03-15 18:12:40.555  1474  1474 D UiModeManager: updateConfigurationLocked: mDockState=0; mCarMode=false; mNightMode=2; mZuiNightModeOverride=2; mPowerSave=false; isTestMode=false; uiMode=33
03-15 18:12:40.555  2058  2058 D PowerUI : onReceive to showplugged=true buckert==1mcaharge==true level==81 chargrate=0oldpluge==true
03-15 18:12:40.555  2058  3276 D PowerUI : can't show warning due to - plugged: true status unknown: false
03-15 18:12:40.556  2058  3276 I PowerUI.Notification: dismissing low battery notification
03-15 18:12:40.796  1474  1615 I WindowManager: Window{3b75a74 u0 Toast} state from HAS_DRAWN to NO_SURFACE; reason: destroySurface
03-15 18:12:40.796  1474  1615 W WindowManager: for OneVision debug destroySurface:Window{3b75a74 u0 Toast} caller:com.android.server.wm.WindowStateAnimator.destroySurfaceLocked:395 com.android.server.wm.WindowState.removeImmediately:2451 com.android.server.wm.WindowState.handleCompleteDeferredRemoval:4935 com.android.server.wm.WindowContainer.handleCompleteDeferredRemoval:1512 com.android.server.wm.WindowContainer.handleCompleteDeferredRemoval:1512 
03-15 18:12:40.797  1474  1615 D WindowManager: setParent old=WindowToken{332c986 type=2005 android.os.Binder@4552a61},new=null,this window=Window{3b75a74 u0 Toast},callers=com.android.server.wm.WindowContainer.removeChild:813 com.android.server.wm.WindowContainer.removeImmediately:871 com.android.server.wm.WindowState.removeImmediately:2455 com.android.server.wm.WindowState.handleCompleteDeferredRemoval:4935 com.android.server.wm.WindowContainer.handleCompleteDeferredRemoval:1512 com.android.server.wm.WindowContainer.handleCompleteDeferredRemoval:1512 
03-15 18:12:41.068 12152 13166 E ActivityThread: Failed to find provider info for com.vivo.push.sdk.service.SystemPushConfig
03-15 18:12:41.099  1474  1560 D AlarmManager: final first Wakeup:29062256 now: 29028189 isInNightMode:false
03-15 18:12:42.287  1474  1614 W WindowManager: Unable to start animation, surface is null or no children.
03-15 18:12:43.638  1474  1474 D UiModeManager: updateConfigurationLocked: mDockState=0; mCarMode=false; mNightMode=2; mZuiNightModeOverride=2; mPowerSave=false; isTestMode=false; uiMode=33
03-15 18:12:43.638  2058  2058 D PowerUI : onReceive to showplugged=true buckert==1mcaharge==true level==81 chargrate=0oldpluge==true
03-15 18:12:43.638  2058  3407 D PowerUI : can't show warning due to - plugged: true status unknown: false
03-15 18:12:43.638  2058  3407 I PowerUI.Notification: dismissing low battery notification
03-15 18:12:44.125  1474  4014 D CompatibilityChangeReporter: Compat change id reported: 135634846; UID 10253; state: DISABLED
03-15 18:12:44.126  1474  4014 D CompatibilityChangeReporter: Compat change id reported: 177438394; UID 10253; state: DISABLED
03-15 18:12:44.126  1474  4014 D CompatibilityChangeReporter: Compat change id reported: 135772972; UID 10253; state: DISABLED
03-15 18:12:44.126  1474  4014 D CompatibilityChangeReporter: Compat change id reported: 135754954; UID 10253; state: ENABLED
03-15 18:12:44.127  1474  2057 W ActivityManager: notifyProcessStarted!
03-15 18:12:44.127  1474  1629 D CompatibilityChangeReporter: Compat change id reported: 143937733; UID 10253; state: ENABLED
03-15 18:12:44.135  1474  1629 I ActivityManager: Start proc 13224:tv.danmaku.bilibilihd:web/u0a253 for service {tv.danmaku.bilibilihd/com.bilibili.lib.fasthybrid.SmallAppService}
03-15 18:12:44.135  1474  2057 W ActivityManager: notifyProcessStarted!
03-15 18:12:44.454  1474  4014 I ActivityManager: Flag disabled. Ignoring finishAttachApplication from uid: 10253. pid: 13224
03-15 18:12:44.754  1474  4660 D CompatibilityChangeReporter: Compat change id reported: 135634846; UID 99024; state: DISABLED
03-15 18:12:44.754  1474  4660 D CompatibilityChangeReporter: Compat change id reported: 177438394; UID 99024; state: DISABLED
03-15 18:12:44.754  1474  4660 D CompatibilityChangeReporter: Compat change id reported: 135772972; UID 99024; state: DISABLED
03-15 18:12:44.754  1474  4660 D CompatibilityChangeReporter: Compat change id reported: 135754954; UID 99024; state: ENABLED
03-15 18:12:44.754  1474  1629 D CompatibilityChangeReporter: Compat change id reported: 143937733; UID 10253; state: ENABLED
03-15 18:12:44.754  1474  2057 W ActivityManager: notifyProcessStarted!
03-15 18:12:44.761  1474  1629 I ActivityManager: Start proc 13400:com.google.android.webview:sandboxed_process0:org.chromium.content.app.SandboxedProcessService0:1/u0i24 for  {tv.danmaku.bilibilihd/org.chromium.content.app.SandboxedProcessService0:1}
03-15 18:12:44.761  1474  2057 W ActivityManager: notifyProcessStarted!
03-15 18:12:44.806  1474  4660 I ActivityManager: Flag disabled. Ignoring finishAttachApplication from uid: 99024. pid: 13400
03-15 18:12:45.266  1474  1910 W ProcessStats: Tracking association SourceState{50ce9e1 com.netease.cloudmusic/10241 Fgs #32050} whose proc state 3 is better than process ProcessState{673cc86 com.netease.cloudmusic:pushservice/10241 pkg=com.netease.cloudmusic} proc state 14 (202 skipped)
03-15 18:12:45.459 12152 12230 W Looper  : Slow dispatch took 11769ms thread_back_io h=android.os.Handler c=tu1.b@7a72dbc m=0
03-15 18:12:45.460 12152 12230 W Looper  : Slow delivery took 11734ms thread_back_io h=android.os.Handler c=pc2.u@d85f145 m=0
03-15 18:12:45.545  1474  4660 D AlarmManager: final first Wakeup:29062256 now: 29032635 isInNightMode:false
03-15 18:12:45.775 12152 12230 W Looper  : Drained
03-15 18:12:47.183  1474  4660 D CompatibilityChangeReporter: Compat change id reported: 161145287; UID 10253; state: ENABLED
03-15 18:12:47.851  1474  4014 D CompatibilityChangeReporter: Compat change id reported: 197654537; UID 10253; state: ENABLED
03-15 18:12:49.343  1474  1474 D UiModeManager: updateConfigurationLocked: mDockState=0; mCarMode=false; mNightMode=2; mZuiNightModeOverride=2; mPowerSave=false; isTestMode=false; uiMode=33
03-15 18:12:49.344  2058  2058 D PowerUI : onReceive to showplugged=true buckert==1mcaharge==true level==81 chargrate=0oldpluge==true
03-15 18:12:49.344  2058  3399 D PowerUI : can't show warning due to - plugged: true status unknown: false
03-15 18:12:49.344  2058  3399 I PowerUI.Notification: dismissing low battery notification
03-15 18:12:49.578  1474  4014 D CompatibilityChangeReporter: Compat change id reported: 261072174; UID 10253; state: ENABLED
03-15 18:12:49.930  1474  4660 I ActivityManager: Killing 13400:com.google.android.webview:sandboxed_process0:org.chromium.content.app.SandboxedProcessService0:1/u0a253i24 (adj 0): isolated not needed
03-15 18:12:49.954  1474  1612 D DisplayManagerService: Drop pending events for gone uid 99024
03-15 18:12:49.962  1474  1651 E KernelCpuSpeedReader: Failed to read cpu-freq: /sys/devices/system/cpu/cpu7/cpufreq/stats/time_in_state: open failed: ENOENT (No such file or directory)
03-15 18:12:49.963  1474  1651 E KernelCpuSpeedReader: Failed to read cpu-freq: /sys/devices/system/cpu/cpu4/cpufreq/stats/time_in_state: open failed: ENOENT (No such file or directory)
03-15 18:12:49.963  1474  1651 E KernelCpuSpeedReader: Failed to read cpu-freq: /sys/devices/system/cpu/cpu0/cpufreq/stats/time_in_state: open failed: ENOENT (No such file or directory)
03-15 18:12:50.003   636 13076 I keystore2: system/security/keystore2/src/watchdog.rs:319 - Watchdog thread idle -> terminating. Have a great day.
03-15 18:12:51.283  1474  1474 D WindowManager: setParent old=Leaf:3:12@106562739,new=null,this window=WindowToken{332c986 type=2005 android.os.Binder@4552a61},callers=com.android.server.wm.WindowContainer.removeChild:813 com.android.server.wm.WindowContainer.removeImmediately:871 com.android.server.wm.WindowToken.setExiting:283 com.android.server.wm.DisplayContent.removeWindowToken:1502 com.android.server.wm.WindowManagerService.removeWindowToken:3277 com.android.server.wm.WindowManagerService$LocalService.removeWindowToken:8325 
03-15 18:12:51.485  1474  4660 D CompatibilityChangeReporter: Compat change id reported: 135634846; UID 99025; state: DISABLED
03-15 18:12:51.485  1474  4660 D CompatibilityChangeReporter: Compat change id reported: 177438394; UID 99025; state: DISABLED
03-15 18:12:51.485  1474  4660 D CompatibilityChangeReporter: Compat change id reported: 135772972; UID 99025; state: DISABLED
03-15 18:12:51.485  1474  4660 D CompatibilityChangeReporter: Compat change id reported: 135754954; UID 99025; state: ENABLED
03-15 18:12:51.485  1474  1629 D CompatibilityChangeReporter: Compat change id reported: 143937733; UID 10253; state: ENABLED
03-15 18:12:51.487  1474  2057 W ActivityManager: notifyProcessStarted!
03-15 18:12:51.492  1474  1629 I ActivityManager: Start proc 13484:com.google.android.webview:sandboxed_process0:org.chromium.content.app.SandboxedProcessService0:2/u0i25 for  {tv.danmaku.bilibilihd/org.chromium.content.app.SandboxedProcessService0:2}
03-15 18:12:51.493  1474  2057 W ActivityManager: notifyProcessStarted!
03-15 18:12:51.503  1474  4014 D CompatibilityChangeReporter: Compat change id reported: 168419799; UID 10253; state: DISABLED
03-15 18:12:51.503  1474  4014 D CompatibilityChangeReporter: Compat change id reported: 273564678; UID 10253; state: DISABLED
03-15 18:12:51.526  1474  4014 I ActivityManager: Flag disabled. Ignoring finishAttachApplication from uid: 99025. pid: 13484
03-15 18:12:51.878  1474  1612 D WindowManager: ondown, touch down!
03-15 18:12:51.910  1474  1612 D WindowManager: onup, touch up!
03-15 18:12:51.924  1474  4014 D ActivityTaskManager: executeRequest appLockEnabled = true
03-15 18:12:51.924  1474  4014 D ActivityStartInterceptor: intercept appLockEnabled = true
03-15 18:12:51.924  1474  4014 D ActivityStartInterceptor: createAppLockIntentWhenIntercept shouldConfirm = false
03-15 18:12:51.924  1474  4014 D ActivityStartInterceptor: interceptWithAppLockConfirmCredentials newIntent == null
03-15 18:12:51.924  1474  4014 D ActivityStartInterceptor: interceptAppLock called
03-15 18:12:51.924  1474  4014 D ActivityStartInterceptor: interceptAppLock interceptingIntent null return false.
03-15 18:12:51.924  1474  4014 D CompatibilityChangeReporter: Compat change id reported: 265464455; UID 10253; state: DISABLED
03-15 18:12:51.925  1474  4014 D CompatibilityChangeReporter: Compat change id reported: 265452344; UID 10253; state: DISABLED
03-15 18:12:51.925  1474  4014 D CompatibilityChangeReporter: Compat change id reported: 266124927; UID 10253; state: DISABLED
03-15 18:12:51.925  1474  4014 D CompatibilityChangeReporter: Compat change id reported: 265451093; UID 10253; state: DISABLED
03-15 18:12:51.925  1474  4014 D CompatibilityChangeReporter: Compat change id reported: 265456536; UID 10253; state: DISABLED
03-15 18:12:51.925  1474  4014 D CompatibilityChangeReporter: Compat change id reported: 255940284; UID 10253; state: DISABLED
03-15 18:12:51.925  1474  4014 D CompatibilityChangeReporter: Compat change id reported: 236283604; UID 10253; state: DISABLED
03-15 18:12:51.925  1474  4014 D CompatibilityChangeReporter: Compat change id reported: 263959004; UID 10253; state: DISABLED
03-15 18:12:51.925  1474  4014 D CompatibilityChangeReporter: Compat change id reported: 264304459; UID 10253; state: DISABLED
03-15 18:12:51.925  1474  4014 D CompatibilityChangeReporter: Compat change id reported: 264301586; UID 10253; state: DISABLED
03-15 18:12:51.925  1474  4014 D CompatibilityChangeReporter: Compat change id reported: 254631730; UID 10253; state: DISABLED
03-15 18:12:51.925  1474  4014 D CompatibilityChangeReporter: Compat change id reported: 273509367; UID 10253; state: DISABLED
03-15 18:12:51.925  1474  4014 D CompatibilityChangeReporter: Compat change id reported: 263259275; UID 10253; state: DISABLED
03-15 18:12:51.926  1474  4014 D CompatibilityChangeReporter: Compat change id reported: 174042980; UID 10253; state: DISABLED
03-15 18:12:51.926  1474  4014 D CompatibilityChangeReporter: Compat change id reported: 174042936; UID 10253; state: DISABLED
03-15 18:12:51.926  1474  4014 D CompatibilityChangeReporter: Compat change id reported: 181136395; UID 10253; state: DISABLED
03-15 18:12:51.926  1474  4014 D CompatibilityChangeReporter: Compat change id reported: 184838306; UID 10253; state: DISABLED
03-15 18:12:51.926  1474  4014 D CompatibilityChangeReporter: Compat change id reported: 185004937; UID 10253; state: DISABLED
03-15 18:12:51.927  1474  4014 D CompatibilityChangeReporter: Compat change id reported: 194480991; UID 10253; state: ENABLED
03-15 18:12:51.928  1474  4014 D ActivityTaskManager: for OneVision debug. startActivityInner(2): r = ActivityRecord{2f2b72c u0 tv.danmaku.bilibilihd/com.bilibili.ship.theseus.hd.detail.HDUnitedBizDetailsActivity t-1, isEmbedded=false} targetTask = Task{30479bd #50 type=standard A=10253:tv.danmaku.bilibilihd} newTask = false. reusedTask = null, mTargetTask = Task{30479bd #50 type=standard A=10253:tv.danmaku.bilibilihd}, sourceRecord = ActivityRecord{74ff681 u0 tv.danmaku.bilibilihd/tv.danmaku.bili.MainActivityV2 t50, isEmbedded=false}, options = null
03-15 18:12:51.928  1474  4014 D ActivityTaskManager: for OneVision debug. setTargetRootTaskIfNeeded(0). intentTask:Task{30479bd #50 type=standard A=10253:tv.danmaku.bilibilihd} origRootTask:Task{30479bd #50 type=standard A=10253:tv.danmaku.bilibilihd}
03-15 18:12:51.928  1474  4014 D ActivityTaskManager: for OneVision debug. setTargetRootTaskIfNeeded(1). intentActivity = ActivityRecord{74ff681 u0 tv.danmaku.bilibilihd/tv.danmaku.bili.MainActivityV2 t50, isEmbedded=false}, mTargetRootTask = null, mSourceRecord = ActivityRecord{74ff681 u0 tv.danmaku.bilibilihd/tv.danmaku.bili.MainActivityV2 t50, isEmbedded=false}, mSourceRecord.mLaunchRootTask = null
03-15 18:12:51.928  1474  4014 D ActivityTaskManager: for OneVision debug. setTargetRootTaskIfNeeded(2) differentTopTask:false mAvoidMoveToFront:false
03-15 18:12:51.928  1474  4014 D ActivityTaskManager: for OneVision debug. setTargetRootTaskIfNeeded(3), mTargetRootTask = Task{30479bd #50 type=standard A=10253:tv.danmaku.bilibilihd}, intentTask = Task{30479bd #50 type=standard A=10253:tv.danmaku.bilibilihd}
03-15 18:12:51.928  1474  4014 D ActivityTaskManager: for OneVision debug. setTargetRootTaskIfNeeded(4), sourceTask = Task{30479bd #50 type=standard A=10253:tv.danmaku.bilibilihd}, intentRootTask = Task{30479bd #50 type=standard A=10253:tv.danmaku.bilibilihd}, sourceRootTask = Task{30479bd #50 type=standard A=10253:tv.danmaku.bilibilihd}
03-15 18:12:51.928  1474  4014 D ZuiInputManager: onActivityForcedResizable tv.danmaku.bilibilihd
03-15 18:12:51.930  1474  4014 D ActivityTaskManager: showStartingWindow: tv.danmaku.bilibilihd mSplashScreenStyleSolidColor=true mLaunchSourceType=4
03-15 18:12:51.930  1474  2057 W ActivityManager: notifyProcessStarted!
03-15 18:12:51.932  1474  4014 D ZuiInputManager: onActivityForcedResizable tv.danmaku.bilibilihd
03-15 18:12:51.932  1474  4014 E Transition: Trying to add a ready-group twice: Display{#0 state=ON size=2944x1840 ROTATION_90}
03-15 18:12:51.932  1474  4014 I TransitionController: requestStartTransition remoteTransition null for TransitionRecord{d71af8a id=213 type=OPEN flags=0x0}
03-15 18:12:51.932  2058  2058 D DesktopTasksController: handleRequest, windowingMode: 1, request.type: 1, TRANSIT_TO_FRONT: 3, TRANSIT_TO_BACK: 4, activeTasks: {}, 
03-15 18:12:51.932  2058  2058 D DesktopTasksController: taskInfo: TaskInfo{userId=0 taskId=50 displayId=0 isRunning=true baseIntent=Intent { act=android.intent.action.MAIN cat=[android.intent.category.LAUNCHER] flg=0x10200000 cmp=tv.danmaku.bilibilihd/tv.danmaku.bili.MainActivityV2 } baseActivity=ComponentInfo{tv.danmaku.bilibilihd/tv.danmaku.bili.MainActivityV2} topActivity=ComponentInfo{tv.danmaku.bilibilihd/com.bilibili.ship.theseus.hd.detail.HDUnitedBizDetailsActivity} origActivity=null realActivity=ComponentInfo{tv.danmaku.bilibilihd/tv.danmaku.bili.MainActivityV2} numActivities=2 lastActiveTime=29039021 supportsMultiWindow=true resizeMode=0 isResizeable=false canKillAndRestart=false isShowDecorCaptionWindowRequest=false minWidth=-1 minHeight=-1 defaultMinSize=220 token=WCT{android.window.IWindowContainerToken$Stub$Proxy@9692da2} topActivityType=1 pictureInPictureParams=null shouldDockBigOverlays=false launchIntoPipHostTaskId=-1 lastParentTaskIdBeforePip=-1 displayCutoutSafeInsets=null topActivityInfo=ActivityInfo{afbfa33 com.bilibili.ship.theseus.hd.detail.HDUnitedBizDetailsActivity} launchCookies=[android.os.BinderProxy@ea406dc] positionInParent=Point(0, 0) parentTaskId=-1 isFocused=true isVisible=true isVisibleRequested=true isHasResumedActivity=false ifUltraWideField=false layoutFlags=81810100 layoutSystemUiVisibility=0 layoutSubtreeSystemUiVisibility=500 isSleeping=false topActivityInSizeCompat=false topActivityEligibleForLetterboxEducation= false topActivityLetterboxed= false isFromDoubleTap= false topActivityLetterboxVerticalPosition= -1 topActivityLetterboxHorizontalPosition= -1 topActivityLetterboxWidth=-1 topActivityLetterboxHeight=-1 locusId=null displayAreaFeatureId=1 cameraCompatControlState=hidden}
03-15 18:12:51.932  1474  4014 D CompatibilityChangeReporter: Compat change id reported: 194833441; UID 10253; state: ENABLED
03-15 18:12:51.932  1474  4014 I ActivityTaskManager: START u0 {dat=bilibili://hd_united_video/... cmp=tv.danmaku.bilibilihd/com.bilibili.ship.theseus.hd.detail.HDUnitedBizDetailsActivity (has extras)} with LAUNCH_MULTIPLE from uid 10253 (BAL_ALLOW_VISIBLE_WINDOW) result code=0
03-15 18:12:51.933  1474  2489 D ChangeTransitionController: applySyncStagingTypesIfNeeded: fail stage is empty
03-15 18:12:51.936  1474  4014 D ChangeTransitionController: applySyncStagingTypesIfNeeded: fail stage is empty
03-15 18:12:51.937  1474  2057 W ActivityManager: notifyProcessStarted!
03-15 18:12:51.938  1474  4014 I WindowManager: setFocusedAppLw : ActivityRecord{2f2b72c u0 tv.danmaku.bilibilihd/com.bilibili.ship.theseus.hd.detail.HDUnitedBizDetailsActivity t50, isEmbedded=false},display Id:0
03-15 18:12:51.938  1474  4014 D WindowManager: Changing focus from Window{14f673e u0 tv.danmaku.bilibilihd/tv.danmaku.bili.MainActivityV2} to null displayId=0 Callers=com.android.server.wm.RootWindowContainer.updateFocusedWindowLocked:503 com.android.server.wm.WindowManagerService.updateFocusedWindowLocked:6584 com.android.server.wm.ActivityTaskManagerService.setLastResumedActivityUncheckLocked:5363 com.android.server.wm.ActivityTaskSupervisor.updateTopResumedActivityIfNeeded:2765 
03-15 18:12:51.939  1474  4014 I WindowManager: setInputFocusLw : null,display Id:0
03-15 18:12:51.940  1474  2489 D ChangeTransitionController: applySyncStagingTypesIfNeeded: fail stage is empty
03-15 18:12:51.941  1474  2014 D ZuiInputManager: updateTopTaskPackageStatus mTopTaskPackageName = tv.danmaku.bilibilihd
03-15 18:12:51.942  1474  2014 D BigPalmInputPolicy: isGameAppPackage: mUiType = ZUI, packageName = tv.danmaku.bilibilihd
03-15 18:12:51.942  1474  2014 D TouchscreenServiceManager: setBigPalm by hidl v1_0 
03-15 18:12:52.006 12152 12152 D WindowManagerImpl: addView displayId=0 0
03-15 18:12:52.006 12152 12152 D WindowManagerImpl: addView displayId33= 0
03-15 18:12:52.007 12152 12152 D SystemServiceRegistry:  zuiHandwriting new zuihandwritingmanager
03-15 18:12:52.010  1474  1560 D CoreBackPreview: Window{3b568a9 u0 tv.danmaku.bilibilihd/com.bilibili.ship.theseus.hd.detail.HDUnitedBizDetailsActivity}: Setting back callback OnBackInvokedCallbackInfo{mCallback=android.window.IOnBackInvokedCallback$Stub$Proxy@72badcf, mPriority=0, mIsAnimationCallback=false}
03-15 18:12:52.014  1474  1560 I WindowManager: Window{3b568a9 u0 tv.danmaku.bilibilihd/com.bilibili.ship.theseus.hd.detail.HDUnitedBizDetailsActivity} state from NO_SURFACE to DRAW_PENDING; reason: resetDrawState
03-15 18:12:52.015  1474  1560 D WindowManager: Changing focus from null to Window{3b568a9 u0 tv.danmaku.bilibilihd/com.bilibili.ship.theseus.hd.detail.HDUnitedBizDetailsActivity} displayId=0 Callers=com.android.server.wm.RootWindowContainer.updateFocusedWindowLocked:503 com.android.server.wm.WindowManagerService.updateFocusedWindowLocked:6584 com.android.server.wm.WindowManagerService.relayoutWindow:2809 com.android.server.wm.Session.relayout:256 
03-15 18:12:52.016  1474  1560 I WindowManager: setInputFocusLw : Window{3b568a9 u0 tv.danmaku.bilibilihd/com.bilibili.ship.theseus.hd.detail.HDUnitedBizDetailsActivity},display Id:0
03-15 18:12:52.017  1474  1560 D ChangeTransitionController: applySyncStagingTypesIfNeeded: fail stage is empty
03-15 18:12:52.037  1474  1560 I WindowManager: Window{3b568a9 u0 tv.danmaku.bilibilihd/com.bilibili.ship.theseus.hd.detail.HDUnitedBizDetailsActivity} state from DRAW_PENDING to COMMIT_DRAW_PENDING; reason: finishDrawingLocked
03-15 18:12:52.038  1474  1615 I WindowManager: Window{3b568a9 u0 tv.danmaku.bilibilihd/com.bilibili.ship.theseus.hd.detail.HDUnitedBizDetailsActivity} state from COMMIT_DRAW_PENDING to READY_TO_SHOW; reason: commitFinishDrawingLocked
03-15 18:12:52.038  1474  1615 D ActivityTaskManager: SplashScreen not transfer special !!!
03-15 18:12:52.038  1474  1615 I Transition: RefreshRateConfigs, boost when animation.
03-15 18:12:52.039  1474  1615 D ActivityTaskManager: SplashScreen not transfer special !!!
03-15 18:12:52.039  1474  1615 I WindowManager: Window{3b568a9 u0 tv.danmaku.bilibilihd/com.bilibili.ship.theseus.hd.detail.HDUnitedBizDetailsActivity} state from READY_TO_SHOW to HAS_DRAWN; reason: performShowLocked
03-15 18:12:52.040  2058  2058 D RecentTasksController: notifyRecentTasksChanged reason:onTaskStackChanged
03-15 18:12:52.040  1474  1615 I OvCameraRotation: camera activity:null fullScreen:false canResizeTask:false isEmbedded:false display:0 pcMode:false
03-15 18:12:52.042  1474  1615 D ActivityTaskManager: SplashScreen not transfer special !!!
03-15 18:12:52.043  1474  1611 V WindowManager: Sent Transition #213 createdAt=03-15 18:12:51.927 via request=TransitionRequestInfo { type = OPEN, triggerTask = TaskInfo{userId=0 taskId=50 displayId=0 isRunning=true baseIntent=Intent { act=android.intent.action.MAIN cat=[android.intent.category.LAUNCHER] flg=0x10200000 cmp=tv.danmaku.bilibilihd/tv.danmaku.bili.MainActivityV2 } baseActivity=ComponentInfo{tv.danmaku.bilibilihd/tv.danmaku.bili.MainActivityV2} topActivity=ComponentInfo{tv.danmaku.bilibilihd/com.bilibili.ship.theseus.hd.detail.HDUnitedBizDetailsActivity} origActivity=null realActivity=ComponentInfo{tv.danmaku.bilibilihd/tv.danmaku.bili.MainActivityV2} numActivities=2 lastActiveTime=29039021 supportsMultiWindow=true resizeMode=0 isResizeable=false canKillAndRestart=true isShowDecorCaptionWindowRequest=false minWidth=-1 minHeight=-1 defaultMinSize=220 token=WCT{RemoteToken{1c00fb0 Task{30479bd #50 type=standard A=10253:tv.danmaku.bilibilihd}}} topActivityType=1 pictureInPictureParams=null shouldDockBigOverlays=false launchIntoPipHostTaskId=-1 lastParentTaskIdBeforePip=-1 displayCutoutSafeInsets=null topActivityInfo=ActivityInfo{2d987c7 com.bilibili.ship.theseus.hd.detail.HDUnitedBizDetailsActivity} launchCookies=[android.os.BinderProxy@27265ae] positionInParent=Point(0, 0) parentTaskId=-1 isFocused=true isVisible=true isVisibleRequested=true isHasResumedActivity=false ifUltraWideField=false layoutFlags=81810100 layoutSystemUiVisibility=0 layoutSubtreeSystemUiVisibility=500 isSleeping=false topActivityInSizeCompat=false topActivityEligibleForLetterboxEducation= false topActivityLetterboxed= false isFromDoubleTap= false topActivityLetterboxVerticalPosition= -1 topActivityLetterboxHorizontalPosition= -1 topActivityLetterboxWidth=-1 topActivityLetterboxHeight=-1 locusId=null displayAreaFeatureId=1 cameraCompatControlState=hidden}, remoteTransition = null, displayChange = null }
03-15 18:12:52.043  1474  1611 V WindowManager:     startWCT=WindowContainerTransaction { changes = {} hops = [] errorCallbackToken=null taskFragmentOrganizer=null }
03-15 18:12:52.043  1474  1611 V WindowManager:     info={id=213 t=OPEN f=0x0 trk=0 r=[0@Point(0, 0)] c=[{null m=OPEN f=FILLS_TASK leash=Surface(name=ActivityRecord{2f2b72c u0 tv.danmaku.bilibilihd/com.bilibili.ship.theseus.hd.detail.HDUnitedBizDetailsActivity t50, isEmbedded=false})/@0xe9083e1 sb=Rect(0, 0 - 0, 0) eb=Rect(0, 0 - 2944, 1840) d=-1->0 r=-1->1:-1 windowingMode=1},{null m=TO_BACK f=FILLS_TASK leash=Surface(name=ActivityRecord{74ff681 u0 tv.danmaku.bilibilihd/tv.danmaku.bili.MainActivityV2 t50, isEmbedded=false})/@0x243948 sb=Rect(0, 0 - 2944, 1840) eb=Rect(0, 0 - 2944, 1840) d=0 windowingMode=1}]}
03-15 18:12:52.043  1474  1611 D TransitionController: for OneVision debug. Transition info:{id=213 t=OPEN f=0x0 trk=0 r=[0@Point(0, 0)] c=[{null m=OPEN f=FILLS_TASK leash=Surface(name=ActivityRecord{2f2b72c u0 tv.danmaku.bilibilihd/com.bilibili.ship.theseus.hd.detail.HDUnitedBizDetailsActivity t50, isEmbedded=false})/@0xe9083e1 sb=Rect(0, 0 - 0, 0) eb=Rect(0, 0 - 2944, 1840) d=-1->0 r=-1->1:-1 windowingMode=1},{null m=TO_BACK f=FILLS_TASK leash=Surface(name=ActivityRecord{74ff681 u0 tv.danmaku.bilibilihd/tv.danmaku.bili.MainActivityV2 t50, isEmbedded=false})/@0x243948 sb=Rect(0, 0 - 2944, 1840) eb=Rect(0, 0 - 2944, 1840) d=0 windowingMode=1}]}
03-15 18:12:52.060  1474  2057 W ActivityManager: notifyProcessStarted!
03-15 18:12:52.061  2058  2058 D TransactionPool: acquire st:-5476376656299799152 caller:com.android.wm.shell.transition.DefaultTransitionHandler.buildSurfaceAnimation:860 com.android.wm.shell.transition.DefaultTransitionHandler.startAnimation:599 com.android.wm.shell.transition.Transitions.dispatchTransition:1061 
03-15 18:12:52.062  2058  2058 D TransactionPool: acquire st:-5476376656299412304 caller:com.android.wm.shell.transition.DefaultTransitionHandler.buildSurfaceAnimation:860 com.android.wm.shell.transition.DefaultTransitionHandler.startAnimation:599 com.android.wm.shell.transition.Transitions.dispatchTransition:1061 
