03-15 18:12:32.979  1474  2062 D ActivityStartInterceptor: interceptAppLock interceptingIntent null return false.
03-15 18:12:32.999  1474  2062 I ActivityTaskManager: setOptions mPendingRemoteTransition RemoteTransition { remoteTransition = android.window.IRemoteTransition$Stub$Proxy@3dea18b, appThread = android.app.IApplicationThread$Stub$Proxy@7855268, debugName = QuickstepLaunch } for ActivityRecord{74ff681 u0 tv.danmaku.bilibilihd/tv.danmaku.bili.MainActivityV2
03-15 18:12:33.003  1474  2062 D OVDesktopController_ZuiDesktop: record lunchmode for fullscreen lunched in default display
03-15 18:12:33.004  1474  2062 D ActivityTaskManager: for OneVision debug. startActivityInner(2): r = ActivityRecord{74ff681 u0 tv.danmaku.bilibilihd/tv.danmaku.bili.MainActivityV2 t-1, isEmbedded=false} targetTask = null newTask = true. reusedTask = null, mTargetTask = null, sourceRecord = ActivityRecord{49a16b3 u0 com.zui.launcher/.drawer.NormalLauncher t8, isEmbedded=false}, options = ActivityOptions(227789671), mPackageName=null, mAnimationType=13, mStartX=0, mStartY=0, mWidth=0, mHeight=0, mLaunchDisplayId=0
03-15 18:12:33.004  1474  2062 D ActivityTaskManager: for OneVision debug. startActivityInner(3) targetPkgName:tv.danmaku.bilibilihd sourcePkgName:com.zui.launcher permission:2SplitNotAllow
03-15 18:12:33.005  1474  2062 D OVDesktopController_ZuiDesktop: record lunchmode for fullscreen lunched in default display
03-15 18:12:33.007  1474  2062 D ActivityTaskManager: showStartingWindow: tv.danmaku.bilibilihd mSplashScreenStyleSolidColor=true mLaunchSourceType=2
03-15 18:12:33.007  1474  2062 D CompatibilityChangeReporter: Compat change id reported: 205907456; UID 10253; state: ENABLED
03-15 18:12:33.008  1474  2057 W ActivityManager: notifyProcessStarted!
03-15 18:12:33.008  1474  2062 D ZuiInputManager: onActivityForcedResizable tv.danmaku.bilibilihd
03-15 18:12:33.008  1474  2062 I TransitionController: requestStartTransition remoteTransition RemoteTransition { remoteTransition = android.window.IRemoteTransition$Stub$Proxy@3dea18b, appThread = android.app.IApplicationThread$Stub$Proxy@7855268, debugName = QuickstepLaunch } for TransitionRecord{587b703 id=212 type=OPEN flags=0x0}
03-15 18:12:33.009  1474  2062 I ActivityTaskManager: START u0 {act=android.intent.action.MAIN cat=[android.intent.category.LAUNCHER] flg=0x10200000 cmp=tv.danmaku.bilibilihd/tv.danmaku.bili.MainActivityV2 bnds=[1891,160][2729,830]} with LAUNCH_SINGLE_TOP from uid 10105 (BAL_ALLOW_ALLOWLISTED_COMPONENT) result code=0
03-15 18:12:33.011  1474  1614 D CompatibilityChangeReporter: Compat change id reported: 135634846; UID 10253; state: DISABLED
03-15 18:12:33.011  1474  1614 D CompatibilityChangeReporter: Compat change id reported: 177438394; UID 10253; state: DISABLED
03-15 18:12:33.011  1474  1614 D CompatibilityChangeReporter: Compat change id reported: 135772972; UID 10253; state: DISABLED
03-15 18:12:33.011  1474  1614 D CompatibilityChangeReporter: Compat change id reported: 135754954; UID 10253; state: ENABLED
03-15 18:12:33.011  1474  1629 D CompatibilityChangeReporter: Compat change id reported: 143937733; UID 10253; state: ENABLED
03-15 18:12:33.013  2058  2058 D DesktopTasksController: handleRequest, windowingMode: 1, request.type: 1, TRANSIT_TO_FRONT: 3, TRANSIT_TO_BACK: 4, activeTasks: {}, 
03-15 18:12:33.013  2058  2058 D DesktopTasksController: taskInfo: TaskInfo{userId=0 taskId=50 displayId=0 isRunning=true baseIntent=Intent { act=android.intent.action.MAIN cat=[android.intent.category.LAUNCHER] flg=0x10200000 cmp=tv.danmaku.bilibilihd/tv.danmaku.bili.MainActivityV2 } baseActivity=ComponentInfo{tv.danmaku.bilibilihd/tv.danmaku.bili.MainActivityV2} topActivity=ComponentInfo{tv.danmaku.bilibilihd/tv.danmaku.bili.MainActivityV2} origActivity=null realActivity=ComponentInfo{tv.danmaku.bilibilihd/tv.danmaku.bili.MainActivityV2} numActivities=1 lastActiveTime=29020098 supportsMultiWindow=true resizeMode=0 isResizeable=false canKillAndRestart=false isShowDecorCaptionWindowRequest=false minWidth=-1 minHeight=-1 defaultMinSize=220 token=WCT{android.window.IWindowContainerToken$Stub$Proxy@20975ae} topActivityType=1 pictureInPictureParams=null shouldDockBigOverlays=false launchIntoPipHostTaskId=-1 lastParentTaskIdBeforePip=-1 displayCutoutSafeInsets=null topActivityInfo=ActivityInfo{2764f4f tv.danmaku.bili.MainActivityV2} launchCookies=[android.os.BinderProxy@ea406dc] positionInParent=Point(0, 0) parentTaskId=-1 isFocused=false isVisible=false isVisibleRequested=false isHasResumedActivity=false ifUltraWideField=false layoutFlags=0 layoutSystemUiVisibility=0 layoutSubtreeSystemUiVisibility=0 isSleeping=false topActivityInSizeCompat=false topActivityEligibleForLetterboxEducation= false topActivityLetterboxed= false isFromDoubleTap= false topActivityLetterboxVerticalPosition= -1 topActivityLetterboxHorizontalPosition= -1 topActivityLetterboxWidth=-1 topActivityLetterboxHeight=-1 locusId=null displayAreaFeatureId=1 cameraCompatControlState=hidden}
03-15 18:12:33.015  1474  2057 W ActivityManager: notifyProcessStarted!
03-15 18:12:33.016  1474  1615 V WindowManager: Focus not requested for window=Window{d1e2f6a u0 com.zui.launcher/com.zui.launcher.drawer.NormalLauncher} because it has no surface or is not focusable.
03-15 18:12:33.016  1474  2137 D ChangeTransitionController: applySyncStagingTypesIfNeeded: fail stage is empty
03-15 18:12:33.017  1474  2014 D ZuiInputManager: updateTopTaskPackageStatus mTopTaskPackageName = tv.danmaku.bilibilihd
03-15 18:12:33.017  2058  2058 D RecentTasksController: notifyRecentTasksChanged reason:onRecentTaskListUpdated
03-15 18:12:33.017  1474  2014 D BigPalmInputPolicy: isGameAppPackage: mUiType = ZUI, packageName = tv.danmaku.bilibilihd
03-15 18:12:33.017  1474  2014 D TouchscreenServiceManager: setBigPalm by hidl v1_0 
03-15 18:12:33.020  1474  1629 I ActivityManager: Start proc 12152:tv.danmaku.bilibilihd/u0a253 for next-top-activity {tv.danmaku.bilibilihd/tv.danmaku.bili.MainActivityV2}
03-15 18:12:33.020  1474  2057 W ActivityManager: notifyProcessStarted!
03-15 18:12:33.021  2058  2160 D SystemServiceRegistry:  zuiHandwriting new zuihandwritingmanager
03-15 18:12:33.023  1474 12153 W ContextImpl: Calling a method in the system process without a qualified user: android.app.ContextImpl.sendBroadcast:1224 com.qualcomm.qti.Performance$SendGameLaunchBroadcast.run:247 java.lang.Thread.run:1012 <bottom of call stack> <bottom of call stack> 
03-15 18:12:33.026  1474  2137 D WindowManager: computeImeParent ret ===0
03-15 18:12:33.026  1474  1615 V WindowManager: Focus not requested for window=Window{d1e2f6a u0 com.zui.launcher/com.zui.launcher.drawer.NormalLauncher} because it has no surface or is not focusable.
03-15 18:12:33.033  1474  2137 D CoreBackPreview: Window{1e62375 u0 Splash Screen tv.danmaku.bilibilihd}: Setting back callback OnBackInvokedCallbackInfo{mCallback=android.window.IOnBackInvokedCallback$Stub$Proxy@e62598, mPriority=0, mIsAnimationCallback=false}
03-15 18:12:33.033  1474  2489 I WindowManager: Window{1e62375 u0 Splash Screen tv.danmaku.bilibilihd} state from NO_SURFACE to DRAW_PENDING; reason: resetDrawState
03-15 18:12:33.034  1474  2489 D WindowManager: Changing focus from Window{d1e2f6a u0 com.zui.launcher/com.zui.launcher.drawer.NormalLauncher} to null displayId=0 Callers=com.android.server.wm.RootWindowContainer.updateFocusedWindowLocked:503 com.android.server.wm.WindowManagerService.updateFocusedWindowLocked:6584 com.android.server.wm.WindowManagerService.relayoutWindow:2809 com.android.server.wm.Session.relayout:256 
03-15 18:12:33.035  1474  2489 I WindowManager: setInputFocusLw : null,display Id:0
03-15 18:12:33.043  1474  2137 I WindowManager: Window{1e62375 u0 Splash Screen tv.danmaku.bilibilihd} state from DRAW_PENDING to COMMIT_DRAW_PENDING; reason: finishDrawingLocked
03-15 18:12:33.043  1474  1615 I WindowManager: Window{1e62375 u0 Splash Screen tv.danmaku.bilibilihd} state from COMMIT_DRAW_PENDING to READY_TO_SHOW; reason: commitFinishDrawingLocked
03-15 18:12:33.044  1474  1615 I Transition: RefreshRateConfigs, boost when animation.
03-15 18:12:33.044  1474  1615 I WindowManager: Window{1e62375 u0 Splash Screen tv.danmaku.bilibilihd} state from READY_TO_SHOW to HAS_DRAWN; reason: performShowLocked
03-15 18:12:33.045  1474  1615 I OvCameraRotation: camera activity:null fullScreen:false canResizeTask:false isEmbedded:false display:0 pcMode:false
03-15 18:12:33.046  1474  1611 V WindowManager: Sent Transition #212 createdAt=03-15 18:12:33.000 via request=TransitionRequestInfo { type = OPEN, triggerTask = TaskInfo{userId=0 taskId=50 displayId=0 isRunning=true baseIntent=Intent { act=android.intent.action.MAIN cat=[android.intent.category.LAUNCHER] flg=0x10200000 cmp=tv.danmaku.bilibilihd/tv.danmaku.bili.MainActivityV2 } baseActivity=ComponentInfo{tv.danmaku.bilibilihd/tv.danmaku.bili.MainActivityV2} topActivity=ComponentInfo{tv.danmaku.bilibilihd/tv.danmaku.bili.MainActivityV2} origActivity=null realActivity=ComponentInfo{tv.danmaku.bilibilihd/tv.danmaku.bili.MainActivityV2} numActivities=1 lastActiveTime=29020098 supportsMultiWindow=true resizeMode=0 isResizeable=false canKillAndRestart=true isShowDecorCaptionWindowRequest=false minWidth=-1 minHeight=-1 defaultMinSize=220 token=WCT{RemoteToken{1c00fb0 Task{30479bd #50 type=standard A=10253:tv.danmaku.bilibilihd}}} topActivityType=1 pictureInPictureParams=null shouldDockBigOverlays=false launchIntoPipHostTaskId=-1 lastParentTaskIdBeforePip=-1 displayCutoutSafeInsets=null topActivityInfo=ActivityInfo{5ae7e29 tv.danmaku.bili.MainActivityV2} launchCookies=[android.os.BinderProxy@27265ae] positionInParent=Point(0, 0) parentTaskId=-1 isFocused=false isVisible=false isVisibleRequested=false isHasResumedActivity=false ifUltraWideField=false layoutFlags=0 layoutSystemUiVisibility=0 layoutSubtreeSystemUiVisibility=0 isSleeping=false topActivityInSizeCompat=false topActivityEligibleForLetterboxEducation= false topActivityLetterboxed= false isFromDoubleTap= false topActivityLetterboxVerticalPosition= -1 topActivityLetterboxHorizontalPosition= -1 topActivityLetterboxWidth=-1 topActivityLetterboxHeight=-1 locusId=null displayAreaFeatureId=1 cameraCompatControlState=hidden}, remoteTransition = RemoteTransition { remoteTransition = android.window.IRemoteTransition$Stub$Proxy@3dea18b, appThread = android.app.IApplicationThread$Stub$Proxy@7855268, debugName = QuickstepLaunch }, displayChange = null }
03-15 18:12:33.046  1474  1611 V WindowManager:     startWCT=WindowContainerTransaction { changes = {} hops = [] errorCallbackToken=null taskFragmentOrganizer=null }
03-15 18:12:33.046  1474  1611 V WindowManager:     info={id=212 t=OPEN f=0x0 trk=0 r=[0@Point(0, 0)] c=[{WCT{RemoteToken{1c00fb0 Task{30479bd #50 type=standard A=10253:tv.danmaku.bilibilihd}}} m=OPEN f=NONE leash=Surface(name=Task=50)/@0x3e40344 sb=Rect(0, 0 - 2944, 1840) eb=Rect(0, 0 - 2944, 1840) d=0 windowingMode=1},{WCT{RemoteToken{6a6091e Task{c016788 #1 type=home}}} m=TO_BACK f=SHOW_WALLPAPER leash=Surface(name=Task=1)/@0xa05ac31 sb=Rect(0, 0 - 2944, 1840) eb=Rect(0, 0 - 2944, 1840) d=0 windowingMode=1}]}
03-15 18:12:33.046  1474  1611 D TransitionController: for OneVision debug. Transition info:{id=212 t=OPEN f=0x0 trk=0 r=[0@Point(0, 0)] c=[{WCT{RemoteToken{1c00fb0 Task{30479bd #50 type=standard A=10253:tv.danmaku.bilibilihd}}} m=OPEN f=NONE leash=Surface(name=Task=50)/@0x3e40344 sb=Rect(0, 0 - 2944, 1840) eb=Rect(0, 0 - 2944, 1840) d=0 windowingMode=1},{WCT{RemoteToken{6a6091e Task{c016788 #1 type=home}}} m=TO_BACK f=SHOW_WALLPAPER leash=Surface(name=Task=1)/@0xa05ac31 sb=Rect(0, 0 - 2944, 1840) eb=Rect(0, 0 - 2944, 1840) d=0 windowingMode=1}]}
03-15 18:12:33.051  1474  2489 I WindowManager: setFocusedAppLw : ActivityRecord{74ff681 u0 tv.danmaku.bilibilihd/tv.danmaku.bili.MainActivityV2 t50, isEmbedded=false},display Id:0
03-15 18:12:33.052  1474  2014 D ZuiInputManager: updateTopTaskPackageStatus mTopTaskPackageName = tv.danmaku.bilibilihd
03-15 18:12:33.052  1474  2014 D BigPalmInputPolicy: isGameAppPackage: mUiType = ZUI, packageName = tv.danmaku.bilibilihd
03-15 18:12:33.052  1474  2014 D TouchscreenServiceManager: setBigPalm by hidl v1_0 
03-15 18:12:33.058  1474  2489 D CompatibilityChangeReporter: Compat change id reported: 170503758; UID 10253; state: ENABLED
03-15 18:12:33.068  2058  2058 D WindowDecoration: Keep captionBar Inset, taskId: 50, displayId: 0
03-15 18:12:33.070  2058  2058 D SystemServiceRegistry:  zuiHandwriting new zuihandwritingmanager
03-15 18:12:33.073  1474  2137 D ChangeTransitionController: applySyncStagingTypesIfNeeded: fail stage is empty
03-15 18:12:33.078  1474  2137 D ChangeTransitionController: applySyncStagingTypesIfNeeded: fail stage is empty
03-15 18:12:33.078  2562  2562 D RemoteAnimationTargets: apps >>> length = 2
03-15 18:12:33.078  2562  2562 D RemoteAnimationTargets: java.lang.Throwable
03-15 18:12:33.078  2562  2562 D RemoteAnimationTargets: 	at com.zui.quickstep.RemoteAnimationTargets.<init>(Unknown Source:34)
03-15 18:12:33.078  2562  2562 D RemoteAnimationTargets: 	at com.zui.launcher.QuickstepTransitionManager.K(Unknown Source:123)
03-15 18:12:33.078  2562  2562 D RemoteAnimationTargets: 	at com.zui.launcher.QuickstepTransitionManager.A(Unknown Source:45)
03-15 18:12:33.078  2562  2562 D RemoteAnimationTargets: 	at com.zui.launcher.QuickstepTransitionManager.m(Unknown Source:0)
03-15 18:12:33.078  2562  2562 D RemoteAnimationTargets: 	at com.zui.launcher.QuickstepTransitionManager$u.onAnimationStart(Unknown Source:79)
03-15 18:12:33.078  2562  2562 D RemoteAnimationTargets: 	at com.zui.launcher.LauncherAnimationRunner.k(Unknown Source:46)
03-15 18:12:33.078  2562  2562 D RemoteAnimationTargets: 	at com.zui.launcher.LauncherAnimationRunner.f(Unknown Source:0)
03-15 18:12:33.078  2562  2562 D RemoteAnimationTargets: 	at com.zui.launcher.u3.run(Unknown Source:12)
03-15 18:12:33.078  2562  2562 D RemoteAnimationTargets: 	at android.os.Handler.handleCallback(Handler.java:977)
03-15 18:12:33.078  2562  2562 D RemoteAnimationTargets: 	at android.os.Handler.dispatchMessage(Handler.java:111)
03-15 18:12:33.078  2562  2562 D RemoteAnimationTargets: 	at android.os.Looper.loopOnce(Looper.java:206)
03-15 18:12:33.078  2562  2562 D RemoteAnimationTargets: 	at android.os.Looper.loop(Looper.java:295)
03-15 18:12:33.078  2562  2562 D RemoteAnimationTargets: 	at android.app.ActivityThread.main(ActivityThread.java:8780)
03-15 18:12:33.078  2562  2562 D RemoteAnimationTargets: 	at java.lang.reflect.Method.invoke(Native Method)
03-15 18:12:33.078  2562  2562 D RemoteAnimationTargets: 	at com.android.internal.os.RuntimeInit$MethodAndArgsCaller.run(RuntimeInit.java:556)
03-15 18:12:33.078  2562  2562 D RemoteAnimationTargets: 	at com.android.internal.os.ZygoteInit.main(ZygoteInit.java:981)
03-15 18:12:33.080  1474  1474 D UiModeManager: updateConfigurationLocked: mDockState=0; mCarMode=false; mNightMode=2; mZuiNightModeOverride=2; mPowerSave=false; isTestMode=false; uiMode=33
03-15 18:12:33.081  1474  2137 D ChangeTransitionController: applySyncStagingTypesIfNeeded: fail stage is empty
03-15 18:12:33.092  2058  2058 D PowerUI : onReceive to showplugged=true buckert==1mcaharge==true level==81 chargrate=0oldpluge==true
03-15 18:12:33.092  2058  3402 D PowerUI : can't show warning due to - plugged: true status unknown: false
03-15 18:12:33.092  2058  3402 I PowerUI.Notification: dismissing low battery notification
03-15 18:12:33.115  2058  2058 D RecentTasksController: notifyRecentTasksChanged reason:onTaskStackChanged
03-15 18:12:33.363  1474  2062 D CompatibilityChangeReporter: Compat change id reported: 161145287; UID 10253; state: ENABLED
03-15 18:12:33.418 30878 30878 E ActivityThread: Failed to find provider info for com.miui.personalassistant.widget.external
03-15 18:12:33.494  1474  1611 V WindowManager: Finish Transition #212: created at 03-15 18:12:33.000 collect-started=0.104ms request-sent=7.786ms started=15.731ms ready=42.98ms sent=44.461ms finished=493.242ms
03-15 18:12:33.515 12152 12182 D ActivityThread: Loading provider tv.danmaku.bilibilihd.provider.xpref: com.bilibili.xpref.XprefProvider
03-15 18:12:33.671  1474  1612 D WindowManager: ondown, touch down!
03-15 18:12:33.696  1474  2485 D AppOps  : recordOpsBehaviorForZui() called with: code = [214], uid = [10253], packageName = [tv.danmaku.bilibilihd], attributionTag = [null], mode = [0]
03-15 18:12:33.745  1474  1612 E WindowManager: notifySystemWindowStatusChanged null WindowState
03-15 18:12:33.760  1474  2485 I WindowManager: Window{b3e559c u0 NotificationShade} state from NO_SURFACE to DRAW_PENDING; reason: resetDrawState
03-15 18:12:33.764  1474  2485 D WindowManager: Changing focus from null to Window{b3e559c u0 NotificationShade} displayId=0 Callers=com.android.server.wm.RootWindowContainer.updateFocusedWindowLocked:503 com.android.server.wm.WindowManagerService.updateFocusedWindowLocked:6584 com.android.server.wm.WindowManagerService.relayoutWindow:2809 com.android.server.wm.Session.relayout:256 
03-15 18:12:33.766  1474  2485 I WindowManager: setInputFocusLw : Window{b3e559c u0 NotificationShade},display Id:0
03-15 18:12:33.779  1474  1612 D WindowManager: onscroll, touch interaction!
03-15 18:12:33.788  1474  1612 D WindowManager: onfling, touch interaction!
03-15 18:12:33.789  1474  1612 D WindowManager: onup, touch up!
03-15 18:12:33.792  1474  2137 I WindowManager: Window{b3e559c u0 NotificationShade} state from DRAW_PENDING to COMMIT_DRAW_PENDING; reason: finishDrawingLocked
03-15 18:12:33.793  1474  1615 I WindowManager: Window{b3e559c u0 NotificationShade} state from COMMIT_DRAW_PENDING to READY_TO_SHOW; reason: commitFinishDrawingLocked
03-15 18:12:33.793  1474  1615 I WindowManager: Window{b3e559c u0 NotificationShade} state from READY_TO_SHOW to HAS_DRAWN; reason: performShowLocked
03-15 18:12:33.796  2058  2058 W Looper  : Slow delivery took 451820ms main h=android.os.Handler c=com.android.systemui.statusbar.notification.logging.NotificationLogger$1@8a8cdd6 m=0
03-15 18:12:33.819  2058  2058 W Looper  : Drained
03-15 18:12:33.823  1474  2137 D SystemServerTiming: getUserSwitchability-0
03-15 18:12:33.823  1474  2137 D SystemServerTiming: TM.isInCall
03-15 18:12:33.824  1474  3418 D SystemServerTiming: getUserSwitchability-0
03-15 18:12:33.824  1474  3418 D SystemServerTiming: TM.isInCall
03-15 18:12:33.824  1474  2137 D SystemServerTiming: hasUserRestriction-DISALLOW_USER_SWITCH
03-15 18:12:33.824  1474  2137 D SystemServerTiming: getInt-ALLOW_USER_SWITCHING_WHEN_SYSTEM_USER_LOCKED
03-15 18:12:33.824  1474  2137 D SystemServerTiming: isUserUnlocked-USER_SYSTEM
03-15 18:12:33.824  1474  3418 D SystemServerTiming: hasUserRestriction-DISALLOW_USER_SWITCH
03-15 18:12:33.824  1474  3418 D SystemServerTiming: getInt-ALLOW_USER_SWITCHING_WHEN_SYSTEM_USER_LOCKED
03-15 18:12:33.824  1474  3418 D SystemServerTiming: isUserUnlocked-USER_SYSTEM
03-15 18:12:33.831  1474  2137 D CompatibilityChangeReporter: Compat change id reported: 261072174; UID 10253; state: ENABLED
03-15 18:12:33.861 12152 12180 E ActivityThread: Failed to find provider info for com.huawei.android.launcher.settings
03-15 18:12:33.862 12152 12180 E ActivityThread: Failed to find provider info for com.hihonor.android.launcher.settings
03-15 18:12:33.911  1474  2062 D AppOps  : recordOpsBehaviorForZui() called with: code = [214], uid = [10253], packageName = [tv.danmaku.bilibilihd], attributionTag = [null], mode = [0]
03-15 18:12:33.986  1474  2489 I ActivityManager: Flag disabled. Ignoring finishAttachApplication from uid: 10253. pid: 12152
03-15 18:12:34.131 12152 12152 D WindowManagerImpl: addView displayId=0 0
03-15 18:12:34.131 12152 12152 D WindowManagerImpl: addView displayId33= 0
03-15 18:12:34.132 12152 12152 D SystemServiceRegistry:  zuiHandwriting new zuihandwritingmanager
03-15 18:12:34.149  1474  4473 D CoreBackPreview: Window{14f673e u0 tv.danmaku.bilibilihd/tv.danmaku.bili.MainActivityV2}: Setting back callback OnBackInvokedCallbackInfo{mCallback=android.window.IOnBackInvokedCallback$Stub$Proxy@d3faeb5, mPriority=0, mIsAnimationCallback=false}
03-15 18:12:34.159  1474  4473 D ChangeTransitionController: applySyncStagingTypesIfNeeded: fail stage is empty
03-15 18:12:34.226  1474  2062 I WindowManager: Window{14f673e u0 tv.danmaku.bilibilihd/tv.danmaku.bili.MainActivityV2} state from NO_SURFACE to DRAW_PENDING; reason: resetDrawState
03-15 18:12:34.246  1474  2062 D ChangeTransitionController: applySyncStagingTypesIfNeeded: fail stage is empty
03-15 18:12:34.311  1474  2489 I WindowManager: Window{14f673e u0 tv.danmaku.bilibilihd/tv.danmaku.bili.MainActivityV2} state from DRAW_PENDING to COMMIT_DRAW_PENDING; reason: finishDrawingLocked
03-15 18:12:34.312  1474  1615 I WindowManager: Window{14f673e u0 tv.danmaku.bilibilihd/tv.danmaku.bili.MainActivityV2} state from COMMIT_DRAW_PENDING to READY_TO_SHOW; reason: commitFinishDrawingLocked
03-15 18:12:34.312  1474  1615 D ActivityTaskManager: SplashScreen not transfer special !!!
03-15 18:12:34.314  1474  1615 I WindowManager: Window{14f673e u0 tv.danmaku.bilibilihd/tv.danmaku.bili.MainActivityV2} state from READY_TO_SHOW to HAS_DRAWN; reason: performShowLocked
03-15 18:12:34.321  1474  1615 D ActivityTaskManager: SplashScreen not transfer special !!!
03-15 18:12:34.326  1474  2062 D CompatibilityChangeReporter: Compat change id reported: 135634846; UID 99023; state: DISABLED
03-15 18:12:34.326  1474  2062 D CompatibilityChangeReporter: Compat change id reported: 177438394; UID 99023; state: DISABLED
03-15 18:12:34.326  1474  2062 D CompatibilityChangeReporter: Compat change id reported: 135772972; UID 99023; state: DISABLED
03-15 18:12:34.326  1474  2062 D CompatibilityChangeReporter: Compat change id reported: 135754954; UID 99023; state: ENABLED
03-15 18:12:34.326  1474  1629 D CompatibilityChangeReporter: Compat change id reported: 143937733; UID 10253; state: ENABLED
03-15 18:12:34.326  1474  2057 W ActivityManager: notifyProcessStarted!
03-15 18:12:34.342  1474  1629 I ActivityManager: Start proc 12501:com.google.android.webview:sandboxed_process0:org.chromium.content.app.SandboxedProcessService0:0/u0i23 for  {tv.danmaku.bilibilihd/org.chromium.content.app.SandboxedProcessService0:0}
03-15 18:12:34.343  1474  2057 W ActivityManager: notifyProcessStarted!
03-15 18:12:34.351  2058  2160 D TransactionPool: acquire st:-5476376656299799152 caller:com.android.wm.shell.startingsurface.SplashScreenExitAnimationUtils$ShiftUpAnimation.onAnimationProgress:334 com.android.wm.shell.startingsurface.SplashScreenExitAnimationUtils.lambda$createAnimator$0:192 com.android.wm.shell.startingsurface.SplashScreenExitAnimationUtils$$ExternalSyntheticLambda0.onAnimationUpdate:19 
03-15 18:12:34.351  2058  2160 D TransactionPool: release st:-5476376656299799152 caller:com.android.wm.shell.common.TransactionPool.release:60 com.android.wm.shell.startingsurface.SplashScreenExitAnimationUtils$ShiftUpAnimation.onAnimationProgress:347 com.android.wm.shell.startingsurface.SplashScreenExitAnimationUtils.lambda$createAnimator$0:192 
03-15 18:12:34.351  2058  2160 D TransactionPool: put st:-5476376656299799152 reason to release map
03-15 18:12:34.358  2058  2160 D TransactionPool: acquire st:-5476376656299799152 caller:com.android.wm.shell.startingsurface.SplashScreenExitAnimationUtils$ShiftUpAnimation.onAnimationProgress:334 com.android.wm.shell.startingsurface.SplashScreenExitAnimationUtils.lambda$createAnimator$0:192 com.android.wm.shell.startingsurface.SplashScreenExitAnimationUtils$$ExternalSyntheticLambda0.onAnimationUpdate:19 
03-15 18:12:34.358  2058  2160 D TransactionPool: release st:-5476376656299799152 caller:com.android.wm.shell.common.TransactionPool.release:60 com.android.wm.shell.startingsurface.SplashScreenExitAnimationUtils$ShiftUpAnimation.onAnimationProgress:347 com.android.wm.shell.startingsurface.SplashScreenExitAnimationUtils.lambda$createAnimator$0:192 
03-15 18:12:34.358  2058  2160 D TransactionPool: put st:-5476376656299799152 reason to release map
03-15 18:12:34.368  1474  2485 D ChangeTransitionController: applySyncStagingTypesIfNeeded: fail stage is empty
03-15 18:12:34.375  2058  2160 D TransactionPool: acquire st:-5476376656299799152 caller:com.android.wm.shell.startingsurface.SplashScreenExitAnimationUtils$ShiftUpAnimation.onAnimationProgress:334 com.android.wm.shell.startingsurface.SplashScreenExitAnimationUtils.lambda$createAnimator$0:192 com.android.wm.shell.startingsurface.SplashScreenExitAnimationUtils$$ExternalSyntheticLambda0.onAnimationUpdate:19 
03-15 18:12:34.375  2058  2160 D TransactionPool: release st:-5476376656299799152 caller:com.android.wm.shell.common.TransactionPool.release:60 com.android.wm.shell.startingsurface.SplashScreenExitAnimationUtils$ShiftUpAnimation.onAnimationProgress:347 com.android.wm.shell.startingsurface.SplashScreenExitAnimationUtils.lambda$createAnimator$0:192 
03-15 18:12:34.376  2058  2160 D TransactionPool: put st:-5476376656299799152 reason to release map
03-15 18:12:34.382  2058  2160 D TransactionPool: acquire st:-5476376656299799152 caller:com.android.wm.shell.startingsurface.SplashScreenExitAnimationUtils$ShiftUpAnimation.onAnimationProgress:334 com.android.wm.shell.startingsurface.SplashScreenExitAnimationUtils.lambda$createAnimator$0:192 com.android.wm.shell.startingsurface.SplashScreenExitAnimationUtils$$ExternalSyntheticLambda0.onAnimationUpdate:19 
03-15 18:12:34.383  2058  2160 D TransactionPool: release st:-5476376656299799152 caller:com.android.wm.shell.common.TransactionPool.release:60 com.android.wm.shell.startingsurface.SplashScreenExitAnimationUtils$ShiftUpAnimation.onAnimationProgress:347 com.android.wm.shell.startingsurface.SplashScreenExitAnimationUtils.lambda$createAnimator$0:192 
03-15 18:12:34.383  2058  2160 D TransactionPool: put st:-5476376656299799152 reason to release map
03-15 18:12:34.387  1474  1612 D WindowManager: ondown, touch down!
03-15 18:12:34.391  2058  2160 D TransactionPool: acquire st:-5476376656299799152 caller:com.android.wm.shell.startingsurface.SplashScreenExitAnimationUtils$ShiftUpAnimation.onAnimationProgress:334 com.android.wm.shell.startingsurface.SplashScreenExitAnimationUtils.lambda$createAnimator$0:192 com.android.wm.shell.startingsurface.SplashScreenExitAnimationUtils$$ExternalSyntheticLambda0.onAnimationUpdate:19 
03-15 18:12:34.391  2058  2160 D TransactionPool: release st:-5476376656299799152 caller:com.android.wm.shell.common.TransactionPool.release:60 com.android.wm.shell.startingsurface.SplashScreenExitAnimationUtils$ShiftUpAnimation.onAnimationProgress:347 com.android.wm.shell.startingsurface.SplashScreenExitAnimationUtils.lambda$createAnimator$0:192 
03-15 18:12:34.391  2058  2160 D TransactionPool: put st:-5476376656299799152 reason to release map
03-15 18:12:34.395  1474  4660 D CompatibilityChangeReporter: Compat change id reported: 135634846; UID 10253; state: DISABLED
03-15 18:12:34.396  1474  4660 D CompatibilityChangeReporter: Compat change id reported: 177438394; UID 10253; state: DISABLED
03-15 18:12:34.396  1474  4660 D CompatibilityChangeReporter: Compat change id reported: 135772972; UID 10253; state: DISABLED
03-15 18:12:34.396  1474  4660 D CompatibilityChangeReporter: Compat change id reported: 135754954; UID 10253; state: ENABLED
03-15 18:12:34.396  1474  2057 W ActivityManager: notifyProcessStarted!
03-15 18:12:34.400  2058  2160 D TransactionPool: acquire st:-5476376656299799152 caller:com.android.wm.shell.startingsurface.SplashScreenExitAnimationUtils$ShiftUpAnimation.onAnimationProgress:334 com.android.wm.shell.startingsurface.SplashScreenExitAnimationUtils.lambda$createAnimator$0:192 com.android.wm.shell.startingsurface.SplashScreenExitAnimationUtils$$ExternalSyntheticLambda0.onAnimationUpdate:19 
03-15 18:12:34.400  1474  1629 D CompatibilityChangeReporter: Compat change id reported: 143937733; UID 10253; state: ENABLED
03-15 18:12:34.400  2058  2160 D TransactionPool: release st:-5476376656299799152 caller:com.android.wm.shell.common.TransactionPool.release:60 com.android.wm.shell.startingsurface.SplashScreenExitAnimationUtils$ShiftUpAnimation.onAnimationProgress:347 com.android.wm.shell.startingsurface.SplashScreenExitAnimationUtils.lambda$createAnimator$0:192 
03-15 18:12:34.400  2058  2160 D TransactionPool: put st:-5476376656299799152 reason to release map
03-15 18:12:34.409  2058  2160 D TransactionPool: acquire st:-5476376656299799152 caller:com.android.wm.shell.startingsurface.SplashScreenExitAnimationUtils$ShiftUpAnimation.onAnimationProgress:334 com.android.wm.shell.startingsurface.SplashScreenExitAnimationUtils.lambda$createAnimator$0:192 com.android.wm.shell.startingsurface.SplashScreenExitAnimationUtils$$ExternalSyntheticLambda0.onAnimationUpdate:19 
03-15 18:12:34.409  2058  2160 D TransactionPool: release st:-5476376656299799152 caller:com.android.wm.shell.common.TransactionPool.release:60 com.android.wm.shell.startingsurface.SplashScreenExitAnimationUtils$ShiftUpAnimation.onAnimationProgress:347 com.android.wm.shell.startingsurface.SplashScreenExitAnimationUtils.lambda$createAnimator$0:192 
03-15 18:12:34.409  2058  2160 D TransactionPool: put st:-5476376656299799152 reason to release map
03-15 18:12:34.417  1474  4473 D CompatibilityChangeReporter: Compat change id reported: 135634846; UID 10212; state: DISABLED
03-15 18:12:34.417  1474  4473 D CompatibilityChangeReporter: Compat change id reported: 177438394; UID 10212; state: DISABLED
03-15 18:12:34.417  1474  4473 D CompatibilityChangeReporter: Compat change id reported: 135772972; UID 10212; state: DISABLED
03-15 18:12:34.417  1474  4473 D CompatibilityChangeReporter: Compat change id reported: 135754954; UID 10212; state: ENABLED
03-15 18:12:34.417  1474  2057 W ActivityManager: notifyProcessStarted!
03-15 18:12:34.418  2058  2160 D TransactionPool: acquire st:-5476376656299799152 caller:com.android.wm.shell.startingsurface.SplashScreenExitAnimationUtils$ShiftUpAnimation.onAnimationProgress:334 com.android.wm.shell.startingsurface.SplashScreenExitAnimationUtils.lambda$createAnimator$0:192 com.android.wm.shell.startingsurface.SplashScreenExitAnimationUtils$$ExternalSyntheticLambda0.onAnimationUpdate:19 
03-15 18:12:34.418  2058  2160 D TransactionPool: release st:-5476376656299799152 caller:com.android.wm.shell.common.TransactionPool.release:60 com.android.wm.shell.startingsurface.SplashScreenExitAnimationUtils$ShiftUpAnimation.onAnimationProgress:347 com.android.wm.shell.startingsurface.SplashScreenExitAnimationUtils.lambda$createAnimator$0:192 
03-15 18:12:34.418  2058  2160 D TransactionPool: put st:-5476376656299799152 reason to release map
03-15 18:12:34.424  2058  2160 D TransactionPool: acquire st:-5476376656299799152 caller:com.android.wm.shell.startingsurface.SplashScreenExitAnimationUtils$ShiftUpAnimation.onAnimationProgress:334 com.android.wm.shell.startingsurface.SplashScreenExitAnimationUtils.lambda$createAnimator$0:192 com.android.wm.shell.startingsurface.SplashScreenExitAnimationUtils$$ExternalSyntheticLambda0.onAnimationUpdate:19 
03-15 18:12:34.425  2058  2160 D TransactionPool: release st:-5476376656299799152 caller:com.android.wm.shell.common.TransactionPool.release:60 com.android.wm.shell.startingsurface.SplashScreenExitAnimationUtils$ShiftUpAnimation.onAnimationProgress:347 com.android.wm.shell.startingsurface.SplashScreenExitAnimationUtils.lambda$createAnimator$0:192 
03-15 18:12:34.425  2058  2160 D TransactionPool: put st:-5476376656299799152 reason to release map
03-15 18:12:34.426  1474  2489 I ActivityManager: Flag disabled. Ignoring finishAttachApplication from uid: 99023. pid: 12501
03-15 18:12:34.433  2058  2160 D TransactionPool: acquire st:-5476376656299799152 caller:com.android.wm.shell.startingsurface.SplashScreenExitAnimationUtils$ShiftUpAnimation.onAnimationProgress:334 com.android.wm.shell.startingsurface.SplashScreenExitAnimationUtils.lambda$createAnimator$0:192 com.android.wm.shell.startingsurface.SplashScreenExitAnimationUtils$$ExternalSyntheticLambda0.onAnimationUpdate:19 
03-15 18:12:34.434  2058  2160 D TransactionPool: release st:-5476376656299799152 caller:com.android.wm.shell.common.TransactionPool.release:60 com.android.wm.shell.startingsurface.SplashScreenExitAnimationUtils$ShiftUpAnimation.onAnimationProgress:347 com.android.wm.shell.startingsurface.SplashScreenExitAnimationUtils.lambda$createAnimator$0:192 
03-15 18:12:34.434  2058  2160 D TransactionPool: put st:-5476376656299799152 reason to release map
03-15 18:12:34.435 30878 30878 E ActivityThread: Failed to find provider info for com.miui.personalassistant.widget.external
03-15 18:12:34.436  1474  2057 W ActivityManager: notifyProcessStarted!
03-15 18:12:34.436  1474  1629 I ActivityManager: Start proc 12553:tv.danmaku.bilibilihd:ijkservice/u0a253 for service {tv.danmaku.bilibilihd/tv.danmaku.ijk.media.player.services.IjkMediaPlayerService}
03-15 18:12:34.437  1474  1629 D CompatibilityChangeReporter: Compat change id reported: 143937733; UID 10212; state: ENABLED
03-15 18:12:34.441  2058  2160 D TransactionPool: acquire st:-5476376656299799152 caller:com.android.wm.shell.startingsurface.SplashScreenExitAnimationUtils$ShiftUpAnimation.onAnimationProgress:334 com.android.wm.shell.startingsurface.SplashScreenExitAnimationUtils.lambda$createAnimator$0:192 com.android.wm.shell.startingsurface.SplashScreenExitAnimationUtils$$ExternalSyntheticLambda0.onAnimationUpdate:19 
03-15 18:12:34.441  2058  2160 D TransactionPool: release st:-5476376656299799152 caller:com.android.wm.shell.common.TransactionPool.release:60 com.android.wm.shell.startingsurface.SplashScreenExitAnimationUtils$ShiftUpAnimation.onAnimationProgress:347 com.android.wm.shell.startingsurface.SplashScreenExitAnimationUtils.lambda$createAnimator$0:192 
03-15 18:12:34.441  2058  2160 D TransactionPool: put st:-5476376656299799152 reason to release map
03-15 18:12:34.448  1474  1612 D WindowManager: onup, touch up!
03-15 18:12:34.450  2058  2160 D TransactionPool: acquire st:-5476376656299799152 caller:com.android.wm.shell.startingsurface.SplashScreenExitAnimationUtils$ShiftUpAnimation.onAnimationProgress:334 com.android.wm.shell.startingsurface.SplashScreenExitAnimationUtils.lambda$createAnimator$0:192 com.android.wm.shell.startingsurface.SplashScreenExitAnimationUtils$$ExternalSyntheticLambda0.onAnimationUpdate:19 
03-15 18:12:34.451  2058  2160 D TransactionPool: release st:-5476376656299799152 caller:com.android.wm.shell.common.TransactionPool.release:60 com.android.wm.shell.startingsurface.SplashScreenExitAnimationUtils$ShiftUpAnimation.onAnimationProgress:347 com.android.wm.shell.startingsurface.SplashScreenExitAnimationUtils.lambda$createAnimator$0:192 
03-15 18:12:34.451  2058  2160 D TransactionPool: put st:-5476376656299799152 reason to release map
03-15 18:12:34.459  2058  2160 D TransactionPool: acquire st:-5476376656299799152 caller:com.android.wm.shell.startingsurface.SplashScreenExitAnimationUtils$ShiftUpAnimation.onAnimationProgress:334 com.android.wm.shell.startingsurface.SplashScreenExitAnimationUtils.lambda$createAnimator$0:192 com.android.wm.shell.startingsurface.SplashScreenExitAnimationUtils$$ExternalSyntheticLambda0.onAnimationUpdate:19 
03-15 18:12:34.459  2058  2160 D TransactionPool: release st:-5476376656299799152 caller:com.android.wm.shell.common.TransactionPool.release:60 com.android.wm.shell.startingsurface.SplashScreenExitAnimationUtils$ShiftUpAnimation.onAnimationProgress:347 com.android.wm.shell.startingsurface.SplashScreenExitAnimationUtils.lambda$createAnimator$0:192 
03-15 18:12:34.459  2058  2160 D TransactionPool: put st:-5476376656299799152 reason to release map
03-15 18:12:34.467  2058  2160 D TransactionPool: acquire st:-5476376656299799152 caller:com.android.wm.shell.startingsurface.SplashScreenExitAnimationUtils$ShiftUpAnimation.onAnimationProgress:334 com.android.wm.shell.startingsurface.SplashScreenExitAnimationUtils.lambda$createAnimator$0:192 com.android.wm.shell.startingsurface.SplashScreenExitAnimationUtils$$ExternalSyntheticLambda0.onAnimationUpdate:19 
03-15 18:12:34.467  1474  2485 D CompatibilityChangeReporter: Compat change id reported: 218493289; UID 10076; state: ENABLED
03-15 18:12:34.467  2058  2160 D TransactionPool: release st:-5476376656299799152 caller:com.android.wm.shell.common.TransactionPool.release:60 com.android.wm.shell.startingsurface.SplashScreenExitAnimationUtils$ShiftUpAnimation.onAnimationProgress:347 com.android.wm.shell.startingsurface.SplashScreenExitAnimationUtils.lambda$createAnimator$0:192 
03-15 18:12:34.467  2058  2160 D TransactionPool: put st:-5476376656299799152 reason to release map
03-15 18:12:34.469  1474  1629 W ActivityManager: Slow operation: 52ms so far, now at startProcess: returned from zygote!
03-15 18:12:34.473  1474  1629 W ActivityManager: Slow operation: 56ms so far, now at startProcess: done updating battery stats
03-15 18:12:34.473  1474  1629 W ActivityManager: Slow operation: 56ms so far, now at startProcess: building log message
03-15 18:12:34.473  1474  1629 I ActivityManager: Start proc 12573:com.android.adservices.api/u0a212 for service {com.android.adservices.api/com.android.adservices.measurement.MeasurementService}
03-15 18:12:34.473  1474  2057 W ActivityManager: notifyProcessStarted!
03-15 18:12:34.473  1474  1629 W ActivityManager: Slow operation: 56ms so far, now at startProcess: starting to update pids map
03-15 18:12:34.473  1474  1629 W ActivityManager: Slow operation: 56ms so far, now at startProcess: done updating pids map
03-15 18:12:34.479  2058  2160 D TransactionPool: acquire st:-5476376656299799152 caller:com.android.wm.shell.startingsurface.SplashScreenExitAnimationUtils$ShiftUpAnimation.onAnimationProgress:334 com.android.wm.shell.startingsurface.SplashScreenExitAnimationUtils.lambda$createAnimator$0:192 com.android.wm.shell.startingsurface.SplashScreenExitAnimationUtils$$ExternalSyntheticLambda0.onAnimationUpdate:19 
03-15 18:12:34.479  2058  2160 D TransactionPool: release st:-5476376656299799152 caller:com.android.wm.shell.common.TransactionPool.release:60 com.android.wm.shell.startingsurface.SplashScreenExitAnimationUtils$ShiftUpAnimation.onAnimationProgress:347 com.android.wm.shell.startingsurface.SplashScreenExitAnimationUtils.lambda$createAnimator$0:192 
03-15 18:12:34.479  2058  2160 D TransactionPool: put st:-5476376656299799152 reason to release map
03-15 18:12:34.515  2058  2160 D TransactionPool: acquire st:-5476376656299799152 caller:com.android.wm.shell.startingsurface.SplashScreenExitAnimationUtils$ShiftUpAnimation.onAnimationProgress:334 com.android.wm.shell.startingsurface.SplashScreenExitAnimationUtils.lambda$createAnimator$0:192 com.android.wm.shell.startingsurface.SplashScreenExitAnimationUtils$$ExternalSyntheticLambda0.onAnimationUpdate:19 
03-15 18:12:34.516  2058  2160 D TransactionPool: release st:-5476376656299799152 caller:com.android.wm.shell.common.TransactionPool.release:60 com.android.wm.shell.startingsurface.SplashScreenExitAnimationUtils$ShiftUpAnimation.onAnimationProgress:347 com.android.wm.shell.startingsurface.SplashScreenExitAnimationUtils.lambda$createAnimator$0:192 
03-15 18:12:34.516  2058  2160 D TransactionPool: put st:-5476376656299799152 reason to release map
03-15 18:12:34.518  1474  2485 D CompatibilityChangeReporter: Compat change id reported: 168419799; UID 10212; state: DISABLED
03-15 18:12:34.518  1474  2485 D CompatibilityChangeReporter: Compat change id reported: 273564678; UID 10212; state: DISABLED
03-15 18:12:34.526  1474  1910 D CompatibilityChangeReporter: Compat change id reported: 265195908; UID 10212; state: ENABLED
03-15 18:12:34.534  1474  4660 D CompatibilityChangeReporter: Compat change id reported: 170503758; UID 10212; state: ENABLED
03-15 18:12:34.561  2058  2160 D TransactionPool: acquire st:-5476376656299799152 caller:com.android.wm.shell.startingsurface.SplashScreenExitAnimationUtils$ShiftUpAnimation.finish:354 com.android.wm.shell.startingsurface.SplashScreenExitAnimationUtils$1.onAnimationEnd:160 android.animation.Animator$AnimatorListener.onAnimationEnd:711 
03-15 18:12:34.561  2058  2160 D TransactionPool: release st:-5476376656299799152 caller:com.android.wm.shell.common.TransactionPool.release:60 com.android.wm.shell.startingsurface.SplashScreenExitAnimationUtils$ShiftUpAnimation.finish:369 com.android.wm.shell.startingsurface.SplashScreenExitAnimationUtils$1.onAnimationEnd:160 
03-15 18:12:34.561  2058  2160 D TransactionPool: put st:-5476376656299799152 reason to release map
03-15 18:12:34.568  1474  2062 D CoreBackPreview: Window{1e62375 u0 Splash Screen tv.danmaku.bilibilihd EXITING}: Setting back callback null
03-15 18:12:34.576  1474  1560 I WindowManager: Window{d1e2f6a u0 com.zui.launcher/com.zui.launcher.drawer.NormalLauncher} state from HAS_DRAWN to NO_SURFACE; reason: destroySurface
03-15 18:12:34.576  1474  1560 W WindowManager: for OneVision debug destroySurface:Window{d1e2f6a u0 com.zui.launcher/com.zui.launcher.drawer.NormalLauncher} caller:com.android.server.wm.WindowStateAnimator.destroySurfaceLocked:395 com.android.server.wm.WindowState.destroySurfaceUnchecked:3471 com.android.server.wm.WindowState.destroySurface:3445 com.android.server.wm.ActivityRecord.destroySurfaces:6295 com.android.server.wm.ActivityRecord.destroySurfaces:6276 
03-15 18:12:34.577  1474  1560 D ActivityTaskManager: SplashScreen not transfer special !!!
03-15 18:12:34.578  1474  4660 I ActivityManager: Flag disabled. Ignoring finishAttachApplication from uid: 10212. pid: 12573
03-15 18:12:34.719  1474  1615 I WindowManager: Window{1e62375 u0 Splash Screen tv.danmaku.bilibilihd EXITING} state from HAS_DRAWN to NO_SURFACE; reason: destroySurface
03-15 18:12:34.720  1474  1615 W WindowManager: for OneVision debug destroySurface:Window{1e62375 u0 Splash Screen tv.danmaku.bilibilihd EXITING} caller:com.android.server.wm.WindowStateAnimator.destroySurfaceLocked:395 com.android.server.wm.WindowState.destroySurfaceUnchecked:3471 com.android.server.wm.WindowState.destroySurface:3445 com.android.server.wm.WindowState.onExitAnimationDone:4919 com.android.server.wm.WindowStateAnimator.onAnimationFinished:195 
03-15 18:12:34.720  1474  1615 D WindowManager: setParent old=ActivityRecord{74ff681 u0 tv.danmaku.bilibilihd/tv.danmaku.bili.MainActivityV2 t50, isEmbedded=false},new=null,this window=Window{1e62375 u0 Splash Screen tv.danmaku.bilibilihd},callers=com.android.server.wm.WindowContainer.removeChild:813 com.android.server.wm.ActivityRecord.removeChild:4630 com.android.server.wm.ActivityRecord.removeChild:432 com.android.server.wm.WindowContainer.removeImmediately:871 com.android.server.wm.WindowState.removeImmediately:2455 com.android.server.wm.WindowState.destroySurface:3448 
03-15 18:12:34.720  1474  1615 D WindowManager: computeImeParent ret ===0
03-15 18:12:34.850  1474  2062 D AlarmManager: final first Wakeup:29062256 now: 29021940 isInNightMode:false
03-15 18:12:34.865  1474  4473 D AlarmManager: final first Wakeup:29062256 now: 29021955 isInNightMode:false
03-15 18:12:34.865  1474  1474 I Telecom : BluetoothStateReceiver: HFP device 84:AC:60:B8:69:C3 changed state to 0: BSR.oR@RJY
03-15 18:12:34.866  1474  2665 I Telecom : BluetoothRouteManager: name=BluetoothRouteManager state=AudioOff received message: LOST_DEVICE.: BSR.oR->BRM.pM_2@RJY
03-15 18:12:34.867  1474  2672 I Telecom : CallAudioRouteStateMachine: Message received: BLUETOOTH_DEVICE_LIST_CHANGED=7, arg1=0: BSR.oR->CARSM.pM_BLUETOOTH_DEVICE_LIST_CHANGED@RJY
03-15 18:12:34.869  1474  2672 I Telecom : QuiescentBluetoothRoute: Processing message BLUETOOTH_DEVICE_LIST_CHANGED: BSR.oR->CARSM.pM_BLUETOOTH_DEVICE_LIST_CHANGED@RJY
03-15 18:12:34.869  1474  2672 I Telecom : Logging.Events: Non-call EVENT: AUDIO_ROUTE, Bluetooth device list changed: BSR.oR->CARSM.pM_BLUETOOTH_DEVICE_LIST_CHANGED@RJY
03-15 18:12:34.879  1474  1474 I Telecom : BluetoothDeviceManager: Lost BluetoothHeadset service. Removing all tracked devices: BMSL.oSD@RJc
03-15 18:12:34.880  1474  1474 I Telecom : BluetoothDeviceManager: Lost BluetoothHeadset service. Removing all tracked devices: BMSL.oSD@RJg
03-15 18:12:34.881  1474  2672 I Telecom : CallAudioRouteStateMachine: Message received: BT_ACTIVE_DEVICE_GONE=9, arg1=0: BMSL.oSD->CARSM.pM_BT_ACTIVE_DEVICE_GONE@RJc
03-15 18:12:34.881  1474  2672 I Telecom : QuiescentBluetoothRoute: Processing message BT_ACTIVE_DEVICE_GONE: BMSL.oSD->CARSM.pM_BT_ACTIVE_DEVICE_GONE@RJc
03-15 18:12:34.881  1474  2672 I Telecom : Logging.Events: Non-call EVENT: AUDIO_ROUTE, Bluetooth active device gone: BMSL.oSD->CARSM.pM_BT_ACTIVE_DEVICE_GONE@RJc
03-15 18:12:34.881  1474  2672 I Telecom : CallAudioRouteStateMachine: Message received: SWITCH_BASELINE_ROUTE=1005, arg1=0: BMSL.oSD->CARSM.pM_BT_ACTIVE_DEVICE_GONE->CARSM.pM_SWITCH_BASELINE_ROUTE@RJc
03-15 18:12:34.881  1474  2672 I Telecom : QuiescentBluetoothRoute: Processing message SWITCH_BASELINE_ROUTE: BMSL.oSD->CARSM.pM_BT_ACTIVE_DEVICE_GONE->CARSM.pM_SWITCH_BASELINE_ROUTE@RJc
03-15 18:12:34.881  1474  2672 I Telecom : CallAudioRouteStateMachine: Message received: SWITCH_SPEAKER=1004, arg1=0: BMSL.oSD->CARSM.pM_BT_ACTIVE_DEVICE_GONE->CARSM.pM_SWITCH_BASELINE_ROUTE->CARSM.pM_SWITCH_SPEAKER@RJc
03-15 18:12:34.881  1474  2672 I Telecom : QuiescentBluetoothRoute: Processing message SWITCH_SPEAKER: BMSL.oSD->CARSM.pM_BT_ACTIVE_DEVICE_GONE->CARSM.pM_SWITCH_BASELINE_ROUTE->CARSM.pM_SWITCH_SPEAKER@RJc
03-15 18:12:34.881  1474  2672 I Telecom : Logging.Events: Non-call EVENT: AUDIO_ROUTE, Leaving state QuiescentBluetoothRoute: BMSL.oSD->CARSM.pM_BT_ACTIVE_DEVICE_GONE->CARSM.pM_SWITCH_BASELINE_ROUTE->CARSM.pM_SWITCH_SPEAKER@RJc
03-15 18:12:34.883  1474  2672 I Telecom : Logging.Events: Non-call EVENT: AUDIO_ROUTE, Entering state QuiescentSpeakerRoute: BMSL.oSD->CARSM.pM_BT_ACTIVE_DEVICE_GONE->CARSM.pM_SWITCH_BASELINE_ROUTE->CARSM.pM_SWITCH_SPEAKER@RJc
03-15 18:12:34.893  1474  1614 D KeyboardZuiKeyInputPolicy: onInputDeviceRemoved Input Device 9: Lenovo Precision Pen 3 Mouse
03-15 18:12:34.893  1474  1614 D KeyboardZuiKeyInputPolicy:   Descriptor: 90ec696d1390eaaea6a51232dd25e6dc5630b1a6
03-15 18:12:34.893  1474  1614 D KeyboardZuiKeyInputPolicy:   Generation: 642
03-15 18:12:34.893  1474  1614 D KeyboardZuiKeyInputPolicy:   Location: external
03-15 18:12:34.893  1474  1614 D KeyboardZuiKeyInputPolicy:   Keyboard Type: none
03-15 18:12:34.893  1474  1614 D KeyboardZuiKeyInputPolicy:   Has Vibrator: false
03-15 18:12:34.893  1474  1614 D KeyboardZuiKeyInputPolicy:   Has Sensor: false
03-15 18:12:34.893  1474  1614 D KeyboardZuiKeyInputPolicy:   Has battery: false
03-15 18:12:34.893  1474  1614 D KeyboardZuiKeyInputPolicy:   Has mic: false
03-15 18:12:34.893  1474  1614 D KeyboardZuiKeyInputPolicy:   USI Version: null
03-15 18:12:34.893  1474  1614 D KeyboardZuiKeyInputPolicy:   Sources: 0x2002 ( mouse )
03-15 18:12:34.893  1474  1614 D KeyboardZuiKeyInputPolicy:     AXIS_X: source=0x2002 min=0.0 max=2943.0 flat=0.0 fuzz=0.0 resolution=0.0
03-15 18:12:34.893  1474  1614 D KeyboardZuiKeyInputPolicy:     AXIS_Y: source=0x2002 min=0.0 max=1839.0 flat=0.0 fuzz=0.0 resolution=0.0
03-15 18:12:34.893  1474  1614 D KeyboardZuiKeyInputPolicy:     AXIS_PRESSURE: source=0x2002 min=0.0 max=1.0 flat=0.0 fuzz=0.0 resolution=0.0
03-15 18:12:34.893  1474  1614 D KeyboardZuiKeyInputPolicy:     AXIS_VSCROLL: source=0x2002 min=-1.0 max=1.0 flat=0.0 fuzz=0.0 resolution=0.0
03-15 18:12:34.903  1474  1614 D KeyboardZuiKeyInputPolicy: onInputDeviceRemoved Input Device 10: Lenovo Precision Pen 3 Consumer Control
03-15 18:12:34.903  1474  1614 D KeyboardZuiKeyInputPolicy:   Descriptor: 8f057354050a31c9b9499447f506a769cb741665
03-15 18:12:34.903  1474  1614 D KeyboardZuiKeyInputPolicy:   Generation: 775
03-15 18:12:34.903  1474  1614 D KeyboardZuiKeyInputPolicy:   Location: external
03-15 18:12:34.903  1474  1614 D KeyboardZuiKeyInputPolicy:   Keyboard Type: non-alphabetic
03-15 18:12:34.903  1474  1614 D KeyboardZuiKeyInputPolicy:   Has Vibrator: false
03-15 18:12:34.903  1474  1614 D KeyboardZuiKeyInputPolicy:   Has Sensor: false
03-15 18:12:34.903  1474  1614 D KeyboardZuiKeyInputPolicy:   Has battery: false
03-15 18:12:34.903  1474  1614 D KeyboardZuiKeyInputPolicy:   Has mic: false
03-15 18:12:34.903  1474  1614 D KeyboardZuiKeyInputPolicy:   USI Version: null
03-15 18:12:34.903  1474  1614 D KeyboardZuiKeyInputPolicy:  Keyboard language tag: und
03-15 18:12:34.903  1474  1614 D KeyboardZuiKeyInputPolicy:  Keyboard layout type: 
03-15 18:12:34.903  1474  1614 D KeyboardZuiKeyInputPolicy:   Sources: 0x101 ( keyboard )
03-15 18:12:34.916  1474  1474 I MR2ServiceImpl: removeProviderRoutes | provider: com.android.server.media/.SystemMediaRoute2Provider, routes: [84:AC:60:B8:69:C3 | XuansEarphones]
03-15 18:12:34.933  1474  2137 W NotificationHistory: Attempted to remove channel for locked/gone/disabled user 0
03-15 18:12:34.946  1474  2062 I ActivityManager: Flag disabled. Ignoring finishAttachApplication from uid: 10253. pid: 12553
03-15 18:12:34.960  1474  4490 D ZuiMemoryCleaner: Begin to handle vmpressure event
03-15 18:12:34.960  1474  4490 D ZuiMemoryCleaner: free 126568Kb  cache 2853224Kb  available 2735840Kb  swap free 3457056Kb  pgscan_kswapd 10976600 pgscan_direct 26283 wmark 1 (0-Min, 1-Low, 2-High, 3-None) nanoTime 12253973124177
03-15 18:12:34.973  1474  4490 I ZuiMemoryCleaner: updateStrategy use: Moderate (1-Moderate, 2-Aggressive), minAdj: 701subreason: ZuiMemoryCleaner[Moderate-MemFreeLow]
03-15 18:12:34.974  1474  4490 I ZuiMemoryCleaner: forcestop app: com.android.externalstorage
03-15 18:12:34.974  1474  4490 D ActivityManager: forceStopPackage appid:10110,packageName:com.android.externalstorage,cur state:19,min adj:965
03-15 18:12:34.974  1474  4490 I ActivityManager: Force stopping com.android.externalstorage appid=10110 user=0: ZuiMemoryCleaner[Moderate-MemFreeLow]
