03-15 18:12:51.928  1474  4014 D ActivityTaskManager: for OneVision debug. startActivityInner(2): r = ActivityRecord{2f2b72c u0 tv.danmaku.bilibilihd/com.bilibili.ship.theseus.hd.detail.HDUnitedBizDetailsActivity t-1, isEmbedded=false} targetTask = Task{30479bd #50 type=standard A=10253:tv.danmaku.bilibilihd} newTask = false. reusedTask = null, mTargetTask = Task{30479bd #50 type=standard A=10253:tv.danmaku.bilibilihd}, sourceRecord = ActivityRecord{74ff681 u0 tv.danmaku.bilibilihd/tv.danmaku.bili.MainActivityV2 t50, isEmbedded=false}, options = null
03-15 18:12:51.928  1474  4014 D ActivityTaskManager: for OneVision debug. setTargetRootTaskIfNeeded(0). intentTask:Task{30479bd #50 type=standard A=10253:tv.danmaku.bilibilihd} origRootTask:Task{30479bd #50 type=standard A=10253:tv.danmaku.bilibilihd}
03-15 18:12:51.928  1474  4014 D ActivityTaskManager: for OneVision debug. setTargetRootTaskIfNeeded(1). intentActivity = ActivityRecord{74ff681 u0 tv.danmaku.bilibilihd/tv.danmaku.bili.MainActivityV2 t50, isEmbedded=false}, mTargetRootTask = null, mSourceRecord = ActivityRecord{74ff681 u0 tv.danmaku.bilibilihd/tv.danmaku.bili.MainActivityV2 t50, isEmbedded=false}, mSourceRecord.mLaunchRootTask = null
03-15 18:12:51.928  1474  4014 D ActivityTaskManager: for OneVision debug. setTargetRootTaskIfNeeded(2) differentTopTask:false mAvoidMoveToFront:false
03-15 18:12:51.928  1474  4014 D ActivityTaskManager: for OneVision debug. setTargetRootTaskIfNeeded(3), mTargetRootTask = Task{30479bd #50 type=standard A=10253:tv.danmaku.bilibilihd}, intentTask = Task{30479bd #50 type=standard A=10253:tv.danmaku.bilibilihd}
03-15 18:12:51.928  1474  4014 D ActivityTaskManager: for OneVision debug. setTargetRootTaskIfNeeded(4), sourceTask = Task{30479bd #50 type=standard A=10253:tv.danmaku.bilibilihd}, intentRootTask = Task{30479bd #50 type=standard A=10253:tv.danmaku.bilibilihd}, sourceRootTask = Task{30479bd #50 type=standard A=10253:tv.danmaku.bilibilihd}
03-15 18:12:51.928  1474  4014 D ZuiInputManager: onActivityForcedResizable tv.danmaku.bilibilihd
03-15 18:12:51.930  1474  4014 D ActivityTaskManager: showStartingWindow: tv.danmaku.bilibilihd mSplashScreenStyleSolidColor=true mLaunchSourceType=4
03-15 18:12:51.930  1474  2057 W ActivityManager: notifyProcessStarted!
03-15 18:12:51.932  1474  4014 D ZuiInputManager: onActivityForcedResizable tv.danmaku.bilibilihd
03-15 18:12:51.932  1474  4014 E Transition: Trying to add a ready-group twice: Display{#0 state=ON size=2944x1840 ROTATION_90}
03-15 18:12:51.932  1474  4014 I TransitionController: requestStartTransition remoteTransition null for TransitionRecord{d71af8a id=213 type=OPEN flags=0x0}
03-15 18:12:51.932  2058  2058 D DesktopTasksController: handleRequest, windowingMode: 1, request.type: 1, TRANSIT_TO_FRONT: 3, TRANSIT_TO_BACK: 4, activeTasks: {}, 
03-15 18:12:51.932  2058  2058 D DesktopTasksController: taskInfo: TaskInfo{userId=0 taskId=50 displayId=0 isRunning=true baseIntent=Intent { act=android.intent.action.MAIN cat=[android.intent.category.LAUNCHER] flg=0x10200000 cmp=tv.danmaku.bilibilihd/tv.danmaku.bili.MainActivityV2 } baseActivity=ComponentInfo{tv.danmaku.bilibilihd/tv.danmaku.bili.MainActivityV2} topActivity=ComponentInfo{tv.danmaku.bilibilihd/com.bilibili.ship.theseus.hd.detail.HDUnitedBizDetailsActivity} origActivity=null realActivity=ComponentInfo{tv.danmaku.bilibilihd/tv.danmaku.bili.MainActivityV2} numActivities=2 lastActiveTime=29039021 supportsMultiWindow=true resizeMode=0 isResizeable=false canKillAndRestart=false isShowDecorCaptionWindowRequest=false minWidth=-1 minHeight=-1 defaultMinSize=220 token=WCT{android.window.IWindowContainerToken$Stub$Proxy@9692da2} topActivityType=1 pictureInPictureParams=null shouldDockBigOverlays=false launchIntoPipHostTaskId=-1 lastParentTaskIdBeforePip=-1 displayCutoutSafeInsets=null topActivityInfo=ActivityInfo{afbfa33 com.bilibili.ship.theseus.hd.detail.HDUnitedBizDetailsActivity} launchCookies=[android.os.BinderProxy@ea406dc] positionInParent=Point(0, 0) parentTaskId=-1 isFocused=true isVisible=true isVisibleRequested=true isHasResumedActivity=false ifUltraWideField=false layoutFlags=81810100 layoutSystemUiVisibility=0 layoutSubtreeSystemUiVisibility=500 isSleeping=false topActivityInSizeCompat=false topActivityEligibleForLetterboxEducation= false topActivityLetterboxed= false isFromDoubleTap= false topActivityLetterboxVerticalPosition= -1 topActivityLetterboxHorizontalPosition= -1 topActivityLetterboxWidth=-1 topActivityLetterboxHeight=-1 locusId=null displayAreaFeatureId=1 cameraCompatControlState=hidden}
03-15 18:12:51.932  1474  4014 D CompatibilityChangeReporter: Compat change id reported: 194833441; UID 10253; state: ENABLED
03-15 18:12:51.932  1474  4014 I ActivityTaskManager: START u0 {dat=bilibili://hd_united_video/... cmp=tv.danmaku.bilibilihd/com.bilibili.ship.theseus.hd.detail.HDUnitedBizDetailsActivity (has extras)} with LAUNCH_MULTIPLE from uid 10253 (BAL_ALLOW_VISIBLE_WINDOW) result code=0
03-15 18:12:51.933  1474  2489 D ChangeTransitionController: applySyncStagingTypesIfNeeded: fail stage is empty
03-15 18:12:51.936  1474  4014 D ChangeTransitionController: applySyncStagingTypesIfNeeded: fail stage is empty
03-15 18:12:51.937  1474  2057 W ActivityManager: notifyProcessStarted!
03-15 18:12:51.938  1474  4014 I WindowManager: setFocusedAppLw : ActivityRecord{2f2b72c u0 tv.danmaku.bilibilihd/com.bilibili.ship.theseus.hd.detail.HDUnitedBizDetailsActivity t50, isEmbedded=false},display Id:0
03-15 18:12:51.938  1474  4014 D WindowManager: Changing focus from Window{14f673e u0 tv.danmaku.bilibilihd/tv.danmaku.bili.MainActivityV2} to null displayId=0 Callers=com.android.server.wm.RootWindowContainer.updateFocusedWindowLocked:503 com.android.server.wm.WindowManagerService.updateFocusedWindowLocked:6584 com.android.server.wm.ActivityTaskManagerService.setLastResumedActivityUncheckLocked:5363 com.android.server.wm.ActivityTaskSupervisor.updateTopResumedActivityIfNeeded:2765 
03-15 18:12:51.939  1474  4014 I WindowManager: setInputFocusLw : null,display Id:0
03-15 18:12:51.940  1474  2489 D ChangeTransitionController: applySyncStagingTypesIfNeeded: fail stage is empty
03-15 18:12:51.941  1474  2014 D ZuiInputManager: updateTopTaskPackageStatus mTopTaskPackageName = tv.danmaku.bilibilihd
03-15 18:12:51.942  1474  2014 D BigPalmInputPolicy: isGameAppPackage: mUiType = ZUI, packageName = tv.danmaku.bilibilihd
03-15 18:12:51.942  1474  2014 D TouchscreenServiceManager: setBigPalm by hidl v1_0 
03-15 18:12:52.006 12152 12152 D WindowManagerImpl: addView displayId=0 0
03-15 18:12:52.006 12152 12152 D WindowManagerImpl: addView displayId33= 0
03-15 18:12:52.007 12152 12152 D SystemServiceRegistry:  zuiHandwriting new zuihandwritingmanager
03-15 18:12:52.010  1474  1560 D CoreBackPreview: Window{3b568a9 u0 tv.danmaku.bilibilihd/com.bilibili.ship.theseus.hd.detail.HDUnitedBizDetailsActivity}: Setting back callback OnBackInvokedCallbackInfo{mCallback=android.window.IOnBackInvokedCallback$Stub$Proxy@72badcf, mPriority=0, mIsAnimationCallback=false}
03-15 18:12:52.014  1474  1560 I WindowManager: Window{3b568a9 u0 tv.danmaku.bilibilihd/com.bilibili.ship.theseus.hd.detail.HDUnitedBizDetailsActivity} state from NO_SURFACE to DRAW_PENDING; reason: resetDrawState
03-15 18:12:52.015  1474  1560 D WindowManager: Changing focus from null to Window{3b568a9 u0 tv.danmaku.bilibilihd/com.bilibili.ship.theseus.hd.detail.HDUnitedBizDetailsActivity} displayId=0 Callers=com.android.server.wm.RootWindowContainer.updateFocusedWindowLocked:503 com.android.server.wm.WindowManagerService.updateFocusedWindowLocked:6584 com.android.server.wm.WindowManagerService.relayoutWindow:2809 com.android.server.wm.Session.relayout:256 
03-15 18:12:52.016  1474  1560 I WindowManager: setInputFocusLw : Window{3b568a9 u0 tv.danmaku.bilibilihd/com.bilibili.ship.theseus.hd.detail.HDUnitedBizDetailsActivity},display Id:0
03-15 18:12:52.017  1474  1560 D ChangeTransitionController: applySyncStagingTypesIfNeeded: fail stage is empty
03-15 18:12:52.037  1474  1560 I WindowManager: Window{3b568a9 u0 tv.danmaku.bilibilihd/com.bilibili.ship.theseus.hd.detail.HDUnitedBizDetailsActivity} state from DRAW_PENDING to COMMIT_DRAW_PENDING; reason: finishDrawingLocked
03-15 18:12:52.038  1474  1615 I WindowManager: Window{3b568a9 u0 tv.danmaku.bilibilihd/com.bilibili.ship.theseus.hd.detail.HDUnitedBizDetailsActivity} state from COMMIT_DRAW_PENDING to READY_TO_SHOW; reason: commitFinishDrawingLocked
03-15 18:12:52.038  1474  1615 D ActivityTaskManager: SplashScreen not transfer special !!!
03-15 18:12:52.038  1474  1615 I Transition: RefreshRateConfigs, boost when animation.
03-15 18:12:52.039  1474  1615 D ActivityTaskManager: SplashScreen not transfer special !!!
03-15 18:12:52.039  1474  1615 I WindowManager: Window{3b568a9 u0 tv.danmaku.bilibilihd/com.bilibili.ship.theseus.hd.detail.HDUnitedBizDetailsActivity} state from READY_TO_SHOW to HAS_DRAWN; reason: performShowLocked
03-15 18:12:52.040  2058  2058 D RecentTasksController: notifyRecentTasksChanged reason:onTaskStackChanged
03-15 18:12:52.040  1474  1615 I OvCameraRotation: camera activity:null fullScreen:false canResizeTask:false isEmbedded:false display:0 pcMode:false
03-15 18:12:52.042  1474  1615 D ActivityTaskManager: SplashScreen not transfer special !!!
03-15 18:12:52.043  1474  1611 V WindowManager: Sent Transition #213 createdAt=03-15 18:12:51.927 via request=TransitionRequestInfo { type = OPEN, triggerTask = TaskInfo{userId=0 taskId=50 displayId=0 isRunning=true baseIntent=Intent { act=android.intent.action.MAIN cat=[android.intent.category.LAUNCHER] flg=0x10200000 cmp=tv.danmaku.bilibilihd/tv.danmaku.bili.MainActivityV2 } baseActivity=ComponentInfo{tv.danmaku.bilibilihd/tv.danmaku.bili.MainActivityV2} topActivity=ComponentInfo{tv.danmaku.bilibilihd/com.bilibili.ship.theseus.hd.detail.HDUnitedBizDetailsActivity} origActivity=null realActivity=ComponentInfo{tv.danmaku.bilibilihd/tv.danmaku.bili.MainActivityV2} numActivities=2 lastActiveTime=29039021 supportsMultiWindow=true resizeMode=0 isResizeable=false canKillAndRestart=true isShowDecorCaptionWindowRequest=false minWidth=-1 minHeight=-1 defaultMinSize=220 token=WCT{RemoteToken{1c00fb0 Task{30479bd #50 type=standard A=10253:tv.danmaku.bilibilihd}}} topActivityType=1 pictureInPictureParams=null shouldDockBigOverlays=false launchIntoPipHostTaskId=-1 lastParentTaskIdBeforePip=-1 displayCutoutSafeInsets=null topActivityInfo=ActivityInfo{2d987c7 com.bilibili.ship.theseus.hd.detail.HDUnitedBizDetailsActivity} launchCookies=[android.os.BinderProxy@27265ae] positionInParent=Point(0, 0) parentTaskId=-1 isFocused=true isVisible=true isVisibleRequested=true isHasResumedActivity=false ifUltraWideField=false layoutFlags=81810100 layoutSystemUiVisibility=0 layoutSubtreeSystemUiVisibility=500 isSleeping=false topActivityInSizeCompat=false topActivityEligibleForLetterboxEducation= false topActivityLetterboxed= false isFromDoubleTap= false topActivityLetterboxVerticalPosition= -1 topActivityLetterboxHorizontalPosition= -1 topActivityLetterboxWidth=-1 topActivityLetterboxHeight=-1 locusId=null displayAreaFeatureId=1 cameraCompatControlState=hidden}, remoteTransition = null, displayChange = null }
03-15 18:12:52.043  1474  1611 V WindowManager:     startWCT=WindowContainerTransaction { changes = {} hops = [] errorCallbackToken=null taskFragmentOrganizer=null }
03-15 18:12:52.043  1474  1611 V WindowManager:     info={id=213 t=OPEN f=0x0 trk=0 r=[0@Point(0, 0)] c=[{null m=OPEN f=FILLS_TASK leash=Surface(name=ActivityRecord{2f2b72c u0 tv.danmaku.bilibilihd/com.bilibili.ship.theseus.hd.detail.HDUnitedBizDetailsActivity t50, isEmbedded=false})/@0xe9083e1 sb=Rect(0, 0 - 0, 0) eb=Rect(0, 0 - 2944, 1840) d=-1->0 r=-1->1:-1 windowingMode=1},{null m=TO_BACK f=FILLS_TASK leash=Surface(name=ActivityRecord{74ff681 u0 tv.danmaku.bilibilihd/tv.danmaku.bili.MainActivityV2 t50, isEmbedded=false})/@0x243948 sb=Rect(0, 0 - 2944, 1840) eb=Rect(0, 0 - 2944, 1840) d=0 windowingMode=1}]}
03-15 18:12:52.043  1474  1611 D TransitionController: for OneVision debug. Transition info:{id=213 t=OPEN f=0x0 trk=0 r=[0@Point(0, 0)] c=[{null m=OPEN f=FILLS_TASK leash=Surface(name=ActivityRecord{2f2b72c u0 tv.danmaku.bilibilihd/com.bilibili.ship.theseus.hd.detail.HDUnitedBizDetailsActivity t50, isEmbedded=false})/@0xe9083e1 sb=Rect(0, 0 - 0, 0) eb=Rect(0, 0 - 2944, 1840) d=-1->0 r=-1->1:-1 windowingMode=1},{null m=TO_BACK f=FILLS_TASK leash=Surface(name=ActivityRecord{74ff681 u0 tv.danmaku.bilibilihd/tv.danmaku.bili.MainActivityV2 t50, isEmbedded=false})/@0x243948 sb=Rect(0, 0 - 2944, 1840) eb=Rect(0, 0 - 2944, 1840) d=0 windowingMode=1}]}
03-15 18:12:52.060  1474  2057 W ActivityManager: notifyProcessStarted!
03-15 18:12:52.061  2058  2058 D TransactionPool: acquire st:-5476376656299799152 caller:com.android.wm.shell.transition.DefaultTransitionHandler.buildSurfaceAnimation:860 com.android.wm.shell.transition.DefaultTransitionHandler.startAnimation:599 com.android.wm.shell.transition.Transitions.dispatchTransition:1061 
03-15 18:12:52.062  2058  2058 D TransactionPool: acquire st:-5476376656299412304 caller:com.android.wm.shell.transition.DefaultTransitionHandler.buildSurfaceAnimation:860 com.android.wm.shell.transition.DefaultTransitionHandler.startAnimation:599 com.android.wm.shell.transition.Transitions.dispatchTransition:1061 
03-15 18:12:52.163  1474  2493 D CompatibilityChangeReporter: Compat change id reported: 214016041; UID 10253; state: ENABLED
03-15 18:12:52.204  1474  1978 D AlarmManager: final first Wakeup:29109355 now: 29039294 isInNightMode:false
03-15 18:12:52.206  1474  1978 D AlarmManager: final first Wakeup:29099294 now: 29039296 isInNightMode:false
03-15 18:12:52.211  1474  1560 I MediaSessionStack: addSession to bottom of stack | record: tv.danmaku.bilibilihd/HeadsetControlPlayAdapter.Session (userId=0)
03-15 18:12:52.238  1474  3416 D ChangeTransitionController: applySyncStagingTypesIfNeeded: fail stage is empty
03-15 18:12:52.347  2058  2058 D PowerUI : onReceive to showplugged=true buckert==1mcaharge==true level==81 chargrate=0oldpluge==true
03-15 18:12:52.347  2058  3402 D PowerUI : can't show warning due to - plugged: true status unknown: false
03-15 18:12:52.347  2058  3402 I PowerUI.Notification: dismissing low battery notification
03-15 18:12:52.347  1474  1474 D UiModeManager: updateConfigurationLocked: mDockState=0; mCarMode=false; mNightMode=2; mZuiNightModeOverride=2; mPowerSave=false; isTestMode=false; uiMode=33
03-15 18:12:52.449 12152 12152 D OvcEditorInfoUtils[OV_IME]: bindActivityTokenIfNeeded, create extras for pkgName: tv.danmaku.bilibilihd
03-15 18:12:52.457  1474  2489 I MediaSessionStack: onPlaybackStateChanged - Pushing session to top | record: tv.danmaku.bilibilihd/HeadsetControlPlayAdapter.Session (userId=0)
03-15 18:12:52.540  2058  2153 D TransactionPool: release st:-5476376656299799152 caller:com.android.wm.shell.common.TransactionPool.release:60 com.android.wm.shell.transition.DefaultTransitionHandler.lambda$buildSurfaceAnimation$7:879 com.android.wm.shell.transition.DefaultTransitionHandler$$ExternalSyntheticLambda7.run:26 
03-15 18:12:52.540  2058  2153 D TransactionPool: put st:-5476376656299799152 reason to release map
03-15 18:12:52.542  2058  2153 D TransactionPool: release st:-5476376656299412304 caller:com.android.wm.shell.common.TransactionPool.release:60 com.android.wm.shell.transition.DefaultTransitionHandler.lambda$buildSurfaceAnimation$7:879 com.android.wm.shell.transition.DefaultTransitionHandler$$ExternalSyntheticLambda7.run:26 
03-15 18:12:52.542  2058  2153 D TransactionPool: put st:-5476376656299412304 reason to release map
03-15 18:12:52.549  1474  1611 V WindowManager: Finish Transition #213: created at 03-15 18:12:51.927 collect-started=0.057ms request-sent=4.631ms started=5.478ms ready=11.671ms sent=112.559ms finished=621.036ms
03-15 18:12:52.573  1474  3416 I WindowManager: Window{14f673e u0 tv.danmaku.bilibilihd/tv.danmaku.bili.MainActivityV2} state from HAS_DRAWN to NO_SURFACE; reason: destroySurface
03-15 18:12:52.573  1474  3416 W WindowManager: for OneVision debug destroySurface:Window{14f673e u0 tv.danmaku.bilibilihd/tv.danmaku.bili.MainActivityV2} caller:com.android.server.wm.WindowStateAnimator.destroySurfaceLocked:395 com.android.server.wm.WindowState.destroySurfaceUnchecked:3471 com.android.server.wm.WindowState.destroySurface:3445 com.android.server.wm.ActivityRecord.destroySurfaces:6295 com.android.server.wm.ActivityRecord.destroySurfaces:6276 
03-15 18:12:52.573  1474  3416 D ActivityTaskManager: SplashScreen not transfer special !!!
03-15 18:12:52.785  1474  1677 W PackageManager: Not removing package com.google.android.libraries.internal.sampleads_20009 hosting lib com.google.android.libraries.internal.sampleads version 20009 used by [VersionedPackage[com.google.android.play.games/624524440]] for user 0
03-15 18:12:52.785  1474  1677 W PackageManager: Not removing package com.google.android.trichromelibrary hosting lib com.google.android.trichromelibrary version 763215933 used by [VersionedPackage[com.android.chrome/763215933]] for user 0
03-15 18:12:53.194  1474  1612 D WindowManager: ondown, touch down!
03-15 18:12:53.569  2058  2058 D PowerUI : onReceive to showplugged=true buckert==1mcaharge==true level==81 chargrate=0oldpluge==true
03-15 18:12:53.570  1474  1474 D UiModeManager: updateConfigurationLocked: mDockState=0; mCarMode=false; mNightMode=2; mZuiNightModeOverride=2; mPowerSave=false; isTestMode=false; uiMode=33
03-15 18:12:53.570  2058  3403 D PowerUI : can't show warning due to - plugged: true status unknown: false
03-15 18:12:53.570  2058  3403 I PowerUI.Notification: dismissing low battery notification
03-15 18:12:54.932  1474  3678 E TaskPersister: File error accessing recents directory (directory doesn't exist?).
03-15 18:12:56.056  1474  1612 D WindowManager: onup, touch up!
03-15 18:12:56.697  1474  1474 D UiModeManager: updateConfigurationLocked: mDockState=0; mCarMode=false; mNightMode=2; mZuiNightModeOverride=2; mPowerSave=false; isTestMode=false; uiMode=33
03-15 18:12:56.697  2058  2058 D PowerUI : onReceive to showplugged=true buckert==1mcaharge==true level==81 chargrate=0oldpluge==true
03-15 18:12:56.698  2058  3406 D PowerUI : can't show warning due to - plugged: true status unknown: false
03-15 18:12:56.698  2058  3406 I PowerUI.Notification: dismissing low battery notification
03-15 18:12:57.212  1474  4660 W ProcessStats: Tracking association SourceState{bd27747 com.zui.launchersdk/10058 BFgs #32136} whose proc state 4 is better than process ProcessState{9bb7cb9 com.zui.deviceidservice/10074 pkg=com.zui.deviceidservice} proc state 10 (70 skipped)
03-15 18:13:00.000  1474  1924 D AlarmManager: alarms fired, need delivery
03-15 18:13:00.000  1474  1924 D AlarmManager: final first Wakeup:29099294 now: 29047090 isInNightMode:false
03-15 18:13:00.001  1474  1924 D AlarmManager: final first Wakeup:29099294 now: 29047091 isInNightMode:false
03-15 18:13:00.017  1474  3416 W BatteryExternalStatsWorker: error reading modem stats:ERROR_INVALID_INFO_RECEIVED
03-15 18:13:00.018  1474  1560 W BatteryExternalStatsWorker: error reading Bluetooth stats: 11
03-15 18:13:00.022  1474  1651 E KernelCpuSpeedReader: Failed to read cpu-freq: /sys/devices/system/cpu/cpu7/cpufreq/stats/time_in_state: open failed: ENOENT (No such file or directory)
03-15 18:13:00.022  1474  1651 E KernelCpuSpeedReader: Failed to read cpu-freq: /sys/devices/system/cpu/cpu4/cpufreq/stats/time_in_state: open failed: ENOENT (No such file or directory)
03-15 18:13:00.022  1474  1651 E KernelCpuSpeedReader: Failed to read cpu-freq: /sys/devices/system/cpu/cpu0/cpufreq/stats/time_in_state: open failed: ENOENT (No such file or directory)
03-15 18:13:00.048  1474  1560 W BatteryExternalStatsWorker: error reading Bluetooth stats: 11
03-15 18:13:00.048  1474  3416 W BatteryExternalStatsWorker: error reading modem stats:ERROR_INVALID_INFO_RECEIVED
03-15 18:13:00.049  1474  1651 E KernelCpuSpeedReader: Failed to read cpu-freq: /sys/devices/system/cpu/cpu7/cpufreq/stats/time_in_state: open failed: ENOENT (No such file or directory)
03-15 18:13:00.049  1474  1651 E KernelCpuSpeedReader: Failed to read cpu-freq: /sys/devices/system/cpu/cpu4/cpufreq/stats/time_in_state: open failed: ENOENT (No such file or directory)
03-15 18:13:00.049  1474  1651 E KernelCpuSpeedReader: Failed to read cpu-freq: /sys/devices/system/cpu/cpu0/cpufreq/stats/time_in_state: open failed: ENOENT (No such file or directory)
03-15 18:13:00.130  1474  1924 D AlarmManager: alarms fired, need delivery
03-15 18:13:00.131  1474  1924 D AlarmManager: final first Wakeup:29099294 now: 29047222 isInNightMode:false
03-15 18:13:00.143  1474  4660 D AlarmManager: final first Wakeup:29099294 now: 29047233 isInNightMode:false
03-15 18:13:00.535  1474  1474 D UiModeManager: updateConfigurationLocked: mDockState=0; mCarMode=false; mNightMode=2; mZuiNightModeOverride=2; mPowerSave=false; isTestMode=false; uiMode=33
03-15 18:13:00.535  2058  2058 D PowerUI : onReceive to showplugged=true buckert==1mcaharge==true level==81 chargrate=0oldpluge==true
03-15 18:13:00.536  2058  3408 D PowerUI : can't show warning due to - plugged: true status unknown: false
03-15 18:13:00.536  2058  3408 I PowerUI.Notification: dismissing low battery notification
03-15 18:13:05.609  1474  1620 V LongtimeChargingProtectController: BatteryReceiver onReceive: mStatus=2, mPlugType=1, mLevel=82, ismBypassProtectedEnabled = false, BatteryProtected = false, mIscharging = true, mIsSupplyStatus = true, charging time = 951011
03-15 18:13:05.610  1474  1621 D BatterySaverStateMachine: ZFW117 event upload completed
03-15 18:13:05.612  2058  2058 D PowerUI : onReceive to showplugged=true buckert==1mcaharge==true level==82 chargrate=0oldpluge==true
03-15 18:13:05.613  2058  2874 D PowerUI : can't show warning due to - plugged: true status unknown: false
03-15 18:13:05.613  2058  2874 I PowerUI.Notification: dismissing low battery notification
03-15 18:13:05.615  1474  1474 D UiModeManager: updateConfigurationLocked: mDockState=0; mCarMode=false; mNightMode=2; mZuiNightModeOverride=2; mPowerSave=false; isTestMode=false; uiMode=33
03-15 18:13:06.590  1474  1474 D UiModeManager: updateConfigurationLocked: mDockState=0; mCarMode=false; mNightMode=2; mZuiNightModeOverride=2; mPowerSave=false; isTestMode=false; uiMode=33
03-15 18:13:06.591  2058  2058 D PowerUI : onReceive to showplugged=true buckert==1mcaharge==true level==82 chargrate=0oldpluge==true
03-15 18:13:06.591  2058  3276 D PowerUI : can't show warning due to - plugged: true status unknown: false
03-15 18:13:06.591  2058  3276 I PowerUI.Notification: dismissing low battery notification
03-15 18:13:08.727  1474  1474 D UiModeManager: updateConfigurationLocked: mDockState=0; mCarMode=false; mNightMode=2; mZuiNightModeOverride=2; mPowerSave=false; isTestMode=false; uiMode=33
03-15 18:13:08.727  2058  2058 D PowerUI : onReceive to showplugged=true buckert==1mcaharge==true level==82 chargrate=0oldpluge==true
03-15 18:13:08.727  2058  3407 D PowerUI : can't show warning due to - plugged: true status unknown: false
03-15 18:13:08.727  2058  3407 I PowerUI.Notification: dismissing low battery notification
03-15 18:13:08.890  1474  3416 D AlarmManager: final first Wakeup:29099294 now: 29055981 isInNightMode:false
03-15 18:13:08.894  1474  3416 D AlarmManager: final first Wakeup:29099294 now: 29055984 isInNightMode:false
03-15 18:13:08.902  1474  1628 D CompatibilityChangeReporter: Compat change id reported: 135634846; UID 10243; state: DISABLED
03-15 18:13:08.902  1474  1628 D CompatibilityChangeReporter: Compat change id reported: 177438394; UID 10243; state: DISABLED
03-15 18:13:08.902  1474  1628 D CompatibilityChangeReporter: Compat change id reported: 135772972; UID 10243; state: DISABLED
03-15 18:13:08.902  1474  1628 D CompatibilityChangeReporter: Compat change id reported: 135754954; UID 10243; state: ENABLED
03-15 18:13:08.902  1474  1629 D CompatibilityChangeReporter: Compat change id reported: 143937733; UID 10243; state: ENABLED
03-15 18:13:08.910  1474  1629 I ActivityManager: Start proc 13667:com.tencent.mobileqq/u0a243 for broadcast {com.tencent.mobileqq/mqq.app.QQBroadcastReceiver}
03-15 18:13:08.910  1474  2057 W ActivityManager: notifyProcessStarted!
03-15 18:13:08.925  1474  4660 D CompatibilityChangeReporter: Compat change id reported: 168419799; UID 10243; state: DISABLED
03-15 18:13:08.926  1474  4660 D CompatibilityChangeReporter: Compat change id reported: 273564678; UID 10243; state: DISABLED
03-15 18:13:08.932  1474  4660 D CompatibilityChangeReporter: Compat change id reported: 170503758; UID 10243; state: ENABLED
03-15 18:13:09.230  1474  1628 W ProcessStats: Tracking association SourceState{bd27747 com.zui.launchersdk/10058 BFgs #32166} whose proc state 4 is better than process ProcessState{9bb7cb9 com.zui.deviceidservice/10074 pkg=com.zui.deviceidservice} proc state 10 (35 skipped)
03-15 18:13:09.512  1474  4660 D CompatibilityChangeReporter: Compat change id reported: 161145287; UID 10243; state: DISABLED
03-15 18:13:09.767  1474  1474 D UiModeManager: updateConfigurationLocked: mDockState=0; mCarMode=false; mNightMode=2; mZuiNightModeOverride=2; mPowerSave=false; isTestMode=false; uiMode=33
03-15 18:13:09.767  2058  2058 D PowerUI : onReceive to showplugged=true buckert==1mcaharge==true level==82 chargrate=0oldpluge==true
03-15 18:13:09.767  2058  3399 D PowerUI : can't show warning due to - plugged: true status unknown: false
03-15 18:13:09.767  2058  3399 I PowerUI.Notification: dismissing low battery notification
03-15 18:13:09.981  1474  4660 I ActivityManager: Flag disabled. Ignoring finishAttachApplication from uid: 10243. pid: 13667
03-15 18:13:09.981 13667 13667 W Looper  : Slow dispatch took 1052ms main h=android.app.ActivityThread$H c=null m=110
03-15 18:13:09.995  1474  4660 D CompatibilityChangeReporter: Compat change id reported: 261072174; UID 10243; state: DISABLED
03-15 18:13:10.552  1474  4490 D ZuiMemoryCleaner: Begin to handle vmpressure event
03-15 18:13:10.552  1474  4490 D ZuiMemoryCleaner: free 171832Kb  cache 2416596Kb  available 2252896Kb  swap free 3316520Kb  pgscan_kswapd 11351311 pgscan_direct 26635 wmark 3 (0-Min, 1-Low, 2-High, 3-None) nanoTime 12289564889059
03-15 18:13:10.552  1474  4490 E ZuiMemoryCleaner: updateStrategy all memory indicators are normal, ignore this pressure event
03-15 18:13:10.552  1474  4490 E ZuiMemoryCleaner: Memory status is normal, no cleaning needed
03-15 18:13:10.552  1474  4490 D ZuiMemoryCleaner: Finish to handle vmpressure event
03-15 18:13:11.586  2558  9253 W Binder  : BinderDebug: reply too large data on java level: InterfaceDescriptor=null calling uid=1000 pid=0 code=1(null) size=1056768
03-15 18:13:13.741  1474  1474 D UiModeManager: updateConfigurationLocked: mDockState=0; mCarMode=false; mNightMode=2; mZuiNightModeOverride=2; mPowerSave=false; isTestMode=false; uiMode=33
03-15 18:13:13.742  2058  2058 D PowerUI : onReceive to showplugged=true buckert==1mcaharge==true level==82 chargrate=0oldpluge==true
03-15 18:13:13.742  2058  3402 D PowerUI : can't show warning due to - plugged: true status unknown: false
03-15 18:13:13.742  2058  3402 I PowerUI.Notification: dismissing low battery notification
03-15 18:13:14.598  2558  3914 W Binder  : BinderDebug: reply too large data on java level: InterfaceDescriptor=null calling uid=1000 pid=0 code=1(null) size=1056768
03-15 18:13:15.841  1474  1677 I PackageManager: Integrity check passed for file:///data/app/vmdl841602867.tmp
03-15 18:13:15.844  1474  1677 I PackageManager: Continuing with installation of file:///data/app/vmdl841602867.tmp
03-15 18:13:15.850  1474  1628 I ActivityManager: Force stopping com.example.mymusic appid=10260 user=-1: installPackageLI
03-15 18:13:15.850  1474  1677 I PackageManager: Update package com.example.mymusic code path from /data/app/~~k51OZvT2XosWjhdMx81iKw==/com.example.mymusic-5dZXH3DoEvF8g7KopQAQOQ== to /data/app/~~eGHY4N2UDfRoJjgFNbuC_A==/com.example.mymusic-HtRZDg8defscCNBeCeXRHg==; Retain data and using new
03-15 18:13:15.850  1474  1677 I AppsFilter: interaction: PackageSetting{f7d9a84 com.motorola.readyforsignature.app/10082} -> PackageSetting{bf531d8 com.example.mymusic/10260} BLOCKED
03-15 18:13:15.850  1474  1677 I AppsFilter: interaction: PackageSetting{d8567b3 com.example.music/10200} -> PackageSetting{bf531d8 com.example.mymusic/10260} BLOCKED
03-15 18:13:15.850  1474  1677 I AppsFilter: interaction: PackageSetting{615486c bin.mt.termex/10290} -> PackageSetting{bf531d8 com.example.mymusic/10260} BLOCKED
03-15 18:13:15.851  1474  1677 I AppsFilter: interaction: PackageSetting{f7d9a84 com.motorola.readyforsignature.app/10082} -> PackageSetting{f3562d4 com.example.mymusic/10260} BLOCKED
03-15 18:13:15.851  1474  1677 I AppsFilter: interaction: PackageSetting{d8567b3 com.example.music/10200} -> PackageSetting{f3562d4 com.example.mymusic/10260} BLOCKED
03-15 18:13:15.851  1474  1677 I AppsFilter: interaction: PackageSetting{615486c bin.mt.termex/10290} -> PackageSetting{f3562d4 com.example.mymusic/10260} BLOCKED
03-15 18:13:15.853  1474  1677 I PermissionManager: Permission ownership changed. Updating all permissions.
03-15 18:13:15.964  1474  2057 W ActivityManager: notifyProcessStarted!
03-15 18:13:15.964  1474  1611 W Looper  : Slow dispatch took 111ms android.fg h=android.os.Handler c=<recycled PooledLambda@833697a> m=0
03-15 18:13:15.964  1474  3416 D CompatibilityChangeReporter: Compat change id reported: 197654537; UID 10253; state: ENABLED
03-15 18:13:15.972   611   631 W vold    : HQ enter IsFilesystemSupported fsType=sdcardfs: No such file or directory
03-15 18:13:15.972   611   631 W vold    : HQ enter IsFilesystemSupported result=1: No such file or directory
03-15 18:13:16.006  1474  1677 I AppsFilter: interaction: PackageSetting{f7d9a84 com.motorola.readyforsignature.app/10082} -> PackageSetting{f3562d4 com.example.mymusic/10260} BLOCKED
03-15 18:13:16.006  1474  1677 I AppsFilter: interaction: PackageSetting{d8567b3 com.example.music/10200} -> PackageSetting{f3562d4 com.example.mymusic/10260} BLOCKED
03-15 18:13:16.006  1474  1677 I AppsFilter: interaction: PackageSetting{615486c bin.mt.termex/10290} -> PackageSetting{f3562d4 com.example.mymusic/10260} BLOCKED
03-15 18:13:16.011  1474  1677 I ActivityManager: Force stopping com.example.mymusic appid=10260 user=0: pkg removed
03-15 18:13:16.027  1474  1677 D CompatibilityChangeReporter: Compat change id reported: 168419799; UID 10260; state: DISABLED
03-15 18:13:16.027  1474  1677 D CompatibilityChangeReporter: Compat change id reported: 273564678; UID 10260; state: DISABLED
03-15 18:13:16.040  1474  1628 D CompatibilityChangeReporter: Compat change id reported: 135634846; UID 10112; state: DISABLED
03-15 18:13:16.040  1474  1628 D CompatibilityChangeReporter: Compat change id reported: 177438394; UID 10112; state: DISABLED
03-15 18:13:16.040  1474  1628 D CompatibilityChangeReporter: Compat change id reported: 135772972; UID 10112; state: DISABLED
03-15 18:13:16.040  1474  1628 D CompatibilityChangeReporter: Compat change id reported: 135754954; UID 10112; state: ENABLED
03-15 18:13:16.040  1474  1629 D CompatibilityChangeReporter: Compat change id reported: 143937733; UID 10112; state: ENABLED
03-15 18:13:16.046  1474  1910 D CompatibilityChangeReporter: Compat change id reported: 265195908; UID 10112; state: ENABLED
03-15 18:13:16.052  1474  1629 I ActivityManager: Start proc 13971:com.lenovo.leos.appstore/u0a112 for broadcast {com.lenovo.leos.appstore/com.lenovo.leos.lcapackageinstaller.LcaInstallerReceiver}
03-15 18:13:16.052  1474  2057 W ActivityManager: notifyProcessStarted!
03-15 18:13:16.067  1474  1677 D PackageInstallerSession: Marking session 841602867 as applied
03-15 18:13:16.081  1474  1657 W ProcessCpuTracker: Failed to stat(/proc/13955): android.system.ErrnoException: stat failed: ENOENT (No such file or directory)
03-15 18:13:16.081  1474  1657 W ProcessCpuTracker: Skipping unknown process pid 13955
03-15 18:13:16.082  1474  1657 W ProcessCpuTracker: Failed to stat(/proc/13958): android.system.ErrnoException: stat failed: ENOENT (No such file or directory)
03-15 18:13:16.082  1474  1657 W ProcessCpuTracker: Skipping unknown process pid 13958
03-15 18:13:16.082  1474  1657 W ProcessCpuTracker: Failed to stat(/proc/13959): android.system.ErrnoException: stat failed: ENOENT (No such file or directory)
03-15 18:13:16.082  1474  1657 W ProcessCpuTracker: Skipping unknown process pid 13959
03-15 18:13:16.103  1474  2495 D CompatibilityChangeReporter: Compat change id reported: 168419799; UID 10112; state: DISABLED
03-15 18:13:16.103  1474  2495 D CompatibilityChangeReporter: Compat change id reported: 273564678; UID 10112; state: DISABLED
03-15 18:13:16.130  1474  2493 D CompatibilityChangeReporter: Compat change id reported: 170503758; UID 10112; state: ENABLED
03-15 18:13:16.165  1474  1611 W Looper  : Slow delivery took 200ms android.fg h=android.os.Handler c=<recycled PooledLambda@5dd2f82> m=0
03-15 18:13:16.483  1474 13234 D CompatibilityChangeReporter: Compat change id reported: 161145287; UID 10112; state: DISABLED
03-15 18:13:16.572 13971 14038 E ActivityThread: Failed to find provider info for com.lenovo.leos.appstore.serverconfig.ConfigProvider
03-15 18:13:16.574  1474  2493 D AppOps  : recordOpsBehaviorForZui() called with: code = [214], uid = [10112], packageName = [com.lenovo.leos.appstore], attributionTag = [null], mode = [0]
03-15 18:13:16.582  1474 13234 I ActivityManager: Flag disabled. Ignoring finishAttachApplication from uid: 10112. pid: 13971
03-15 18:13:16.585  1474 13234 D CompatibilityChangeReporter: Compat change id reported: 253665015; UID 10112; state: DISABLED
03-15 18:13:16.585  1474 13234 D CompatibilityChangeReporter: Compat change id reported: 194532703; UID 10112; state: ENABLED
03-15 18:13:16.586  1474  1611 W Looper  : Drained
03-15 18:13:16.596  1474  4014 D AppOps  : recordOpsBehaviorForZui() called with: code = [214], uid = [10196], packageName = [com.qualcomm.qti.workloadclassifier], attributionTag = [null], mode = [0]
03-15 18:13:16.609  1474  2491 D AppOps  : recordOpsBehaviorForZui() called with: code = [214], uid = [10060], packageName = [com.lenovo.leos.cloud.sync], attributionTag = [null], mode = [0]
03-15 18:13:16.613  1474  1474 I Telecom : CarModeTracker: Package com.example.mymusic is not tracked.: SSH.oR@RKY
03-15 18:13:16.613  1474  1474 I Telecom : InCallController: updateCarModeForConnections: car mode apps: : SSH.oR@RKY
03-15 18:13:16.613  1474  1474 I Telecom : InCallController: update carmode current:UserHandle{0} parent:null: SSH.oR@RKY
03-15 18:13:16.614  1474  1980 D AlarmManager: final first Wakeup:29099294 now: 29063704 isInNightMode:false
03-15 18:13:16.630  1474  1951 W PackageConfigPersister: App-specific configuration not found for packageName: com.example.mymusic and userId: 0
03-15 18:13:16.640  1474  4014 D AppOps  : recordOpsBehaviorForZui() called with: code = [214], uid = [10060], packageName = [com.lenovo.leos.cloud.sync], attributionTag = [null], mode = [0]
03-15 18:13:16.646  1474  1980 D AlarmManager: final first Wakeup:29099294 now: 29063736 isInNightMode:false
03-15 18:13:16.653  1474 13234 D AppOps  : recordOpsBehaviorForZui() called with: code = [214], uid = [10196], packageName = [com.qualcomm.qti.workloadclassifier], attributionTag = [null], mode = [0]
03-15 18:13:16.658  1474  1474 V BackupManagerConstants: getFullBackupIntervalMilliseconds(...) returns 86400000
03-15 18:13:16.658  1474  1474 V BackupManagerConstants: getFullBackupRequiredNetworkType(...) returns 2
03-15 18:13:16.658  1474  1474 V BackupManagerConstants: getFullBackupRequireCharging(...) returns true
03-15 18:13:16.661  1474  1474 D CompatibilityChangeReporter: Compat change id reported: 218533173; UID 10260; state: ENABLED
03-15 18:13:16.662  1474  1474 D CompatibilityChangeReporter: Compat change id reported: 171306433; UID 10260; state: ENABLED
03-15 18:13:16.662  1474  1474 W AlarmManager: Package com.example.mymusic, uid 10260 lost permission to set exact alarms!
03-15 18:13:16.676  2562  2562 E ActivityThread: Failed to find provider info for com.zui.launcher.downloadinfo.provider
03-15 18:13:16.680  1474  2495 D AlarmManager: final first Wakeup:29099294 now: 29063770 isInNightMode:false
03-15 18:13:16.683  1474  2493 D AppOps  : recordOpsBehaviorForZui() called with: code = [214], uid = [10060], packageName = [com.lenovo.leos.cloud.sync], attributionTag = [null], mode = [0]
03-15 18:13:16.683  1474  2062 D AlarmManager: final first Wakeup:29099294 now: 29063774 isInNightMode:false
03-15 18:13:16.723  1474 29988 D IntervalStats: Unable to parse usage stats packages: [1324]
03-15 18:13:16.736  1474  2061 D CompatibilityChangeReporter: Compat change id reported: 161252188; UID 10260; state: DISABLED
03-15 18:13:16.743  1474  2061 D AppOps  : recordOpsBehaviorForZui() called with: code = [214], uid = [10149], packageName = [com.google.android.gms], attributionTag = [null], mode = [0]
03-15 18:13:16.756  1474 29988 D IntervalStats: Unable to parse usage stats packages: [1324]
03-15 18:13:16.766  1474 29988 D IntervalStats: Unable to parse usage stats packages: [1324]
03-15 18:13:16.769  1474  6795 D AppOps  : recordOpsBehaviorForZui() called with: code = [214], uid = [10149], packageName = [com.google.android.gms], attributionTag = [null], mode = [0]
03-15 18:13:16.780  1474  1980 D AlarmManager: final first Wakeup:29099294 now: 29063870 isInNightMode:false
03-15 18:13:16.780  1474  1980 D AlarmManager: final first Wakeup:29099294 now: 29063870 isInNightMode:false
03-15 18:13:16.782  1474 29988 D IntervalStats: Unable to parse usage stats packages: [548, 1324]
03-15 18:13:16.786  1474  2491 D AppOps  : recordOpsBehaviorForZui() called with: code = [214], uid = [10149], packageName = [com.google.android.gms], attributionTag = [null], mode = [0]
03-15 18:13:16.791  1474 29988 D IntervalStats: Unable to parse usage stats packages: [548, 1324]
03-15 18:13:16.794  3677  3677 W ContextImpl: Calling a method in the system process without a qualified user: android.app.ContextImpl.startService:1903 android.content.ContextWrapper.startService:825 com.lenovo.safecenter.antivirus.support.AppBroadcast.onReceive:259 android.app.LoadedApk$ReceiverDispatcher$Args.lambda$getRunnable$0:1847 android.app.LoadedApk$ReceiverDispatcher$Args.$r8$lambda$gDuJqgxY6Zb-ifyeubKeivTLAwk:0 
03-15 18:13:16.796  1474 29988 D IntervalStats: Unable to parse usage stats packages: [548, 1281, 1324]
03-15 18:13:16.802  1474 29988 D IntervalStats: Unable to parse usage stats packages: [1324]
03-15 18:13:16.805  1474  4014 D AppOps  : recordOpsBehaviorForZui() called with: code = [214], uid = [10149], packageName = [com.google.android.gms], attributionTag = [null], mode = [0]
03-15 18:13:16.814  1474 29988 D IntervalStats: Unable to parse usage stats packages: [1324]
03-15 18:13:16.819  1474 29988 D IntervalStats: Unable to parse usage stats packages: [1324, 1333]
03-15 18:13:16.819  1474 29988 D IntervalStats: Unable to parse event packages: [1333]
03-15 18:13:16.840  1474  2491 D IntervalStats: Unable to parse usage stats packages: [1324]
03-15 18:13:16.841  1474  2491 D IntervalStats: Unable to parse usage stats packages: [548, 1324]
03-15 18:13:16.842  1474  2491 D IntervalStats: Unable to parse usage stats packages: [548, 1324]
03-15 18:13:16.844  1474  2491 D IntervalStats: Unable to parse usage stats packages: [548, 1281, 1324]
03-15 18:13:16.846  1474  2491 D IntervalStats: Unable to parse usage stats packages: [1324]
03-15 18:13:16.847  1474  2491 D IntervalStats: Unable to parse usage stats packages: [1324]
03-15 18:13:16.849  1474  2491 D IntervalStats: Unable to parse usage stats packages: [1324, 1333]
03-15 18:13:16.849  1474  2491 D IntervalStats: Unable to parse event packages: [1333]
03-15 18:13:16.859  1474  3416 D CompatibilityChangeReporter: Compat change id reported: 161252188; UID 10253; state: DISABLED
03-15 18:13:16.904  1474  1560 D CompatibilityChangeReporter: Compat change id reported: 135634846; UID 10087; state: DISABLED
03-15 18:13:16.904  1474  1560 D CompatibilityChangeReporter: Compat change id reported: 177438394; UID 10087; state: DISABLED
03-15 18:13:16.904  1474  1560 D CompatibilityChangeReporter: Compat change id reported: 135772972; UID 10087; state: DISABLED
03-15 18:13:16.904  1474  1560 D CompatibilityChangeReporter: Compat change id reported: 135754954; UID 10087; state: ENABLED
03-15 18:13:16.904  1474  1629 D CompatibilityChangeReporter: Compat change id reported: 143937733; UID 10087; state: ENABLED
03-15 18:13:16.904  1474  2057 W ActivityManager: notifyProcessStarted!
03-15 18:13:16.909  1474  1560 D CompatibilityChangeReporter: Compat change id reported: 135634846; UID 99026; state: DISABLED
03-15 18:13:16.909  1474  1560 D CompatibilityChangeReporter: Compat change id reported: 177438394; UID 99026; state: DISABLED
03-15 18:13:16.909  1474  1560 D CompatibilityChangeReporter: Compat change id reported: 135772972; UID 99026; state: DISABLED
03-15 18:13:16.909  1474  1560 D CompatibilityChangeReporter: Compat change id reported: 135754954; UID 99026; state: ENABLED
03-15 18:13:16.910  1474  2057 W ActivityManager: notifyProcessStarted!
03-15 18:13:16.912  1474  1629 I ActivityManager: Start proc 14182:com.lenovo.lsf/u0a87 for service {com.lenovo.lsf/com.lenovo.lsf.account.auth.AuthenticationService}
03-15 18:13:16.912  1474  2057 W ActivityManager: notifyProcessStarted!
03-15 18:13:16.912  1474  1629 D CompatibilityChangeReporter: Compat change id reported: 143937733; UID 10112; state: ENABLED
03-15 18:13:16.922  1474  2057 W ActivityManager: notifyProcessStarted!
03-15 18:13:16.922  1474  1629 I ActivityManager: Start proc 14183:com.google.android.webview:sandboxed_process0:org.chromium.content.app.SandboxedProcessService0:0/u0i26 for  {com.lenovo.leos.appstore/org.chromium.content.app.SandboxedProcessService0:0}
03-15 18:13:16.922  2058  2058 D PowerUI : onReceive to showplugged=true buckert==1mcaharge==true level==82 chargrate=0oldpluge==true
03-15 18:13:16.922  2058  3403 D PowerUI : can't show warning due to - plugged: true status unknown: false
03-15 18:13:16.922  2058  3403 I PowerUI.Notification: dismissing low battery notification
03-15 18:13:16.924  1474  1474 D UiModeManager: updateConfigurationLocked: mDockState=0; mCarMode=false; mNightMode=2; mZuiNightModeOverride=2; mPowerSave=false; isTestMode=false; uiMode=33
03-15 18:13:16.944  1474  3416 D CompatibilityChangeReporter: Compat change id reported: 261072174; UID 10112; state: DISABLED
03-15 18:13:16.945  1474  6795 D CompatibilityChangeReporter: Compat change id reported: 168419799; UID 10087; state: DISABLED
03-15 18:13:16.945  1474  6795 D CompatibilityChangeReporter: Compat change id reported: 273564678; UID 10087; state: DISABLED
03-15 18:13:16.952  1474  1910 D CompatibilityChangeReporter: Compat change id reported: 265195908; UID 10087; state: ENABLED
03-15 18:13:16.955  1474  1560 D CompatibilityChangeReporter: Compat change id reported: 170503758; UID 10087; state: ENABLED
03-15 18:13:16.987  1474  3416 I ActivityManager: Flag disabled. Ignoring finishAttachApplication from uid: 10087. pid: 14182
03-15 18:13:17.056  1474  1560 I ActivityManager: Flag disabled. Ignoring finishAttachApplication from uid: 99026. pid: 14183
03-15 18:13:17.167  1474  6795 D AlarmManager: final first Wakeup:29099294 now: 29064257 isInNightMode:false
03-15 18:13:17.167  1474  6795 D AlarmManager: final first Wakeup:29099294 now: 29064258 isInNightMode:false
03-15 18:13:17.437  1474  1560 D AlarmManager: final first Wakeup:29099294 now: 29064527 isInNightMode:false
03-15 18:13:17.437  1474  1560 D AlarmManager: final first Wakeup:29099294 now: 29064527 isInNightMode:false
03-15 18:13:17.437  1474  1560 D AlarmManager: final first Wakeup:29099294 now: 29064527 isInNightMode:false
03-15 18:13:17.437  1474  1560 D AlarmManager: final first Wakeup:29099294 now: 29064527 isInNightMode:false
03-15 18:13:17.540  1474  4490 D ZuiMemoryCleaner: Begin to handle vmpressure event
03-15 18:13:17.540  1474  4490 D ZuiMemoryCleaner: free 175232Kb  cache 2349956Kb  available 2198836Kb  swap free 3318516Kb  pgscan_kswapd 11409086 pgscan_direct 26635 wmark 3 (0-Min, 1-Low, 2-High, 3-None) nanoTime 12296552879838
03-15 18:13:17.540  1474  4490 E ZuiMemoryCleaner: updateStrategy all memory indicators are normal, ignore this pressure event
03-15 18:13:17.540  1474  4490 E ZuiMemoryCleaner: Memory status is normal, no cleaning needed
03-15 18:13:17.540  1474  4490 D ZuiMemoryCleaner: Finish to handle vmpressure event
03-15 18:13:17.640  1474  1621 W AccessibilitySecurityPolicy: Skipping accessibility service com.bytedance.android.doubaoime/com.bytedance.android.input.basic.recognition.accessibilityImpl.ImeAccessibilityService: it does not require the permission android.permission.BIND_ACCESSIBILITY_SERVICE
03-15 18:13:17.642  1474  1621 W AccessibilitySecurityPolicy: Skipping accessibility service com.newskyer.draw/.floatBall.NotificationCountDownService: it does not require the permission android.permission.BIND_ACCESSIBILITY_SERVICE
03-15 18:13:17.646  1474  1621 W WindowMagnificationMgr: requestConnection duplicated request: connect=false, mConnectionState=DISCONNECTED
03-15 18:13:17.650  1474  1621 W AccessibilitySecurityPolicy: Skipping accessibility service com.bytedance.android.doubaoime/com.bytedance.android.input.basic.recognition.accessibilityImpl.ImeAccessibilityService: it does not require the permission android.permission.BIND_ACCESSIBILITY_SERVICE
03-15 18:13:17.651  1474  1621 W AccessibilitySecurityPolicy: Skipping accessibility service com.newskyer.draw/.floatBall.NotificationCountDownService: it does not require the permission android.permission.BIND_ACCESSIBILITY_SERVICE
03-15 18:13:17.652  1474  1621 W WindowMagnificationMgr: requestConnection duplicated request: connect=false, mConnectionState=DISCONNECTED
03-15 18:13:17.996  1474  1621 W VoiceInteractionManager: no available voice recognition services found for user 0
03-15 18:13:18.036  1474  1612 D WindowManager: ondown, touch down!
03-15 18:13:18.045  1474  3416 D CoreBackPreview: Focused window found using getFocusedWindowToken
03-15 18:13:18.045  1474  3416 D CoreBackPreview: startBackNavigation currentTask=Task{30479bd #50 type=standard A=10253:tv.danmaku.bilibilihd}, topRunningActivity=ActivityRecord{2f2b72c u0 tv.danmaku.bilibilihd/com.bilibili.ship.theseus.hd.detail.HDUnitedBizDetailsActivity t50, isEmbedded=false}, callbackInfo=OnBackInvokedCallbackInfo{mCallback=android.window.IOnBackInvokedCallback$Stub$Proxy@72badcf, mPriority=0, mIsAnimationCallback=false}, currentFocus=Window{3b568a9 u0 tv.danmaku.bilibilihd/com.bilibili.ship.theseus.hd.detail.HDUnitedBizDetailsActivity}
03-15 18:13:18.051  1474  3416 I WindowManager: Window{2f3c3d4 u0 EdgeBackGestureHandler0} state from NO_SURFACE to DRAW_PENDING; reason: resetDrawState
03-15 18:13:18.067  1474  3416 I WindowManager: Window{2f3c3d4 u0 EdgeBackGestureHandler0} state from DRAW_PENDING to COMMIT_DRAW_PENDING; reason: finishDrawingLocked
03-15 18:13:18.068  1474  1615 I WindowManager: Window{2f3c3d4 u0 EdgeBackGestureHandler0} state from COMMIT_DRAW_PENDING to READY_TO_SHOW; reason: commitFinishDrawingLocked
03-15 18:13:18.068  1474  1615 I WindowManager: Window{2f3c3d4 u0 EdgeBackGestureHandler0} state from READY_TO_SHOW to HAS_DRAWN; reason: performShowLocked
03-15 18:13:18.174 13971 14155 W Looper  : Slow dispatch took 1062ms TracerReporter h=android.os.Handler c=w3.c$a@4079ed8 m=0
03-15 18:13:18.185  1474  1612 D WindowManager: onfling, touch interaction!
03-15 18:13:18.186  1474  1612 D WindowManager: onup, touch up!
03-15 18:13:18.194  1474  3416 D CoreBackPreview: onBackNavigationDone backType=4, triggerBack=true
03-15 18:13:18.206  1474  3416 D RestartModeController: determineRescueAppAfterAppFinishItself@1 null pkgName=tv.danmaku.bilibilihd
03-15 18:13:18.206  1474  3416 I TransitionController: requestStartTransition remoteTransition null for TransitionRecord{9ed8913 id=214 type=CLOSE flags=0x0}
03-15 18:13:18.209  1474  1615 V WindowManager: Focus not requested for window=Window{3b568a9 u0 tv.danmaku.bilibilihd/com.bilibili.ship.theseus.hd.detail.HDUnitedBizDetailsActivity} because it has no surface or is not focusable.
03-15 18:13:18.209  1474  2061 D ChangeTransitionController: applySyncStagingTypesIfNeeded: fail stage is empty
03-15 18:13:18.224  1474  2057 W ActivityManager: notifyProcessStarted!
03-15 18:13:18.225  1474  2061 I WindowManager: setFocusedAppLw : ActivityRecord{74ff681 u0 tv.danmaku.bilibilihd/tv.danmaku.bili.MainActivityV2 t50, isEmbedded=false},display Id:0
03-15 18:13:18.225  1474  2061 D WindowManager: Changing focus from Window{3b568a9 u0 tv.danmaku.bilibilihd/com.bilibili.ship.theseus.hd.detail.HDUnitedBizDetailsActivity} to null displayId=0 Callers=com.android.server.wm.RootWindowContainer.updateFocusedWindowLocked:503 com.android.server.wm.WindowManagerService.updateFocusedWindowLocked:6584 com.android.server.wm.ActivityTaskManagerService.setLastResumedActivityUncheckLocked:5363 com.android.server.wm.ActivityTaskSupervisor.updateTopResumedActivityIfNeeded:2765 
03-15 18:13:18.226  1474  2061 I WindowManager: setInputFocusLw : null,display Id:0
03-15 18:13:18.230  1474  2014 D ZuiInputManager: updateTopTaskPackageStatus mTopTaskPackageName = tv.danmaku.bilibilihd
03-15 18:13:18.230  1474  2014 D BigPalmInputPolicy: isGameAppPackage: mUiType = ZUI, packageName = tv.danmaku.bilibilihd
03-15 18:13:18.230  1474  2014 D TouchscreenServiceManager: setBigPalm by hidl v1_0 
03-15 18:13:18.233  1474  2061 D ChangeTransitionController: applySyncStagingTypesIfNeeded: fail stage is empty
