03-15 18:30:35.013   840  8470 W libc    : Access denied finding property "vendor.dolby.mi.metadata.log"
03-15 18:30:35.013  1032  3002 E SurfaceFlinger: isStylusTargetLayer notifyTargetLayerDisconnect in
03-15 18:30:35.013   840  8358 W libc    : Access denied finding property "hal.record.dump"
03-15 18:30:35.013   999   999 W libc    : Access denied finding property "hwservicemanager.ready"
03-15 18:30:35.016  1032  1098 E SurfaceFlinger: isStylusTargetLayer notifyTargetLayerDisconnect in
03-15 18:30:35.022  1032  1098 E SurfaceFlinger: isStylusTargetLayer notifyTargetLayerDisconnect in
03-15 18:30:35.022  1032  3002 E SurfaceFlinger: isStylusTargetLayer notifyTargetLayerDisconnect in
03-15 18:30:35.024  1032  3002 E SurfaceFlinger: isStylusTargetLayer notifyTargetLayerDisconnect in
03-15 18:30:35.030  1032  1097 E SurfaceFlinger: isStylusTargetLayer notifyTargetLayerDisconnect in
03-15 18:30:35.031  1032  1097 E SurfaceFlinger: isStylusTargetLayer notifyTargetLayerDisconnect in
03-15 18:30:35.038  1032  1097 E SurfaceFlinger: isStylusTargetLayer notifyTargetLayerDisconnect in
03-15 18:30:35.040  1032  1097 E SurfaceFlinger: isStylusTargetLayer notifyTargetLayerDisconnect in
03-15 18:30:35.046  1032  1097 E SurfaceFlinger: isStylusTargetLayer notifyTargetLayerDisconnect in
03-15 18:30:35.047  1032  3002 E SurfaceFlinger: isStylusTargetLayer notifyTargetLayerDisconnect in
03-15 18:30:35.051   840  8470 W libc    : Access denied finding property "vendor.dolby.mi.metadata.log"
03-15 18:30:35.051   840  8470 W libc    : Access denied finding property "vendor.dolby.mi.metadata.log"
03-15 18:30:35.051   840  8470 W libc    : Access denied finding property "vendor.dolby.mi.metadata.log"
03-15 18:30:35.051   840  8470 W libc    : Access denied finding property "vendor.dolby.mi.metadata.log"
03-15 18:30:35.052   840  8470 W libc    : Access denied finding property "vendor.dolby.mi.metadata.log"
03-15 18:30:35.052   840  8470 W libc    : Access denied finding property "vendor.dolby.mi.metadata.log"
03-15 18:30:35.052   840  8470 W libc    : Access denied finding property "vendor.dolby.mi.metadata.log"
03-15 18:30:35.052   840  8358 W libc    : Access denied finding property "hal.record.dump"
03-15 18:30:35.055  1032  3002 E SurfaceFlinger: isStylusTargetLayer notifyTargetLayerDisconnect in
03-15 18:30:35.055  1032  1669 E SurfaceFlinger: isStylusTargetLayer notifyTargetLayerDisconnect in
03-15 18:30:35.057  1032  1669 E SurfaceFlinger: isStylusTargetLayer notifyTargetLayerDisconnect in
03-15 18:30:35.064  1032  1669 E SurfaceFlinger: isStylusTargetLayer notifyTargetLayerDisconnect in
03-15 18:30:35.064  1032  1098 E SurfaceFlinger: isStylusTargetLayer notifyTargetLayerDisconnect in
03-15 18:30:35.072  1032  1098 E SurfaceFlinger: isStylusTargetLayer notifyTargetLayerDisconnect in
03-15 18:30:35.073  1032  1098 E SurfaceFlinger: isStylusTargetLayer notifyTargetLayerDisconnect in
03-15 18:30:35.080  1032  1098 E SurfaceFlinger: isStylusTargetLayer notifyTargetLayerDisconnect in
03-15 18:30:35.081  1032  1098 E SurfaceFlinger: isStylusTargetLayer notifyTargetLayerDisconnect in
03-15 18:30:35.088  1032  1098 E SurfaceFlinger: isStylusTargetLayer notifyTargetLayerDisconnect in
03-15 18:30:35.088  1032  1098 E SurfaceFlinger: isStylusTargetLayer notifyTargetLayerDisconnect in
03-15 18:30:35.090  1032  1098 E SurfaceFlinger: isStylusTargetLayer notifyTargetLayerDisconnect in
03-15 18:30:35.091   840  8470 W libc    : Access denied finding property "vendor.dolby.mi.metadata.log"
03-15 18:30:35.091   840  8470 W libc    : Access denied finding property "vendor.dolby.mi.metadata.log"
03-15 18:30:35.091   840  8470 W libc    : Access denied finding property "vendor.dolby.mi.metadata.log"
03-15 18:30:35.091   840  8470 W libc    : Access denied finding property "vendor.dolby.mi.metadata.log"
03-15 18:30:35.091   840  8470 W libc    : Access denied finding property "vendor.dolby.mi.metadata.log"
03-15 18:30:35.092   840  8470 W libc    : Access denied finding property "vendor.dolby.mi.metadata.log"
03-15 18:30:35.092   840  8470 W libc    : Access denied finding property "vendor.dolby.mi.metadata.log"
03-15 18:30:35.092   840  8470 W libc    : Access denied finding property "vendor.dolby.mi.metadata.log"
03-15 18:30:35.092   840  8358 W libc    : Access denied finding property "hal.record.dump"
03-15 18:30:35.097  1032  1098 E SurfaceFlinger: isStylusTargetLayer notifyTargetLayerDisconnect in
03-15 18:30:35.098  1032  1098 E SurfaceFlinger: isStylusTargetLayer notifyTargetLayerDisconnect in
03-15 18:30:35.106  1032  1669 E SurfaceFlinger: isStylusTargetLayer notifyTargetLayerDisconnect in
03-15 18:30:35.107  1032  1098 E SurfaceFlinger: isStylusTargetLayer notifyTargetLayerDisconnect in
03-15 18:30:35.114  1032  1669 E SurfaceFlinger: isStylusTargetLayer notifyTargetLayerDisconnect in
03-15 18:30:35.115  1032  1669 E SurfaceFlinger: isStylusTargetLayer notifyTargetLayerDisconnect in
03-15 18:30:35.122  1032  1098 E SurfaceFlinger: isStylusTargetLayer notifyTargetLayerDisconnect in
03-15 18:30:35.122  1032  1669 E SurfaceFlinger: isStylusTargetLayer notifyTargetLayerDisconnect in
03-15 18:30:35.122  1032  1669 E SurfaceFlinger: isStylusTargetLayer notifyTargetLayerDisconnect in
03-15 18:30:35.130  1032  1098 E SurfaceFlinger: isStylusTargetLayer notifyTargetLayerDisconnect in
03-15 18:30:35.131   840  8470 W libc    : Access denied finding property "vendor.dolby.mi.metadata.log"
03-15 18:30:35.131  1032  1098 E SurfaceFlinger: isStylusTargetLayer notifyTargetLayerDisconnect in
03-15 18:30:35.132   840  8470 W libc    : Access denied finding property "vendor.dolby.mi.metadata.log"
03-15 18:30:35.132   840  8470 W libc    : Access denied finding property "vendor.dolby.mi.metadata.log"
03-15 18:30:35.132   840  8470 W libc    : Access denied finding property "vendor.dolby.mi.metadata.log"
03-15 18:30:35.132   840  8470 W libc    : Access denied finding property "vendor.dolby.mi.metadata.log"
03-15 18:30:35.132   840  8470 W libc    : Access denied finding property "vendor.dolby.mi.metadata.log"
03-15 18:30:35.132   840  8470 W libc    : Access denied finding property "vendor.dolby.mi.metadata.log"
03-15 18:30:35.133   840  8358 W libc    : Access denied finding property "hal.record.dump"
03-15 18:30:35.138  1032  1098 E SurfaceFlinger: isStylusTargetLayer notifyTargetLayerDisconnect in
03-15 18:30:35.140  1032  1098 E SurfaceFlinger: isStylusTargetLayer notifyTargetLayerDisconnect in
03-15 18:30:35.146  1032  1098 E SurfaceFlinger: isStylusTargetLayer notifyTargetLayerDisconnect in
03-15 18:30:35.149  1032  1669 E SurfaceFlinger: isStylusTargetLayer notifyTargetLayerDisconnect in
03-15 18:30:35.155  1032  1097 E SurfaceFlinger: isStylusTargetLayer notifyTargetLayerDisconnect in
03-15 18:30:35.155  1032  1098 E SurfaceFlinger: isStylusTargetLayer notifyTargetLayerDisconnect in
03-15 18:30:35.157  1032  1098 E SurfaceFlinger: isStylusTargetLayer notifyTargetLayerDisconnect in
03-15 18:30:35.164  1032  1098 E SurfaceFlinger: isStylusTargetLayer notifyTargetLayerDisconnect in
03-15 18:30:35.164  1032  1097 E SurfaceFlinger: isStylusTargetLayer notifyTargetLayerDisconnect in
03-15 18:30:35.171   840  8470 W libc    : Access denied finding property "vendor.dolby.mi.metadata.log"
03-15 18:30:35.171   840  8470 W libc    : Access denied finding property "vendor.dolby.mi.metadata.log"
03-15 18:30:35.172   840  8470 W libc    : Access denied finding property "vendor.dolby.mi.metadata.log"
03-15 18:30:35.172   840  8470 W libc    : Access denied finding property "vendor.dolby.mi.metadata.log"
03-15 18:30:35.172  1032  1098 E SurfaceFlinger: isStylusTargetLayer notifyTargetLayerDisconnect in
03-15 18:30:35.172   840  8470 W libc    : Access denied finding property "vendor.dolby.mi.metadata.log"
03-15 18:30:35.172   840  8470 W libc    : Access denied finding property "vendor.dolby.mi.metadata.log"
03-15 18:30:35.172   999   999 W libc    : Access denied finding property "hwservicemanager.ready"
03-15 18:30:35.172   840  8470 W libc    : Access denied finding property "vendor.dolby.mi.metadata.log"
03-15 18:30:35.172   840  8470 W libc    : Access denied finding property "vendor.dolby.mi.metadata.log"
03-15 18:30:35.173   840  8358 W libc    : Access denied finding property "hal.record.dump"
03-15 18:30:35.173  1032  1097 E SurfaceFlinger: isStylusTargetLayer notifyTargetLayerDisconnect in
03-15 18:30:35.181  1032  1097 E SurfaceFlinger: isStylusTargetLayer notifyTargetLayerDisconnect in
03-15 18:30:35.181  1032  1098 E SurfaceFlinger: isStylusTargetLayer notifyTargetLayerDisconnect in
03-15 18:30:35.188  1032  1098 E SurfaceFlinger: isStylusTargetLayer notifyTargetLayerDisconnect in
03-15 18:30:35.189  1032  1098 E SurfaceFlinger: isStylusTargetLayer notifyTargetLayerDisconnect in
03-15 18:30:35.189  1032  1097 E SurfaceFlinger: isStylusTargetLayer notifyTargetLayerDisconnect in
03-15 18:30:35.197  1032  1098 E SurfaceFlinger: isStylusTargetLayer notifyTargetLayerDisconnect in
03-15 18:30:35.198  1032  1098 E SurfaceFlinger: isStylusTargetLayer notifyTargetLayerDisconnect in
03-15 18:30:35.205  1032  1098 E SurfaceFlinger: isStylusTargetLayer notifyTargetLayerDisconnect in
03-15 18:30:35.206  1032  1098 E SurfaceFlinger: isStylusTargetLayer notifyTargetLayerDisconnect in
03-15 18:30:35.211   840  8470 W libc    : Access denied finding property "vendor.dolby.mi.metadata.log"
03-15 18:30:35.211   840  8470 W libc    : Access denied finding property "vendor.dolby.mi.metadata.log"
03-15 18:30:35.211   840  8470 W libc    : Access denied finding property "vendor.dolby.mi.metadata.log"
03-15 18:30:35.211   840  8470 W libc    : Access denied finding property "vendor.dolby.mi.metadata.log"
03-15 18:30:35.212   840  8470 W libc    : Access denied finding property "vendor.dolby.mi.metadata.log"
03-15 18:30:35.212   840  8470 W libc    : Access denied finding property "vendor.dolby.mi.metadata.log"
03-15 18:30:35.212   840  8470 W libc    : Access denied finding property "vendor.dolby.mi.metadata.log"
03-15 18:30:35.212   840  8358 W libc    : Access denied finding property "hal.record.dump"
03-15 18:30:35.213  1032  1097 E SurfaceFlinger: isStylusTargetLayer notifyTargetLayerDisconnect in
03-15 18:30:35.215  1032  1097 E SurfaceFlinger: isStylusTargetLayer notifyTargetLayerDisconnect in
03-15 18:30:35.222  1032  1097 E SurfaceFlinger: isStylusTargetLayer notifyTargetLayerDisconnect in
03-15 18:30:35.222  1032  1097 E SurfaceFlinger: isStylusTargetLayer notifyTargetLayerDisconnect in
03-15 18:30:35.222  1032  1097 E SurfaceFlinger: isStylusTargetLayer notifyTargetLayerDisconnect in
03-15 18:30:35.230  1032  1098 E SurfaceFlinger: isStylusTargetLayer notifyTargetLayerDisconnect in
03-15 18:30:35.231  1032  1098 E SurfaceFlinger: isStylusTargetLayer notifyTargetLayerDisconnect in
03-15 18:30:35.238  1032  1097 E SurfaceFlinger: isStylusTargetLayer notifyTargetLayerDisconnect in
03-15 18:30:35.240  1032  1098 E SurfaceFlinger: isStylusTargetLayer notifyTargetLayerDisconnect in
03-15 18:30:35.247  1032  1097 E SurfaceFlinger: isStylusTargetLayer notifyTargetLayerDisconnect in
03-15 18:30:35.248  1032  1097 E SurfaceFlinger: isStylusTargetLayer notifyTargetLayerDisconnect in
03-15 18:30:35.252   840  8470 W libc    : Access denied finding property "vendor.dolby.mi.metadata.log"
03-15 18:30:35.252   840  8470 W libc    : Access denied finding property "vendor.dolby.mi.metadata.log"
03-15 18:30:35.252   840  8470 W libc    : Access denied finding property "vendor.dolby.mi.metadata.log"
03-15 18:30:35.252   840  8470 W libc    : Access denied finding property "vendor.dolby.mi.metadata.log"
03-15 18:30:35.252   840  8470 W libc    : Access denied finding property "vendor.dolby.mi.metadata.log"
03-15 18:30:35.252   840  8470 W libc    : Access denied finding property "vendor.dolby.mi.metadata.log"
03-15 18:30:35.252   840  8470 W libc    : Access denied finding property "vendor.dolby.mi.metadata.log"
03-15 18:30:35.253   840  8470 W libc    : Access denied finding property "vendor.dolby.mi.metadata.log"
03-15 18:30:35.253   840  8358 W libc    : Access denied finding property "hal.record.dump"
03-15 18:30:35.255  1032  1097 E SurfaceFlinger: isStylusTargetLayer notifyTargetLayerDisconnect in
03-15 18:30:35.256  1032  1097 E SurfaceFlinger: isStylusTargetLayer notifyTargetLayerDisconnect in
03-15 18:30:35.256  1032  1098 E SurfaceFlinger: isStylusTargetLayer notifyTargetLayerDisconnect in
03-15 18:30:35.264  1032  1097 E SurfaceFlinger: isStylusTargetLayer notifyTargetLayerDisconnect in
03-15 18:30:35.265  1032  1097 E SurfaceFlinger: isStylusTargetLayer notifyTargetLayerDisconnect in
03-15 18:30:35.272  1032  1098 E SurfaceFlinger: isStylusTargetLayer notifyTargetLayerDisconnect in
03-15 18:30:35.273  1032  1097 E SurfaceFlinger: isStylusTargetLayer notifyTargetLayerDisconnect in
03-15 18:30:35.280   999   999 W libc    : Access denied finding property "hwservicemanager.ready"
03-15 18:30:35.281  1032  1097 E SurfaceFlinger: isStylusTargetLayer notifyTargetLayerDisconnect in
03-15 18:30:35.282  1032  1097 E SurfaceFlinger: isStylusTargetLayer notifyTargetLayerDisconnect in
03-15 18:30:35.289  1032  1097 E SurfaceFlinger: isStylusTargetLayer notifyTargetLayerDisconnect in
03-15 18:30:35.289  1032  1098 E SurfaceFlinger: isStylusTargetLayer notifyTargetLayerDisconnect in
03-15 18:30:35.290  1032  1098 E SurfaceFlinger: isStylusTargetLayer notifyTargetLayerDisconnect in
03-15 18:30:35.291   840  8470 W libc    : Access denied finding property "vendor.dolby.mi.metadata.log"
03-15 18:30:35.291   840  8470 W libc    : Access denied finding property "vendor.dolby.mi.metadata.log"
03-15 18:30:35.292   840  8470 W libc    : Access denied finding property "vendor.dolby.mi.metadata.log"
03-15 18:30:35.292   840  8470 W libc    : Access denied finding property "vendor.dolby.mi.metadata.log"
03-15 18:30:35.292   840  8470 W libc    : Access denied finding property "vendor.dolby.mi.metadata.log"
03-15 18:30:35.292   840  8470 W libc    : Access denied finding property "vendor.dolby.mi.metadata.log"
03-15 18:30:35.292   840  8470 W libc    : Access denied finding property "vendor.dolby.mi.metadata.log"
03-15 18:30:35.293   840  8358 W libc    : Access denied finding property "hal.record.dump"
03-15 18:30:35.297  1032  1097 E SurfaceFlinger: isStylusTargetLayer notifyTargetLayerDisconnect in
03-15 18:30:35.298  1032  1098 E SurfaceFlinger: isStylusTargetLayer notifyTargetLayerDisconnect in
03-15 18:30:35.305  1032  1098 E SurfaceFlinger: isStylusTargetLayer notifyTargetLayerDisconnect in
03-15 18:30:35.306  1032  1097 E SurfaceFlinger: isStylusTargetLayer notifyTargetLayerDisconnect in
03-15 18:30:35.307 10196 10294 E u4native: [InfoLevelMessage] [INFO:not_a_file.cc(0)] RenderMainThread heartbeat, pid/tid: 10196/10294, interval/index: 30s/50, ucCoreSoImplVersion: 5.12.11.0_250212104355
03-15 18:30:35.307 10196 10345 E u4native: [InfoLevelMessage] [INFO:not_a_file.cc(0)] RenderIOThread heartbeat, pid/tid: 10196/10345, interval/index: 30s/50
03-15 18:30:35.308   999   999 W HidlServiceManagement: Waited for hwservicemanager.ready for a second, waiting another...
03-15 18:30:35.309   999   999 W libc    : Access denied finding property "hwservicemanager.ready"
03-15 18:30:35.309   999   999 W libc    : Access denied finding property "hwservicemanager.ready"
03-15 18:30:35.314  1032  1098 E SurfaceFlinger: isStylusTargetLayer notifyTargetLayerDisconnect in
03-15 18:30:35.314  1032  1098 E SurfaceFlinger: isStylusTargetLayer notifyTargetLayerDisconnect in
03-15 18:30:35.321  1032  1097 E SurfaceFlinger: isStylusTargetLayer notifyTargetLayerDisconnect in
03-15 18:30:35.322  1032  1097 E SurfaceFlinger: isStylusTargetLayer notifyTargetLayerDisconnect in
03-15 18:30:35.324  1032  1097 E SurfaceFlinger: isStylusTargetLayer notifyTargetLayerDisconnect in
03-15 18:30:35.328 10325 10376 E u4native: [InfoLevelMessage] [INFO:not_a_file.cc(0)] GpuMainThread heartbeat, pid/tid: 10325/10376, interval/index: 30s/50, ucCoreSoImplVersion: 5.12.11.0_250212104355
03-15 18:30:35.330  1032  1097 E SurfaceFlinger: isStylusTargetLayer notifyTargetLayerDisconnect in
03-15 18:30:35.331   840  8470 W libc    : Access denied finding property "vendor.dolby.mi.metadata.log"
03-15 18:30:35.331   840  8470 W libc    : Access denied finding property "vendor.dolby.mi.metadata.log"
03-15 18:30:35.332   840  8470 W libc    : Access denied finding property "vendor.dolby.mi.metadata.log"
03-15 18:30:35.332   840  8470 W libc    : Access denied finding property "vendor.dolby.mi.metadata.log"
03-15 18:30:35.332   840  8470 W libc    : Access denied finding property "vendor.dolby.mi.metadata.log"
03-15 18:30:35.332  1032  1098 E SurfaceFlinger: isStylusTargetLayer notifyTargetLayerDisconnect in
03-15 18:30:35.332   840  8470 W libc    : Access denied finding property "vendor.dolby.mi.metadata.log"
03-15 18:30:35.333   840  8470 W libc    : Access denied finding property "vendor.dolby.mi.metadata.log"
03-15 18:30:35.333   840  8470 W libc    : Access denied finding property "vendor.dolby.mi.metadata.log"
03-15 18:30:35.333   840  8358 W libc    : Access denied finding property "hal.record.dump"
03-15 18:30:35.338  1032  1097 E SurfaceFlinger: isStylusTargetLayer notifyTargetLayerDisconnect in
03-15 18:30:35.340  1032  1669 E SurfaceFlinger: isStylusTargetLayer notifyTargetLayerDisconnect in
03-15 18:30:35.347  1032  1669 E SurfaceFlinger: isStylusTargetLayer notifyTargetLayerDisconnect in
03-15 18:30:35.351  1032  1097 E SurfaceFlinger: isStylusTargetLayer notifyTargetLayerDisconnect in
03-15 18:30:35.355  1032  1097 E SurfaceFlinger: isStylusTargetLayer notifyTargetLayerDisconnect in
03-15 18:30:35.356  1032  1097 E SurfaceFlinger: isStylusTargetLayer notifyTargetLayerDisconnect in
03-15 18:30:35.356  1032  1097 E SurfaceFlinger: isStylusTargetLayer notifyTargetLayerDisconnect in
03-15 18:30:35.363  1032  1669 E SurfaceFlinger: isStylusTargetLayer notifyTargetLayerDisconnect in
03-15 18:30:35.364  1032  1669 E SurfaceFlinger: isStylusTargetLayer notifyTargetLayerDisconnect in
03-15 18:30:35.371   840  8470 W libc    : Access denied finding property "vendor.dolby.mi.metadata.log"
03-15 18:30:35.371   840  8470 W libc    : Access denied finding property "vendor.dolby.mi.metadata.log"
03-15 18:30:35.371   840  8470 W libc    : Access denied finding property "vendor.dolby.mi.metadata.log"
03-15 18:30:35.371   840  8470 W libc    : Access denied finding property "vendor.dolby.mi.metadata.log"
03-15 18:30:35.371   840  8470 W libc    : Access denied finding property "vendor.dolby.mi.metadata.log"
03-15 18:30:35.372   840  8470 W libc    : Access denied finding property "vendor.dolby.mi.metadata.log"
03-15 18:30:35.372   840  8470 W libc    : Access denied finding property "vendor.dolby.mi.metadata.log"
03-15 18:30:35.372   840  8358 W libc    : Access denied finding property "hal.record.dump"
03-15 18:30:35.372  1032  1097 E SurfaceFlinger: isStylusTargetLayer notifyTargetLayerDisconnect in
03-15 18:30:35.374  1032  1097 E SurfaceFlinger: isStylusTargetLayer notifyTargetLayerDisconnect in
03-15 18:30:35.380  1032  1097 E SurfaceFlinger: isStylusTargetLayer notifyTargetLayerDisconnect in
03-15 18:30:35.381  1032  1098 E SurfaceFlinger: isStylusTargetLayer notifyTargetLayerDisconnect in
03-15 18:30:35.383   891   891 I vendor_lenovo_battery_hidl_test: getChargerType:type=1 ,len=2
--------- beginning of system
03-15 18:30:35.386  1474  1474 D UiModeManager: updateConfigurationLocked: mDockState=0; mCarMode=false; mNightMode=2; mZuiNightModeOverride=2; mPowerSave=false; isTestMode=false; uiMode=33
03-15 18:30:35.386  2058  2058 D PowerUI : onReceive to showplugged=true buckert==1mcaharge==true level==87 chargrate=0oldpluge==true
03-15 18:30:35.386  2058  2058 D BatterySaverUtils: oldPlugged && !plugged is false
03-15 18:30:35.386  2058  3406 D PowerUI : can't show warning due to - plugged: true status unknown: false
03-15 18:30:35.387  2058  3406 I PowerUI.Notification: dismissing low battery notification
03-15 18:30:35.387  2058  3406 E PowerUI.Notification: cancel low battery notification
03-15 18:30:35.387  2058  2058 D BatteryController: chargePlug is 1
03-15 18:30:35.387  2058  2058 D BatteryController: type is 3
03-15 18:30:35.389  1032  1097 E SurfaceFlinger: isStylusTargetLayer notifyTargetLayerDisconnect in
03-15 18:30:35.389  1032  1097 E SurfaceFlinger: isStylusTargetLayer notifyTargetLayerDisconnect in
03-15 18:30:35.390  2058  2058 E BatteryController:  initLevelAndSwtich  current level===30
03-15 18:30:35.390  2058  2058 D KeyguardUpdateMonitor: handleMessage: 302,for:MSG_BATTERY_UPDATE
03-15 18:30:35.390  1032  1098 E SurfaceFlinger: isStylusTargetLayer notifyTargetLayerDisconnect in
03-15 18:30:35.397  1032  1098 E SurfaceFlinger: isStylusTargetLayer notifyTargetLayerDisconnect in
03-15 18:30:35.397  1032  1098 E SurfaceFlinger: isStylusTargetLayer notifyTargetLayerDisconnect in
03-15 18:30:35.397  1032  1097 E SurfaceFlinger: isStylusTargetLayer notifyTargetLayerDisconnect in
03-15 18:30:35.405  1032  1097 E SurfaceFlinger: isStylusTargetLayer notifyTargetLayerDisconnect in
03-15 18:30:35.406  1032  1097 E SurfaceFlinger: isStylusTargetLayer notifyTargetLayerDisconnect in
03-15 18:30:35.411   840  8470 W libc    : Access denied finding property "vendor.dolby.mi.metadata.log"
03-15 18:30:35.411   840  8470 W libc    : Access denied finding property "vendor.dolby.mi.metadata.log"
03-15 18:30:35.411   840  8470 W libc    : Access denied finding property "vendor.dolby.mi.metadata.log"
03-15 18:30:35.412   840  8470 W libc    : Access denied finding property "vendor.dolby.mi.metadata.log"
03-15 18:30:35.412   840  8470 W libc    : Access denied finding property "vendor.dolby.mi.metadata.log"
03-15 18:30:35.412   840  8470 W libc    : Access denied finding property "vendor.dolby.mi.metadata.log"
03-15 18:30:35.412   840  8470 W libc    : Access denied finding property "vendor.dolby.mi.metadata.log"
03-15 18:30:35.412   840  8470 W libc    : Access denied finding property "vendor.dolby.mi.metadata.log"
03-15 18:30:35.412   840  8358 W libc    : Access denied finding property "hal.record.dump"
03-15 18:30:35.414  1032  1097 E SurfaceFlinger: isStylusTargetLayer notifyTargetLayerDisconnect in
03-15 18:30:35.416  1032  1097 E SurfaceFlinger: isStylusTargetLayer notifyTargetLayerDisconnect in
03-15 18:30:35.422  1032  1669 E SurfaceFlinger: isStylusTargetLayer notifyTargetLayerDisconnect in
03-15 18:30:35.422  1032  3002 E SurfaceFlinger: isStylusTargetLayer notifyTargetLayerDisconnect in
03-15 18:30:35.422   999   999 W libc    : Access denied finding property "hwservicemanager.ready"
03-15 18:30:35.424  1032  3002 E SurfaceFlinger: isStylusTargetLayer notifyTargetLayerDisconnect in
03-15 18:30:35.430  1032  3002 E SurfaceFlinger: isStylusTargetLayer notifyTargetLayerDisconnect in
03-15 18:30:35.432  1032  1201 E SurfaceFlinger: isStylusTargetLayer notifyTargetLayerDisconnect in
03-15 18:30:35.439  1032  1201 E SurfaceFlinger: isStylusTargetLayer notifyTargetLayerDisconnect in
03-15 18:30:35.439  1032  1201 E SurfaceFlinger: isStylusTargetLayer notifyTargetLayerDisconnect in
03-15 18:30:35.446  1032  1201 E SurfaceFlinger: isStylusTargetLayer notifyTargetLayerDisconnect in
03-15 18:30:35.449  1032  3002 E SurfaceFlinger: isStylusTargetLayer notifyTargetLayerDisconnect in
03-15 18:30:35.451   840  8470 W libc    : Access denied finding property "vendor.dolby.mi.metadata.log"
03-15 18:30:35.451   840  8470 W libc    : Access denied finding property "vendor.dolby.mi.metadata.log"
03-15 18:30:35.451   840  8470 W libc    : Access denied finding property "vendor.dolby.mi.metadata.log"
03-15 18:30:35.451   840  8470 W libc    : Access denied finding property "vendor.dolby.mi.metadata.log"
03-15 18:30:35.451   840  8470 W libc    : Access denied finding property "vendor.dolby.mi.metadata.log"
03-15 18:30:35.451   840  8470 W libc    : Access denied finding property "vendor.dolby.mi.metadata.log"
03-15 18:30:35.452   840  8470 W libc    : Access denied finding property "vendor.dolby.mi.metadata.log"
03-15 18:30:35.452   840  8358 W libc    : Access denied finding property "hal.record.dump"
03-15 18:30:35.455  1032  1201 E SurfaceFlinger: isStylusTargetLayer notifyTargetLayerDisconnect in
03-15 18:30:35.456  1032  1201 E SurfaceFlinger: isStylusTargetLayer notifyTargetLayerDisconnect in
03-15 18:30:35.456  1032  1201 E SurfaceFlinger: isStylusTargetLayer notifyTargetLayerDisconnect in
03-15 18:30:35.463  1032  3002 E SurfaceFlinger: isStylusTargetLayer notifyTargetLayerDisconnect in
03-15 18:30:35.465  1032  3002 E SurfaceFlinger: isStylusTargetLayer notifyTargetLayerDisconnect in
03-15 18:30:35.472  1032  3002 E SurfaceFlinger: isStylusTargetLayer notifyTargetLayerDisconnect in
03-15 18:30:35.473  1032  3002 E SurfaceFlinger: isStylusTargetLayer notifyTargetLayerDisconnect in
03-15 18:30:35.480  1032  1098 E SurfaceFlinger: isStylusTargetLayer notifyTargetLayerDisconnect in
03-15 18:30:35.482  1032  3002 E SurfaceFlinger: isStylusTargetLayer notifyTargetLayerDisconnect in
03-15 18:30:35.489  1032  1097 E SurfaceFlinger: isStylusTargetLayer notifyTargetLayerDisconnect in
03-15 18:30:35.490  1032  3002 E SurfaceFlinger: isStylusTargetLayer notifyTargetLayerDisconnect in
03-15 18:30:35.490  1032  1097 E SurfaceFlinger: isStylusTargetLayer notifyTargetLayerDisconnect in
03-15 18:30:35.491   840  8470 W libc    : Access denied finding property "vendor.dolby.mi.metadata.log"
03-15 18:30:35.491   840  8470 W libc    : Access denied finding property "vendor.dolby.mi.metadata.log"
03-15 18:30:35.492   840  8470 W libc    : Access denied finding property "vendor.dolby.mi.metadata.log"
03-15 18:30:35.492   840  8470 W libc    : Access denied finding property "vendor.dolby.mi.metadata.log"
03-15 18:30:35.492   840  8470 W libc    : Access denied finding property "vendor.dolby.mi.metadata.log"
03-15 18:30:35.493   840  8470 W libc    : Access denied finding property "vendor.dolby.mi.metadata.log"
03-15 18:30:35.493   840  8470 W libc    : Access denied finding property "vendor.dolby.mi.metadata.log"
03-15 18:30:35.493   840  8470 W libc    : Access denied finding property "vendor.dolby.mi.metadata.log"
03-15 18:30:35.494   840  8358 W libc    : Access denied finding property "hal.record.dump"
03-15 18:30:35.497  1032  1097 E SurfaceFlinger: isStylusTargetLayer notifyTargetLayerDisconnect in
03-15 18:30:35.498  1032  1097 E SurfaceFlinger: isStylusTargetLayer notifyTargetLayerDisconnect in
03-15 18:30:35.505  1032  3002 E SurfaceFlinger: isStylusTargetLayer notifyTargetLayerDisconnect in
03-15 18:30:35.507  1032  3002 E SurfaceFlinger: isStylusTargetLayer notifyTargetLayerDisconnect in
03-15 18:30:35.513  1032  3002 E SurfaceFlinger: isStylusTargetLayer notifyTargetLayerDisconnect in
03-15 18:30:35.515  1032  1097 E SurfaceFlinger: isStylusTargetLayer notifyTargetLayerDisconnect in
03-15 18:30:35.522   999   999 W libc    : Access denied finding property "hwservicemanager.ready"
03-15 18:30:35.523  1032  1097 E SurfaceFlinger: isStylusTargetLayer notifyTargetLayerDisconnect in
03-15 18:30:35.524  1032  1097 E SurfaceFlinger: isStylusTargetLayer notifyTargetLayerDisconnect in
03-15 18:30:35.525  1032  1097 E SurfaceFlinger: isStylusTargetLayer notifyTargetLayerDisconnect in
03-15 18:30:35.530  1032  1097 E SurfaceFlinger: isStylusTargetLayer notifyTargetLayerDisconnect in
03-15 18:30:35.531   840  8470 W libc    : Access denied finding property "vendor.dolby.mi.metadata.log"
03-15 18:30:35.531   840  8470 W libc    : Access denied finding property "vendor.dolby.mi.metadata.log"
03-15 18:30:35.531   840  8470 W libc    : Access denied finding property "vendor.dolby.mi.metadata.log"
03-15 18:30:35.531   840  8470 W libc    : Access denied finding property "vendor.dolby.mi.metadata.log"
03-15 18:30:35.531  1032  1097 E SurfaceFlinger: isStylusTargetLayer notifyTargetLayerDisconnect in
03-15 18:30:35.531   840  8470 W libc    : Access denied finding property "vendor.dolby.mi.metadata.log"
03-15 18:30:35.531   840  8470 W libc    : Access denied finding property "vendor.dolby.mi.metadata.log"
03-15 18:30:35.532   840  8470 W libc    : Access denied finding property "vendor.dolby.mi.metadata.log"
03-15 18:30:35.532   840  8358 W libc    : Access denied finding property "hal.record.dump"
03-15 18:30:35.538  1032  1097 E SurfaceFlinger: isStylusTargetLayer notifyTargetLayerDisconnect in
03-15 18:30:35.539  1032  1097 E SurfaceFlinger: isStylusTargetLayer notifyTargetLayerDisconnect in
03-15 18:30:35.547  1032  1097 E SurfaceFlinger: isStylusTargetLayer notifyTargetLayerDisconnect in
03-15 18:30:35.548  1032  3002 E SurfaceFlinger: isStylusTargetLayer notifyTargetLayerDisconnect in
03-15 18:30:35.555  1032  3002 E SurfaceFlinger: isStylusTargetLayer notifyTargetLayerDisconnect in
03-15 18:30:35.555  1032  3002 E SurfaceFlinger: isStylusTargetLayer notifyTargetLayerDisconnect in
03-15 18:30:35.556  1032  3002 E SurfaceFlinger: isStylusTargetLayer notifyTargetLayerDisconnect in
03-15 18:30:35.564  1032  1097 E SurfaceFlinger: isStylusTargetLayer notifyTargetLayerDisconnect in
03-15 18:30:35.564  1032  3002 E SurfaceFlinger: isStylusTargetLayer notifyTargetLayerDisconnect in
03-15 18:30:35.571   840  8470 W libc    : Access denied finding property "vendor.dolby.mi.metadata.log"
03-15 18:30:35.571   840  8470 W libc    : Access denied finding property "vendor.dolby.mi.metadata.log"
03-15 18:30:35.571   840  8470 W libc    : Access denied finding property "vendor.dolby.mi.metadata.log"
03-15 18:30:35.572   840  8470 W libc    : Access denied finding property "vendor.dolby.mi.metadata.log"
03-15 18:30:35.572   840  8470 W libc    : Access denied finding property "vendor.dolby.mi.metadata.log"
03-15 18:30:35.572  1032  3002 E SurfaceFlinger: isStylusTargetLayer notifyTargetLayerDisconnect in
03-15 18:30:35.572   840  8470 W libc    : Access denied finding property "vendor.dolby.mi.metadata.log"
03-15 18:30:35.572   840  8470 W libc    : Access denied finding property "vendor.dolby.mi.metadata.log"
03-15 18:30:35.572   840  8470 W libc    : Access denied finding property "vendor.dolby.mi.metadata.log"
03-15 18:30:35.572   840  8358 W libc    : Access denied finding property "hal.record.dump"
03-15 18:30:35.573  1032  1097 E SurfaceFlinger: isStylusTargetLayer notifyTargetLayerDisconnect in
03-15 18:30:35.580  1032  1097 E SurfaceFlinger: isStylusTargetLayer notifyTargetLayerDisconnect in
03-15 18:30:35.582  1032  1201 E SurfaceFlinger: isStylusTargetLayer notifyTargetLayerDisconnect in
03-15 18:30:35.589  1032  3002 E SurfaceFlinger: isStylusTargetLayer notifyTargetLayerDisconnect in
03-15 18:30:35.589  1032  1098 E SurfaceFlinger: isStylusTargetLayer notifyTargetLayerDisconnect in
03-15 18:30:35.589  1032  1097 E SurfaceFlinger: isStylusTargetLayer notifyTargetLayerDisconnect in
03-15 18:30:35.597  1032  1097 E SurfaceFlinger: isStylusTargetLayer notifyTargetLayerDisconnect in
03-15 18:30:35.598  1032  1097 E SurfaceFlinger: isStylusTargetLayer notifyTargetLayerDisconnect in
03-15 18:30:35.605  1032  1098 E SurfaceFlinger: isStylusTargetLayer notifyTargetLayerDisconnect in
03-15 18:30:35.607  1032  1098 E SurfaceFlinger: isStylusTargetLayer notifyTargetLayerDisconnect in
03-15 18:30:35.610   840  8470 D DlbDap2Process: process() called [1654500] times with input channel mask 0x3 (ProcessingMode=1)
03-15 18:30:35.611   840  8470 W libc    : Access denied finding property "vendor.dolby.mi.metadata.log"
03-15 18:30:35.611   840  8470 W libc    : Access denied finding property "vendor.dolby.mi.metadata.log"
03-15 18:30:35.611   840  8470 W libc    : Access denied finding property "vendor.dolby.mi.metadata.log"
03-15 18:30:35.611   840  8470 W libc    : Access denied finding property "vendor.dolby.mi.metadata.log"
03-15 18:30:35.611   840  8470 W libc    : Access denied finding property "vendor.dolby.mi.metadata.log"
03-15 18:30:35.611   840  8470 W libc    : Access denied finding property "vendor.dolby.mi.metadata.log"
03-15 18:30:35.612   840  8470 W libc    : Access denied finding property "vendor.dolby.mi.metadata.log"
03-15 18:30:35.612   840  8358 W libc    : Access denied finding property "hal.record.dump"
03-15 18:30:35.615  1032  1097 E SurfaceFlinger: isStylusTargetLayer notifyTargetLayerDisconnect in
03-15 18:30:35.616  1032  1097 E SurfaceFlinger: isStylusTargetLayer notifyTargetLayerDisconnect in
03-15 18:30:35.622  1032  1098 E SurfaceFlinger: isStylusTargetLayer notifyTargetLayerDisconnect in
03-15 18:30:35.624  1032  1098 E SurfaceFlinger: isStylusTargetLayer notifyTargetLayerDisconnect in
03-15 18:30:35.624  1032  1098 E SurfaceFlinger: isStylusTargetLayer notifyTargetLayerDisconnect in
03-15 18:30:35.624   999   999 W libc    : Access denied finding property "hwservicemanager.ready"
03-15 18:30:35.623   999   999 W vendor.stc.hard: type=1400 audit(0.0:2051235): avc:  denied  { read } for  name="u:object_r:hwservicemanager_prop:s0" dev="tmpfs" ino=11515 scontext=u:r:hal_hqkitservice_default:s0 tcontext=u:object_r:hwservicemanager_prop:s0 tclass=file permissive=0
03-15 18:30:35.630  1032  1201 E SurfaceFlinger: isStylusTargetLayer notifyTargetLayerDisconnect in
03-15 18:30:35.631  1032  1201 E SurfaceFlinger: isStylusTargetLayer notifyTargetLayerDisconnect in
03-15 18:30:35.638  1032  1201 E SurfaceFlinger: isStylusTargetLayer notifyTargetLayerDisconnect in
03-15 18:30:35.640  1032  1201 E SurfaceFlinger: isStylusTargetLayer notifyTargetLayerDisconnect in
03-15 18:30:35.647  1032  1097 E SurfaceFlinger: isStylusTargetLayer notifyTargetLayerDisconnect in
03-15 18:30:35.650  1032  1097 E SurfaceFlinger: isStylusTargetLayer notifyTargetLayerDisconnect in
03-15 18:30:35.651   840  8470 W libc    : Access denied finding property "vendor.dolby.mi.metadata.log"
03-15 18:30:35.652   840  8470 W libc    : Access denied finding property "vendor.dolby.mi.metadata.log"
03-15 18:30:35.652   840  8470 W libc    : Access denied finding property "vendor.dolby.mi.metadata.log"
03-15 18:30:35.652   840  8470 W libc    : Access denied finding property "vendor.dolby.mi.metadata.log"
03-15 18:30:35.651   840   840 W effect  : type=1400 audit(0.0:2051236): avc:  denied  { read } for  name="u:object_r:vendor_dolby_prop:s0" dev="tmpfs" ino=11682 scontext=u:r:hal_audio_default:s0 tcontext=u:object_r:vendor_dolby_prop:s0 tclass=file permissive=0
03-15 18:30:35.651   840   840 W effect  : type=1400 audit(0.0:2051237): avc:  denied  { read } for  name="u:object_r:vendor_dolby_prop:s0" dev="tmpfs" ino=11682 scontext=u:r:hal_audio_default:s0 tcontext=u:object_r:vendor_dolby_prop:s0 tclass=file permissive=0
03-15 18:30:35.652   840  8470 W libc    : Access denied finding property "vendor.dolby.mi.metadata.log"
03-15 18:30:35.651   840   840 W effect  : type=1400 audit(0.0:2051238): avc:  denied  { read } for  name="u:object_r:vendor_dolby_prop:s0" dev="tmpfs" ino=11682 scontext=u:r:hal_audio_default:s0 tcontext=u:object_r:vendor_dolby_prop:s0 tclass=file permissive=0
03-15 18:30:35.652   840  8470 W libc    : Access denied finding property "vendor.dolby.mi.metadata.log"
03-15 18:30:35.652   840  8470 W libc    : Access denied finding property "vendor.dolby.mi.metadata.log"
03-15 18:30:35.651   840   840 W effect  : type=1400 audit(0.0:2051239): avc:  denied  { read } for  name="u:object_r:vendor_dolby_prop:s0" dev="tmpfs" ino=11682 scontext=u:r:hal_audio_default:s0 tcontext=u:object_r:vendor_dolby_prop:s0 tclass=file permissive=0
03-15 18:30:35.653   840  8470 W libc    : Access denied finding property "vendor.dolby.mi.metadata.log"
03-15 18:30:35.653   840  8358 W libc    : Access denied finding property "hal.record.dump"
03-15 18:30:35.655  1032  1097 E SurfaceFlinger: isStylusTargetLayer notifyTargetLayerDisconnect in
03-15 18:30:35.656  1032  1097 E SurfaceFlinger: isStylusTargetLayer notifyTargetLayerDisconnect in
03-15 18:30:35.656  1032  1201 E SurfaceFlinger: isStylusTargetLayer notifyTargetLayerDisconnect in
03-15 18:30:35.664  1032  1097 E SurfaceFlinger: isStylusTargetLayer notifyTargetLayerDisconnect in
03-15 18:30:35.665  1032  1097 E SurfaceFlinger: isStylusTargetLayer notifyTargetLayerDisconnect in
03-15 18:30:35.673  1032  1201 E SurfaceFlinger: isStylusTargetLayer notifyTargetLayerDisconnect in
03-15 18:30:35.673  1032  1097 E SurfaceFlinger: isStylusTargetLayer notifyTargetLayerDisconnect in
03-15 18:30:35.681  1032  1097 E SurfaceFlinger: isStylusTargetLayer notifyTargetLayerDisconnect in
03-15 18:30:35.682  1032  1097 E SurfaceFlinger: isStylusTargetLayer notifyTargetLayerDisconnect in
03-15 18:30:35.688  1032  1201 E SurfaceFlinger: isStylusTargetLayer notifyTargetLayerDisconnect in
03-15 18:30:35.689  1032  1669 E SurfaceFlinger: isStylusTargetLayer notifyTargetLayerDisconnect in
03-15 18:30:35.689  1032  1669 E SurfaceFlinger: isStylusTargetLayer notifyTargetLayerDisconnect in
03-15 18:30:35.691   840  8470 W libc    : Access denied finding property "vendor.dolby.mi.metadata.log"
03-15 18:30:35.691   840  8470 W libc    : Access denied finding property "vendor.dolby.mi.metadata.log"
03-15 18:30:35.691   840  8470 W libc    : Access denied finding property "vendor.dolby.mi.metadata.log"
03-15 18:30:35.691   840  8470 W libc    : Access denied finding property "vendor.dolby.mi.metadata.log"
03-15 18:30:35.691   840  8470 W libc    : Access denied finding property "vendor.dolby.mi.metadata.log"
03-15 18:30:35.692   840  8470 W libc    : Access denied finding property "vendor.dolby.mi.metadata.log"
03-15 18:30:35.692   840  8470 W libc    : Access denied finding property "vendor.dolby.mi.metadata.log"
03-15 18:30:35.692   840  8358 W libc    : Access denied finding property "hal.record.dump"
03-15 18:30:35.697  1032  1669 E SurfaceFlinger: isStylusTargetLayer notifyTargetLayerDisconnect in
03-15 18:30:35.698  1032  1669 E SurfaceFlinger: isStylusTargetLayer notifyTargetLayerDisconnect in
03-15 18:30:35.702 17158 17288 V MSF.C.MSFCore[@PS]: [Event] MSFPacketStatistics.cpp(300)::DoCheckRequestTimeout->current rtts:53.124
03-15 18:30:35.705  1032  1669 E SurfaceFlinger: isStylusTargetLayer notifyTargetLayerDisconnect in
03-15 18:30:35.706  1032  1669 E SurfaceFlinger: isStylusTargetLayer notifyTargetLayerDisconnect in
03-15 18:30:35.713  1032  1669 E SurfaceFlinger: isStylusTargetLayer notifyTargetLayerDisconnect in
03-15 18:30:35.715  1032  1097 E SurfaceFlinger: isStylusTargetLayer notifyTargetLayerDisconnect in
03-15 18:30:35.722  1032  1097 E SurfaceFlinger: isStylusTargetLayer notifyTargetLayerDisconnect in
03-15 18:30:35.722  1032  1201 E SurfaceFlinger: isStylusTargetLayer notifyTargetLayerDisconnect in
03-15 18:30:35.723  1032  1201 E SurfaceFlinger: isStylusTargetLayer notifyTargetLayerDisconnect in
03-15 18:30:35.730  1032  1669 E SurfaceFlinger: isStylusTargetLayer notifyTargetLayerDisconnect in
03-15 18:30:35.731   840  8470 W libc    : Access denied finding property "vendor.dolby.mi.metadata.log"
03-15 18:30:35.731   840  8470 W libc    : Access denied finding property "vendor.dolby.mi.metadata.log"
03-15 18:30:35.731   840  8470 W libc    : Access denied finding property "vendor.dolby.mi.metadata.log"
03-15 18:30:35.731   840  8470 W libc    : Access denied finding property "vendor.dolby.mi.metadata.log"
03-15 18:30:35.731   840  8470 W libc    : Access denied finding property "vendor.dolby.mi.metadata.log"
03-15 18:30:35.732   840  8470 W libc    : Access denied finding property "vendor.dolby.mi.metadata.log"
03-15 18:30:35.732  1032  1201 E SurfaceFlinger: isStylusTargetLayer notifyTargetLayerDisconnect in
03-15 18:30:35.732   840  8470 W libc    : Access denied finding property "vendor.dolby.mi.metadata.log"
03-15 18:30:35.732   840  8470 W libc    : Access denied finding property "vendor.dolby.mi.metadata.log"
03-15 18:30:35.732   840  8358 W libc    : Access denied finding property "hal.record.dump"
03-15 18:30:35.738  1032  1669 E SurfaceFlinger: isStylusTargetLayer notifyTargetLayerDisconnect in
03-15 18:30:35.739  1032  1669 E SurfaceFlinger: isStylusTargetLayer notifyTargetLayerDisconnect in
03-15 18:30:35.747  1032  1201 E SurfaceFlinger: isStylusTargetLayer notifyTargetLayerDisconnect in
03-15 18:30:35.748  1032  1201 E SurfaceFlinger: isStylusTargetLayer notifyTargetLayerDisconnect in
03-15 18:30:35.755  1032  1669 E SurfaceFlinger: isStylusTargetLayer notifyTargetLayerDisconnect in
03-15 18:30:35.756  1032  1669 E SurfaceFlinger: isStylusTargetLayer notifyTargetLayerDisconnect in
03-15 18:30:35.756  1032  1669 E SurfaceFlinger: isStylusTargetLayer notifyTargetLayerDisconnect in
03-15 18:30:35.764  1032  1201 E SurfaceFlinger: isStylusTargetLayer notifyTargetLayerDisconnect in
03-15 18:30:35.764  1032  1201 E SurfaceFlinger: isStylusTargetLayer notifyTargetLayerDisconnect in
03-15 18:30:35.771   840  8470 W libc    : Access denied finding property "vendor.dolby.mi.metadata.log"
03-15 18:30:35.771   840  8470 W libc    : Access denied finding property "vendor.dolby.mi.metadata.log"
03-15 18:30:35.772   840  8470 W libc    : Access denied finding property "vendor.dolby.mi.metadata.log"
03-15 18:30:35.772   840  8470 W libc    : Access denied finding property "vendor.dolby.mi.metadata.log"
03-15 18:30:35.772   840  8470 W libc    : Access denied finding property "vendor.dolby.mi.metadata.log"
03-15 18:30:35.772   840  8470 W libc    : Access denied finding property "vendor.dolby.mi.metadata.log"
03-15 18:30:35.772   840  8470 W libc    : Access denied finding property "vendor.dolby.mi.metadata.log"
03-15 18:30:35.773   840  8358 W libc    : Access denied finding property "hal.record.dump"
03-15 18:30:35.773  1032  1201 E SurfaceFlinger: isStylusTargetLayer notifyTargetLayerDisconnect in
03-15 18:30:35.774  1032  1201 E SurfaceFlinger: isStylusTargetLayer notifyTargetLayerDisconnect in
03-15 18:30:35.780  1032  1669 E SurfaceFlinger: isStylusTargetLayer notifyTargetLayerDisconnect in
03-15 18:30:35.781  1032  1669 E SurfaceFlinger: isStylusTargetLayer notifyTargetLayerDisconnect in
03-15 18:30:35.788  1032  1201 E SurfaceFlinger: isStylusTargetLayer notifyTargetLayerDisconnect in
03-15 18:30:35.789   999   999 W libc    : Access denied finding property "hwservicemanager.ready"
03-15 18:30:35.789  1032  1201 E SurfaceFlinger: isStylusTargetLayer notifyTargetLayerDisconnect in
03-15 18:30:35.791  1032  1201 E SurfaceFlinger: isStylusTargetLayer notifyTargetLayerDisconnect in
03-15 18:30:35.798  1032  1669 E SurfaceFlinger: isStylusTargetLayer notifyTargetLayerDisconnect in
03-15 18:30:35.798  1032  1201 E SurfaceFlinger: isStylusTargetLayer notifyTargetLayerDisconnect in
03-15 18:30:35.805  1032  1669 E SurfaceFlinger: isStylusTargetLayer notifyTargetLayerDisconnect in
03-15 18:30:35.806  1032  1669 E SurfaceFlinger: isStylusTargetLayer notifyTargetLayerDisconnect in
03-15 18:30:35.811   840  8470 W libc    : Access denied finding property "vendor.dolby.mi.metadata.log"
03-15 18:30:35.812   840  8470 W libc    : Access denied finding property "vendor.dolby.mi.metadata.log"
03-15 18:30:35.812   840  8470 W libc    : Access denied finding property "vendor.dolby.mi.metadata.log"
03-15 18:30:35.812   840  8470 W libc    : Access denied finding property "vendor.dolby.mi.metadata.log"
03-15 18:30:35.812   840  8470 W libc    : Access denied finding property "vendor.dolby.mi.metadata.log"
03-15 18:30:35.812   840  8470 W libc    : Access denied finding property "vendor.dolby.mi.metadata.log"
03-15 18:30:35.812   840  8470 W libc    : Access denied finding property "vendor.dolby.mi.metadata.log"
03-15 18:30:35.813   840  8470 W libc    : Access denied finding property "vendor.dolby.mi.metadata.log"
03-15 18:30:35.813   840  8358 W libc    : Access denied finding property "hal.record.dump"
03-15 18:30:35.814  1032  1201 E SurfaceFlinger: isStylusTargetLayer notifyTargetLayerDisconnect in
03-15 18:30:35.816  1032  1201 E SurfaceFlinger: isStylusTargetLayer notifyTargetLayerDisconnect in
03-15 18:30:35.822  1032  1201 E SurfaceFlinger: isStylusTargetLayer notifyTargetLayerDisconnect in
03-15 18:30:35.823  1032  1201 E SurfaceFlinger: isStylusTargetLayer notifyTargetLayerDisconnect in
03-15 18:30:35.823  1032  1201 E SurfaceFlinger: isStylusTargetLayer notifyTargetLayerDisconnect in
03-15 18:30:35.830  1032  1201 E SurfaceFlinger: isStylusTargetLayer notifyTargetLayerDisconnect in
03-15 18:30:35.832  1032  1201 E SurfaceFlinger: isStylusTargetLayer notifyTargetLayerDisconnect in
03-15 18:30:35.839  1032  1201 E SurfaceFlinger: isStylusTargetLayer notifyTargetLayerDisconnect in
03-15 18:30:35.840  1032  1669 E SurfaceFlinger: isStylusTargetLayer notifyTargetLayerDisconnect in
03-15 18:30:35.847  1032  1097 E SurfaceFlinger: isStylusTargetLayer notifyTargetLayerDisconnect in
03-15 18:30:35.849  1032  1201 E SurfaceFlinger: isStylusTargetLayer notifyTargetLayerDisconnect in
03-15 18:30:35.851   840  8470 W libc    : Access denied finding property "vendor.dolby.mi.metadata.log"
03-15 18:30:35.851   840  8470 W libc    : Access denied finding property "vendor.dolby.mi.metadata.log"
03-15 18:30:35.851   840  8470 W libc    : Access denied finding property "vendor.dolby.mi.metadata.log"
03-15 18:30:35.851   840  8470 W libc    : Access denied finding property "vendor.dolby.mi.metadata.log"
03-15 18:30:35.851   840  8470 W libc    : Access denied finding property "vendor.dolby.mi.metadata.log"
03-15 18:30:35.852   840  8470 W libc    : Access denied finding property "vendor.dolby.mi.metadata.log"
03-15 18:30:35.852   840  8470 W libc    : Access denied finding property "vendor.dolby.mi.metadata.log"
03-15 18:30:35.852   840  8358 W libc    : Access denied finding property "hal.record.dump"
03-15 18:30:35.856  1032  1098 E SurfaceFlinger: isStylusTargetLayer notifyTargetLayerDisconnect in
03-15 18:30:35.856  1032  1098 E SurfaceFlinger: isStylusTargetLayer notifyTargetLayerDisconnect in
03-15 18:30:35.857  1032  1098 E SurfaceFlinger: isStylusTargetLayer notifyTargetLayerDisconnect in
03-15 18:30:35.864  1032  1201 E SurfaceFlinger: isStylusTargetLayer notifyTargetLayerDisconnect in
03-15 18:30:35.865  1032  1201 E SurfaceFlinger: isStylusTargetLayer notifyTargetLayerDisconnect in
03-15 18:30:35.873  1032  1201 E SurfaceFlinger: isStylusTargetLayer notifyTargetLayerDisconnect in
03-15 18:30:35.874  1032  1201 E SurfaceFlinger: isStylusTargetLayer notifyTargetLayerDisconnect in
03-15 18:30:35.881  1032  1098 E SurfaceFlinger: isStylusTargetLayer notifyTargetLayerDisconnect in
03-15 18:30:35.883  1032  1098 E SurfaceFlinger: isStylusTargetLayer notifyTargetLayerDisconnect in
03-15 18:30:35.886 17689 17689 D BatteryController: chargePlug is 1
03-15 18:30:35.886 17689 17689 D BatteryController: type is 3
03-15 18:30:35.887  2971  2971 I UDevice : BatteryReceiver::onReceive[29] action:android.intent.action.BATTERY_CHANGED
03-15 18:30:35.887  2971  2971 D UDevice : BatteryReceiver::onReceive[73] battery:87 isCharge:true
03-15 18:30:35.887  2971  2971 I UDevice : BatteryUtilsKt::sendBatteryBroadcast[325] sendBatteryBroadcast flag:BatteryModel(type=10, battery=87, isBreak=false, isCharge=true, address=, timeMills=-1)
03-15 18:30:35.888 17689 17689 E BatteryController:  initLevelAndSwtich  current level===30
03-15 18:30:35.889  1032  1669 E SurfaceFlinger: isStylusTargetLayer notifyTargetLayerDisconnect in
03-15 18:30:35.889  1032  1669 E SurfaceFlinger: isStylusTargetLayer notifyTargetLayerDisconnect in
03-15 18:30:35.890  2971  2971 W UDevice : BatteryAppWidget::onReceive[29] BatteryAppWidget action:BATTERY_CHANGED_ACTION
03-15 18:30:35.890  2971  2971 D UDevice : BatteryAppWidget::onReceive[49] batteryModel BATTERY_CHANGED_ACTION:BatteryModel(type=10, battery=87, isBreak=false, isCharge=true, address=, timeMills=-1)
03-15 18:30:35.890  2971  2971 D UDevice : BatteryDataUtilsKt::saveBatteryModel[66] saveDefaultTest one:BatteryModel(type=10, battery=87, isBreak=false, isCharge=true, address=, timeMills=9223372036854775807) batteryModelList:[BatteryModel(type=10, battery=87, isBreak=false, isCharge=true, address=, timeMills=9223372036854775807)]
03-15 18:30:35.890  2971  2971 D UDevice : BatteryDataUtilsKt::saveBatteryModel[132] saveDefaultTest two:[BatteryModel(type=10, battery=87, isBreak=false, isCharge=true, address=, timeMills=9223372036854775807)]
03-15 18:30:35.890  1032  1669 E SurfaceFlinger: isStylusTargetLayer notifyTargetLayerDisconnect in
03-15 18:30:35.890  2971  2971 D UDevice : BatteryDataUtilsKt::saveBatteryModel[134] saveDefaultTest three:[BatteryModel(type=10, battery=87, isBreak=false, isCharge=true, address=, timeMills=9223372036854775807)]
03-15 18:30:35.891   840  8470 W libc    : Access denied finding property "vendor.dolby.mi.metadata.log"
03-15 18:30:35.891   840  8470 W libc    : Access denied finding property "vendor.dolby.mi.metadata.log"
03-15 18:30:35.891   840  8470 W libc    : Access denied finding property "vendor.dolby.mi.metadata.log"
03-15 18:30:35.891   840  8470 W libc    : Access denied finding property "vendor.dolby.mi.metadata.log"
03-15 18:30:35.891   840  8470 W libc    : Access denied finding property "vendor.dolby.mi.metadata.log"
03-15 18:30:35.891   840  8470 W libc    : Access denied finding property "vendor.dolby.mi.metadata.log"
03-15 18:30:35.892   840  8470 W libc    : Access denied finding property "vendor.dolby.mi.metadata.log"
03-15 18:30:35.892   840  8470 W libc    : Access denied finding property "vendor.dolby.mi.metadata.log"
03-15 18:30:35.892   840  8358 W libc    : Access denied finding property "hal.record.dump"
03-15 18:30:35.892  2971  2971 W UDevice : BatteryUtilsKt::getLayoutConfig[59] config:6x4
03-15 18:30:35.892  2971  2971 I UDevice : BatteryView::buildImageSize$zui_widget_release[205] nowDensity:2.125  defaultDensity:2.125
03-15 18:30:35.892  2971  2971 D UDevice : BatteryView::buildImageSize$zui_widget_release[216] sizeDimen:2131166417 size:106.25 layoutConfig:6x4
