03-15 18:30:34.138  1032  1098 E SurfaceFlinger: isStylusTargetLayer notifyTargetLayerDisconnect in
03-15 18:30:34.140  1032  1098 E SurfaceFlinger: isStylusTargetLayer notifyTargetLayerDisconnect in
03-15 18:30:34.146  1032  1097 E SurfaceFlinger: isStylusTargetLayer notifyTargetLayerDisconnect in
03-15 18:30:34.149  1032  1097 E SurfaceFlinger: isStylusTargetLayer notifyTargetLayerDisconnect in
03-15 18:30:34.154  1032  1201 E SurfaceFlinger: isStylusTargetLayer notifyTargetLayerDisconnect in
03-15 18:30:34.155  1032  1201 E SurfaceFlinger: isStylusTargetLayer notifyTargetLayerDisconnect in
03-15 18:30:34.157  1032  1097 E SurfaceFlinger: isStylusTargetLayer notifyTargetLayerDisconnect in
03-15 18:30:34.163  1032  1098 E SurfaceFlinger: isStylusTargetLayer notifyTargetLayerDisconnect in
03-15 18:30:34.164  1032  1098 E SurfaceFlinger: isStylusTargetLayer notifyTargetLayerDisconnect in
03-15 18:30:34.171   840  8470 W libc    : Access denied finding property "vendor.dolby.mi.metadata.log"
03-15 18:30:34.171   840  8470 W libc    : Access denied finding property "vendor.dolby.mi.metadata.log"
03-15 18:30:34.172   999   999 W libc    : Access denied finding property "hwservicemanager.ready"
03-15 18:30:34.172   840  8470 W libc    : Access denied finding property "vendor.dolby.mi.metadata.log"
03-15 18:30:34.172   840  8470 W libc    : Access denied finding property "vendor.dolby.mi.metadata.log"
03-15 18:30:34.172   840  8470 W libc    : Access denied finding property "vendor.dolby.mi.metadata.log"
03-15 18:30:34.172   840  8470 W libc    : Access denied finding property "vendor.dolby.mi.metadata.log"
03-15 18:30:34.172   840  8470 W libc    : Access denied finding property "vendor.dolby.mi.metadata.log"
03-15 18:30:34.173  1032  1097 E SurfaceFlinger: isStylusTargetLayer notifyTargetLayerDisconnect in
03-15 18:30:34.173   840  8358 W libc    : Access denied finding property "hal.record.dump"
03-15 18:30:34.173  1032  1097 E SurfaceFlinger: isStylusTargetLayer notifyTargetLayerDisconnect in
03-15 18:30:34.180  1032  1098 E SurfaceFlinger: isStylusTargetLayer notifyTargetLayerDisconnect in
03-15 18:30:34.181  1032  1097 E SurfaceFlinger: isStylusTargetLayer notifyTargetLayerDisconnect in
03-15 18:30:34.187  9774 10241 E u4native: [InfoLevelMessage] [INFO:not_a_file.cc(0)] NetworkServiceThread heartbeat, pid/tid: 9774/10241, interval/index: 30s/50
03-15 18:30:34.188  1032  1201 E SurfaceFlinger: isStylusTargetLayer notifyTargetLayerDisconnect in
03-15 18:30:34.188  1032  3002 E SurfaceFlinger: isStylusTargetLayer notifyTargetLayerDisconnect in
03-15 18:30:34.190  1032  1098 E SurfaceFlinger: isStylusTargetLayer notifyTargetLayerDisconnect in
03-15 18:30:34.196  1032  1098 E SurfaceFlinger: isStylusTargetLayer notifyTargetLayerDisconnect in
03-15 18:30:34.198  1032  1098 E SurfaceFlinger: isStylusTargetLayer notifyTargetLayerDisconnect in
03-15 18:30:34.205  1032  1098 E SurfaceFlinger: isStylusTargetLayer notifyTargetLayerDisconnect in
03-15 18:30:34.205  1032  1098 E SurfaceFlinger: isStylusTargetLayer notifyTargetLayerDisconnect in
03-15 18:30:34.211   840  8470 W libc    : Access denied finding property "vendor.dolby.mi.metadata.log"
03-15 18:30:34.211   840  8470 W libc    : Access denied finding property "vendor.dolby.mi.metadata.log"
03-15 18:30:34.211   840  8470 W libc    : Access denied finding property "vendor.dolby.mi.metadata.log"
03-15 18:30:34.211   840  8470 W libc    : Access denied finding property "vendor.dolby.mi.metadata.log"
03-15 18:30:34.211   840  8470 W libc    : Access denied finding property "vendor.dolby.mi.metadata.log"
03-15 18:30:34.212   840  8470 W libc    : Access denied finding property "vendor.dolby.mi.metadata.log"
03-15 18:30:34.212   840  8470 W libc    : Access denied finding property "vendor.dolby.mi.metadata.log"
03-15 18:30:34.212   840  8470 W libc    : Access denied finding property "vendor.dolby.mi.metadata.log"
03-15 18:30:34.212   840  8358 W libc    : Access denied finding property "hal.record.dump"
03-15 18:30:34.213  1032  1097 E SurfaceFlinger: isStylusTargetLayer notifyTargetLayerDisconnect in
03-15 18:30:34.216  1032  1098 E SurfaceFlinger: isStylusTargetLayer notifyTargetLayerDisconnect in
03-15 18:30:34.221  1032  1098 E SurfaceFlinger: isStylusTargetLayer notifyTargetLayerDisconnect in
03-15 18:30:34.223  1032  1098 E SurfaceFlinger: isStylusTargetLayer notifyTargetLayerDisconnect in
03-15 18:30:34.224  1032  1669 E SurfaceFlinger: isStylusTargetLayer notifyTargetLayerDisconnect in
03-15 18:30:34.229  1032  1669 E SurfaceFlinger: isStylusTargetLayer notifyTargetLayerDisconnect in
03-15 18:30:34.231  1032  1669 E SurfaceFlinger: isStylusTargetLayer notifyTargetLayerDisconnect in
03-15 18:30:34.238  1032  1098 E SurfaceFlinger: isStylusTargetLayer notifyTargetLayerDisconnect in
03-15 18:30:34.239  1032  1098 E SurfaceFlinger: isStylusTargetLayer notifyTargetLayerDisconnect in
03-15 18:30:34.246  1032  1098 E SurfaceFlinger: isStylusTargetLayer notifyTargetLayerDisconnect in
03-15 18:30:34.248  1032  1669 E SurfaceFlinger: isStylusTargetLayer notifyTargetLayerDisconnect in
03-15 18:30:34.252   840  8470 W libc    : Access denied finding property "vendor.dolby.mi.metadata.log"
03-15 18:30:34.252   840  8470 W libc    : Access denied finding property "vendor.dolby.mi.metadata.log"
03-15 18:30:34.252   840  8470 W libc    : Access denied finding property "vendor.dolby.mi.metadata.log"
03-15 18:30:34.253   840  8470 W libc    : Access denied finding property "vendor.dolby.mi.metadata.log"
03-15 18:30:34.253   840  8470 W libc    : Access denied finding property "vendor.dolby.mi.metadata.log"
03-15 18:30:34.253   840  8470 W libc    : Access denied finding property "vendor.dolby.mi.metadata.log"
03-15 18:30:34.253   840  8470 W libc    : Access denied finding property "vendor.dolby.mi.metadata.log"
03-15 18:30:34.253   840  8358 W libc    : Access denied finding property "hal.record.dump"
03-15 18:30:34.255  1032  1098 E SurfaceFlinger: isStylusTargetLayer notifyTargetLayerDisconnect in
03-15 18:30:34.255  1032  1097 E SurfaceFlinger: isStylusTargetLayer notifyTargetLayerDisconnect in
03-15 18:30:34.256  1032  1097 E SurfaceFlinger: isStylusTargetLayer notifyTargetLayerDisconnect in
03-15 18:30:34.263  1032  1097 E SurfaceFlinger: isStylusTargetLayer notifyTargetLayerDisconnect in
03-15 18:30:34.265  1032  1098 E SurfaceFlinger: isStylusTargetLayer notifyTargetLayerDisconnect in
03-15 18:30:34.271  1032  1098 E SurfaceFlinger: isStylusTargetLayer notifyTargetLayerDisconnect in
03-15 18:30:34.273  1032  1097 E SurfaceFlinger: isStylusTargetLayer notifyTargetLayerDisconnect in
03-15 18:30:34.279  1032  1097 E SurfaceFlinger: isStylusTargetLayer notifyTargetLayerDisconnect in
03-15 18:30:34.281  1032  1098 E SurfaceFlinger: isStylusTargetLayer notifyTargetLayerDisconnect in
03-15 18:30:34.281   999   999 W libc    : Access denied finding property "hwservicemanager.ready"
03-15 18:30:34.288  1032  1098 E SurfaceFlinger: isStylusTargetLayer notifyTargetLayerDisconnect in
03-15 18:30:34.288  1032  1669 E SurfaceFlinger: isStylusTargetLayer notifyTargetLayerDisconnect in
03-15 18:30:34.290  1032  1097 E SurfaceFlinger: isStylusTargetLayer notifyTargetLayerDisconnect in
03-15 18:30:34.291   840  8470 W libc    : Access denied finding property "vendor.dolby.mi.metadata.log"
03-15 18:30:34.291   840  8470 W libc    : Access denied finding property "vendor.dolby.mi.metadata.log"
03-15 18:30:34.291   840  8470 W libc    : Access denied finding property "vendor.dolby.mi.metadata.log"
03-15 18:30:34.292   840  8470 W libc    : Access denied finding property "vendor.dolby.mi.metadata.log"
03-15 18:30:34.292   840  8470 W libc    : Access denied finding property "vendor.dolby.mi.metadata.log"
03-15 18:30:34.292   840  8470 W libc    : Access denied finding property "vendor.dolby.mi.metadata.log"
03-15 18:30:34.293   840  8470 W libc    : Access denied finding property "vendor.dolby.mi.metadata.log"
03-15 18:30:34.293   840  8470 W libc    : Access denied finding property "vendor.dolby.mi.metadata.log"
03-15 18:30:34.294   840  8358 W libc    : Access denied finding property "hal.record.dump"
03-15 18:30:34.296  1032  1669 E SurfaceFlinger: isStylusTargetLayer notifyTargetLayerDisconnect in
03-15 18:30:34.298  1032  1097 E SurfaceFlinger: isStylusTargetLayer notifyTargetLayerDisconnect in
03-15 18:30:34.305  1032  1669 E SurfaceFlinger: isStylusTargetLayer notifyTargetLayerDisconnect in
03-15 18:30:34.306  1032  1669 E SurfaceFlinger: isStylusTargetLayer notifyTargetLayerDisconnect in
03-15 18:30:34.308   999   999 W HidlServiceManagement: Waited for hwservicemanager.ready for a second, waiting another...
03-15 18:30:34.308   999   999 W libc    : Access denied finding property "hwservicemanager.ready"
03-15 18:30:34.308   999   999 W libc    : Access denied finding property "hwservicemanager.ready"
03-15 18:30:34.314  1032  1669 E SurfaceFlinger: isStylusTargetLayer notifyTargetLayerDisconnect in
03-15 18:30:34.314  1032  1098 E SurfaceFlinger: isStylusTargetLayer notifyTargetLayerDisconnect in
03-15 18:30:34.322  1032  1098 E SurfaceFlinger: isStylusTargetLayer notifyTargetLayerDisconnect in
03-15 18:30:34.322  1032  1098 E SurfaceFlinger: isStylusTargetLayer notifyTargetLayerDisconnect in
03-15 18:30:34.324  1032  1669 E SurfaceFlinger: isStylusTargetLayer notifyTargetLayerDisconnect in
03-15 18:30:34.330  1032  1669 E SurfaceFlinger: isStylusTargetLayer notifyTargetLayerDisconnect in
03-15 18:30:34.331   840  8470 W libc    : Access denied finding property "vendor.dolby.mi.metadata.log"
03-15 18:30:34.331   840  8470 W libc    : Access denied finding property "vendor.dolby.mi.metadata.log"
03-15 18:30:34.331  1032  1098 E SurfaceFlinger: isStylusTargetLayer notifyTargetLayerDisconnect in
03-15 18:30:34.331   840  8470 W libc    : Access denied finding property "vendor.dolby.mi.metadata.log"
03-15 18:30:34.331   840  8470 W libc    : Access denied finding property "vendor.dolby.mi.metadata.log"
03-15 18:30:34.331   840  8470 W libc    : Access denied finding property "vendor.dolby.mi.metadata.log"
03-15 18:30:34.332   840  8470 W libc    : Access denied finding property "vendor.dolby.mi.metadata.log"
03-15 18:30:34.332   840  8470 W libc    : Access denied finding property "vendor.dolby.mi.metadata.log"
03-15 18:30:34.332   840  8358 W libc    : Access denied finding property "hal.record.dump"
03-15 18:30:34.338  1032  1669 E SurfaceFlinger: isStylusTargetLayer notifyTargetLayerDisconnect in
03-15 18:30:34.340  1032  1669 E SurfaceFlinger: isStylusTargetLayer notifyTargetLayerDisconnect in
03-15 18:30:34.346  1032  1669 E SurfaceFlinger: isStylusTargetLayer notifyTargetLayerDisconnect in
03-15 18:30:34.348  1032  1669 E SurfaceFlinger: isStylusTargetLayer notifyTargetLayerDisconnect in
03-15 18:30:34.354  1032  1669 E SurfaceFlinger: isStylusTargetLayer notifyTargetLayerDisconnect in
03-15 18:30:34.354  1032  1098 E SurfaceFlinger: isStylusTargetLayer notifyTargetLayerDisconnect in
03-15 18:30:34.356  1032  1098 E SurfaceFlinger: isStylusTargetLayer notifyTargetLayerDisconnect in
03-15 18:30:34.363  1032  1098 E SurfaceFlinger: isStylusTargetLayer notifyTargetLayerDisconnect in
03-15 18:30:34.364  1032  1669 E SurfaceFlinger: isStylusTargetLayer notifyTargetLayerDisconnect in
03-15 18:30:34.372  1032  1669 E SurfaceFlinger: isStylusTargetLayer notifyTargetLayerDisconnect in
03-15 18:30:34.372  1032  1669 E SurfaceFlinger: isStylusTargetLayer notifyTargetLayerDisconnect in
03-15 18:30:34.372   840  8470 W libc    : Access denied finding property "vendor.dolby.mi.metadata.log"
03-15 18:30:34.372   840  8470 W libc    : Access denied finding property "vendor.dolby.mi.metadata.log"
03-15 18:30:34.372   840  8470 W libc    : Access denied finding property "vendor.dolby.mi.metadata.log"
03-15 18:30:34.372   840  8470 W libc    : Access denied finding property "vendor.dolby.mi.metadata.log"
03-15 18:30:34.372   840  8470 W libc    : Access denied finding property "vendor.dolby.mi.metadata.log"
03-15 18:30:34.372   840  8470 W libc    : Access denied finding property "vendor.dolby.mi.metadata.log"
03-15 18:30:34.373   840  8470 W libc    : Access denied finding property "vendor.dolby.mi.metadata.log"
03-15 18:30:34.373   840  8470 W libc    : Access denied finding property "vendor.dolby.mi.metadata.log"
03-15 18:30:34.373   840  8358 W libc    : Access denied finding property "hal.record.dump"
03-15 18:30:34.380  1032  1098 E SurfaceFlinger: isStylusTargetLayer notifyTargetLayerDisconnect in
03-15 18:30:34.383  1032  1669 E SurfaceFlinger: isStylusTargetLayer notifyTargetLayerDisconnect in
03-15 18:30:34.388  1032  1669 E SurfaceFlinger: isStylusTargetLayer notifyTargetLayerDisconnect in
03-15 18:30:34.388  1032  1669 E SurfaceFlinger: isStylusTargetLayer notifyTargetLayerDisconnect in
03-15 18:30:34.389   999   999 W libc    : Access denied finding property "hwservicemanager.ready"
03-15 18:30:34.390  1032  1098 E SurfaceFlinger: isStylusTargetLayer notifyTargetLayerDisconnect in
03-15 18:30:34.396  1032  1098 E SurfaceFlinger: isStylusTargetLayer notifyTargetLayerDisconnect in
03-15 18:30:34.397  1032  1098 E SurfaceFlinger: isStylusTargetLayer notifyTargetLayerDisconnect in
03-15 18:30:34.405  1032  1097 E SurfaceFlinger: isStylusTargetLayer notifyTargetLayerDisconnect in
03-15 18:30:34.406  1032  1097 E SurfaceFlinger: isStylusTargetLayer notifyTargetLayerDisconnect in
03-15 18:30:34.411   840  8470 W libc    : Access denied finding property "vendor.dolby.mi.metadata.log"
03-15 18:30:34.411   840  8470 W libc    : Access denied finding property "vendor.dolby.mi.metadata.log"
03-15 18:30:34.411   840  8470 W libc    : Access denied finding property "vendor.dolby.mi.metadata.log"
03-15 18:30:34.411   840  8470 W libc    : Access denied finding property "vendor.dolby.mi.metadata.log"
03-15 18:30:34.411   840  8470 W libc    : Access denied finding property "vendor.dolby.mi.metadata.log"
03-15 18:30:34.412   840  8470 W libc    : Access denied finding property "vendor.dolby.mi.metadata.log"
03-15 18:30:34.412   840  8470 W libc    : Access denied finding property "vendor.dolby.mi.metadata.log"
03-15 18:30:34.412   840  8358 W libc    : Access denied finding property "hal.record.dump"
03-15 18:30:34.413  1032  1097 E SurfaceFlinger: isStylusTargetLayer notifyTargetLayerDisconnect in
03-15 18:30:34.416  1032  1098 E SurfaceFlinger: isStylusTargetLayer notifyTargetLayerDisconnect in
03-15 18:30:34.421  1032  1098 E SurfaceFlinger: isStylusTargetLayer notifyTargetLayerDisconnect in
03-15 18:30:34.422  1032  1098 E SurfaceFlinger: isStylusTargetLayer notifyTargetLayerDisconnect in
03-15 18:30:34.424  1032  3002 E SurfaceFlinger: isStylusTargetLayer notifyTargetLayerDisconnect in
03-15 18:30:34.430  1032  1098 E SurfaceFlinger: isStylusTargetLayer notifyTargetLayerDisconnect in
03-15 18:30:34.431  1032  1098 E SurfaceFlinger: isStylusTargetLayer notifyTargetLayerDisconnect in
03-15 18:30:34.438  1032  1098 E SurfaceFlinger: isStylusTargetLayer notifyTargetLayerDisconnect in
03-15 18:30:34.439  1032  1098 E SurfaceFlinger: isStylusTargetLayer notifyTargetLayerDisconnect in
03-15 18:30:34.446  1032  1098 E SurfaceFlinger: isStylusTargetLayer notifyTargetLayerDisconnect in
03-15 18:30:34.448  1032  1098 E SurfaceFlinger: isStylusTargetLayer notifyTargetLayerDisconnect in
03-15 18:30:34.451   840  8470 W libc    : Access denied finding property "vendor.dolby.mi.metadata.log"
03-15 18:30:34.451   840  8470 W libc    : Access denied finding property "vendor.dolby.mi.metadata.log"
03-15 18:30:34.451   840  8470 W libc    : Access denied finding property "vendor.dolby.mi.metadata.log"
03-15 18:30:34.451   840  8470 W libc    : Access denied finding property "vendor.dolby.mi.metadata.log"
03-15 18:30:34.451   840  8470 W libc    : Access denied finding property "vendor.dolby.mi.metadata.log"
03-15 18:30:34.452   840  8470 W libc    : Access denied finding property "vendor.dolby.mi.metadata.log"
03-15 18:30:34.452   840  8470 W libc    : Access denied finding property "vendor.dolby.mi.metadata.log"
03-15 18:30:34.452   840  8470 W libc    : Access denied finding property "vendor.dolby.mi.metadata.log"
03-15 18:30:34.452   840  8358 W libc    : Access denied finding property "hal.record.dump"
03-15 18:30:34.455  1032  1097 E SurfaceFlinger: isStylusTargetLayer notifyTargetLayerDisconnect in
03-15 18:30:34.455  1032  1097 E SurfaceFlinger: isStylusTargetLayer notifyTargetLayerDisconnect in
03-15 18:30:34.457  1032  1669 E SurfaceFlinger: isStylusTargetLayer notifyTargetLayerDisconnect in
03-15 18:30:34.463  1032  1098 E SurfaceFlinger: isStylusTargetLayer notifyTargetLayerDisconnect in
03-15 18:30:34.464  1032  1098 E SurfaceFlinger: isStylusTargetLayer notifyTargetLayerDisconnect in
03-15 18:30:34.469 25364 17603 W JIGUANG-JCore-P: [JBridgeHelper] app is not in foreground and no android.permission.ACCESS_BACKGROUND_LOCATION
03-15 18:30:34.470 25364 17603 W JIGUANG-JCore-P: [JBridgeHelper] app is not in foreground and no android.permission.ACCESS_BACKGROUND_LOCATION
03-15 18:30:34.470 25364 17603 W JIGUANG-JCore-P: [JBridgeHelper] app is not in foreground and no android.permission.ACCESS_BACKGROUND_LOCATION
03-15 18:30:34.471  1032  1098 E SurfaceFlinger: isStylusTargetLayer notifyTargetLayerDisconnect in
03-15 18:30:34.473  1032  1097 E SurfaceFlinger: isStylusTargetLayer notifyTargetLayerDisconnect in
03-15 18:30:34.480  1032  1098 E SurfaceFlinger: isStylusTargetLayer notifyTargetLayerDisconnect in
03-15 18:30:34.482  1032  1098 E SurfaceFlinger: isStylusTargetLayer notifyTargetLayerDisconnect in
03-15 18:30:34.488  1032  1098 E SurfaceFlinger: isStylusTargetLayer notifyTargetLayerDisconnect in
03-15 18:30:34.488  1032  1098 E SurfaceFlinger: isStylusTargetLayer notifyTargetLayerDisconnect in
03-15 18:30:34.489  1474  1959 D WifiClientModeImpl[11371:wlan0]: updateLinkLayerStatsRssiSpeedFrequencyCapabilities rssi=-55 TxLinkspeed=400 freq=5805 RxLinkSpeed=400
03-15 18:30:34.489  1032  1097 E SurfaceFlinger: isStylusTargetLayer notifyTargetLayerDisconnect in
03-15 18:30:34.489  1474  1959 D WifiDataStall: tx tput in kbps: 327609
03-15 18:30:34.489  1474  1959 D WifiDataStall: rx tput in kbps: 376562
03-15 18:30:34.489  1474  1959 V WifiConfigManager: Updating scan detail cache freq=5805 BSSID=5c:c9:99:07:da:40 RSSI=-54 for "swu-wifi"NONE
03-15 18:30:34.490  1474  1959 D WifiDataStall:  ccaLevel = 15
03-15 18:30:34.490  1474  1959 D WifiDataStall: L2 txTputKbps: 305015, rxTputKbps: 376562, L3 txTputKbps: 25, rxTputKbps: 262, TxTrafficHigh: true, RxTrafficHigh: true, Throughput Sufficient: true
03-15 18:30:34.490  1474  1959 D WifiScoreCard: BSSID update SIGNAL_POLL ID: 718310405 SSID: "swu-wifi", BSSID: 5c:c9:99:07:da:40, MAC: d8:63:0d:d4:55:38, IP: /10.70.94.15, Security type: 0, Supplicant state: COMPLETED, Wi-Fi standard: 5, RSSI: -55, Link speed: 400Mbps, Tx Link speed: 400Mbps, Max Supported Tx Link speed: 400Mbps, Rx Link speed: 400Mbps, Max Supported Rx Link speed: 400Mbps, Frequency: 5805MHz, Net ID: 21, Metered hint: false, score: 60, isUsable: true, CarrierMerged: false, SubscriptionId: -1, IsPrimary: 1, Trusted: true, Restricted: false, Ephemeral: false, OEM paid: false, OEM private: false, OSU AP: false, FQDN: <none>, Provider friendly name: <none>, Requesting package name: <none>"swu-wifi"openMLO Information: , Is TID-To-Link negotiation supported by the AP: false, AP MLD Address: <none>, AP MLO Link Id: <none>, AP MLO Affiliated links: <none>
03-15 18:30:34.490  1474  1959 D WifiScoreCard: txRate: 17 txSpeed: 400
03-15 18:30:34.490  1474  1959 D WifiScoreCard: network update SIGNAL_POLL "swu-wifi" ID: 1396242615 RSSI -55 txSpeed 400
03-15 18:30:34.490  1474  1959 D WifiClientModeImpl[11371:wlan0]:  ClientModeImpl$L2ConnectedState screen=on 27 0 "swu-wifi" 5c:c9:99:07:da:40 rssi=-55 f=5805 sc=60 link=400 tx=13.6, 2.7, 0.0 rx=37.1 bcn=290945 [on:1811 tx:5 rx:6 period:3009] from screen [on:809521 period:1543255] score=60
03-15 18:30:34.491   840  8470 W libc    : Access denied finding property "vendor.dolby.mi.metadata.log"
03-15 18:30:34.491   840  8470 W libc    : Access denied finding property "vendor.dolby.mi.metadata.log"
03-15 18:30:34.491   840  8470 W libc    : Access denied finding property "vendor.dolby.mi.metadata.log"
03-15 18:30:34.491   840  8470 W libc    : Access denied finding property "vendor.dolby.mi.metadata.log"
03-15 18:30:34.491  2058  2058 W Settings: Setting airplane_mode_on has moved from android.provider.Settings.System to android.provider.Settings.Global, returning read-only value.
03-15 18:30:34.491   840  8470 W libc    : Access denied finding property "vendor.dolby.mi.metadata.log"
03-15 18:30:34.492   840  8470 W libc    : Access denied finding property "vendor.dolby.mi.metadata.log"
03-15 18:30:34.492   840  8470 W libc    : Access denied finding property "vendor.dolby.mi.metadata.log"
03-15 18:30:34.492   840  8358 W libc    : Access denied finding property "hal.record.dump"
03-15 18:30:34.496  1032  1097 E SurfaceFlinger: isStylusTargetLayer notifyTargetLayerDisconnect in
03-15 18:30:34.498  1032  1098 E SurfaceFlinger: isStylusTargetLayer notifyTargetLayerDisconnect in
03-15 18:30:34.505  1032  1098 E SurfaceFlinger: isStylusTargetLayer notifyTargetLayerDisconnect in
03-15 18:30:34.506  1032  1098 E SurfaceFlinger: isStylusTargetLayer notifyTargetLayerDisconnect in
03-15 18:30:34.513  1032  1098 E SurfaceFlinger: isStylusTargetLayer notifyTargetLayerDisconnect in
03-15 18:30:34.514  1032  1669 E SurfaceFlinger: isStylusTargetLayer notifyTargetLayerDisconnect in
03-15 18:30:34.514  2058  2058 W Settings: Setting airplane_mode_on has moved from android.provider.Settings.System to android.provider.Settings.Global, returning read-only value.
03-15 18:30:34.521  1032  1669 E SurfaceFlinger: isStylusTargetLayer notifyTargetLayerDisconnect in
03-15 18:30:34.522  1032  1669 E SurfaceFlinger: isStylusTargetLayer notifyTargetLayerDisconnect in
03-15 18:30:34.523  1032  1669 E SurfaceFlinger: isStylusTargetLayer notifyTargetLayerDisconnect in
03-15 18:30:34.524  1032  1669 E SurfaceFlinger: isStylusTargetLayer notifyTargetLayerDisconnect in
03-15 18:30:34.530  1032  1669 E SurfaceFlinger: isStylusTargetLayer notifyTargetLayerDisconnect in
03-15 18:30:34.531  1032  1098 E SurfaceFlinger: isStylusTargetLayer notifyTargetLayerDisconnect in
03-15 18:30:34.531   840  8470 W libc    : Access denied finding property "vendor.dolby.mi.metadata.log"
03-15 18:30:34.531   840  8470 W libc    : Access denied finding property "vendor.dolby.mi.metadata.log"
03-15 18:30:34.531   840  8470 W libc    : Access denied finding property "vendor.dolby.mi.metadata.log"
03-15 18:30:34.531   840  8470 W libc    : Access denied finding property "vendor.dolby.mi.metadata.log"
03-15 18:30:34.532   840  8470 W libc    : Access denied finding property "vendor.dolby.mi.metadata.log"
03-15 18:30:34.532   840  8470 W libc    : Access denied finding property "vendor.dolby.mi.metadata.log"
03-15 18:30:34.532   840  8470 W libc    : Access denied finding property "vendor.dolby.mi.metadata.log"
03-15 18:30:34.532   840  8470 W libc    : Access denied finding property "vendor.dolby.mi.metadata.log"
03-15 18:30:34.532   840  8358 W libc    : Access denied finding property "hal.record.dump"
03-15 18:30:34.538  1032  1097 E SurfaceFlinger: isStylusTargetLayer notifyTargetLayerDisconnect in
03-15 18:30:34.538   999   999 W libc    : Access denied finding property "hwservicemanager.ready"
03-15 18:30:34.540  1032  1097 E SurfaceFlinger: isStylusTargetLayer notifyTargetLayerDisconnect in
03-15 18:30:34.547  1032  1098 E SurfaceFlinger: isStylusTargetLayer notifyTargetLayerDisconnect in
03-15 18:30:34.548  1032  1098 E SurfaceFlinger: isStylusTargetLayer notifyTargetLayerDisconnect in
03-15 18:30:34.555  1032  1097 E SurfaceFlinger: isStylusTargetLayer notifyTargetLayerDisconnect in
03-15 18:30:34.555  1032  1098 E SurfaceFlinger: isStylusTargetLayer notifyTargetLayerDisconnect in
03-15 18:30:34.556  1032  1098 E SurfaceFlinger: isStylusTargetLayer notifyTargetLayerDisconnect in
03-15 18:30:34.563  1032  1098 E SurfaceFlinger: isStylusTargetLayer notifyTargetLayerDisconnect in
03-15 18:30:34.564  1032  1098 E SurfaceFlinger: isStylusTargetLayer notifyTargetLayerDisconnect in
03-15 18:30:34.571   840  8470 W libc    : Access denied finding property "vendor.dolby.mi.metadata.log"
03-15 18:30:34.571   840  8470 W libc    : Access denied finding property "vendor.dolby.mi.metadata.log"
03-15 18:30:34.572   840  8470 W libc    : Access denied finding property "vendor.dolby.mi.metadata.log"
03-15 18:30:34.572   840  8470 W libc    : Access denied finding property "vendor.dolby.mi.metadata.log"
03-15 18:30:34.572   840  8470 W libc    : Access denied finding property "vendor.dolby.mi.metadata.log"
03-15 18:30:34.572   840  8470 W libc    : Access denied finding property "vendor.dolby.mi.metadata.log"
03-15 18:30:34.572   840  8470 W libc    : Access denied finding property "vendor.dolby.mi.metadata.log"
03-15 18:30:34.573   840  8358 W libc    : Access denied finding property "hal.record.dump"
03-15 18:30:34.574  1032  1097 E SurfaceFlinger: isStylusTargetLayer notifyTargetLayerDisconnect in
03-15 18:30:34.575  1032  1097 E SurfaceFlinger: isStylusTargetLayer notifyTargetLayerDisconnect in
03-15 18:30:34.580  1032  1098 E SurfaceFlinger: isStylusTargetLayer notifyTargetLayerDisconnect in
03-15 18:30:34.581  1032  1098 E SurfaceFlinger: isStylusTargetLayer notifyTargetLayerDisconnect in
03-15 18:30:34.588  1032  1669 E SurfaceFlinger: isStylusTargetLayer notifyTargetLayerDisconnect in
03-15 18:30:34.588  1032  1097 E SurfaceFlinger: isStylusTargetLayer notifyTargetLayerDisconnect in
03-15 18:30:34.590  1032  1097 E SurfaceFlinger: isStylusTargetLayer notifyTargetLayerDisconnect in
03-15 18:30:34.596  1032  1669 E SurfaceFlinger: isStylusTargetLayer notifyTargetLayerDisconnect in
03-15 18:30:34.599  1032  1669 E SurfaceFlinger: isStylusTargetLayer notifyTargetLayerDisconnect in
03-15 18:30:34.605  1032  1097 E SurfaceFlinger: isStylusTargetLayer notifyTargetLayerDisconnect in
03-15 18:30:34.606  1032  1097 E SurfaceFlinger: isStylusTargetLayer notifyTargetLayerDisconnect in
03-15 18:30:34.611   840  8470 W libc    : Access denied finding property "vendor.dolby.mi.metadata.log"
03-15 18:30:34.611   840   840 W effect  : type=1400 audit(0.0:2051004): avc:  denied  { read } for  name="u:object_r:vendor_dolby_prop:s0" dev="tmpfs" ino=11682 scontext=u:r:hal_audio_default:s0 tcontext=u:object_r:vendor_dolby_prop:s0 tclass=file permissive=0
03-15 18:30:34.612   840  8470 W libc    : Access denied finding property "vendor.dolby.mi.metadata.log"
03-15 18:30:34.611   840   840 W effect  : type=1400 audit(0.0:2051005): avc:  denied  { read } for  name="u:object_r:vendor_dolby_prop:s0" dev="tmpfs" ino=11682 scontext=u:r:hal_audio_default:s0 tcontext=u:object_r:vendor_dolby_prop:s0 tclass=file permissive=0
03-15 18:30:34.612   840  8470 W libc    : Access denied finding property "vendor.dolby.mi.metadata.log"
03-15 18:30:34.611   840   840 W effect  : type=1400 audit(0.0:2051006): avc:  denied  { read } for  name="u:object_r:vendor_dolby_prop:s0" dev="tmpfs" ino=11682 scontext=u:r:hal_audio_default:s0 tcontext=u:object_r:vendor_dolby_prop:s0 tclass=file permissive=0
03-15 18:30:34.612   840  8470 W libc    : Access denied finding property "vendor.dolby.mi.metadata.log"
03-15 18:30:34.611   840   840 W effect  : type=1400 audit(0.0:2051007): avc:  denied  { read } for  name="u:object_r:vendor_dolby_prop:s0" dev="tmpfs" ino=11682 scontext=u:r:hal_audio_default:s0 tcontext=u:object_r:vendor_dolby_prop:s0 tclass=file permissive=0
03-15 18:30:34.612   840  8470 W libc    : Access denied finding property "vendor.dolby.mi.metadata.log"
03-15 18:30:34.611   840   840 W effect  : type=1400 audit(0.0:2051008): avc:  denied  { read } for  name="u:object_r:vendor_dolby_prop:s0" dev="tmpfs" ino=11682 scontext=u:r:hal_audio_default:s0 tcontext=u:object_r:vendor_dolby_prop:s0 tclass=file permissive=0
03-15 18:30:34.613   840  8470 W libc    : Access denied finding property "vendor.dolby.mi.metadata.log"
03-15 18:30:34.613   840  8470 W libc    : Access denied finding property "vendor.dolby.mi.metadata.log"
03-15 18:30:34.613   840  8470 W libc    : Access denied finding property "vendor.dolby.mi.metadata.log"
03-15 18:30:34.614  1032  1098 E SurfaceFlinger: isStylusTargetLayer notifyTargetLayerDisconnect in
03-15 18:30:34.615   840  8358 W libc    : Access denied finding property "hal.record.dump"
03-15 18:30:34.617  1032  1097 E SurfaceFlinger: isStylusTargetLayer notifyTargetLayerDisconnect in
03-15 18:30:34.621  1032  1097 E SurfaceFlinger: isStylusTargetLayer notifyTargetLayerDisconnect in
03-15 18:30:34.622  1032  1097 E SurfaceFlinger: isStylusTargetLayer notifyTargetLayerDisconnect in
03-15 18:30:34.623  1032  1097 E SurfaceFlinger: isStylusTargetLayer notifyTargetLayerDisconnect in
03-15 18:30:34.630  1032  1097 E SurfaceFlinger: isStylusTargetLayer notifyTargetLayerDisconnect in
03-15 18:30:34.631  1032  1097 E SurfaceFlinger: isStylusTargetLayer notifyTargetLayerDisconnect in
03-15 18:30:34.638  1032  1669 E SurfaceFlinger: isStylusTargetLayer notifyTargetLayerDisconnect in
03-15 18:30:34.641  1032  1097 E SurfaceFlinger: isStylusTargetLayer notifyTargetLayerDisconnect in
03-15 18:30:34.648  1032  1669 E SurfaceFlinger: isStylusTargetLayer notifyTargetLayerDisconnect in
03-15 18:30:34.648  1032  1669 E SurfaceFlinger: isStylusTargetLayer notifyTargetLayerDisconnect in
03-15 18:30:34.650   840  8470 W libc    : Access denied finding property "vendor.dolby.mi.metadata.log"
03-15 18:30:34.651   840  8470 W libc    : Access denied finding property "vendor.dolby.mi.metadata.log"
03-15 18:30:34.651   840  8470 W libc    : Access denied finding property "vendor.dolby.mi.metadata.log"
03-15 18:30:34.651   840  8470 W libc    : Access denied finding property "vendor.dolby.mi.metadata.log"
03-15 18:30:34.651   840  8470 W libc    : Access denied finding property "vendor.dolby.mi.metadata.log"
03-15 18:30:34.651   840  8470 W libc    : Access denied finding property "vendor.dolby.mi.metadata.log"
03-15 18:30:34.651   840  8470 W libc    : Access denied finding property "vendor.dolby.mi.metadata.log"
03-15 18:30:34.651   840  8358 W libc    : Access denied finding property "hal.record.dump"
03-15 18:30:34.655  1032  1669 E SurfaceFlinger: isStylusTargetLayer notifyTargetLayerDisconnect in
03-15 18:30:34.655  1032  1669 E SurfaceFlinger: isStylusTargetLayer notifyTargetLayerDisconnect in
03-15 18:30:34.656  1032  1669 E SurfaceFlinger: isStylusTargetLayer notifyTargetLayerDisconnect in
03-15 18:30:34.663  1032  1669 E SurfaceFlinger: isStylusTargetLayer notifyTargetLayerDisconnect in
03-15 18:30:34.664  1032  1097 E SurfaceFlinger: isStylusTargetLayer notifyTargetLayerDisconnect in
03-15 18:30:34.672  1032  1669 E SurfaceFlinger: isStylusTargetLayer notifyTargetLayerDisconnect in
03-15 18:30:34.672   999   999 W libc    : Access denied finding property "hwservicemanager.ready"
03-15 18:30:34.673  1032  1097 E SurfaceFlinger: isStylusTargetLayer notifyTargetLayerDisconnect in
03-15 18:30:34.680  1032  1097 E SurfaceFlinger: isStylusTargetLayer notifyTargetLayerDisconnect in
03-15 18:30:34.680  1032  1097 E SurfaceFlinger: isStylusTargetLayer notifyTargetLayerDisconnect in
03-15 18:30:34.681 12152 12163 W System  : A resource failed to call close. 
03-15 18:30:34.681 12152 12163 W System  : A resource failed to call close. 
03-15 18:30:34.688  1032  1669 E SurfaceFlinger: isStylusTargetLayer notifyTargetLayerDisconnect in
03-15 18:30:34.688  1032  1669 E SurfaceFlinger: isStylusTargetLayer notifyTargetLayerDisconnect in
03-15 18:30:34.689  1032  1669 E SurfaceFlinger: isStylusTargetLayer notifyTargetLayerDisconnect in
03-15 18:30:34.691   840  8470 W libc    : Access denied finding property "vendor.dolby.mi.metadata.log"
03-15 18:30:34.691   840  8470 W libc    : Access denied finding property "vendor.dolby.mi.metadata.log"
03-15 18:30:34.691   840  8470 W libc    : Access denied finding property "vendor.dolby.mi.metadata.log"
03-15 18:30:34.691   840  8470 W libc    : Access denied finding property "vendor.dolby.mi.metadata.log"
03-15 18:30:34.691   840  8470 W libc    : Access denied finding property "vendor.dolby.mi.metadata.log"
03-15 18:30:34.691   840  8470 W libc    : Access denied finding property "vendor.dolby.mi.metadata.log"
03-15 18:30:34.692   840  8470 W libc    : Access denied finding property "vendor.dolby.mi.metadata.log"
03-15 18:30:34.692   840  8470 W libc    : Access denied finding property "vendor.dolby.mi.metadata.log"
03-15 18:30:34.692   840  8358 W libc    : Access denied finding property "hal.record.dump"
03-15 18:30:34.696  1032  1097 E SurfaceFlinger: isStylusTargetLayer notifyTargetLayerDisconnect in
03-15 18:30:34.697  1032  1097 E SurfaceFlinger: isStylusTargetLayer notifyTargetLayerDisconnect in
03-15 18:30:34.700 17158 17288 V MSF.C.MSFCore[@PS]: [Event] MSFPacketStatistics.cpp(300)::DoCheckRequestTimeout->current rtts:53.124
03-15 18:30:34.704  1032  1097 E SurfaceFlinger: isStylusTargetLayer notifyTargetLayerDisconnect in
03-15 18:30:34.706  1032  1097 E SurfaceFlinger: isStylusTargetLayer notifyTargetLayerDisconnect in
03-15 18:30:34.709 17158 17301 V MSF.C.MSFCore[@DD]: [Event] MSFDDNetworkEngine.cpp(179)::onTcpInfoUpdate->onTcpInfoUpdate:
03-15 18:30:34.709 17158 17301 V MSF.C.MSFCore[@DD]:                      tcpi_state = 1;
03-15 18:30:34.709 17158 17301 V MSF.C.MSFCore[@DD]:                      tcpi_ca_state = 0;
03-15 18:30:34.709 17158 17301 V MSF.C.MSFCore[@DD]:                      tcpi_rto = 248 ms;
03-15 18:30:34.709 17158 17301 V MSF.C.MSFCore[@DD]:                      tcpi_unacked = 0;
03-15 18:30:34.709 17158 17301 V MSF.C.MSFCore[@DD]:                      tcpi_rttcur = 47 ms;
03-15 18:30:34.709 17158 17301 V MSF.C.MSFCore[@DD]:                      tcpi_rttvar = 13 ms;
03-15 18:30:34.709 17158 17301 V MSF.C.MSFCore[@DD]:                      tcpi_bytes_retrans = 0 bytes;
03-15 18:30:34.709 17158 17301 V MSF.C.MSFCore[@DD]:                      tcpi_notsent_bytes = 0 bytes;
03-15 18:30:34.709 17158 17301 V MSF.C.MSFCore[@DD]:                      tcpi_bytes_received = 325453 bytes;
03-15 18:30:34.709 17158 17301 V MSF.C.MSFCore[@DD]:                      tcpi_bytes_sent = 100321 bytes 
03-15 18:30:34.709 17158 17301 V MSF.C.MSFCore[@DD]:                      tcpi_last_data_sent = 174812 ms 
03-15 18:30:34.709 17158 17301 V MSF.C.MSFCore[@DD]:                      tcpi_last_data_recv = 174768 ms 
03-15 18:30:34.713  1032  1097 E SurfaceFlinger: isStylusTargetLayer notifyTargetLayerDisconnect in
03-15 18:30:34.714  1032  1097 E SurfaceFlinger: isStylusTargetLayer notifyTargetLayerDisconnect in
03-15 18:30:34.721  1032  1098 E SurfaceFlinger: isStylusTargetLayer notifyTargetLayerDisconnect in
03-15 18:30:34.722  1032  1098 E SurfaceFlinger: isStylusTargetLayer notifyTargetLayerDisconnect in
03-15 18:30:34.723  1032  1097 E SurfaceFlinger: isStylusTargetLayer notifyTargetLayerDisconnect in
03-15 18:30:34.730  1032  1097 E SurfaceFlinger: isStylusTargetLayer notifyTargetLayerDisconnect in
03-15 18:30:34.731   840  8470 W libc    : Access denied finding property "vendor.dolby.mi.metadata.log"
03-15 18:30:34.731  1032  1097 E SurfaceFlinger: isStylusTargetLayer notifyTargetLayerDisconnect in
03-15 18:30:34.731   840  8470 W libc    : Access denied finding property "vendor.dolby.mi.metadata.log"
03-15 18:30:34.731   840  8470 W libc    : Access denied finding property "vendor.dolby.mi.metadata.log"
03-15 18:30:34.731   840  8470 W libc    : Access denied finding property "vendor.dolby.mi.metadata.log"
03-15 18:30:34.731   840  8470 W libc    : Access denied finding property "vendor.dolby.mi.metadata.log"
03-15 18:30:34.732   840  8470 W libc    : Access denied finding property "vendor.dolby.mi.metadata.log"
03-15 18:30:34.732   840  8470 W libc    : Access denied finding property "vendor.dolby.mi.metadata.log"
03-15 18:30:34.732   840  8358 W libc    : Access denied finding property "hal.record.dump"
03-15 18:30:34.738  1032  1097 E SurfaceFlinger: isStylusTargetLayer notifyTargetLayerDisconnect in
03-15 18:30:34.739  1032  1097 E SurfaceFlinger: isStylusTargetLayer notifyTargetLayerDisconnect in
03-15 18:30:34.746  1032  1098 E SurfaceFlinger: isStylusTargetLayer notifyTargetLayerDisconnect in
03-15 18:30:34.748  1032  1098 E SurfaceFlinger: isStylusTargetLayer notifyTargetLayerDisconnect in
03-15 18:30:34.755  1032  1098 E SurfaceFlinger: isStylusTargetLayer notifyTargetLayerDisconnect in
03-15 18:30:34.755  1032  1098 E SurfaceFlinger: isStylusTargetLayer notifyTargetLayerDisconnect in
03-15 18:30:34.756  1032  1098 E SurfaceFlinger: isStylusTargetLayer notifyTargetLayerDisconnect in
03-15 18:30:34.763  1032  1097 E SurfaceFlinger: isStylusTargetLayer notifyTargetLayerDisconnect in
03-15 18:30:34.764  1032  1098 E SurfaceFlinger: isStylusTargetLayer notifyTargetLayerDisconnect in
03-15 18:30:34.771   840  8470 W libc    : Access denied finding property "vendor.dolby.mi.metadata.log"
03-15 18:30:34.771  1032  1098 E SurfaceFlinger: isStylusTargetLayer notifyTargetLayerDisconnect in
03-15 18:30:34.772   840  8470 W libc    : Access denied finding property "vendor.dolby.mi.metadata.log"
03-15 18:30:34.772   840  8470 W libc    : Access denied finding property "vendor.dolby.mi.metadata.log"
03-15 18:30:34.772   840  8470 W libc    : Access denied finding property "vendor.dolby.mi.metadata.log"
03-15 18:30:34.772   840  8470 W libc    : Access denied finding property "vendor.dolby.mi.metadata.log"
03-15 18:30:34.773   840  8470 W libc    : Access denied finding property "vendor.dolby.mi.metadata.log"
03-15 18:30:34.773   840  8470 W libc    : Access denied finding property "vendor.dolby.mi.metadata.log"
03-15 18:30:34.773   840  8470 W libc    : Access denied finding property "vendor.dolby.mi.metadata.log"
03-15 18:30:34.773   840  8358 W libc    : Access denied finding property "hal.record.dump"
03-15 18:30:34.774  1032  1097 E SurfaceFlinger: isStylusTargetLayer notifyTargetLayerDisconnect in
03-15 18:30:34.780  1032  1098 E SurfaceFlinger: isStylusTargetLayer notifyTargetLayerDisconnect in
03-15 18:30:34.780   999   999 W libc    : Access denied finding property "hwservicemanager.ready"
03-15 18:30:34.782  1032  1097 E SurfaceFlinger: isStylusTargetLayer notifyTargetLayerDisconnect in
03-15 18:30:34.788  1032  1669 E SurfaceFlinger: isStylusTargetLayer notifyTargetLayerDisconnect in
03-15 18:30:34.788  1032  1669 E SurfaceFlinger: isStylusTargetLayer notifyTargetLayerDisconnect in
03-15 18:30:34.790  1032  1097 E SurfaceFlinger: isStylusTargetLayer notifyTargetLayerDisconnect in
03-15 18:30:34.797  1032  1097 E SurfaceFlinger: isStylusTargetLayer notifyTargetLayerDisconnect in
03-15 18:30:34.797  1032  1098 E SurfaceFlinger: isStylusTargetLayer notifyTargetLayerDisconnect in
03-15 18:30:34.805  1032  1098 E SurfaceFlinger: isStylusTargetLayer notifyTargetLayerDisconnect in
03-15 18:30:34.805  1032  1098 E SurfaceFlinger: isStylusTargetLayer notifyTargetLayerDisconnect in
03-15 18:30:34.811   840  8470 W libc    : Access denied finding property "vendor.dolby.mi.metadata.log"
03-15 18:30:34.812   840  8470 W libc    : Access denied finding property "vendor.dolby.mi.metadata.log"
03-15 18:30:34.812   840  8470 W libc    : Access denied finding property "vendor.dolby.mi.metadata.log"
03-15 18:30:34.812   840  8470 W libc    : Access denied finding property "vendor.dolby.mi.metadata.log"
03-15 18:30:34.813   840  8470 W libc    : Access denied finding property "vendor.dolby.mi.metadata.log"
03-15 18:30:34.813   840  8470 W libc    : Access denied finding property "vendor.dolby.mi.metadata.log"
03-15 18:30:34.813  1032  1097 E SurfaceFlinger: isStylusTargetLayer notifyTargetLayerDisconnect in
03-15 18:30:34.813   840  8470 W libc    : Access denied finding property "vendor.dolby.mi.metadata.log"
03-15 18:30:34.814   840  8358 W libc    : Access denied finding property "hal.record.dump"
03-15 18:30:34.817  1032  1098 E SurfaceFlinger: isStylusTargetLayer notifyTargetLayerDisconnect in
03-15 18:30:34.821  1032  1097 E SurfaceFlinger: isStylusTargetLayer notifyTargetLayerDisconnect in
03-15 18:30:34.822  1032  1097 E SurfaceFlinger: isStylusTargetLayer notifyTargetLayerDisconnect in
03-15 18:30:34.823  1032  1097 E SurfaceFlinger: isStylusTargetLayer notifyTargetLayerDisconnect in
03-15 18:30:34.830  1032  1098 E SurfaceFlinger: isStylusTargetLayer notifyTargetLayerDisconnect in
03-15 18:30:34.831  1032  1098 E SurfaceFlinger: isStylusTargetLayer notifyTargetLayerDisconnect in
03-15 18:30:34.838  1032  1097 E SurfaceFlinger: isStylusTargetLayer notifyTargetLayerDisconnect in
03-15 18:30:34.839  1032  1097 E SurfaceFlinger: isStylusTargetLayer notifyTargetLayerDisconnect in
03-15 18:30:34.846  1032  1097 E SurfaceFlinger: isStylusTargetLayer notifyTargetLayerDisconnect in
03-15 18:30:34.847  1032  1098 E SurfaceFlinger: isStylusTargetLayer notifyTargetLayerDisconnect in
03-15 18:30:34.851   840  8470 W libc    : Access denied finding property "vendor.dolby.mi.metadata.log"
03-15 18:30:34.851   840  8470 W libc    : Access denied finding property "vendor.dolby.mi.metadata.log"
03-15 18:30:34.851   840  8470 W libc    : Access denied finding property "vendor.dolby.mi.metadata.log"
03-15 18:30:34.851   840  8470 W libc    : Access denied finding property "vendor.dolby.mi.metadata.log"
03-15 18:30:34.851   840  8470 W libc    : Access denied finding property "vendor.dolby.mi.metadata.log"
03-15 18:30:34.852   840  8470 W libc    : Access denied finding property "vendor.dolby.mi.metadata.log"
03-15 18:30:34.852   840  8470 W libc    : Access denied finding property "vendor.dolby.mi.metadata.log"
03-15 18:30:34.852   840  8470 W libc    : Access denied finding property "vendor.dolby.mi.metadata.log"
03-15 18:30:34.852   840  8358 W libc    : Access denied finding property "hal.record.dump"
03-15 18:30:34.855  1032  1097 E SurfaceFlinger: isStylusTargetLayer notifyTargetLayerDisconnect in
03-15 18:30:34.855  1032  1098 E SurfaceFlinger: isStylusTargetLayer notifyTargetLayerDisconnect in
03-15 18:30:34.856  1032  1098 E SurfaceFlinger: isStylusTargetLayer notifyTargetLayerDisconnect in
03-15 18:30:34.864  1032  1097 E SurfaceFlinger: isStylusTargetLayer notifyTargetLayerDisconnect in
03-15 18:30:34.865  1032  1097 E SurfaceFlinger: isStylusTargetLayer notifyTargetLayerDisconnect in
03-15 18:30:34.871  1032  1097 E SurfaceFlinger: isStylusTargetLayer notifyTargetLayerDisconnect in
03-15 18:30:34.872  1032  1097 E SurfaceFlinger: isStylusTargetLayer notifyTargetLayerDisconnect in
03-15 18:30:34.880  1032  1097 E SurfaceFlinger: isStylusTargetLayer notifyTargetLayerDisconnect in
03-15 18:30:34.880  1032  1098 E SurfaceFlinger: isStylusTargetLayer notifyTargetLayerDisconnect in
03-15 18:30:34.888   999   999 W libc    : Access denied finding property "hwservicemanager.ready"
03-15 18:30:34.889  1032  1097 E SurfaceFlinger: isStylusTargetLayer notifyTargetLayerDisconnect in
03-15 18:30:34.889  1032  1097 E SurfaceFlinger: isStylusTargetLayer notifyTargetLayerDisconnect in
03-15 18:30:34.890  1032  1097 E SurfaceFlinger: isStylusTargetLayer notifyTargetLayerDisconnect in
03-15 18:30:34.891   840  8470 W libc    : Access denied finding property "vendor.dolby.mi.metadata.log"
03-15 18:30:34.891   840  8470 W libc    : Access denied finding property "vendor.dolby.mi.metadata.log"
03-15 18:30:34.892   840  8470 W libc    : Access denied finding property "vendor.dolby.mi.metadata.log"
03-15 18:30:34.892   840  8470 W libc    : Access denied finding property "vendor.dolby.mi.metadata.log"
03-15 18:30:34.892   840  8470 W libc    : Access denied finding property "vendor.dolby.mi.metadata.log"
03-15 18:30:34.892   840  8470 W libc    : Access denied finding property "vendor.dolby.mi.metadata.log"
03-15 18:30:34.893   840  8470 W libc    : Access denied finding property "vendor.dolby.mi.metadata.log"
03-15 18:30:34.893   840  8358 W libc    : Access denied finding property "hal.record.dump"
03-15 18:30:34.896  1032  1097 E SurfaceFlinger: isStylusTargetLayer notifyTargetLayerDisconnect in
03-15 18:30:34.897  1032  1097 E SurfaceFlinger: isStylusTargetLayer notifyTargetLayerDisconnect in
03-15 18:30:34.904  1032  1098 E SurfaceFlinger: isStylusTargetLayer notifyTargetLayerDisconnect in
03-15 18:30:34.906  1032  1098 E SurfaceFlinger: isStylusTargetLayer notifyTargetLayerDisconnect in
03-15 18:30:34.913  1032  1097 E SurfaceFlinger: isStylusTargetLayer notifyTargetLayerDisconnect in
03-15 18:30:34.914  1032  1098 E SurfaceFlinger: isStylusTargetLayer notifyTargetLayerDisconnect in
03-15 18:30:34.921  1032  1669 E SurfaceFlinger: isStylusTargetLayer notifyTargetLayerDisconnect in
03-15 18:30:34.921  1032  1669 E SurfaceFlinger: isStylusTargetLayer notifyTargetLayerDisconnect in
03-15 18:30:34.923  1032  1669 E SurfaceFlinger: isStylusTargetLayer notifyTargetLayerDisconnect in
03-15 18:30:34.930  1032  1097 E SurfaceFlinger: isStylusTargetLayer notifyTargetLayerDisconnect in
03-15 18:30:34.931   840  8470 W libc    : Access denied finding property "vendor.dolby.mi.metadata.log"
03-15 18:30:34.931   840  8470 W libc    : Access denied finding property "vendor.dolby.mi.metadata.log"
03-15 18:30:34.931   840  8470 W libc    : Access denied finding property "vendor.dolby.mi.metadata.log"
03-15 18:30:34.931  1032  1097 E SurfaceFlinger: isStylusTargetLayer notifyTargetLayerDisconnect in
03-15 18:30:34.931   840  8470 W libc    : Access denied finding property "vendor.dolby.mi.metadata.log"
03-15 18:30:34.931   840  8470 W libc    : Access denied finding property "vendor.dolby.mi.metadata.log"
03-15 18:30:34.931   840  8470 W libc    : Access denied finding property "vendor.dolby.mi.metadata.log"
03-15 18:30:34.932   840  8470 W libc    : Access denied finding property "vendor.dolby.mi.metadata.log"
03-15 18:30:34.932   840  8470 W libc    : Access denied finding property "vendor.dolby.mi.metadata.log"
03-15 18:30:34.932   840  8358 W libc    : Access denied finding property "hal.record.dump"
03-15 18:30:34.938  1032  3002 E SurfaceFlinger: isStylusTargetLayer notifyTargetLayerDisconnect in
03-15 18:30:34.939  1032  3002 E SurfaceFlinger: isStylusTargetLayer notifyTargetLayerDisconnect in
03-15 18:30:34.946  1032  3002 E SurfaceFlinger: isStylusTargetLayer notifyTargetLayerDisconnect in
03-15 18:30:34.948  1032  3002 E SurfaceFlinger: isStylusTargetLayer notifyTargetLayerDisconnect in
03-15 18:30:34.955  1032  3002 E SurfaceFlinger: isStylusTargetLayer notifyTargetLayerDisconnect in
03-15 18:30:34.955  1032  1098 E SurfaceFlinger: isStylusTargetLayer notifyTargetLayerDisconnect in
03-15 18:30:34.956  1032  1098 E SurfaceFlinger: isStylusTargetLayer notifyTargetLayerDisconnect in
03-15 18:30:34.963  1032  1098 E SurfaceFlinger: isStylusTargetLayer notifyTargetLayerDisconnect in
03-15 18:30:34.965  1032  3002 E SurfaceFlinger: isStylusTargetLayer notifyTargetLayerDisconnect in
03-15 18:30:34.971   840  8470 W libc    : Access denied finding property "vendor.dolby.mi.metadata.log"
03-15 18:30:34.971  1032  3002 E SurfaceFlinger: isStylusTargetLayer notifyTargetLayerDisconnect in
03-15 18:30:34.971   840  8470 W libc    : Access denied finding property "vendor.dolby.mi.metadata.log"
03-15 18:30:34.972   840  8470 W libc    : Access denied finding property "vendor.dolby.mi.metadata.log"
03-15 18:30:34.972   840  8470 W libc    : Access denied finding property "vendor.dolby.mi.metadata.log"
03-15 18:30:34.972   840  8470 W libc    : Access denied finding property "vendor.dolby.mi.metadata.log"
03-15 18:30:34.972   840  8470 W libc    : Access denied finding property "vendor.dolby.mi.metadata.log"
03-15 18:30:34.973   840  8470 W libc    : Access denied finding property "vendor.dolby.mi.metadata.log"
03-15 18:30:34.973   840  8358 W libc    : Access denied finding property "hal.record.dump"
03-15 18:30:34.975  1032  3002 E SurfaceFlinger: isStylusTargetLayer notifyTargetLayerDisconnect in
03-15 18:30:34.980  1032  1098 E SurfaceFlinger: isStylusTargetLayer notifyTargetLayerDisconnect in
03-15 18:30:34.981  1032  3002 E SurfaceFlinger: isStylusTargetLayer notifyTargetLayerDisconnect in
03-15 18:30:34.988  1032  1098 E SurfaceFlinger: isStylusTargetLayer notifyTargetLayerDisconnect in
03-15 18:30:34.989  1032  1098 E SurfaceFlinger: isStylusTargetLayer notifyTargetLayerDisconnect in
03-15 18:30:34.989  1032  3002 E SurfaceFlinger: isStylusTargetLayer notifyTargetLayerDisconnect in
03-15 18:30:34.996  1032  3002 E SurfaceFlinger: isStylusTargetLayer notifyTargetLayerDisconnect in
03-15 18:30:34.998  1032  3002 E SurfaceFlinger: isStylusTargetLayer notifyTargetLayerDisconnect in
03-15 18:30:35.001 25364 17611 D TrafficStats: tagSocket(5) with statsTag=0xffffffff, statsUid=-1
03-15 18:30:35.005  1032  1098 E SurfaceFlinger: isStylusTargetLayer notifyTargetLayerDisconnect in
03-15 18:30:35.006  1032  1098 E SurfaceFlinger: isStylusTargetLayer notifyTargetLayerDisconnect in
03-15 18:30:35.011   840  8470 W libc    : Access denied finding property "vendor.dolby.mi.metadata.log"
03-15 18:30:35.011   840  8470 W libc    : Access denied finding property "vendor.dolby.mi.metadata.log"
03-15 18:30:35.011   840  8470 W libc    : Access denied finding property "vendor.dolby.mi.metadata.log"
03-15 18:30:35.012   840  8470 W libc    : Access denied finding property "vendor.dolby.mi.metadata.log"
03-15 18:30:35.012   840  8470 W libc    : Access denied finding property "vendor.dolby.mi.metadata.log"
03-15 18:30:35.012   840  8470 W libc    : Access denied finding property "vendor.dolby.mi.metadata.log"
03-15 18:30:35.013   840  8470 W libc    : Access denied finding property "vendor.dolby.mi.metadata.log"
