03-15 18:13:22.233  2058  2160 D TransactionPool: acquire st:-5476376656299412304 caller:com.android.wm.shell.startingsurface.SplashScreenExitAnimationUtils$ShiftUpAnimation.onAnimationProgress:334 com.android.wm.shell.startingsurface.SplashScreenExitAnimationUtils.lambda$createAnimator$0:192 com.android.wm.shell.startingsurface.SplashScreenExitAnimationUtils$$ExternalSyntheticLambda0.onAnimationUpdate:19 
03-15 18:13:22.234  2058  2160 D TransactionPool: release st:-5476376656299412304 caller:com.android.wm.shell.common.TransactionPool.release:60 com.android.wm.shell.startingsurface.SplashScreenExitAnimationUtils$ShiftUpAnimation.onAnimationProgress:347 com.android.wm.shell.startingsurface.SplashScreenExitAnimationUtils.lambda$createAnimator$0:192 
03-15 18:13:22.234  2058  2160 D TransactionPool: put st:-5476376656299412304 reason to release map
03-15 18:13:22.240  2058  2160 D TransactionPool: acquire st:-5476376656299412304 caller:com.android.wm.shell.startingsurface.SplashScreenExitAnimationUtils$ShiftUpAnimation.onAnimationProgress:334 com.android.wm.shell.startingsurface.SplashScreenExitAnimationUtils.lambda$createAnimator$0:192 com.android.wm.shell.startingsurface.SplashScreenExitAnimationUtils$$ExternalSyntheticLambda0.onAnimationUpdate:19 
03-15 18:13:22.240  2058  2160 D TransactionPool: release st:-5476376656299412304 caller:com.android.wm.shell.common.TransactionPool.release:60 com.android.wm.shell.startingsurface.SplashScreenExitAnimationUtils$ShiftUpAnimation.onAnimationProgress:347 com.android.wm.shell.startingsurface.SplashScreenExitAnimationUtils.lambda$createAnimator$0:192 
03-15 18:13:22.240  2058  2160 D TransactionPool: put st:-5476376656299412304 reason to release map
03-15 18:13:22.249  2058  2160 D TransactionPool: acquire st:-5476376656299412304 caller:com.android.wm.shell.startingsurface.SplashScreenExitAnimationUtils$ShiftUpAnimation.onAnimationProgress:334 com.android.wm.shell.startingsurface.SplashScreenExitAnimationUtils.lambda$createAnimator$0:192 com.android.wm.shell.startingsurface.SplashScreenExitAnimationUtils$$ExternalSyntheticLambda0.onAnimationUpdate:19 
03-15 18:13:22.249  2058  2160 D TransactionPool: release st:-5476376656299412304 caller:com.android.wm.shell.common.TransactionPool.release:60 com.android.wm.shell.startingsurface.SplashScreenExitAnimationUtils$ShiftUpAnimation.onAnimationProgress:347 com.android.wm.shell.startingsurface.SplashScreenExitAnimationUtils.lambda$createAnimator$0:192 
03-15 18:13:22.249  2058  2160 D TransactionPool: put st:-5476376656299412304 reason to release map
03-15 18:13:22.257  2058  2160 D TransactionPool: acquire st:-5476376656299412304 caller:com.android.wm.shell.startingsurface.SplashScreenExitAnimationUtils$ShiftUpAnimation.onAnimationProgress:334 com.android.wm.shell.startingsurface.SplashScreenExitAnimationUtils.lambda$createAnimator$0:192 com.android.wm.shell.startingsurface.SplashScreenExitAnimationUtils$$ExternalSyntheticLambda0.onAnimationUpdate:19 
03-15 18:13:22.257  2058  2160 D TransactionPool: release st:-5476376656299412304 caller:com.android.wm.shell.common.TransactionPool.release:60 com.android.wm.shell.startingsurface.SplashScreenExitAnimationUtils$ShiftUpAnimation.onAnimationProgress:347 com.android.wm.shell.startingsurface.SplashScreenExitAnimationUtils.lambda$createAnimator$0:192 
03-15 18:13:22.257  2058  2160 D TransactionPool: put st:-5476376656299412304 reason to release map
03-15 18:13:22.266  2058  2160 D TransactionPool: acquire st:-5476376656299412304 caller:com.android.wm.shell.startingsurface.SplashScreenExitAnimationUtils$ShiftUpAnimation.onAnimationProgress:334 com.android.wm.shell.startingsurface.SplashScreenExitAnimationUtils.lambda$createAnimator$0:192 com.android.wm.shell.startingsurface.SplashScreenExitAnimationUtils$$ExternalSyntheticLambda0.onAnimationUpdate:19 
03-15 18:13:22.267  2058  2160 D TransactionPool: release st:-5476376656299412304 caller:com.android.wm.shell.common.TransactionPool.release:60 com.android.wm.shell.startingsurface.SplashScreenExitAnimationUtils$ShiftUpAnimation.onAnimationProgress:347 com.android.wm.shell.startingsurface.SplashScreenExitAnimationUtils.lambda$createAnimator$0:192 
03-15 18:13:22.267  2058  2160 D TransactionPool: put st:-5476376656299412304 reason to release map
03-15 18:13:22.275  2058  2160 D TransactionPool: acquire st:-5476376656299412304 caller:com.android.wm.shell.startingsurface.SplashScreenExitAnimationUtils$ShiftUpAnimation.onAnimationProgress:334 com.android.wm.shell.startingsurface.SplashScreenExitAnimationUtils.lambda$createAnimator$0:192 com.android.wm.shell.startingsurface.SplashScreenExitAnimationUtils$$ExternalSyntheticLambda0.onAnimationUpdate:19 
03-15 18:13:22.275  2058  2160 D TransactionPool: release st:-5476376656299412304 caller:com.android.wm.shell.common.TransactionPool.release:60 com.android.wm.shell.startingsurface.SplashScreenExitAnimationUtils$ShiftUpAnimation.onAnimationProgress:347 com.android.wm.shell.startingsurface.SplashScreenExitAnimationUtils.lambda$createAnimator$0:192 
03-15 18:13:22.275  2058  2160 D TransactionPool: put st:-5476376656299412304 reason to release map
03-15 18:13:22.282  2058  2160 D TransactionPool: acquire st:-5476376656299412304 caller:com.android.wm.shell.startingsurface.SplashScreenExitAnimationUtils$ShiftUpAnimation.onAnimationProgress:334 com.android.wm.shell.startingsurface.SplashScreenExitAnimationUtils.lambda$createAnimator$0:192 com.android.wm.shell.startingsurface.SplashScreenExitAnimationUtils$$ExternalSyntheticLambda0.onAnimationUpdate:19 
03-15 18:13:22.282  2058  2160 D TransactionPool: release st:-5476376656299412304 caller:com.android.wm.shell.common.TransactionPool.release:60 com.android.wm.shell.startingsurface.SplashScreenExitAnimationUtils$ShiftUpAnimation.onAnimationProgress:347 com.android.wm.shell.startingsurface.SplashScreenExitAnimationUtils.lambda$createAnimator$0:192 
03-15 18:13:22.282  2058  2160 D TransactionPool: put st:-5476376656299412304 reason to release map
03-15 18:13:22.290  2058  2160 D TransactionPool: acquire st:-5476376656299412304 caller:com.android.wm.shell.startingsurface.SplashScreenExitAnimationUtils$ShiftUpAnimation.onAnimationProgress:334 com.android.wm.shell.startingsurface.SplashScreenExitAnimationUtils.lambda$createAnimator$0:192 com.android.wm.shell.startingsurface.SplashScreenExitAnimationUtils$$ExternalSyntheticLambda0.onAnimationUpdate:19 
03-15 18:13:22.291  2058  2160 D TransactionPool: release st:-5476376656299412304 caller:com.android.wm.shell.common.TransactionPool.release:60 com.android.wm.shell.startingsurface.SplashScreenExitAnimationUtils$ShiftUpAnimation.onAnimationProgress:347 com.android.wm.shell.startingsurface.SplashScreenExitAnimationUtils.lambda$createAnimator$0:192 
03-15 18:13:22.291  2058  2160 D TransactionPool: put st:-5476376656299412304 reason to release map
03-15 18:13:22.300  2058  2160 D TransactionPool: acquire st:-5476376656299412304 caller:com.android.wm.shell.startingsurface.SplashScreenExitAnimationUtils$ShiftUpAnimation.onAnimationProgress:334 com.android.wm.shell.startingsurface.SplashScreenExitAnimationUtils.lambda$createAnimator$0:192 com.android.wm.shell.startingsurface.SplashScreenExitAnimationUtils$$ExternalSyntheticLambda0.onAnimationUpdate:19 
03-15 18:13:22.300  2058  2160 D TransactionPool: release st:-5476376656299412304 caller:com.android.wm.shell.common.TransactionPool.release:60 com.android.wm.shell.startingsurface.SplashScreenExitAnimationUtils$ShiftUpAnimation.onAnimationProgress:347 com.android.wm.shell.startingsurface.SplashScreenExitAnimationUtils.lambda$createAnimator$0:192 
03-15 18:13:22.300  2058  2160 D TransactionPool: put st:-5476376656299412304 reason to release map
03-15 18:13:22.307  2058  2160 D TransactionPool: acquire st:-5476376656299412304 caller:com.android.wm.shell.startingsurface.SplashScreenExitAnimationUtils$ShiftUpAnimation.onAnimationProgress:334 com.android.wm.shell.startingsurface.SplashScreenExitAnimationUtils.lambda$createAnimator$0:192 com.android.wm.shell.startingsurface.SplashScreenExitAnimationUtils$$ExternalSyntheticLambda0.onAnimationUpdate:19 
03-15 18:13:22.308  2058  2160 D TransactionPool: release st:-5476376656299412304 caller:com.android.wm.shell.common.TransactionPool.release:60 com.android.wm.shell.startingsurface.SplashScreenExitAnimationUtils$ShiftUpAnimation.onAnimationProgress:347 com.android.wm.shell.startingsurface.SplashScreenExitAnimationUtils.lambda$createAnimator$0:192 
03-15 18:13:22.308  2058  2160 D TransactionPool: put st:-5476376656299412304 reason to release map
03-15 18:13:22.316  2058  2160 D TransactionPool: acquire st:-5476376656299412304 caller:com.android.wm.shell.startingsurface.SplashScreenExitAnimationUtils$ShiftUpAnimation.onAnimationProgress:334 com.android.wm.shell.startingsurface.SplashScreenExitAnimationUtils.lambda$createAnimator$0:192 com.android.wm.shell.startingsurface.SplashScreenExitAnimationUtils$$ExternalSyntheticLambda0.onAnimationUpdate:19 
03-15 18:13:22.316  2058  2160 D TransactionPool: release st:-5476376656299412304 caller:com.android.wm.shell.common.TransactionPool.release:60 com.android.wm.shell.startingsurface.SplashScreenExitAnimationUtils$ShiftUpAnimation.onAnimationProgress:347 com.android.wm.shell.startingsurface.SplashScreenExitAnimationUtils.lambda$createAnimator$0:192 
03-15 18:13:22.316  2058  2160 D TransactionPool: put st:-5476376656299412304 reason to release map
03-15 18:13:22.324  2058  2160 D TransactionPool: acquire st:-5476376656299412304 caller:com.android.wm.shell.startingsurface.SplashScreenExitAnimationUtils$ShiftUpAnimation.onAnimationProgress:334 com.android.wm.shell.startingsurface.SplashScreenExitAnimationUtils.lambda$createAnimator$0:192 com.android.wm.shell.startingsurface.SplashScreenExitAnimationUtils$$ExternalSyntheticLambda0.onAnimationUpdate:19 
03-15 18:13:22.325  2058  2160 D TransactionPool: release st:-5476376656299412304 caller:com.android.wm.shell.common.TransactionPool.release:60 com.android.wm.shell.startingsurface.SplashScreenExitAnimationUtils$ShiftUpAnimation.onAnimationProgress:347 com.android.wm.shell.startingsurface.SplashScreenExitAnimationUtils.lambda$createAnimator$0:192 
03-15 18:13:22.325  2058  2160 D TransactionPool: put st:-5476376656299412304 reason to release map
03-15 18:13:22.332  2058  2160 D TransactionPool: acquire st:-5476376656299412304 caller:com.android.wm.shell.startingsurface.SplashScreenExitAnimationUtils$ShiftUpAnimation.onAnimationProgress:334 com.android.wm.shell.startingsurface.SplashScreenExitAnimationUtils.lambda$createAnimator$0:192 com.android.wm.shell.startingsurface.SplashScreenExitAnimationUtils$$ExternalSyntheticLambda0.onAnimationUpdate:19 
03-15 18:13:22.333  2058  2160 D TransactionPool: release st:-5476376656299412304 caller:com.android.wm.shell.common.TransactionPool.release:60 com.android.wm.shell.startingsurface.SplashScreenExitAnimationUtils$ShiftUpAnimation.onAnimationProgress:347 com.android.wm.shell.startingsurface.SplashScreenExitAnimationUtils.lambda$createAnimator$0:192 
03-15 18:13:22.333  2058  2160 D TransactionPool: put st:-5476376656299412304 reason to release map
03-15 18:13:22.337  2058  2160 D TransactionPool: acquire st:-5476376656299412304 caller:com.android.wm.shell.startingsurface.SplashScreenExitAnimationUtils$ShiftUpAnimation.finish:354 com.android.wm.shell.startingsurface.SplashScreenExitAnimationUtils$1.onAnimationEnd:160 android.animation.Animator$AnimatorListener.onAnimationEnd:711 
03-15 18:13:22.337  2058  2160 D TransactionPool: release st:-5476376656299412304 caller:com.android.wm.shell.common.TransactionPool.release:60 com.android.wm.shell.startingsurface.SplashScreenExitAnimationUtils$ShiftUpAnimation.finish:369 com.android.wm.shell.startingsurface.SplashScreenExitAnimationUtils$1.onAnimationEnd:160 
03-15 18:13:22.337  2058  2160 D TransactionPool: put st:-5476376656299412304 reason to release map
03-15 18:13:22.340  1474  2493 I OvCameraRotation: camera activity:null fullScreen:false canResizeTask:false isEmbedded:false display:0 pcMode:false
03-15 18:13:22.345  1474  2493 D CoreBackPreview: Window{2b57121 u0 Splash Screen com.example.mymusic EXITING}: Setting back callback null
03-15 18:13:22.368  1474  2493 I WindowManager: Window{14f673e u0 tv.danmaku.bilibilihd/tv.danmaku.bili.MainActivityV2} state from HAS_DRAWN to NO_SURFACE; reason: destroySurface
03-15 18:13:22.368  1474  2493 W WindowManager: for OneVision debug destroySurface:Window{14f673e u0 tv.danmaku.bilibilihd/tv.danmaku.bili.MainActivityV2} caller:com.android.server.wm.WindowStateAnimator.destroySurfaceLocked:395 com.android.server.wm.WindowState.destroySurfaceUnchecked:3471 com.android.server.wm.WindowState.destroySurface:3445 com.android.server.wm.ActivityRecord.destroySurfaces:6295 com.android.server.wm.ActivityRecord.destroySurfaces:6276 
03-15 18:13:22.370  1474  2493 D ActivityTaskManager: SplashScreen not transfer special !!!
03-15 18:13:22.398  1474  2057 W ActivityManager: notifyProcessStarted!
03-15 18:13:22.494  1474  1615 I WindowManager: Window{2b57121 u0 Splash Screen com.example.mymusic EXITING} state from HAS_DRAWN to NO_SURFACE; reason: destroySurface
03-15 18:13:22.494  1474  1615 W WindowManager: for OneVision debug destroySurface:Window{2b57121 u0 Splash Screen com.example.mymusic EXITING} caller:com.android.server.wm.WindowStateAnimator.destroySurfaceLocked:395 com.android.server.wm.WindowState.destroySurfaceUnchecked:3471 com.android.server.wm.WindowState.destroySurface:3445 com.android.server.wm.WindowState.onExitAnimationDone:4919 com.android.server.wm.WindowStateAnimator.onAnimationFinished:195 
03-15 18:13:22.494  1474  1615 D WindowManager: setParent old=ActivityRecord{a13d50f u0 com.example.mymusic/.MainActivity t51, isEmbedded=false},new=null,this window=Window{2b57121 u0 Splash Screen com.example.mymusic},callers=com.android.server.wm.WindowContainer.removeChild:813 com.android.server.wm.ActivityRecord.removeChild:4630 com.android.server.wm.ActivityRecord.removeChild:432 com.android.server.wm.WindowContainer.removeImmediately:871 com.android.server.wm.WindowState.removeImmediately:2455 com.android.server.wm.WindowState.destroySurface:3448 
03-15 18:13:22.735  1474  1615 I WindowManager: Window{c539ecc u0 Toast} state from HAS_DRAWN to NO_SURFACE; reason: destroySurface
03-15 18:13:22.736  1474  1615 W WindowManager: for OneVision debug destroySurface:Window{c539ecc u0 Toast} caller:com.android.server.wm.WindowStateAnimator.destroySurfaceLocked:395 com.android.server.wm.WindowState.removeImmediately:2451 com.android.server.wm.WindowState.handleCompleteDeferredRemoval:4935 com.android.server.wm.WindowContainer.handleCompleteDeferredRemoval:1512 com.android.server.wm.WindowContainer.handleCompleteDeferredRemoval:1512 
03-15 18:13:22.736  1474  1615 D WindowManager: setParent old=WindowToken{85aec59 type=2005 android.os.Binder@99d98a0},new=null,this window=Window{c539ecc u0 Toast},callers=com.android.server.wm.WindowContainer.removeChild:813 com.android.server.wm.WindowContainer.removeImmediately:871 com.android.server.wm.WindowState.removeImmediately:2455 com.android.server.wm.WindowState.handleCompleteDeferredRemoval:4935 com.android.server.wm.WindowContainer.handleCompleteDeferredRemoval:1512 com.android.server.wm.WindowContainer.handleCompleteDeferredRemoval:1512 
03-15 18:13:22.806  2058  2058 D PowerUI : onReceive to showplugged=true buckert==1mcaharge==true level==82 chargrate=0oldpluge==true
03-15 18:13:22.806  2058  3408 D PowerUI : can't show warning due to - plugged: true status unknown: false
03-15 18:13:22.806  2058  3408 I PowerUI.Notification: dismissing low battery notification
03-15 18:13:22.807  1474  1474 D UiModeManager: updateConfigurationLocked: mDockState=0; mCarMode=false; mNightMode=2; mZuiNightModeOverride=2; mPowerSave=false; isTestMode=false; uiMode=33
03-15 18:13:22.990  1474  3678 E TaskPersister: File error accessing recents directory (directory doesn't exist?).
03-15 18:13:23.574  1474 13234 D AlarmManager: final first Wakeup:29127875 now: 29070664 isInNightMode:false
03-15 18:13:23.581  1474 13234 D AlarmManager: final first Wakeup:29127875 now: 29070672 isInNightMode:false
03-15 18:13:23.912  1474  6795 D AlarmManager: final first Wakeup:29127875 now: 29071003 isInNightMode:false
03-15 18:13:24.301  1474  1614 W WindowManager: Unable to start animation, surface is null or no children.
03-15 18:13:26.751  1474  1924 D AlarmManager: alarms fired, need delivery
03-15 18:13:26.752  1474  1924 D AlarmManager: final first Wakeup:29127875 now: 29073842 isInNightMode:false
03-15 18:13:26.777  1474  6795 D AlarmManager: final first Wakeup:29127875 now: 29073868 isInNightMode:false
03-15 18:13:26.797  1474  6795 D AlarmManager: final first Wakeup:29127875 now: 29073888 isInNightMode:false
03-15 18:13:26.824  1474  6795 D AlarmManager: final first Wakeup:29127875 now: 29073914 isInNightMode:false
03-15 18:13:27.478  1474  3416 I ActivityManager: Process com.lenovo.leos.appstore (pid 13971) has died: cch+5 CEM 
03-15 18:13:27.480  1474  3416 I ActivityManager: Killing 14183:com.google.android.webview:sandboxed_process0:org.chromium.content.app.SandboxedProcessService0:0/u0a112i26 (adj 0): isolated not needed
03-15 18:13:27.481  1474  3416 D RestartModeController: markWaitRestartAppIsSuicided null processName=com.lenovo.leos.appstore
03-15 18:13:27.482  1474  1612 D DisplayManagerService: Drop pending events for gone uid 10112
03-15 18:13:27.499  1474  1612 D DisplayManagerService: Drop pending events for gone uid 99026
03-15 18:13:27.504  1474  1651 E KernelCpuSpeedReader: Failed to read cpu-freq: /sys/devices/system/cpu/cpu7/cpufreq/stats/time_in_state: open failed: ENOENT (No such file or directory)
03-15 18:13:27.505  1474  1651 E KernelCpuSpeedReader: Failed to read cpu-freq: /sys/devices/system/cpu/cpu4/cpufreq/stats/time_in_state: open failed: ENOENT (No such file or directory)
03-15 18:13:27.505  1474  1651 E KernelCpuSpeedReader: Failed to read cpu-freq: /sys/devices/system/cpu/cpu0/cpufreq/stats/time_in_state: open failed: ENOENT (No such file or directory)
03-15 18:13:29.012   636 14045 I keystore2: system/security/keystore2/src/watchdog.rs:319 - Watchdog thread idle -> terminating. Have a great day.
03-15 18:13:29.624  1474  1614 W ProcessStats: Tracking association SourceState{50ce9e1 com.netease.cloudmusic/10241 Fgs #32467} whose proc state 3 is better than process ProcessState{673cc86 com.netease.cloudmusic:pushservice/10241 pkg=com.netease.cloudmusic} proc state 14 (93 skipped)
03-15 18:13:29.681  2558 23581 W Binder  : BinderDebug: reply too large data on java level: InterfaceDescriptor=null calling uid=1000 pid=0 code=1(null) size=1056768
03-15 18:13:30.034  1474  1474 D UiModeManager: updateConfigurationLocked: mDockState=0; mCarMode=false; mNightMode=2; mZuiNightModeOverride=2; mPowerSave=false; isTestMode=false; uiMode=33
03-15 18:13:30.035  2058  2058 D PowerUI : onReceive to showplugged=true buckert==1mcaharge==true level==82 chargrate=0oldpluge==true
03-15 18:13:30.035  2058  2874 D PowerUI : can't show warning due to - plugged: true status unknown: false
03-15 18:13:30.035  2058  2874 I PowerUI.Notification: dismissing low battery notification
03-15 18:13:33.050  1474  1474 D UiModeManager: updateConfigurationLocked: mDockState=0; mCarMode=false; mNightMode=2; mZuiNightModeOverride=2; mPowerSave=false; isTestMode=false; uiMode=33
03-15 18:13:33.050  2058  2058 D PowerUI : onReceive to showplugged=true buckert==1mcaharge==true level==82 chargrate=0oldpluge==true
03-15 18:13:33.050  2058  3276 D PowerUI : can't show warning due to - plugged: true status unknown: false
03-15 18:13:33.050  2058  3276 I PowerUI.Notification: dismissing low battery notification
03-15 18:13:33.058  1474  1612 D WindowManager: ondown, touch down!
03-15 18:13:33.132  1474  1612 D WindowManager: onup, touch up!
03-15 18:13:33.151  1474  3416 I AppsFilter: interaction: PackageSetting{7abd186 com.example.mymusic/10260} -> PackageSetting{7f07bd7 com.sohu.inputmethod.sogou.oem/10223} BLOCKED
03-15 18:13:33.151  1474  3416 W FillRequestEventLogger: Couldn't find packageName: com.sohu.inputmethod.sogou.oem
03-15 18:13:33.188  1474  3416 D InputMethodManagerService: showCurrentInputLocked: handwritingEnabled = true
03-15 18:13:33.188  1474  3416 D InputMethodManagerService: showCurrentInputLocked: selectedMethodId = com.sohu.inputmethod.sogou.oem/com.sohu.inputmethod.sogou.SogouIME
03-15 18:13:33.188  1474  3416 D InputMethodManagerService: showCurrentInputLocked: mZuiDelegate = com.android.server.inputmethod.InputMethodManagerServiceDelegate@c036bf4
03-15 18:13:33.188  1474  3416 D ZuiInputMethodManagerService: selectIme: 
03-15 18:13:33.202  1474  3416 D AutofillSession: createPendingIntent for request 15
03-15 18:13:33.210  1474  1474 D WindowManager: setParent old=Leaf:3:12@106562739,new=null,this window=WindowToken{85aec59 type=2005 android.os.Binder@99d98a0},callers=com.android.server.wm.WindowContainer.removeChild:813 com.android.server.wm.WindowContainer.removeImmediately:871 com.android.server.wm.WindowToken.setExiting:283 com.android.server.wm.DisplayContent.removeWindowToken:1502 com.android.server.wm.WindowManagerService.removeWindowToken:3277 com.android.server.wm.WindowManagerService$LocalService.removeWindowToken:8325 
03-15 18:13:33.217  1474  1560 D InputMethodManagerService: showCurrentInputLocked: handwritingEnabled = true
03-15 18:13:33.217  1474  1560 D InputMethodManagerService: showCurrentInputLocked: selectedMethodId = com.sohu.inputmethod.sogou.oem/com.sohu.inputmethod.sogou.SogouIME
03-15 18:13:33.217  1474  1560 D InputMethodManagerService: showCurrentInputLocked: mZuiDelegate = com.android.server.inputmethod.InputMethodManagerServiceDelegate@c036bf4
03-15 18:13:33.217  1474  1560 D ZuiInputMethodManagerService: selectIme: 
03-15 18:13:33.220  5071  5071 D OvcEditorInfoUtils[OV_IME]: startViews, restarting: false, pkgName: com.example.mymusic, extras: Bundle[{android.support.text.emoji.emojiCompat_metadataVersion=11, androidx.core.view.inputmethod.EditorInfoCompat.STYLUS_HANDWRITING_ENABLED=true, android.support.text.emoji.emojiCompat_replaceAll=false, ov_ime_target_act_token=android.os.BinderProxy@45c4d59, ov_ime_target_win_mode=Fullscreen}]
03-15 18:13:33.253  1474  2061 I WindowManager: Window{298de12 u0 InputMethod} state from NO_SURFACE to DRAW_PENDING; reason: resetDrawState
03-15 18:13:33.257  1474  2061 I OvCameraRotation: camera activity:null fullScreen:false canResizeTask:false isEmbedded:false display:0 pcMode:false
03-15 18:13:33.278  1474  3416 I WindowManager: Window{298de12 u0 InputMethod} state from DRAW_PENDING to COMMIT_DRAW_PENDING; reason: finishDrawingLocked
03-15 18:13:33.278  1474  1615 I WindowManager: Window{298de12 u0 InputMethod} state from COMMIT_DRAW_PENDING to READY_TO_SHOW; reason: commitFinishDrawingLocked
03-15 18:13:33.279  1474  3416 D CoreBackPreview: Window{dd16156 u0 com.example.mymusic/com.example.mymusic.MainActivity}: Setting back callback OnBackInvokedCallbackInfo{mCallback=android.window.IOnBackInvokedCallback$Stub$Proxy@19e95d1, mPriority=0, mIsAnimationCallback=false}
03-15 18:13:33.300  1474  1615 I WindowManager: Window{298de12 u0 InputMethod} state from READY_TO_SHOW to HAS_DRAWN; reason: performShowLocked
03-15 18:13:33.968  1474  1612 D WindowManager: ondown, touch down!
03-15 18:13:34.049  1474  1612 D WindowManager: onup, touch up!
03-15 18:13:34.209  1474  1612 D WindowManager: ondown, touch down!
03-15 18:13:34.282  1474  1612 D WindowManager: onup, touch up!
03-15 18:13:34.656  1474  1612 D WindowManager: ondown, touch down!
03-15 18:13:34.688  1474  1474 D AlarmManager: final first Wakeup:29081778 now: 29081778 isInNightMode:false
03-15 18:13:34.688  1474  1924 D AlarmManager: alarms fired, need delivery
03-15 18:13:34.713  1474  1910 D CompatibilityChangeReporter: Compat change id reported: 271850009; UID 10165; state: ENABLED
03-15 18:13:34.724  1474  1612 D WindowManager: onup, touch up!
03-15 18:13:34.738  1474  1924 D AlarmManager: final first Wakeup:29127875 now: 29081828 isInNightMode:false
03-15 18:13:34.756  1474  1474 D AlarmManager: final first Wakeup:29127875 now: 29081847 isInNightMode:false
03-15 18:13:34.769  1474  2061 D AppOps  : recordOpsBehaviorForZui() called with: code = [214], uid = [10144], packageName = [com.android.vending], attributionTag = [null], mode = [0]
03-15 18:13:34.892  1474  1612 D WindowManager: ondown, touch down!
03-15 18:13:34.966  1474  1612 D WindowManager: onup, touch up!
03-15 18:13:35.028  1474  1621 W ActivityManager: DebugMem: system_server total used Memory = 74Mb
03-15 18:13:35.028  1474  1621 W ActivityManager: DebugMem: mHeapOomWatcherTriggerThreshold = 460Mb
03-15 18:13:35.028  1474  1621 W ActivityManager: DebugMem: mHeapOomWatcherResetThreshold = 358Mb
03-15 18:13:35.028  1474  1621 W ActivityManager: DebugMem: mIsAlreadyHeapDump = false
03-15 18:13:35.144  1474  1612 D WindowManager: ondown, touch down!
03-15 18:13:35.216  1474  1612 D WindowManager: onup, touch up!
03-15 18:13:35.234  1474  1560 D CompatibilityChangeReporter: Compat change id reported: 261072174; UID 10165; state: ENABLED
03-15 18:13:35.285  1474  2061 D AlarmManager: final first Wakeup:29127875 now: 29082375 isInNightMode:false
03-15 18:13:35.441  1474  1612 D WindowManager: ondown, touch down!
03-15 18:13:35.507  1474  1612 D WindowManager: onup, touch up!
03-15 18:13:35.722  2558  3914 W Binder  : BinderDebug: reply too large data on java level: InterfaceDescriptor=null calling uid=1000 pid=0 code=1(null) size=1056768
03-15 18:13:35.834  1474  1612 D WindowManager: ondown, touch down!
03-15 18:13:35.908  1474  1612 D WindowManager: onup, touch up!
03-15 18:13:35.960 14295 14295 D OvcEditorInfoUtils[OV_IME]: bindActivityTokenIfNeeded, create extras for pkgName: com.example.mymusic
03-15 18:13:35.966  1474  4473 I OvCameraRotation: camera activity:null fullScreen:false canResizeTask:false isEmbedded:false display:0 pcMode:false
03-15 18:13:35.988  1474  1560 D CoreBackPreview: Window{dd16156 u0 com.example.mymusic/com.example.mymusic.MainActivity}: Setting back callback OnBackInvokedCallbackInfo{mCallback=android.window.IOnBackInvokedCallback$Stub$Proxy@2c65c97, mPriority=0, mIsAnimationCallback=false}
03-15 18:13:36.780  1474  1560 I WindowManager: Window{298de12 u0 InputMethod} state from HAS_DRAWN to NO_SURFACE; reason: destroySurface
03-15 18:13:36.780  1474  1560 W WindowManager: for OneVision debug destroySurface:Window{298de12 u0 InputMethod} caller:com.android.server.wm.WindowStateAnimator.destroySurfaceLocked:395 com.android.server.wm.WindowState.destroySurfaceUnchecked:3471 com.android.server.wm.WindowState.destroySurface:3445 com.android.server.wm.WindowManagerService.tryStartExitingAnimation:2984 com.android.server.wm.WindowManagerService.relayoutWindow:2739 
03-15 18:13:36.783  1474  1560 I OvCameraRotation: camera activity:null fullScreen:false canResizeTask:false isEmbedded:false display:0 pcMode:false
03-15 18:13:37.233  1474  1612 D WindowManager: ondown, touch down!
03-15 18:13:37.292  1474  1612 D WindowManager: onup, touch up!
03-15 18:13:37.801  1474  1978 D AlarmManager: final first Wakeup:29168769 now: 29084891 isInNightMode:false
03-15 18:13:37.802  1474  1978 D AlarmManager: final first Wakeup:29144892 now: 29084892 isInNightMode:false
03-15 18:13:37.813  1474  4473 I OvCameraRotation: camera activity:null fullScreen:false canResizeTask:false isEmbedded:false display:0 pcMode:false
03-15 18:13:37.831  1474  4473 I OvCameraRotation: camera activity:null fullScreen:false canResizeTask:false isEmbedded:false display:0 pcMode:false
03-15 18:13:37.840  1474  1474 D UiModeManager: updateConfigurationLocked: mDockState=0; mCarMode=false; mNightMode=2; mZuiNightModeOverride=2; mPowerSave=false; isTestMode=false; uiMode=33
03-15 18:13:37.840  2058  2058 D PowerUI : onReceive to showplugged=true buckert==1mcaharge==true level==82 chargrate=0oldpluge==true
03-15 18:13:37.841  2058  3407 D PowerUI : can't show warning due to - plugged: true status unknown: false
03-15 18:13:37.841  2058  3407 I PowerUI.Notification: dismissing low battery notification
03-15 18:13:37.942  1474  1612 D WindowManager: ondown, touch down!
03-15 18:13:38.000  1474  1612 D WindowManager: onup, touch up!
03-15 18:13:38.204  1474  1474 E RemoteFillService: Error calling on fill request
03-15 18:13:38.204  1474  1474 E RemoteFillService: java.util.concurrent.TimeoutException
03-15 18:13:38.204  1474  1474 E RemoteFillService: 	at com.android.internal.infra.AndroidFuture.triggerTimeout(AndroidFuture.java:289)
03-15 18:13:38.204  1474  1474 E RemoteFillService: 	at com.android.internal.infra.AndroidFuture$$ExternalSyntheticLambda1.run(Unknown Source:2)
03-15 18:13:38.204  1474  1474 E RemoteFillService: 	at android.os.Handler.handleCallback(Handler.java:977)
03-15 18:13:38.204  1474  1474 E RemoteFillService: 	at android.os.Handler.dispatchMessage(Handler.java:111)
03-15 18:13:38.204  1474  1474 E RemoteFillService: 	at android.os.Looper.loopOnce(Looper.java:206)
03-15 18:13:38.204  1474  1474 E RemoteFillService: 	at android.os.Looper.loop(Looper.java:295)
03-15 18:13:38.204  1474  1474 E RemoteFillService: 	at com.android.server.SystemServer.run(SystemServer.java:1080)
03-15 18:13:38.204  1474  1474 E RemoteFillService: 	at com.android.server.SystemServer.main(SystemServer.java:718)
03-15 18:13:38.204  1474  1474 E RemoteFillService: 	at java.lang.reflect.Method.invoke(Native Method)
03-15 18:13:38.204  1474  1474 E RemoteFillService: 	at com.android.internal.os.RuntimeInit$MethodAndArgsCaller.run(RuntimeInit.java:556)
03-15 18:13:38.204  1474  1474 E RemoteFillService: 	at com.android.internal.os.ZygoteInit.main(ZygoteInit.java:959)
03-15 18:13:38.204  1474  1474 W PresentationStatsEventLogger: Shouldn't be logging AutofillPresentationEventReported again for same event
03-15 18:13:38.204  1474  1474 W FillRequestEventLogger: Shouldn't be logging AutofillFillRequestReported again for same event
03-15 18:13:38.204  1474  1474 W FillResponseEventLogger: Shouldn't be logging AutofillFillRequestReported again for same event
03-15 18:13:38.204  1474  1474 W PresentationStatsEventLogger: Shouldn't be logging AutofillPresentationEventReported again for same event
03-15 18:13:38.204  1474  1474 D AutofillSession: clearPendingIntentLocked
--------- beginning of crash
03-15 18:13:38.408 14295 14295 E AndroidRuntime: FATAL EXCEPTION: main
03-15 18:13:38.408 14295 14295 E AndroidRuntime: Process: com.example.mymusic, PID: 14295
03-15 18:13:38.408 14295 14295 E AndroidRuntime: java.lang.NoSuchMethodError: No static method FlowRow(Landroidx/compose/ui/Modifier;Landroidx/compose/foundation/layout/Arrangement$Horizontal;Landroidx/compose/foundation/layout/Arrangement$Vertical;IILandroidx/compose/foundation/layout/FlowRowOverflow;Lkotlin/jvm/functions/Function3;Landroidx/compose/runtime/Composer;II)V in class Landroidx/compose/foundation/layout/FlowLayoutKt; or its super classes (declaration of 'androidx.compose.foundation.layout.FlowLayoutKt' appears in /data/app/~~eGHY4N2UDfRoJjgFNbuC_A==/com.example.mymusic-HtRZDg8defscCNBeCeXRHg==/base.apk)
03-15 18:13:38.408 14295 14295 E AndroidRuntime: 	at com.example.mymusic.ui.screen.LyricsScreenKt.LyricLineItem(LyricsScreen.kt:930)
03-15 18:13:38.408 14295 14295 E AndroidRuntime: 	at com.example.mymusic.ui.screen.LyricsScreenKt.access$LyricLineItem(LyricsScreen.kt:1)
03-15 18:13:38.408 14295 14295 E AndroidRuntime: 	at com.example.mymusic.ui.screen.LyricsScreenKt$LyricsPanel$lambda$209$lambda$208$$inlined$itemsIndexed$default$3.invoke(LazyDsl.kt:435)
03-15 18:13:38.408 14295 14295 E AndroidRuntime: 	at com.example.mymusic.ui.screen.LyricsScreenKt$LyricsPanel$lambda$209$lambda$208$$inlined$itemsIndexed$default$3.invoke(LazyDsl.kt:188)
03-15 18:13:38.408 14295 14295 E AndroidRuntime: 	at androidx.compose.runtime.internal.ComposableLambdaImpl.invoke(ComposableLambda.kt:142)
03-15 18:13:38.408 14295 14295 E AndroidRuntime: 	at androidx.compose.runtime.internal.ComposableLambdaImpl.invoke(ComposableLambda.kt:51)
03-15 18:13:38.408 14295 14295 E AndroidRuntime: 	at androidx.compose.foundation.lazy.LazyListItemProviderImpl$Item$1.invoke(LazyListItemProvider.kt:80)
03-15 18:13:38.408 14295 14295 E AndroidRuntime: 	at androidx.compose.foundation.lazy.LazyListItemProviderImpl$Item$1.invoke(LazyListItemProvider.kt:78)
03-15 18:13:38.408 14295 14295 E AndroidRuntime: 	at androidx.compose.runtime.internal.ComposableLambdaImpl.invoke(ComposableLambda.kt:121)
03-15 18:13:38.408 14295 14295 E AndroidRuntime: 	at androidx.compose.runtime.internal.ComposableLambdaImpl.invoke(ComposableLambda.kt:51)
03-15 18:13:38.408 14295 14295 E AndroidRuntime: 	at androidx.compose.runtime.CompositionLocalKt.CompositionLocalProvider(CompositionLocal.kt:390)
03-15 18:13:38.408 14295 14295 E AndroidRuntime: 	at androidx.compose.foundation.lazy.layout.LazyLayoutPinnableItemKt.LazyLayoutPinnableItem(LazyLayoutPinnableItem.kt:56)
03-15 18:13:38.408 14295 14295 E AndroidRuntime: 	at androidx.compose.foundation.lazy.LazyListItemProviderImpl.Item(LazyListItemProvider.kt:78)
03-15 18:13:38.408 14295 14295 E AndroidRuntime: 	at androidx.compose.foundation.lazy.layout.LazyLayoutItemContentFactoryKt$SkippableItem$1.invoke(LazyLayoutItemContentFactory.kt:127)
03-15 18:13:38.408 14295 14295 E AndroidRuntime: 	at androidx.compose.foundation.lazy.layout.LazyLayoutItemContentFactoryKt$SkippableItem$1.invoke(LazyLayoutItemContentFactory.kt:126)
03-15 18:13:38.408 14295 14295 E AndroidRuntime: 	at androidx.compose.runtime.internal.ComposableLambdaImpl.invoke(ComposableLambda.kt:121)
03-15 18:13:38.408 14295 14295 E AndroidRuntime: 	at androidx.compose.runtime.internal.ComposableLambdaImpl.invoke(ComposableLambda.kt:51)
03-15 18:13:38.408 14295 14295 E AndroidRuntime: 	at androidx.compose.runtime.CompositionLocalKt.CompositionLocalProvider(CompositionLocal.kt:370)
03-15 18:13:38.408 14295 14295 E AndroidRuntime: 	at androidx.compose.runtime.saveable.SaveableStateHolderImpl.SaveableStateProvider(SaveableStateHolder.kt:82)
03-15 18:13:38.408 14295 14295 E AndroidRuntime: 	at androidx.compose.foundation.lazy.layout.LazySaveableStateHolder.SaveableStateProvider(LazySaveableStateHolder.kt:76)
03-15 18:13:38.408 14295 14295 E AndroidRuntime: 	at androidx.compose.foundation.lazy.layout.LazyLayoutItemContentFactoryKt.SkippableItem-JVlU9Rs(LazyLayoutItemContentFactory.kt:126)
03-15 18:13:38.408 14295 14295 E AndroidRuntime: 	at androidx.compose.foundation.lazy.layout.LazyLayoutItemContentFactoryKt.access$SkippableItem-JVlU9Rs(LazyLayoutItemContentFactory.kt:1)
03-15 18:13:38.408 14295 14295 E AndroidRuntime: 	at androidx.compose.foundation.lazy.layout.LazyLayoutItemContentFactory$CachedItemContent$createContentLambda$1.invoke(LazyLayoutItemContentFactory.kt:95)
03-15 18:13:38.408 14295 14295 E AndroidRuntime: 	at androidx.compose.foundation.lazy.layout.LazyLayoutItemContentFactory$CachedItemContent$createContentLambda$1.invoke(LazyLayoutItemContentFactory.kt:85)
03-15 18:13:38.408 14295 14295 E AndroidRuntime: 	at androidx.compose.runtime.internal.ComposableLambdaImpl.invoke(ComposableLambda.kt:121)
03-15 18:13:38.408 14295 14295 E AndroidRuntime: 	at androidx.compose.runtime.internal.ComposableLambdaImpl.invoke(ComposableLambda.kt:51)
03-15 18:13:38.408 14295 14295 E AndroidRuntime: 	at androidx.compose.runtime.internal.Expect_jvmKt.invokeComposable(Expect.jvm.kt:24)
03-15 18:13:38.408 14295 14295 E AndroidRuntime: 	at androidx.compose.runtime.ComposerImpl.doCompose-aFTiNEg(Composer.kt:3843)
03-15 18:13:38.408 14295 14295 E AndroidRuntime: 	at androidx.compose.runtime.ComposerImpl.composeContent--ZbOJvo$runtime(Composer.kt:3747)
03-15 18:13:38.408 14295 14295 E AndroidRuntime: 	at androidx.compose.runtime.CompositionImpl.composeContent(Composition.kt:832)
03-15 18:13:38.408 14295 14295 E AndroidRuntime: 	at androidx.compose.runtime.Recomposer.composeInitial$runtime(Recomposer.kt:1233)
03-15 18:13:38.410 14295 14295 E AndroidRuntime: 	at androidx.compose.runtime.ComposerImpl$CompositionContextImpl.composeInitial$runtime(Composer.kt:4186)
03-15 18:13:38.410 14295 14295 E AndroidRuntime: 	at androidx.compose.runtime.CompositionImpl.composeInitial(Composition.kt:672)
03-15 18:13:38.410 14295 14295 E AndroidRuntime: 	at androidx.compose.runtime.CompositionImpl.setContent(Composition.kt:639)
03-15 18:13:38.410 14295 14295 E AndroidRuntime: 	at androidx.compose.ui.layout.LayoutNodeSubcompositionsState.subcompose(SubcomposeLayout.kt:698)
03-15 18:13:38.410 14295 14295 E AndroidRuntime: 	at androidx.compose.ui.layout.LayoutNodeSubcompositionsState.subcompose(SubcomposeLayout.kt:641)
03-15 18:13:38.410 14295 14295 E AndroidRuntime: 	at androidx.compose.ui.layout.LayoutNodeSubcompositionsState.subcompose(SubcomposeLayout.kt:607)
03-15 18:13:38.410 14295 14295 E AndroidRuntime: 	at androidx.compose.ui.layout.LayoutNodeSubcompositionsState$Scope.subcompose(SubcomposeLayout.kt:1231)
03-15 18:13:38.410 14295 14295 E AndroidRuntime: 	at androidx.compose.foundation.lazy.layout.LazyLayoutMeasureScopeImpl.compose(LazyLayoutMeasureScope.kt:94)
03-15 18:13:38.410 14295 14295 E AndroidRuntime: 	at androidx.compose.foundation.lazy.layout.LazyLayoutMeasuredItemProvider.getPlaceables-3p2s80s(LazyLayoutMeasuredItem.kt:60)
03-15 18:13:38.410 14295 14295 E AndroidRuntime: 	at androidx.compose.foundation.lazy.LazyListMeasuredItemProvider.getAndMeasure-0kLqBqw(LazyListMeasuredItemProvider.kt:53)
03-15 18:13:38.410 14295 14295 E AndroidRuntime: 	at androidx.compose.foundation.lazy.LazyListMeasuredItemProvider.getAndMeasure-0kLqBqw$default(LazyListMeasuredItemProvider.kt:47)
03-15 18:13:38.410 14295 14295 E AndroidRuntime: 	at androidx.compose.foundation.lazy.LazyListMeasureKt.measureLazyList-LCrQqZ4(LazyListMeasure.kt:224)
03-15 18:13:38.410 14295 14295 E AndroidRuntime: 	at androidx.compose.foundation.lazy.LazyListKt$rememberLazyListMeasurePolicy$1$1.measure-0kLqBqw(LazyList.kt:354)
03-15 18:13:38.410 14295 14295 E AndroidRuntime: 	at androidx.compose.foundation.lazy.layout.LazyLayoutKt$LazyLayout$2.invoke$lambda$8$lambda$7(LazyLayout.kt:141)
03-15 18:13:38.410 14295 14295 E AndroidRuntime: 	at androidx.compose.foundation.lazy.layout.LazyLayoutKt$LazyLayout$2$$ExternalSyntheticLambda2.invoke(D8$$SyntheticClass:0)
03-15 18:13:38.410 14295 14295 E AndroidRuntime: 	at androidx.compose.ui.layout.LayoutNodeSubcompositionsState$createMeasurePolicy$1.measure-3p2s80s(SubcomposeLayout.kt:914)
03-15 18:13:38.410 14295 14295 E AndroidRuntime: 	at androidx.compose.ui.node.InnerNodeCoordinator.measure-BRTryo0(InnerNodeCoordinator.kt:128)
03-15 18:13:38.410 14295 14295 E AndroidRuntime: 	at androidx.compose.ui.graphics.SimpleGraphicsLayerModifier.measure-3p2s80s(GraphicsLayerModifier.kt:794)
03-15 18:13:38.410 14295 14295 E AndroidRuntime: 	at androidx.compose.ui.node.LayoutModifierNodeCoordinator.measure-BRTryo0(LayoutModifierNodeCoordinator.kt:190)
03-15 18:13:38.410 14295 14295 E AndroidRuntime: 	at androidx.compose.foundation.lazy.layout.LazyLayoutBeyondBoundsModifierNode.measure-3p2s80s(LazyLayoutBeyondBoundsModifierLocal.kt:118)
03-15 18:13:38.410 14295 14295 E AndroidRuntime: 	at androidx.compose.ui.node.LayoutModifierNodeCoordinator.measure-BRTryo0(LayoutModifierNodeCoordinator.kt:190)
03-15 18:13:38.410 14295 14295 E AndroidRuntime: 	at androidx.compose.foundation.layout.FillNode.measure-3p2s80s(Size.kt:721)
03-15 18:13:38.410 14295 14295 E AndroidRuntime: 	at androidx.compose.ui.node.LayoutModifierNodeCoordinator.measure-BRTryo0(LayoutModifierNodeCoordinator.kt:190)
03-15 18:13:38.410 14295 14295 E AndroidRuntime: 	at androidx.compose.ui.node.MeasurePassDelegate$performMeasureBlock$1.invoke(MeasurePassDelegate.kt:173)
03-15 18:13:38.410 14295 14295 E AndroidRuntime: 	at androidx.compose.ui.node.MeasurePassDelegate$performMeasureBlock$1.invoke(MeasurePassDelegate.kt:172)
03-15 18:13:38.410 14295 14295 E AndroidRuntime: 	at androidx.compose.runtime.snapshots.Snapshot$Companion.observe(Snapshot.kt:502)
03-15 18:13:38.410 14295 14295 E AndroidRuntime: 	at androidx.compose.runtime.snapshots.SnapshotStateObserver$ObservedScopeMap.observe(SnapshotStateObserver.kt:464)
03-15 18:13:38.410 14295 14295 E AndroidRuntime: 	at androidx.compose.runtime.snapshots.SnapshotStateObserver.observeReads(SnapshotStateObserver.kt:248)
03-15 18:13:38.410 14295 14295 E AndroidRuntime: 	at androidx.compose.ui.node.OwnerSnapshotObserver.observeReads$ui_release(OwnerSnapshotObserver.kt:124)
03-15 18:13:38.410 14295 14295 E AndroidRuntime: 	at androidx.compose.ui.node.OwnerSnapshotObserver.observeMeasureSnapshotReads$ui_release(OwnerSnapshotObserver.kt:107)
03-15 18:13:38.410 14295 14295 E AndroidRuntime: 	at androidx.compose.ui.node.MeasurePassDelegate.performMeasure-BRTryo0$ui_release(MeasurePassDelegate.kt:426)
03-15 18:13:38.410 14295 14295 E AndroidRuntime: 	at androidx.compose.ui.node.MeasurePassDelegate.remeasure-BRTryo0(MeasurePassDelegate.kt:477)
03-15 18:13:38.410 14295 14295 E AndroidRuntime: 	at androidx.compose.ui.node.MeasurePassDelegate.measure-BRTryo0(MeasurePassDelegate.kt:454)
03-15 18:13:38.410 14295 14295 E AndroidRuntime: 	at androidx.compose.foundation.layout.BoxMeasurePolicy.measure-3p2s80s(Box.kt:145)
03-15 18:13:38.410 14295 14295 E AndroidRuntime: 	at androidx.compose.ui.node.InnerNodeCoordinator.measure-BRTryo0(InnerNodeCoordinator.kt:128)
03-15 18:13:38.410 14295 14295 E AndroidRuntime: 	at androidx.compose.foundation.layout.OffsetNode.measure-3p2s80s(Offset.kt:203)
03-15 18:13:38.410 14295 14295 E AndroidRuntime: 	at androidx.compose.ui.node.LayoutModifierNodeCoordinator.measure-BRTryo0(LayoutModifierNodeCoordinator.kt:190)
03-15 18:13:38.410 14295 14295 E AndroidRuntime: 	at androidx.compose.foundation.layout.FillNode.measure-3p2s80s(Size.kt:721)
03-15 18:13:38.412 14295 14295 E AndroidRuntime: 	at androidx.compose.ui.node.LayoutModifierNodeCoordinator.measure-BRTryo0(LayoutModifierNodeCoordinator.kt:190)
03-15 18:13:38.412 14295 14295 E AndroidRuntime: 	at androidx.compose.ui.node.MeasurePassDelegate$performMeasureBlock$1.invoke(MeasurePassDelegate.kt:173)
03-15 18:13:38.412 14295 14295 E AndroidRuntime: 	at androidx.compose.ui.node.MeasurePassDelegate$performMeasureBlock$1.invoke(MeasurePassDelegate.kt:172)
03-15 18:13:38.412 14295 14295 E AndroidRuntime: 	at androidx.compose.runtime.snapshots.Snapshot$Companion.observe(Snapshot.kt:502)
03-15 18:13:38.412 14295 14295 E AndroidRuntime: 	at androidx.compose.runtime.snapshots.SnapshotStateObserver$ObservedScopeMap.observe(SnapshotStateObserver.kt:464)
03-15 18:13:38.412 14295 14295 E AndroidRuntime: 	at androidx.compose.runtime.snapshots.SnapshotStateObserver.observeReads(SnapshotStateObserver.kt:248)
03-15 18:13:38.412 14295 14295 E AndroidRuntime: 	at androidx.compose.ui.node.OwnerSnapshotObserver.observeReads$ui_release(OwnerSnapshotObserver.kt:124)
03-15 18:13:38.412 14295 14295 E AndroidRuntime: 	at androidx.compose.ui.node.OwnerSnapshotObserver.observeMeasureSnapshotReads$ui_release(OwnerSnapshotObserver.kt:107)
03-15 18:13:38.412 14295 14295 E AndroidRuntime: 	at androidx.compose.ui.node.MeasurePassDelegate.performMeasure-BRTryo0$ui_release(MeasurePassDelegate.kt:426)
03-15 18:13:38.412 14295 14295 E AndroidRuntime: 	at androidx.compose.ui.node.MeasurePassDelegate.remeasure-BRTryo0(MeasurePassDelegate.kt:477)
03-15 18:13:38.412 14295 14295 E AndroidRuntime: 	at androidx.compose.ui.node.LayoutNode.remeasure-_Sx5XlM$ui_release(LayoutNode.kt:1283)
03-15 18:13:38.412 14295 14295 E AndroidRuntime: 	at androidx.compose.ui.node.LayoutNode.remeasure-_Sx5XlM$ui_release$default(LayoutNode.kt:1276)
03-15 18:13:38.412 14295 14295 E AndroidRuntime: 	at androidx.compose.ui.node.MeasureAndLayoutDelegate.doRemeasure-sdFAvZA(MeasureAndLayoutDelegate.kt:380)
03-15 18:13:38.412 14295 14295 E AndroidRuntime: 	at androidx.compose.ui.node.MeasureAndLayoutDelegate.remeasureAndRelayoutIfNeeded(MeasureAndLayoutDelegate.kt:595)
03-15 18:13:38.412 14295 14295 E AndroidRuntime: 	at androidx.compose.ui.node.MeasureAndLayoutDelegate.onlyRemeasureIfPending(MeasureAndLayoutDelegate.kt:689)
03-15 18:13:38.412 14295 14295 E AndroidRuntime: 	at androidx.compose.ui.node.MeasureAndLayoutDelegate.forceMeasureTheSubtreeInternal(MeasureAndLayoutDelegate.kt:716)
03-15 18:13:38.412 14295 14295 E AndroidRuntime: 	at androidx.compose.ui.node.MeasureAndLayoutDelegate.forceMeasureTheSubtreeInternal(MeasureAndLayoutDelegate.kt:723)
03-15 18:13:38.412 14295 14295 E AndroidRuntime: 	at androidx.compose.ui.node.MeasureAndLayoutDelegate.forceMeasureTheSubtreeInternal(MeasureAndLayoutDelegate.kt:723)
03-15 18:13:38.412 14295 14295 E AndroidRuntime: 	at androidx.compose.ui.node.MeasureAndLayoutDelegate.forceMeasureTheSubtreeInternal(MeasureAndLayoutDelegate.kt:723)
03-15 18:13:38.412 14295 14295 E AndroidRuntime: 	at androidx.compose.ui.node.MeasureAndLayoutDelegate.forceMeasureTheSubtree(MeasureAndLayoutDelegate.kt:680)
03-15 18:13:38.412 14295 14295 E AndroidRuntime: 	at androidx.compose.ui.platform.AndroidComposeView.forceMeasureTheSubtree(AndroidComposeView.android.kt:1593)
03-15 18:13:38.412 14295 14295 E AndroidRuntime: 	at androidx.compose.ui.node.Owner.forceMeasureTheSubtree$default(Owner.kt:256)
03-15 18:13:38.412 14295 14295 E AndroidRuntime: 	at androidx.compose.ui.node.MeasurePassDelegate.remeasure-BRTryo0(MeasurePassDelegate.kt:492)
03-15 18:13:38.412 14295 14295 E AndroidRuntime: 	at androidx.compose.ui.node.MeasurePassDelegate.measure-BRTryo0(MeasurePassDelegate.kt:454)
03-15 18:13:38.412 14295 14295 E AndroidRuntime: 	at androidx.compose.animation.AnimatedEnterExitMeasurePolicy.measure-3p2s80s(AnimatedVisibility.kt:791)
03-15 18:13:38.412 14295 14295 E AndroidRuntime: 	at androidx.compose.ui.node.InnerNodeCoordinator.measure-BRTryo0(InnerNodeCoordinator.kt:128)
03-15 18:13:38.412 14295 14295 E AndroidRuntime: 	at androidx.compose.animation.EnterExitTransitionModifierNode.measure-3p2s80s(EnterExitTransition.kt:1171)
03-15 18:13:38.412 14295 14295 E AndroidRuntime: 	at androidx.compose.ui.node.LayoutModifierNodeCoordinator.measure-BRTryo0(LayoutModifierNodeCoordinator.kt:190)
03-15 18:13:38.412 14295 14295 E AndroidRuntime: 	at androidx.compose.ui.graphics.BlockGraphicsLayerModifier.measure-3p2s80s(GraphicsLayerModifier.kt:718)
03-15 18:13:38.412 14295 14295 E AndroidRuntime: 	at androidx.compose.ui.node.LayoutModifierNodeCoordinator.measure-BRTryo0(LayoutModifierNodeCoordinator.kt:190)
03-15 18:13:38.412 14295 14295 E AndroidRuntime: 	at androidx.compose.animation.AnimatedVisibilityKt$AnimatedVisibilityImpl$1$1.invoke-3p2s80s(AnimatedVisibility.kt:684)
03-15 18:13:38.412 14295 14295 E AndroidRuntime: 	at androidx.compose.animation.AnimatedVisibilityKt$AnimatedVisibilityImpl$1$1.invoke(AnimatedVisibility.kt:683)
03-15 18:13:38.412 14295 14295 E AndroidRuntime: 	at androidx.compose.ui.layout.LayoutModifierImpl.measure-3p2s80s(LayoutModifier.kt:278)
03-15 18:13:38.412 14295 14295 E AndroidRuntime: 	at androidx.compose.ui.node.LayoutModifierNodeCoordinator.measure-BRTryo0(LayoutModifierNodeCoordinator.kt:190)
03-15 18:13:38.412 14295 14295 E AndroidRuntime: 	at androidx.compose.ui.node.MeasurePassDelegate$performMeasureBlock$1.invoke(MeasurePassDelegate.kt:173)
03-15 18:13:38.412 14295 14295 E AndroidRuntime: 	at androidx.compose.ui.node.MeasurePassDelegate$performMeasureBlock$1.invoke(MeasurePassDelegate.kt:172)
03-15 18:13:38.412 14295 14295 E AndroidRuntime: 	at androidx.compose.runtime.snapshots.Snapshot$Companion.observe(Snapshot.kt:2495)
03-15 18:13:38.415 14295 14295 E AndroidRuntime: 	at androidx.compose.runtime.snapshots.SnapshotStateObserver$ObservedScopeMap.observe(SnapshotStateObserver.kt:464)
03-15 18:13:38.415 14295 14295 E AndroidRuntime: 	at androidx.compose.runtime.snapshots.SnapshotStateObserver.observeReads(SnapshotStateObserver.kt:248)
03-15 18:13:38.415 14295 14295 E AndroidRuntime: 	at androidx.compose.ui.node.OwnerSnapshotObserver.observeReads$ui_release(OwnerSnapshotObserver.kt:124)
03-15 18:13:38.415 14295 14295 E AndroidRuntime: 	at androidx.compose.ui.node.OwnerSnapshotObserver.observeMeasureSnapshotReads$ui_release(OwnerSnapshotObserver.kt:107)
03-15 18:13:38.415 14295 14295 E AndroidRuntime: 	at androidx.compose.ui.node.MeasurePassDelegate.performMeasure-BRTryo0$ui_release(MeasurePassDelegate.kt:426)
03-15 18:13:38.415 14295 14295 E AndroidRuntime: 	at androidx.compose.ui.node.MeasurePassDelegate.remeasure-BRTryo0(MeasurePassDelegate.kt:477)
03-15 18:13:38.415 14295 14295 E AndroidRuntime: 	at androidx.compose.ui.node.LayoutNode.remeasure-_Sx5XlM$ui_release(LayoutNode.kt:1283)
03-15 18:13:38.415 14295 14295 E AndroidRuntime: 	at androidx.compose.ui.node.LayoutNode.remeasure-_Sx5XlM$ui_release$default(LayoutNode.kt:1276)
03-15 18:13:38.415 14295 14295 E AndroidRuntime: 	at androidx.compose.ui.node.MeasureAndLayoutDelegate.doRemeasure-sdFAvZA(MeasureAndLayoutDelegate.kt:380)
03-15 18:13:38.415 14295 14295 E AndroidRuntime: 	at androidx.compose.ui.node.MeasureAndLayoutDelegate.remeasureAndRelayoutIfNeeded(MeasureAndLayoutDelegate.kt:595)
03-15 18:13:38.415 14295 14295 E AndroidRuntime: 	at androidx.compose.ui.node.MeasureAndLayoutDelegate.access$remeasureAndRelayoutIfNeeded(MeasureAndLayoutDelegate.kt:43)
03-15 18:13:38.415 14295 14295 E AndroidRuntime: 	at androidx.compose.ui.node.MeasureAndLayoutDelegate.measureAndLayout(MeasureAndLayoutDelegate.kt:402)
03-15 18:13:38.415 14295 14295 E AndroidRuntime: 	at androidx.compose.ui.platform.AndroidComposeView.measureAndLayout(AndroidComposeView.android.kt:1558)
03-15 18:13:38.415 14295 14295 E AndroidRuntime: 	at androidx.compose.ui.node.Owner.measureAndLayout$default(Owner.kt:243)
03-15 18:13:38.415 14295 14295 E AndroidRuntime: 	at androidx.compose.ui.platform.AndroidComposeView.dispatchDraw(AndroidComposeView.android.kt:1898)
