--------- beginning of system
03-15 18:09:31.006   636   650 W keystore2: system/security/keystore2/src/remote_provisioning.rs:102 - Error occurred: system/security/keystore2/src/rkpd_client.rs:226: Trying to get to IRegistration service.
03-15 18:09:31.006   636   650 W keystore2: 
03-15 18:09:31.006   636   650 W keystore2: Caused by:
03-15 18:09:31.006   636   650 W keystore2:     0: system/security/keystore2/src/rkpd_client.rs:120: Trying to get IRPC name.
03-15 18:09:31.006   636   650 W keystore2:     1: system/security/keystore2/src/globals.rs:440
03-15 18:09:31.006   636   650 W keystore2:     2: Error::Km(r#HARDWARE_TYPE_UNAVAILABLE)
03-15 18:09:31.022   636   650 E keystore2: system/security/keystore2/src/error.rs:180 - system/security/keystore2/src/security_level.rs:622
03-15 18:09:31.022   636   650 E keystore2: 
03-15 18:09:31.022   636   650 E keystore2: Caused by:
03-15 18:09:31.022   636   650 E keystore2:     0: system/security/keystore2/src/security_level.rs:620: While generating Key without explicit attestation key.
03-15 18:09:31.022   636   650 E keystore2:     1: Error::Km(-10003)
03-15 18:09:31.026   636   650 W keystore2: system/security/keystore2/src/remote_provisioning.rs:102 - Error occurred: system/security/keystore2/src/rkpd_client.rs:226: Trying to get to IRegistration service.
03-15 18:09:31.026   636   650 W keystore2: 
03-15 18:09:31.026   636   650 W keystore2: Caused by:
03-15 18:09:31.026   636   650 W keystore2:     0: system/security/keystore2/src/rkpd_client.rs:120: Trying to get IRPC name.
03-15 18:09:31.026   636   650 W keystore2:     1: system/security/keystore2/src/globals.rs:440
03-15 18:09:31.026   636   650 W keystore2:     2: Error::Km(r#HARDWARE_TYPE_UNAVAILABLE)
03-15 18:09:31.038   636   650 E keystore2: system/security/keystore2/src/error.rs:180 - system/security/keystore2/src/security_level.rs:622
03-15 18:09:31.038   636   650 E keystore2: 
03-15 18:09:31.038   636   650 E keystore2: Caused by:
03-15 18:09:31.038   636   650 E keystore2:     0: system/security/keystore2/src/security_level.rs:620: While generating Key without explicit attestation key.
03-15 18:09:31.038   636   650 E keystore2:     1: Error::Km(-10003)
03-15 18:09:31.211 30878 30878 E ActivityThread: Failed to find provider info for com.miui.personalassistant.widget.external
03-15 18:09:31.332  9774  9948 E ActivityThread: Failed to find provider info for com.meizu.flyme.openidsdk
03-15 18:09:31.332  9774  9948 E ActivityThread: Failed to find provider info for com.meizu.flyme.openidsdk
03-15 18:09:31.333  9774  9948 E ActivityThread: Failed to find provider info for com.vivo.push.sdk.service.SystemPushConfig
03-15 18:09:31.336  9774  9948 E ActivityThread: Failed to find provider info for com.huawei.wallet.thirdprovider
03-15 18:09:31.337  9774  9948 E ActivityThread: Failed to find provider info for com.miui.analytics.OneTrackProvider
03-15 18:09:31.527  1474  1612 D WindowManager: ondown, touch down!
03-15 18:09:31.576  1474  1612 D WindowManager: onup, touch up!
03-15 18:09:31.586  2558  3673 W Binder  : BinderDebug: reply too large data on java level: InterfaceDescriptor=null calling uid=1000 pid=0 code=1(null) size=1056768
03-15 18:09:32.126  1474  1612 D WindowManager: ondown, touch down!
03-15 18:09:32.192  1474  1612 D WindowManager: onup, touch up!
03-15 18:09:32.217 30878 30878 E ActivityThread: Failed to find provider info for com.miui.personalassistant.widget.external
03-15 18:09:32.392   636   650 W keystore2: system/security/keystore2/src/remote_provisioning.rs:102 - Error occurred: system/security/keystore2/src/rkpd_client.rs:226: Trying to get to IRegistration service.
03-15 18:09:32.392   636   650 W keystore2: 
03-15 18:09:32.392   636   650 W keystore2: Caused by:
03-15 18:09:32.392   636   650 W keystore2:     0: system/security/keystore2/src/rkpd_client.rs:120: Trying to get IRPC name.
03-15 18:09:32.392   636   650 W keystore2:     1: system/security/keystore2/src/globals.rs:440
03-15 18:09:32.392   636   650 W keystore2:     2: Error::Km(r#HARDWARE_TYPE_UNAVAILABLE)
03-15 18:09:32.405   636   650 E keystore2: system/security/keystore2/src/error.rs:180 - system/security/keystore2/src/security_level.rs:622
03-15 18:09:32.405   636   650 E keystore2: 
03-15 18:09:32.405   636   650 E keystore2: Caused by:
03-15 18:09:32.405   636   650 E keystore2:     0: system/security/keystore2/src/security_level.rs:620: While generating Key without explicit attestation key.
03-15 18:09:32.405   636   650 E keystore2:     1: Error::Km(-10003)
03-15 18:09:32.440   636   650 W keystore2: system/security/keystore2/src/remote_provisioning.rs:102 - Error occurred: system/security/keystore2/src/rkpd_client.rs:226: Trying to get to IRegistration service.
03-15 18:09:32.440   636   650 W keystore2: 
03-15 18:09:32.440   636   650 W keystore2: Caused by:
03-15 18:09:32.440   636   650 W keystore2:     0: system/security/keystore2/src/rkpd_client.rs:120: Trying to get IRPC name.
03-15 18:09:32.440   636   650 W keystore2:     1: system/security/keystore2/src/globals.rs:440
03-15 18:09:32.440   636   650 W keystore2:     2: Error::Km(r#HARDWARE_TYPE_UNAVAILABLE)
03-15 18:09:32.453   636   650 E keystore2: system/security/keystore2/src/error.rs:180 - system/security/keystore2/src/security_level.rs:622
03-15 18:09:32.453   636   650 E keystore2: 
03-15 18:09:32.453   636   650 E keystore2: Caused by:
03-15 18:09:32.453   636   650 E keystore2:     0: system/security/keystore2/src/security_level.rs:620: While generating Key without explicit attestation key.
03-15 18:09:32.453   636   650 E keystore2:     1: Error::Km(-10003)
03-15 18:09:32.460   636   650 W keystore2: system/security/keystore2/src/remote_provisioning.rs:102 - Error occurred: system/security/keystore2/src/rkpd_client.rs:226: Trying to get to IRegistration service.
03-15 18:09:32.460   636   650 W keystore2: 
03-15 18:09:32.460   636   650 W keystore2: Caused by:
03-15 18:09:32.460   636   650 W keystore2:     0: system/security/keystore2/src/rkpd_client.rs:120: Trying to get IRPC name.
03-15 18:09:32.460   636   650 W keystore2:     1: system/security/keystore2/src/globals.rs:440
03-15 18:09:32.460   636   650 W keystore2:     2: Error::Km(r#HARDWARE_TYPE_UNAVAILABLE)
03-15 18:09:32.474   636   650 E keystore2: system/security/keystore2/src/error.rs:180 - system/security/keystore2/src/security_level.rs:622
03-15 18:09:32.474   636   650 E keystore2: 
03-15 18:09:32.474   636   650 E keystore2: Caused by:
03-15 18:09:32.474   636   650 E keystore2:     0: system/security/keystore2/src/security_level.rs:620: While generating Key without explicit attestation key.
03-15 18:09:32.474   636   650 E keystore2:     1: Error::Km(-10003)
03-15 18:09:33.082  1474  8237 D AlarmManager: final first Wakeup:28882243 now: 28840172 isInNightMode:false
03-15 18:09:33.219  1474  1612 D WindowManager: ondown, touch down!
03-15 18:09:33.219 30878 30878 E ActivityThread: Failed to find provider info for com.miui.personalassistant.widget.external
03-15 18:09:33.268  1474  1612 D WindowManager: onup, touch up!
03-15 18:09:33.279 11133 11133 D WindowManagerImpl: addView displayId=0 0
03-15 18:09:33.279 11133 11133 D WindowManagerImpl: addView displayId33= 0
03-15 18:09:33.283  1474 13234 D WindowManager: Changing focus from Window{98a7d77 u0 com.example.mymusic/com.example.mymusic.MainActivity} to Window{fbc06d3 u0 弹出式窗口} displayId=0 Callers=com.android.server.wm.RootWindowContainer.updateFocusedWindowLocked:503 com.android.server.wm.WindowManagerService.updateFocusedWindowLocked:6584 com.android.server.wm.WindowManagerService.addWindow:1936 com.android.server.wm.Session.addToDisplayAsUser:221 
03-15 18:09:33.284  1474 13234 I WindowManager: focus change setInputFocusLw : Window{fbc06d3 u0 弹出式窗口},display Id:0
03-15 18:09:33.284  1474 13234 I OvCameraRotation: camera activity:null fullScreen:false canResizeTask:false isEmbedded:false display:0 pcMode:false
03-15 18:09:33.285  1474  1615 V WindowManager: Focus not requested for window=Window{fbc06d3 u0 弹出式窗口} because it has no surface or is not focusable.
03-15 18:09:33.303  1474  8237 D CoreBackPreview: Window{fbc06d3 u0 弹出式窗口}: Setting back callback OnBackInvokedCallbackInfo{mCallback=android.window.IOnBackInvokedCallback$Stub$Proxy@ca774c5, mPriority=0, mIsAnimationCallback=false}
03-15 18:09:33.307  1474  8237 I WindowManager: Window{fbc06d3 u0 弹出式窗口} state from NO_SURFACE to DRAW_PENDING; reason: resetDrawState
03-15 18:09:33.308  1474  8237 I OvCameraRotation: camera activity:null fullScreen:false canResizeTask:false isEmbedded:false display:0 pcMode:false
03-15 18:09:33.310  1474  8237 D ChangeTransitionController: applySyncStagingTypesIfNeeded: fail stage is empty
03-15 18:09:33.324  1474 13234 I WindowManager: Window{fbc06d3 u0 弹出式窗口} state from DRAW_PENDING to COMMIT_DRAW_PENDING; reason: finishDrawingLocked
03-15 18:09:33.325  1474  1615 I WindowManager: Window{fbc06d3 u0 弹出式窗口} state from COMMIT_DRAW_PENDING to READY_TO_SHOW; reason: commitFinishDrawingLocked
03-15 18:09:33.325  1474  1615 D ActivityTaskManager: SplashScreen not transfer special !!!
03-15 18:09:33.325  1474  1615 I WindowManager: Window{fbc06d3 u0 弹出式窗口} state from READY_TO_SHOW to HAS_DRAWN; reason: performShowLocked
03-15 18:09:33.326  1474  1615 D ActivityTaskManager: SplashScreen not transfer special !!!
03-15 18:09:33.326  1474  1615 D ActivityTaskManager: SplashScreen not transfer special !!!
03-15 18:09:33.333  1474  8237 I OvCameraRotation: camera activity:null fullScreen:false canResizeTask:false isEmbedded:false display:0 pcMode:false
03-15 18:09:33.342  1474  8237 I OvCameraRotation: camera activity:null fullScreen:false canResizeTask:false isEmbedded:false display:0 pcMode:false
03-15 18:09:33.345 11133 11133 D OvcEditorInfoUtils[OV_IME]: bindActivityTokenIfNeeded, create extras for pkgName: com.example.mymusic
03-15 18:09:33.976  1474  1612 D WindowManager: ondown, touch down!
03-15 18:09:33.996  1474 13234 I OvCameraRotation: camera activity:null fullScreen:false canResizeTask:false isEmbedded:false display:0 pcMode:false
03-15 18:09:34.043  1474  1612 D WindowManager: onup, touch up!
03-15 18:09:34.057  1474  1474 D UiModeManager: updateConfigurationLocked: mDockState=0; mCarMode=false; mNightMode=2; mZuiNightModeOverride=2; mPowerSave=false; isTestMode=false; uiMode=33
03-15 18:09:34.057  2058  2058 D PowerUI : onReceive to showplugged=true buckert==1mcaharge==true level==81 chargrate=0oldpluge==true
03-15 18:09:34.057  2058  3402 D PowerUI : can't show warning due to - plugged: true status unknown: false
03-15 18:09:34.057  2058  3402 I PowerUI.Notification: dismissing low battery notification
03-15 18:09:34.155  1474  8237 D CoreBackPreview: Window{fbc06d3 u0 弹出式窗口}: Setting back callback null
03-15 18:09:34.158  1474  8237 I WindowManager: Window{fbc06d3 u0 弹出式窗口} state from HAS_DRAWN to NO_SURFACE; reason: destroySurface
03-15 18:09:34.158  1474  8237 W WindowManager: for OneVision debug destroySurface:Window{fbc06d3 u0 弹出式窗口} caller:com.android.server.wm.WindowStateAnimator.destroySurfaceLocked:395 com.android.server.wm.WindowState.removeImmediately:2451 com.android.server.wm.WindowState.removeIfPossible:2615 com.android.server.wm.WindowManagerService.removeWindow:2277 com.android.server.wm.Session.remove:238 
03-15 18:09:34.158  1474  8237 D WindowManager: setParent old=Window{98a7d77 u0 com.example.mymusic/com.example.mymusic.MainActivity},new=null,this window=Window{fbc06d3 u0 弹出式窗口},callers=com.android.server.wm.WindowContainer.removeChild:813 com.android.server.wm.WindowContainer.removeImmediately:871 com.android.server.wm.WindowState.removeImmediately:2455 com.android.server.wm.WindowState.removeIfPossible:2615 com.android.server.wm.WindowManagerService.removeWindow:2277 com.android.server.wm.Session.remove:238 
03-15 18:09:34.160  1474  8237 I OvCameraRotation: camera activity:null fullScreen:false canResizeTask:false isEmbedded:false display:0 pcMode:false
03-15 18:09:34.160  1474  8237 D WindowManager: Changing focus from Window{fbc06d3 u0 弹出式窗口} to Window{98a7d77 u0 com.example.mymusic/com.example.mymusic.MainActivity} displayId=0 Callers=com.android.server.wm.RootWindowContainer.updateFocusedWindowLocked:503 com.android.server.wm.WindowManagerService.updateFocusedWindowLocked:6584 com.android.server.wm.WindowState.removeIfPossible:2627 com.android.server.wm.WindowManagerService.removeWindow:2277 
03-15 18:09:34.161  1474  8237 I WindowManager: setInputFocusLw : Window{98a7d77 u0 com.example.mymusic/com.example.mymusic.MainActivity},display Id:0
03-15 18:09:34.171  1474  1614 V WindowManager: Unknown focus tokens, dropping reportFocusChanged
03-15 18:09:34.255 30878 30878 E ActivityThread: Failed to find provider info for com.miui.personalassistant.widget.external
03-15 18:09:34.578  1474  1612 D WindowManager: ondown, touch down!
03-15 18:09:34.586  1474  8237 W ProcessStats: Tracking association SourceState{bd27747 com.zui.launchersdk/10058 BFgs #31108} whose proc state 4 is better than process ProcessState{9bb7cb9 com.zui.deviceidservice/10074 pkg=com.zui.deviceidservice} proc state 10 (25 skipped)
03-15 18:09:34.651  1474  1612 D WindowManager: onup, touch up!
03-15 18:09:34.661 11133 11133 D WindowManagerImpl: addView displayId=0 0
03-15 18:09:34.662 11133 11133 D WindowManagerImpl: addView displayId33= 0
03-15 18:09:34.666  1474  8237 D WindowManager: Changing focus from Window{98a7d77 u0 com.example.mymusic/com.example.mymusic.MainActivity} to Window{a324782 u0 弹出式窗口} displayId=0 Callers=com.android.server.wm.RootWindowContainer.updateFocusedWindowLocked:503 com.android.server.wm.WindowManagerService.updateFocusedWindowLocked:6584 com.android.server.wm.WindowManagerService.addWindow:1936 com.android.server.wm.Session.addToDisplayAsUser:221 
03-15 18:09:34.667  1474  8237 I WindowManager: focus change setInputFocusLw : Window{a324782 u0 弹出式窗口},display Id:0
03-15 18:09:34.667  1474  8237 I OvCameraRotation: camera activity:null fullScreen:false canResizeTask:false isEmbedded:false display:0 pcMode:false
03-15 18:09:34.667  1474  1615 V WindowManager: Focus not requested for window=Window{a324782 u0 弹出式窗口} because it has no surface or is not focusable.
03-15 18:09:34.684  1474  8237 D CoreBackPreview: Window{a324782 u0 弹出式窗口}: Setting back callback OnBackInvokedCallbackInfo{mCallback=android.window.IOnBackInvokedCallback$Stub$Proxy@2c1ee85, mPriority=0, mIsAnimationCallback=false}
03-15 18:09:34.690  1474 13234 I WindowManager: Window{a324782 u0 弹出式窗口} state from NO_SURFACE to DRAW_PENDING; reason: resetDrawState
03-15 18:09:34.692  1474 13234 I OvCameraRotation: camera activity:null fullScreen:false canResizeTask:false isEmbedded:false display:0 pcMode:false
03-15 18:09:34.708  1474 13234 I WindowManager: Window{a324782 u0 弹出式窗口} state from DRAW_PENDING to COMMIT_DRAW_PENDING; reason: finishDrawingLocked
03-15 18:09:34.709  1474  1615 I WindowManager: Window{a324782 u0 弹出式窗口} state from COMMIT_DRAW_PENDING to READY_TO_SHOW; reason: commitFinishDrawingLocked
03-15 18:09:34.709  1474  1615 D ActivityTaskManager: SplashScreen not transfer special !!!
03-15 18:09:34.709  1474  1615 I WindowManager: Window{a324782 u0 弹出式窗口} state from READY_TO_SHOW to HAS_DRAWN; reason: performShowLocked
03-15 18:09:34.711  1474  1615 D ActivityTaskManager: SplashScreen not transfer special !!!
03-15 18:09:34.711  1474  1615 D ActivityTaskManager: SplashScreen not transfer special !!!
03-15 18:09:34.722  1474 13234 I OvCameraRotation: camera activity:null fullScreen:false canResizeTask:false isEmbedded:false display:0 pcMode:false
03-15 18:09:34.738  1474 13234 I OvCameraRotation: camera activity:null fullScreen:false canResizeTask:false isEmbedded:false display:0 pcMode:false
03-15 18:09:34.744 11133 11133 D OvcEditorInfoUtils[OV_IME]: bindActivityTokenIfNeeded, create extras for pkgName: com.example.mymusic
03-15 18:09:35.019  1474  1612 D WindowManager: ondown, touch down!
03-15 18:09:35.038  1474  8237 I OvCameraRotation: camera activity:null fullScreen:false canResizeTask:false isEmbedded:false display:0 pcMode:false
03-15 18:09:35.077  1474  1612 D WindowManager: onup, touch up!
03-15 18:09:35.191  1474  8237 D CoreBackPreview: Window{a324782 u0 弹出式窗口}: Setting back callback null
03-15 18:09:35.204  1474  8237 I WindowManager: Window{a324782 u0 弹出式窗口} state from HAS_DRAWN to NO_SURFACE; reason: destroySurface
03-15 18:09:35.204  1474  8237 W WindowManager: for OneVision debug destroySurface:Window{a324782 u0 弹出式窗口} caller:com.android.server.wm.WindowStateAnimator.destroySurfaceLocked:395 com.android.server.wm.WindowState.removeImmediately:2451 com.android.server.wm.WindowState.removeIfPossible:2615 com.android.server.wm.WindowManagerService.removeWindow:2277 com.android.server.wm.Session.remove:238 
03-15 18:09:35.204  1474  8237 D WindowManager: setParent old=Window{98a7d77 u0 com.example.mymusic/com.example.mymusic.MainActivity},new=null,this window=Window{a324782 u0 弹出式窗口},callers=com.android.server.wm.WindowContainer.removeChild:813 com.android.server.wm.WindowContainer.removeImmediately:871 com.android.server.wm.WindowState.removeImmediately:2455 com.android.server.wm.WindowState.removeIfPossible:2615 com.android.server.wm.WindowManagerService.removeWindow:2277 com.android.server.wm.Session.remove:238 
03-15 18:09:35.207  1474  8237 I OvCameraRotation: camera activity:null fullScreen:false canResizeTask:false isEmbedded:false display:0 pcMode:false
03-15 18:09:35.208  1474  8237 D WindowManager: Changing focus from Window{a324782 u0 弹出式窗口} to Window{98a7d77 u0 com.example.mymusic/com.example.mymusic.MainActivity} displayId=0 Callers=com.android.server.wm.RootWindowContainer.updateFocusedWindowLocked:503 com.android.server.wm.WindowManagerService.updateFocusedWindowLocked:6584 com.android.server.wm.WindowState.removeIfPossible:2627 com.android.server.wm.WindowManagerService.removeWindow:2277 
03-15 18:09:35.209  1474  8237 I WindowManager: setInputFocusLw : Window{98a7d77 u0 com.example.mymusic/com.example.mymusic.MainActivity},display Id:0
03-15 18:09:35.212  1474  1614 V WindowManager: Unknown focus tokens, dropping reportFocusChanged
03-15 18:09:35.256 30878 30878 E ActivityThread: Failed to find provider info for com.miui.personalassistant.widget.external
03-15 18:09:36.262 30878 30878 E ActivityThread: Failed to find provider info for com.miui.personalassistant.widget.external
03-15 18:09:37.272 30878 30878 E ActivityThread: Failed to find provider info for com.miui.personalassistant.widget.external
03-15 18:09:37.274  1474  1474 D UiModeManager: updateConfigurationLocked: mDockState=0; mCarMode=false; mNightMode=2; mZuiNightModeOverride=2; mPowerSave=false; isTestMode=false; uiMode=33
03-15 18:09:37.274  2058  2058 D PowerUI : onReceive to showplugged=true buckert==1mcaharge==true level==81 chargrate=0oldpluge==true
03-15 18:09:37.274  2058  3403 D PowerUI : can't show warning due to - plugged: true status unknown: false
03-15 18:09:37.274  2058  3403 I PowerUI.Notification: dismissing low battery notification
03-15 18:09:37.607  2558  4489 W Binder  : BinderDebug: reply too large data on java level: InterfaceDescriptor=null calling uid=1000 pid=0 code=1(null) size=1056768
03-15 18:09:38.281 30878 30878 E ActivityThread: Failed to find provider info for com.miui.personalassistant.widget.external
03-15 18:09:38.286  1474  1474 D UiModeManager: updateConfigurationLocked: mDockState=0; mCarMode=false; mNightMode=2; mZuiNightModeOverride=2; mPowerSave=false; isTestMode=false; uiMode=33
03-15 18:09:38.287  2058  2058 D PowerUI : onReceive to showplugged=true buckert==1mcaharge==true level==81 chargrate=0oldpluge==true
03-15 18:09:38.287  2058  3406 D PowerUI : can't show warning due to - plugged: true status unknown: false
03-15 18:09:38.287  2058  3406 I PowerUI.Notification: dismissing low battery notification
03-15 18:09:38.775  1474  4660 E ActivityManager: Unable to freeze binder for 10325 com.alibaba.android.rimet:gpu_process
03-15 18:09:39.290 30878 30878 E ActivityThread: Failed to find provider info for com.miui.personalassistant.widget.external
03-15 18:09:39.406  1474  1924 D AlarmManager: alarms fired, need delivery
03-15 18:09:39.406  1474  1924 D AlarmManager: final first Wakeup:28882243 now: 28846496 isInNightMode:false
03-15 18:09:39.408  1474  1910 D AlarmManager: final first Wakeup:28882243 now: 28846498 isInNightMode:false
03-15 18:09:39.411  1474  4660 D AlarmManager: final first Wakeup:28882243 now: 28846501 isInNightMode:false
03-15 18:09:40.290 30878 30878 E ActivityThread: Failed to find provider info for com.miui.personalassistant.widget.external
03-15 18:09:41.297 30878 30878 E ActivityThread: Failed to find provider info for com.miui.personalassistant.widget.external
03-15 18:09:41.366  1474  1474 D UiModeManager: updateConfigurationLocked: mDockState=0; mCarMode=false; mNightMode=2; mZuiNightModeOverride=2; mPowerSave=false; isTestMode=false; uiMode=33
03-15 18:09:41.366  2058  2058 D PowerUI : onReceive to showplugged=true buckert==1mcaharge==true level==81 chargrate=0oldpluge==true
03-15 18:09:41.367  2058  3408 D PowerUI : can't show warning due to - plugged: true status unknown: false
03-15 18:09:41.367  2058  3408 I PowerUI.Notification: dismissing low battery notification
03-15 18:09:42.192  1474  1474 D UiModeManager: updateConfigurationLocked: mDockState=0; mCarMode=false; mNightMode=2; mZuiNightModeOverride=2; mPowerSave=false; isTestMode=false; uiMode=33
03-15 18:09:42.193  2058  2058 D PowerUI : onReceive to showplugged=true buckert==1mcaharge==true level==81 chargrate=0oldpluge==true
03-15 18:09:42.193  2058  2874 D PowerUI : can't show warning due to - plugged: true status unknown: false
03-15 18:09:42.193  2058  2874 I PowerUI.Notification: dismissing low battery notification
03-15 18:09:42.305 30878 30878 E ActivityThread: Failed to find provider info for com.miui.personalassistant.widget.external
03-15 18:09:42.975   636 11421 I keystore2: system/security/keystore2/src/watchdog.rs:319 - Watchdog thread idle -> terminating. Have a great day.
03-15 18:09:43.309 30878 30878 E ActivityThread: Failed to find provider info for com.miui.personalassistant.widget.external
03-15 18:09:44.319 30878 30878 E ActivityThread: Failed to find provider info for com.miui.personalassistant.widget.external
03-15 18:09:45.208  1474  1474 D UiModeManager: updateConfigurationLocked: mDockState=0; mCarMode=false; mNightMode=2; mZuiNightModeOverride=2; mPowerSave=false; isTestMode=false; uiMode=33
03-15 18:09:45.208  2058  2058 D PowerUI : onReceive to showplugged=true buckert==1mcaharge==true level==81 chargrate=0oldpluge==true
03-15 18:09:45.208  2058  3276 D PowerUI : can't show warning due to - plugged: true status unknown: false
03-15 18:09:45.208  2058  3276 I PowerUI.Notification: dismissing low battery notification
03-15 18:09:45.326 30878 30878 E ActivityThread: Failed to find provider info for com.miui.personalassistant.widget.external
03-15 18:09:45.710  1474  1628 W ProcessStats: Tracking association SourceState{bd27747 com.zui.launchersdk/10058 BFgs #31124} whose proc state 4 is better than process ProcessState{9bb7cb9 com.zui.deviceidservice/10074 pkg=com.zui.deviceidservice} proc state 10 (36 skipped)
03-15 18:09:46.333 30878 30878 E ActivityThread: Failed to find provider info for com.miui.personalassistant.widget.external
03-15 18:09:47.339 30878 30878 E ActivityThread: Failed to find provider info for com.miui.personalassistant.widget.external
03-15 18:09:48.344 30878 30878 E ActivityThread: Failed to find provider info for com.miui.personalassistant.widget.external
03-15 18:09:49.350 30878 30878 E ActivityThread: Failed to find provider info for com.miui.personalassistant.widget.external
03-15 18:09:50.361 30878 30878 E ActivityThread: Failed to find provider info for com.miui.personalassistant.widget.external
03-15 18:09:51.362 30878 30878 E ActivityThread: Failed to find provider info for com.miui.personalassistant.widget.external
03-15 18:09:52.094  1474  1924 D AlarmManager: final first Wakeup:28882243 now: 28859184 isInNightMode:false
03-15 18:09:52.095  1474  1924 D AlarmManager: final first Wakeup:28882243 now: 28859185 isInNightMode:false
03-15 18:09:52.095  1474  1924 D AlarmManager: alarms fired, need delivery
03-15 18:09:52.099  1474  1924 D AlarmManager: final first Wakeup:28882243 now: 28859189 isInNightMode:false
03-15 18:09:52.099  1474  1474 D AlarmManager: final first Wakeup:28882243 now: 28859189 isInNightMode:false
03-15 18:09:52.102  1474  8237 D AlarmManager: final first Wakeup:28882243 now: 28859192 isInNightMode:false
03-15 18:09:52.110  1474  1474 D AlarmManager: final first Wakeup:28882243 now: 28859200 isInNightMode:false
03-15 18:09:52.110  1474  1474 D AlarmManager: final first Wakeup:28882243 now: 28859200 isInNightMode:false
03-15 18:09:52.137  1474  8237 D AlarmManager: final first Wakeup:28882243 now: 28859227 isInNightMode:false
03-15 18:09:52.137  1474  8237 D AlarmManager: final first Wakeup:28882243 now: 28859227 isInNightMode:false
03-15 18:09:52.370 30878 30878 E ActivityThread: Failed to find provider info for com.miui.personalassistant.widget.external
03-15 18:09:52.581  1474  1677 I PackageManager: Integrity check passed for file:///data/app/vmdl757758438.tmp
03-15 18:09:52.592  1474  1677 I PackageManager: Continuing with installation of file:///data/app/vmdl757758438.tmp
03-15 18:09:52.599  1474  1628 I ActivityManager: Force stopping com.example.mymusic appid=10260 user=-1: installPackageLI
03-15 18:09:52.600  1474  1677 I PackageManager: Update package com.example.mymusic code path from /data/app/~~5S8unzM17dg0LEsiBBS97g==/com.example.mymusic-5z-JMm3pE-CzKYOj8fZryw== to /data/app/~~k51OZvT2XosWjhdMx81iKw==/com.example.mymusic-5dZXH3DoEvF8g7KopQAQOQ==; Retain data and using new
03-15 18:09:52.600  1474  1677 I AppsFilter: interaction: PackageSetting{f7d9a84 com.motorola.readyforsignature.app/10082} -> PackageSetting{fc1a9cc com.example.mymusic/10260} BLOCKED
03-15 18:09:52.600  1474  1677 I AppsFilter: interaction: PackageSetting{d8567b3 com.example.music/10200} -> PackageSetting{fc1a9cc com.example.mymusic/10260} BLOCKED
03-15 18:09:52.600  1474  1677 I AppsFilter: interaction: PackageSetting{615486c bin.mt.termex/10290} -> PackageSetting{fc1a9cc com.example.mymusic/10260} BLOCKED
03-15 18:09:52.601  1474  1677 I AppsFilter: interaction: PackageSetting{f7d9a84 com.motorola.readyforsignature.app/10082} -> PackageSetting{f3562d4 com.example.mymusic/10260} BLOCKED
03-15 18:09:52.601  1474  1677 I AppsFilter: interaction: PackageSetting{d8567b3 com.example.music/10200} -> PackageSetting{f3562d4 com.example.mymusic/10260} BLOCKED
03-15 18:09:52.601  1474  1677 I AppsFilter: interaction: PackageSetting{615486c bin.mt.termex/10290} -> PackageSetting{f3562d4 com.example.mymusic/10260} BLOCKED
03-15 18:09:52.601  1474  1628 I ActivityManager: Killing 11133:com.example.mymusic/u0a260 (adj 0): stop com.example.mymusic due to installPackageLI
03-15 18:09:52.603  1474  1628 W ForegroundServiceTypeLoggerModule: Logger should be tracking FGS types correctly for UID 10260 in package com.example.mymusic
03-15 18:09:52.603  1474  1628 W ActivityTaskManager: Force removing ActivityRecord{43610b6 u0 com.example.mymusic/.MainActivity t48 f}, isEmbedded=false}: app died, no saved state
03-15 18:09:52.604  1474  1677 I PermissionManager: Permission ownership changed. Updating all permissions.
03-15 18:09:52.607  1474  1628 D WindowManager: Changing focus from Window{98a7d77 u0 com.example.mymusic/com.example.mymusic.MainActivity} to null displayId=0 Callers=com.android.server.wm.RootWindowContainer.updateFocusedWindowLocked:503 com.android.server.wm.WindowManagerService.updateFocusedWindowLocked:6584 com.android.server.wm.ActivityRecord.commitVisibility:5821 com.android.server.wm.ActivityRecord.commitVisibility:5832 
03-15 18:09:52.607  1474  1628 I WindowManager: setInputFocusLw : null,display Id:0
03-15 18:09:52.609  1474  1628 I WindowManager: Window{98a7d77 u0 com.example.mymusic/com.example.mymusic.MainActivity} state from HAS_DRAWN to NO_SURFACE; reason: destroySurface
03-15 18:09:52.609  1474  1628 W WindowManager: for OneVision debug destroySurface:Window{98a7d77 u0 com.example.mymusic/com.example.mymusic.MainActivity} caller:com.android.server.wm.WindowStateAnimator.destroySurfaceLocked:395 com.android.server.wm.WindowState.removeImmediately:2451 com.android.server.wm.WindowState.removeIfPossible:2615 com.android.server.wm.WindowToken.removeAllWindowsIfPossible:271 com.android.server.wm.ActivityRecord.removeIfPossible:4464 
03-15 18:09:52.609  1474  1628 D WindowManager: setParent old=ActivityRecord{43610b6 u0 com.example.mymusic/.MainActivity t48 f}, isEmbedded=false},new=null,this window=Window{98a7d77 u0 com.example.mymusic/com.example.mymusic.MainActivity},callers=com.android.server.wm.WindowContainer.removeChild:813 com.android.server.wm.ActivityRecord.removeChild:4630 com.android.server.wm.ActivityRecord.removeChild:432 com.android.server.wm.WindowContainer.removeImmediately:871 com.android.server.wm.WindowState.removeImmediately:2455 com.android.server.wm.WindowState.removeIfPossible:2615 
03-15 18:09:52.610  1474  1628 I OvCameraRotation: camera activity:null fullScreen:false canResizeTask:false isEmbedded:false display:0 pcMode:false
03-15 18:09:52.610  1474  1628 D WindowManager: setParent old=Task{6e0c1b7 #48 type=standard A=10260:com.example.mymusic},new=null,this window=ActivityRecord{43610b6 u0 com.example.mymusic/.MainActivity t48 f}, isEmbedded=false},callers=com.android.server.wm.WindowContainer.removeChild:813 com.android.server.wm.TaskFragment.removeChild:3134 com.android.server.wm.Task.removeChild:1806 com.android.server.wm.Task.removeChild:1789 com.android.server.wm.WindowContainer.removeImmediately:871 com.android.server.wm.WindowToken.removeImmediately:387 
03-15 18:09:52.611  1474  1628 D WindowManager: setParent old=DefaultTaskDisplayArea@120896112(displayId=0),new=null,this window=Task{6e0c1b7 #48 type=standard A=10260:com.example.mymusic},callers=com.android.server.wm.WindowContainer.removeChild:813 com.android.server.wm.TaskDisplayArea.removeChildTask:397 com.android.server.wm.TaskDisplayArea.removeChild:388 com.android.server.wm.WindowContainer.removeImmediately:871 com.android.server.wm.TaskFragment.removeImmediately:3218 com.android.server.wm.Task.removeImmediately:3228 
03-15 18:09:52.611  1474  1628 I WindowManager: setFocusedAppLw : null,display Id:0
03-15 18:09:52.612  1474  2057 W ActivityManager: notifyProcessStarted!
03-15 18:09:52.732  1474  1611 W Looper  : Slow dispatch took 127ms android.fg h=android.os.Handler c=<recycled PooledLambda@87fbb26> m=0
03-15 18:09:52.732  1474  1612 D DisplayManagerService: Drop pending events for gone uid 10260
03-15 18:09:52.733  1474  1612 W Looper  : Slow dispatch took 133ms android.ui h=com.android.server.am.ActivityManagerService$UiHandler c=com.android.server.am.UidObserverController$$ExternalSyntheticLambda0@de36dca m=0
03-15 18:09:52.734  1474  1628 E ActivityTaskManager: setVisibility=true while transition is not collecting or finishing ActivityRecord{49a16b3 u0 com.zui.launcher/.drawer.NormalLauncher t8, isEmbedded=false} caller=com.android.server.wm.ActivityRecord.setVisibility:5523 com.android.server.wm.TaskFragment.resumeTopActivity:1600 com.android.server.wm.Task.resumeTopActivityInnerLocked:6032 com.android.server.wm.Task.resumeTopActivityUncheckedLocked:5940 com.android.server.wm.Task.resumeTopActivityUncheckedLocked:5970 com.android.server.wm.Task.resumeTopActivityUncheckedLocked:6002 com.android.server.wm.ActivityRecord.makeActiveIfNeeded:6647 com.android.server.wm.RootWindowContainer.lambda$resumeFocusedTasksTopActivities$17:2716 
03-15 18:09:52.735  1474  1628 I WindowManager: setFocusedAppLw : ActivityRecord{49a16b3 u0 com.zui.launcher/.drawer.NormalLauncher t8, isEmbedded=false},display Id:0
03-15 18:09:52.736  1474  1628 I OvCameraRotation: camera activity:null fullScreen:false canResizeTask:false isEmbedded:false display:0 pcMode:false
03-15 18:09:52.737   611   631 W vold    : HQ enter IsFilesystemSupported fsType=sdcardfs: No such file or directory
03-15 18:09:52.737  1474  1628 I OvCameraRotation: camera activity:null fullScreen:false canResizeTask:false isEmbedded:false display:0 pcMode:false
03-15 18:09:52.737   611   631 W vold    : HQ enter IsFilesystemSupported result=1: No such file or directory
03-15 18:09:52.742  1474  2495 W WindowManager: Failed looking up window session=Session{ad86772 2058:u0a10076} callers=com.android.server.wm.WindowManagerService.windowForClientLocked:6472 com.android.server.wm.WindowManagerService.removeWindow:2275 com.android.server.wm.Session.remove:238 
03-15 18:09:52.742  1474  1614 V WindowManager: Unknown focus tokens, dropping reportFocusChanged
03-15 18:09:52.742  1474  2014 D ZuiInputManager: updateTopTaskPackageStatus mTopTaskPackageName = com.zui.launcher
03-15 18:09:52.742  1474  2014 D BigPalmInputPolicy: isGameAppPackage: mUiType = ZUI, packageName = com.zui.launcher
03-15 18:09:52.743  1474  2014 D TouchscreenServiceManager: setBigPalm by hidl v1_0 
03-15 18:09:52.745  1474  1560 V ActivityManager: Got obituary of 11133:com.example.mymusic
03-15 18:09:52.746  1474  2495 D ChangeTransitionController: applySyncStagingTypesIfNeeded: fail stage is empty
03-15 18:09:52.746  1474  1474 W Looper  : Slow dispatch took 141ms main h=android.os.Handler c=com.android.server.BatteryService$$ExternalSyntheticLambda0@6ea685f m=0
03-15 18:09:52.749  1474  1614 W ActivityManager: setHasOverlayUi called on unknown pid: 11133
03-15 18:09:52.749  1474  3417 I WindowManager: Window{d1e2f6a u0 com.zui.launcher/com.zui.launcher.drawer.NormalLauncher} state from NO_SURFACE to DRAW_PENDING; reason: resetDrawState
03-15 18:09:52.752  1474  3417 D WindowManager: Changing focus from null to Window{d1e2f6a u0 com.zui.launcher/com.zui.launcher.drawer.NormalLauncher} displayId=0 Callers=com.android.server.wm.RootWindowContainer.updateFocusedWindowLocked:503 com.android.server.wm.WindowManagerService.updateFocusedWindowLocked:6584 com.android.server.wm.WindowManagerService.relayoutWindow:2809 com.android.server.wm.Session.relayout:256 
03-15 18:09:52.752  1474  3417 I WindowManager: setInputFocusLw : Window{d1e2f6a u0 com.zui.launcher/com.zui.launcher.drawer.NormalLauncher},display Id:0
03-15 18:09:52.753  1474  3417 I OvCameraRotation: camera activity:null fullScreen:false canResizeTask:false isEmbedded:false display:0 pcMode:false
03-15 18:09:52.755  1474  1560 W WindowManager: Failed looking up window session=Session{ad86772 2058:u0a10076} callers=com.android.server.wm.WindowManagerService.windowForClientLocked:6472 com.android.server.wm.WindowManagerService.removeWindow:2275 com.android.server.wm.Session.remove:238 
03-15 18:09:52.755  1474  1614 D CompatibilityChangeReporter: Compat change id reported: 135634846; UID 10057; state: DISABLED
03-15 18:09:52.755  1474  1614 D CompatibilityChangeReporter: Compat change id reported: 177438394; UID 10057; state: DISABLED
03-15 18:09:52.755  1474  1614 D CompatibilityChangeReporter: Compat change id reported: 135772972; UID 10057; state: DISABLED
03-15 18:09:52.755  1474  1614 D CompatibilityChangeReporter: Compat change id reported: 135754954; UID 10057; state: ENABLED
03-15 18:09:52.756  1474  1629 D CompatibilityChangeReporter: Compat change id reported: 143937733; UID 10057; state: ENABLED
03-15 18:09:52.760  1474  2280 D ChangeTransitionController: applySyncStagingTypesIfNeeded: fail stage is empty
03-15 18:09:52.760  2058  2058 D RecentTasksController: notifyRecentTasksChanged reason:onTaskRemoved
03-15 18:09:52.761  2058  2058 D PowerUI : onReceive to showplugged=true buckert==1mcaharge==true level==81 chargrate=0oldpluge==true
03-15 18:09:52.761  2058  3407 D PowerUI : can't show warning due to - plugged: true status unknown: false
03-15 18:09:52.761  2058  3407 I PowerUI.Notification: dismissing low battery notification
03-15 18:09:52.764  1474  1629 I ActivityManager: Start proc 11480:com.github.kr328.clash/u0a57 for 
03-15 18:09:52.765  1474  2057 W ActivityManager: notifyProcessStarted!
03-15 18:09:52.766  1474  2489 I WindowManager: Window{d1e2f6a u0 com.zui.launcher/com.zui.launcher.drawer.NormalLauncher} state from DRAW_PENDING to COMMIT_DRAW_PENDING; reason: finishDrawingLocked
03-15 18:09:52.767  1474  1615 I WindowManager: Window{d1e2f6a u0 com.zui.launcher/com.zui.launcher.drawer.NormalLauncher} state from COMMIT_DRAW_PENDING to READY_TO_SHOW; reason: commitFinishDrawingLocked
03-15 18:09:52.770  1474  1615 D ActivityTaskManager: SplashScreen not transfer special !!!
03-15 18:09:52.770  1474  1615 I WindowManager: Window{d1e2f6a u0 com.zui.launcher/com.zui.launcher.drawer.NormalLauncher} state from READY_TO_SHOW to HAS_DRAWN; reason: performShowLocked
03-15 18:09:52.774  1474  1615 D ActivityTaskManager: SplashScreen not transfer special !!!
03-15 18:09:52.776  1474  2489 I OvCameraRotation: camera activity:null fullScreen:false canResizeTask:false isEmbedded:false display:0 pcMode:false
03-15 18:09:52.778  1474  1677 I AppsFilter: interaction: PackageSetting{f7d9a84 com.motorola.readyforsignature.app/10082} -> PackageSetting{f3562d4 com.example.mymusic/10260} BLOCKED
03-15 18:09:52.778  1474  1677 I AppsFilter: interaction: PackageSetting{d8567b3 com.example.music/10200} -> PackageSetting{f3562d4 com.example.mymusic/10260} BLOCKED
03-15 18:09:52.778  1474  1677 I AppsFilter: interaction: PackageSetting{615486c bin.mt.termex/10290} -> PackageSetting{f3562d4 com.example.mymusic/10260} BLOCKED
03-15 18:09:52.784  1474  1677 I ActivityManager: Force stopping com.example.mymusic appid=10260 user=0: pkg removed
03-15 18:09:52.784  1474  2489 D WindowManager: computeImeParent ret ===0
03-15 18:09:52.807  1474  1628 D CompatibilityChangeReporter: Compat change id reported: 135634846; UID 10112; state: DISABLED
03-15 18:09:52.807  1474  1628 D CompatibilityChangeReporter: Compat change id reported: 177438394; UID 10112; state: DISABLED
03-15 18:09:52.807  1474  1628 D CompatibilityChangeReporter: Compat change id reported: 135772972; UID 10112; state: DISABLED
03-15 18:09:52.807  1474  1628 D CompatibilityChangeReporter: Compat change id reported: 135754954; UID 10112; state: ENABLED
03-15 18:09:52.808  1474  1629 D CompatibilityChangeReporter: Compat change id reported: 143937733; UID 10112; state: ENABLED
03-15 18:09:52.820  1474  1629 I ActivityManager: Start proc 11498:com.lenovo.leos.appstore/u0a112 for broadcast {com.lenovo.leos.appstore/com.lenovo.leos.lcapackageinstaller.LcaInstallerReceiver}
03-15 18:09:52.821  1474  2057 W ActivityManager: notifyProcessStarted!
03-15 18:09:52.834  1474  1677 D PackageInstallerSession: Marking session 757758438 as applied
03-15 18:09:52.845  1474 12751 D CompatibilityChangeReporter: Compat change id reported: 170503758; UID 10057; state: ENABLED
03-15 18:09:52.846  1474  2490 D CompatibilityChangeReporter: Compat change id reported: 168419799; UID 10112; state: DISABLED
03-15 18:09:52.846  1474  2490 D CompatibilityChangeReporter: Compat change id reported: 273564678; UID 10112; state: DISABLED
03-15 18:09:52.847  1474  1910 D CompatibilityChangeReporter: Compat change id reported: 265195908; UID 10112; state: ENABLED
03-15 18:09:52.868  1474  2492 D CompatibilityChangeReporter: Compat change id reported: 170503758; UID 10112; state: ENABLED
03-15 18:09:52.935  1474  1611 W Looper  : Slow delivery took 201ms android.fg h=android.os.Handler c=<recycled PooledLambda@b2ffba4> m=0
03-15 18:09:52.947  1474  1611 W Looper  : Drained
03-15 18:09:52.947  1474  1474 D UiModeManager: updateConfigurationLocked: mDockState=0; mCarMode=false; mNightMode=2; mZuiNightModeOverride=2; mPowerSave=false; isTestMode=false; uiMode=33
03-15 18:09:52.999  1474 12751 I ActivityManager: Flag disabled. Ignoring finishAttachApplication from uid: 10057. pid: 11480
03-15 18:09:53.054  1474  2057 W ActivityManager: notifyProcessStarted!
03-15 18:09:53.249  1474 11275 D CompatibilityChangeReporter: Compat change id reported: 161145287; UID 10112; state: DISABLED
03-15 18:09:53.344 11498 11567 E ActivityThread: Failed to find provider info for com.lenovo.leos.appstore.serverconfig.ConfigProvider
03-15 18:09:53.349  1474 12751 D AppOps  : recordOpsBehaviorForZui() called with: code = [214], uid = [10112], packageName = [com.lenovo.leos.appstore], attributionTag = [null], mode = [0]
03-15 18:09:53.354  1474  2492 I ActivityManager: Flag disabled. Ignoring finishAttachApplication from uid: 10112. pid: 11498
03-15 18:09:53.356  1474  2492 D CompatibilityChangeReporter: Compat change id reported: 253665015; UID 10112; state: DISABLED
03-15 18:09:53.356  1474  2492 D CompatibilityChangeReporter: Compat change id reported: 194532703; UID 10112; state: ENABLED
03-15 18:09:53.374  1474 11275 D AppOps  : recordOpsBehaviorForZui() called with: code = [214], uid = [10196], packageName = [com.qualcomm.qti.workloadclassifier], attributionTag = [null], mode = [0]
03-15 18:09:53.381  1474  1474 I Telecom : CarModeTracker: Package com.example.mymusic is not tracked.: SSH.oR@RIo
03-15 18:09:53.381  1474  1474 I Telecom : InCallController: updateCarModeForConnections: car mode apps: : SSH.oR@RIo
03-15 18:09:53.381  1474  1474 I Telecom : InCallController: update carmode current:UserHandle{0} parent:null: SSH.oR@RIo
03-15 18:09:53.384  1474 11273 D AppOps  : recordOpsBehaviorForZui() called with: code = [214], uid = [10060], packageName = [com.lenovo.leos.cloud.sync], attributionTag = [null], mode = [0]
03-15 18:09:53.390  1474  3416 D AlarmManager: final first Wakeup:28882243 now: 28860480 isInNightMode:false
03-15 18:09:53.392 30878 30878 E ActivityThread: Failed to find provider info for com.miui.personalassistant.widget.external
03-15 18:09:53.396  1474  4660 D AlarmManager: final first Wakeup:28882243 now: 28860486 isInNightMode:false
03-15 18:09:53.396  1474  2490 D AlarmManager: final first Wakeup:28882243 now: 28860487 isInNightMode:false
03-15 18:09:53.400  1474  1951 W PackageConfigPersister: App-specific configuration not found for packageName: com.example.mymusic and userId: 0
03-15 18:09:53.403  1474  1474 D CompatibilityChangeReporter: Compat change id reported: 218533173; UID 10260; state: ENABLED
03-15 18:09:53.403  1474  1474 D CompatibilityChangeReporter: Compat change id reported: 171306433; UID 10260; state: ENABLED
03-15 18:09:53.403  1474  1474 W AlarmManager: Package com.example.mymusic, uid 10260 lost permission to set exact alarms!
03-15 18:09:53.403  1474 29988 D IntervalStats: Unable to parse usage stats packages: [1324]
03-15 18:09:53.408  1474 29988 D IntervalStats: Unable to parse usage stats packages: [1324]
03-15 18:09:53.434  1474  1474 V BackupManagerConstants: getFullBackupIntervalMilliseconds(...) returns 86400000
03-15 18:09:53.434  1474  1474 V BackupManagerConstants: getFullBackupRequiredNetworkType(...) returns 2
03-15 18:09:53.434  1474  1474 V BackupManagerConstants: getFullBackupRequireCharging(...) returns true
03-15 18:09:53.442  1474  1560 D AppOps  : recordOpsBehaviorForZui() called with: code = [214], uid = [10196], packageName = [com.qualcomm.qti.workloadclassifier], attributionTag = [null], mode = [0]
03-15 18:09:53.446  2562  2562 E ActivityThread: Failed to find provider info for com.zui.launcher.downloadinfo.provider
03-15 18:09:53.466  1474 29988 D IntervalStats: Unable to parse usage stats packages: [1324]
03-15 18:09:53.471  1474  1559 D AppOps  : recordOpsBehaviorForZui() called with: code = [214], uid = [10060], packageName = [com.lenovo.leos.cloud.sync], attributionTag = [null], mode = [0]
03-15 18:09:53.473  1474 29988 D IntervalStats: Unable to parse usage stats packages: [548, 1324]
03-15 18:09:53.473  3677  3677 W ContextImpl: Calling a method in the system process without a qualified user: android.app.ContextImpl.startService:1903 android.content.ContextWrapper.startService:825 com.lenovo.safecenter.antivirus.support.AppBroadcast.onReceive:259 android.app.LoadedApk$ReceiverDispatcher$Args.lambda$getRunnable$0:1847 android.app.LoadedApk$ReceiverDispatcher$Args.$r8$lambda$gDuJqgxY6Zb-ifyeubKeivTLAwk:0 
03-15 18:09:53.474  1474 29988 D IntervalStats: Unable to parse usage stats packages: [548, 1324]
03-15 18:09:53.475  1474 29988 D IntervalStats: Unable to parse usage stats packages: [548, 1281, 1324]
03-15 18:09:53.479  1474 29988 D IntervalStats: Unable to parse usage stats packages: [1324]
03-15 18:09:53.481  1474 29988 D IntervalStats: Unable to parse usage stats packages: [1324]
03-15 18:09:53.483  1474 29988 D IntervalStats: Unable to parse usage stats packages: [1324, 1333]
03-15 18:09:53.483  1474 29988 D IntervalStats: Unable to parse event packages: [1333]
03-15 18:09:53.497  1474 12751 D CompatibilityChangeReporter: Compat change id reported: 161252188; UID 10260; state: DISABLED
03-15 18:09:53.499  1474  3416 D AppOps  : recordOpsBehaviorForZui() called with: code = [214], uid = [10149], packageName = [com.google.android.gms], attributionTag = [null], mode = [0]
03-15 18:09:53.501  1474 11273 D AppOps  : recordOpsBehaviorForZui() called with: code = [214], uid = [10060], packageName = [com.lenovo.leos.cloud.sync], attributionTag = [null], mode = [0]
03-15 18:09:53.510  1474  1474 D UiModeManager: updateConfigurationLocked: mDockState=0; mCarMode=false; mNightMode=2; mZuiNightModeOverride=2; mPowerSave=false; isTestMode=false; uiMode=33
03-15 18:09:53.510  2058  2058 D PowerUI : onReceive to showplugged=true buckert==1mcaharge==true level==81 chargrate=0oldpluge==true
03-15 18:09:53.511  1474  3379 D AlarmManager: final first Wakeup:28882243 now: 28860601 isInNightMode:false
03-15 18:09:53.511  2058  3399 D PowerUI : can't show warning due to - plugged: true status unknown: false
03-15 18:09:53.511  2058  3399 I PowerUI.Notification: dismissing low battery notification
03-15 18:09:53.512  1474  3379 D AlarmManager: final first Wakeup:28882243 now: 28860602 isInNightMode:false
03-15 18:09:53.529  1474  9371 D CompatibilityChangeReporter: Compat change id reported: 135634846; UID 99022; state: DISABLED
03-15 18:09:53.529  1474  9371 D CompatibilityChangeReporter: Compat change id reported: 177438394; UID 99022; state: DISABLED
03-15 18:09:53.529  1474  9371 D CompatibilityChangeReporter: Compat change id reported: 135772972; UID 99022; state: DISABLED
03-15 18:09:53.529  1474  9371 D CompatibilityChangeReporter: Compat change id reported: 135754954; UID 99022; state: ENABLED
03-15 18:09:53.529  1474  2057 W ActivityManager: notifyProcessStarted!
03-15 18:09:53.529  1474  1629 D CompatibilityChangeReporter: Compat change id reported: 143937733; UID 10112; state: ENABLED
03-15 18:09:53.537  1474  1629 I ActivityManager: Start proc 11672:com.google.android.webview:sandboxed_process0:org.chromium.content.app.SandboxedProcessService0:0/u0i22 for  {com.lenovo.leos.appstore/org.chromium.content.app.SandboxedProcessService0:0}
03-15 18:09:53.537  1474  2057 W ActivityManager: notifyProcessStarted!
03-15 18:09:53.562  1474 11974 D CompatibilityChangeReporter: Compat change id reported: 261072174; UID 10112; state: DISABLED
03-15 18:09:53.587  1474 12751 D IntervalStats: Unable to parse usage stats packages: [1324]
03-15 18:09:53.590  1474 12751 D IntervalStats: Unable to parse usage stats packages: [548, 1324]
03-15 18:09:53.592  1474 12751 D IntervalStats: Unable to parse usage stats packages: [548, 1324]
03-15 18:09:53.593  1474 12751 D IntervalStats: Unable to parse usage stats packages: [548, 1281, 1324]
03-15 18:09:53.596  1474 12751 D IntervalStats: Unable to parse usage stats packages: [1324]
03-15 18:09:53.597  1474 12751 D IntervalStats: Unable to parse usage stats packages: [1324]
03-15 18:09:53.600  1474 12751 D IntervalStats: Unable to parse usage stats packages: [1324, 1333]
03-15 18:09:53.600  1474 12751 D IntervalStats: Unable to parse event packages: [1333]
03-15 18:09:53.614  1474 11974 D AppOps  : recordOpsBehaviorForZui() called with: code = [214], uid = [10149], packageName = [com.google.android.gms], attributionTag = [null], mode = [0]
03-15 18:09:53.667  1474 11974 I ActivityManager: Flag disabled. Ignoring finishAttachApplication from uid: 99022. pid: 11672
03-15 18:09:53.676  1474  2280 D AlarmManager: final first Wakeup:28882243 now: 28860766 isInNightMode:false
03-15 18:09:53.676  1474  2280 D AlarmManager: final first Wakeup:28882243 now: 28860766 isInNightMode:false
03-15 18:09:53.819  1474  1621 W AccessibilitySecurityPolicy: Skipping accessibility service com.bytedance.android.doubaoime/com.bytedance.android.input.basic.recognition.accessibilityImpl.ImeAccessibilityService: it does not require the permission android.permission.BIND_ACCESSIBILITY_SERVICE
03-15 18:09:53.821  1474  1621 W AccessibilitySecurityPolicy: Skipping accessibility service com.newskyer.draw/.floatBall.NotificationCountDownService: it does not require the permission android.permission.BIND_ACCESSIBILITY_SERVICE
03-15 18:09:53.823  1474  1621 W WindowMagnificationMgr: requestConnection duplicated request: connect=false, mConnectionState=DISCONNECTED
03-15 18:09:53.826  1474  1621 W AccessibilitySecurityPolicy: Skipping accessibility service com.bytedance.android.doubaoime/com.bytedance.android.input.basic.recognition.accessibilityImpl.ImeAccessibilityService: it does not require the permission android.permission.BIND_ACCESSIBILITY_SERVICE
03-15 18:09:53.826  1474  1621 W AccessibilitySecurityPolicy: Skipping accessibility service com.newskyer.draw/.floatBall.NotificationCountDownService: it does not require the permission android.permission.BIND_ACCESSIBILITY_SERVICE
03-15 18:09:53.828  1474  1621 W WindowMagnificationMgr: requestConnection duplicated request: connect=false, mConnectionState=DISCONNECTED
