03-15 18:30:32.252   840  8470 W libc    : Access denied finding property "vendor.dolby.mi.metadata.log"
03-15 18:30:32.252   840  8470 W libc    : Access denied finding property "vendor.dolby.mi.metadata.log"
03-15 18:30:32.253   840  8358 W libc    : Access denied finding property "hal.record.dump"
03-15 18:30:32.254  1032  3002 E SurfaceFlinger: isStylusTargetLayer notifyTargetLayerDisconnect in
03-15 18:30:32.254  1032  3002 E SurfaceFlinger: isStylusTargetLayer notifyTargetLayerDisconnect in
03-15 18:30:32.256  1032  3002 E SurfaceFlinger: isStylusTargetLayer notifyTargetLayerDisconnect in
03-15 18:30:32.262  1032  1097 E SurfaceFlinger: isStylusTargetLayer notifyTargetLayerDisconnect in
03-15 18:30:32.263  1032  1097 E SurfaceFlinger: isStylusTargetLayer notifyTargetLayerDisconnect in
03-15 18:30:32.271  1032  3002 E SurfaceFlinger: isStylusTargetLayer notifyTargetLayerDisconnect in
03-15 18:30:32.272  1032  3002 E SurfaceFlinger: isStylusTargetLayer notifyTargetLayerDisconnect in
03-15 18:30:32.279  1032  3002 E SurfaceFlinger: isStylusTargetLayer notifyTargetLayerDisconnect in
03-15 18:30:32.281  1032  3002 E SurfaceFlinger: isStylusTargetLayer notifyTargetLayerDisconnect in
03-15 18:30:32.288  1032  1097 E SurfaceFlinger: isStylusTargetLayer notifyTargetLayerDisconnect in
03-15 18:30:32.288  1032  3002 E SurfaceFlinger: isStylusTargetLayer notifyTargetLayerDisconnect in
03-15 18:30:32.288  1032  1097 E SurfaceFlinger: isStylusTargetLayer notifyTargetLayerDisconnect in
03-15 18:30:32.291   840  8470 W libc    : Access denied finding property "vendor.dolby.mi.metadata.log"
03-15 18:30:32.291   840  8470 W libc    : Access denied finding property "vendor.dolby.mi.metadata.log"
03-15 18:30:32.291   840  8470 W libc    : Access denied finding property "vendor.dolby.mi.metadata.log"
03-15 18:30:32.291   840  8470 W libc    : Access denied finding property "vendor.dolby.mi.metadata.log"
03-15 18:30:32.291   840  8470 W libc    : Access denied finding property "vendor.dolby.mi.metadata.log"
03-15 18:30:32.291   840  8470 W libc    : Access denied finding property "vendor.dolby.mi.metadata.log"
03-15 18:30:32.292   840  8470 W libc    : Access denied finding property "vendor.dolby.mi.metadata.log"
03-15 18:30:32.292   840  8470 W libc    : Access denied finding property "vendor.dolby.mi.metadata.log"
03-15 18:30:32.292   840  8358 W libc    : Access denied finding property "hal.record.dump"
03-15 18:30:32.296  1032  1097 E SurfaceFlinger: isStylusTargetLayer notifyTargetLayerDisconnect in
03-15 18:30:32.297  1032  1097 E SurfaceFlinger: isStylusTargetLayer notifyTargetLayerDisconnect in
03-15 18:30:32.304  1032  1097 E SurfaceFlinger: isStylusTargetLayer notifyTargetLayerDisconnect in
03-15 18:30:32.305  1032  3002 E SurfaceFlinger: isStylusTargetLayer notifyTargetLayerDisconnect in
03-15 18:30:32.307   999   999 W HidlServiceManagement: Waited for hwservicemanager.ready for a second, waiting another...
03-15 18:30:32.307   999   999 W libc    : Access denied finding property "hwservicemanager.ready"
03-15 18:30:32.307   999   999 W libc    : Access denied finding property "hwservicemanager.ready"
03-15 18:30:32.312  1032  3002 E SurfaceFlinger: isStylusTargetLayer notifyTargetLayerDisconnect in
03-15 18:30:32.313  1032  3002 E SurfaceFlinger: isStylusTargetLayer notifyTargetLayerDisconnect in
03-15 18:30:32.321  1032  1097 E SurfaceFlinger: isStylusTargetLayer notifyTargetLayerDisconnect in
03-15 18:30:32.321  1032  1669 E SurfaceFlinger: isStylusTargetLayer notifyTargetLayerDisconnect in
03-15 18:30:32.321   999   999 W libc    : Access denied finding property "hwservicemanager.ready"
03-15 18:30:32.323  1032  1097 E SurfaceFlinger: isStylusTargetLayer notifyTargetLayerDisconnect in
03-15 18:30:32.329  1032  1097 E SurfaceFlinger: isStylusTargetLayer notifyTargetLayerDisconnect in
03-15 18:30:32.330  1032  1097 E SurfaceFlinger: isStylusTargetLayer notifyTargetLayerDisconnect in
03-15 18:30:32.331   840  8470 W libc    : Access denied finding property "vendor.dolby.mi.metadata.log"
03-15 18:30:32.331   840  8470 W libc    : Access denied finding property "vendor.dolby.mi.metadata.log"
03-15 18:30:32.331   840  8470 W libc    : Access denied finding property "vendor.dolby.mi.metadata.log"
03-15 18:30:32.332   840  8470 W libc    : Access denied finding property "vendor.dolby.mi.metadata.log"
03-15 18:30:32.332   840  8470 W libc    : Access denied finding property "vendor.dolby.mi.metadata.log"
03-15 18:30:32.332   840  8470 W libc    : Access denied finding property "vendor.dolby.mi.metadata.log"
03-15 18:30:32.332   840  8470 W libc    : Access denied finding property "vendor.dolby.mi.metadata.log"
03-15 18:30:32.333   840  8358 W libc    : Access denied finding property "hal.record.dump"
03-15 18:30:32.337  1032  3002 E SurfaceFlinger: isStylusTargetLayer notifyTargetLayerDisconnect in
03-15 18:30:32.340  1032  3002 E SurfaceFlinger: isStylusTargetLayer notifyTargetLayerDisconnect in
03-15 18:30:32.346  1032  3002 E SurfaceFlinger: isStylusTargetLayer notifyTargetLayerDisconnect in
03-15 18:30:32.348  1032  1097 E SurfaceFlinger: isStylusTargetLayer notifyTargetLayerDisconnect in
03-15 18:30:32.354  1032  1097 E SurfaceFlinger: isStylusTargetLayer notifyTargetLayerDisconnect in
03-15 18:30:32.354  1032  3002 E SurfaceFlinger: isStylusTargetLayer notifyTargetLayerDisconnect in
03-15 18:30:32.356  1032  3002 E SurfaceFlinger: isStylusTargetLayer notifyTargetLayerDisconnect in
03-15 18:30:32.362  1032  1097 E SurfaceFlinger: isStylusTargetLayer notifyTargetLayerDisconnect in
03-15 18:30:32.364  1032  1097 E SurfaceFlinger: isStylusTargetLayer notifyTargetLayerDisconnect in
03-15 18:30:32.370  1032  1669 E SurfaceFlinger: isStylusTargetLayer notifyTargetLayerDisconnect in
03-15 18:30:32.371   840  8470 W libc    : Access denied finding property "vendor.dolby.mi.metadata.log"
03-15 18:30:32.371   840  8470 W libc    : Access denied finding property "vendor.dolby.mi.metadata.log"
03-15 18:30:32.371   840  8470 W libc    : Access denied finding property "vendor.dolby.mi.metadata.log"
03-15 18:30:32.372   840  8470 W libc    : Access denied finding property "vendor.dolby.mi.metadata.log"
03-15 18:30:32.372   840  8470 W libc    : Access denied finding property "vendor.dolby.mi.metadata.log"
03-15 18:30:32.372   840  8470 W libc    : Access denied finding property "vendor.dolby.mi.metadata.log"
03-15 18:30:32.372   840  8470 W libc    : Access denied finding property "vendor.dolby.mi.metadata.log"
03-15 18:30:32.372   840  8470 W libc    : Access denied finding property "vendor.dolby.mi.metadata.log"
03-15 18:30:32.372  1032  1669 E SurfaceFlinger: isStylusTargetLayer notifyTargetLayerDisconnect in
03-15 18:30:32.372   840  8358 W libc    : Access denied finding property "hal.record.dump"
03-15 18:30:32.379  1032  1097 E SurfaceFlinger: isStylusTargetLayer notifyTargetLayerDisconnect in
03-15 18:30:32.380  1032  1097 E SurfaceFlinger: isStylusTargetLayer notifyTargetLayerDisconnect in
03-15 18:30:32.387  1032  1097 E SurfaceFlinger: isStylusTargetLayer notifyTargetLayerDisconnect in
03-15 18:30:32.389  1032  1097 E SurfaceFlinger: isStylusTargetLayer notifyTargetLayerDisconnect in
03-15 18:30:32.390  1032  1097 E SurfaceFlinger: isStylusTargetLayer notifyTargetLayerDisconnect in
03-15 18:30:32.396  1032  1669 E SurfaceFlinger: isStylusTargetLayer notifyTargetLayerDisconnect in
03-15 18:30:32.396  1032  1669 E SurfaceFlinger: isStylusTargetLayer notifyTargetLayerDisconnect in
03-15 18:30:32.404  1032  1669 E SurfaceFlinger: isStylusTargetLayer notifyTargetLayerDisconnect in
03-15 18:30:32.405  1032  1097 E SurfaceFlinger: isStylusTargetLayer notifyTargetLayerDisconnect in
03-15 18:30:32.411   840  8470 W libc    : Access denied finding property "vendor.dolby.mi.metadata.log"
03-15 18:30:32.411   840  8470 W libc    : Access denied finding property "vendor.dolby.mi.metadata.log"
03-15 18:30:32.411   840  8470 W libc    : Access denied finding property "vendor.dolby.mi.metadata.log"
03-15 18:30:32.412   840  8470 W libc    : Access denied finding property "vendor.dolby.mi.metadata.log"
03-15 18:30:32.412   840  8470 W libc    : Access denied finding property "vendor.dolby.mi.metadata.log"
03-15 18:30:32.412  1032  1669 E SurfaceFlinger: isStylusTargetLayer notifyTargetLayerDisconnect in
03-15 18:30:32.413   840  8470 W libc    : Access denied finding property "vendor.dolby.mi.metadata.log"
03-15 18:30:32.413   840  8470 W libc    : Access denied finding property "vendor.dolby.mi.metadata.log"
03-15 18:30:32.413   840  8358 W libc    : Access denied finding property "hal.record.dump"
03-15 18:30:32.415  1032  1097 E SurfaceFlinger: isStylusTargetLayer notifyTargetLayerDisconnect in
03-15 18:30:32.421  1032  1097 E SurfaceFlinger: isStylusTargetLayer notifyTargetLayerDisconnect in
03-15 18:30:32.421  1032  3002 E SurfaceFlinger: isStylusTargetLayer notifyTargetLayerDisconnect in
03-15 18:30:32.423  1032  3002 E SurfaceFlinger: isStylusTargetLayer notifyTargetLayerDisconnect in
03-15 18:30:32.429  1032  3002 E SurfaceFlinger: isStylusTargetLayer notifyTargetLayerDisconnect in
03-15 18:30:32.430  1032  3002 E SurfaceFlinger: isStylusTargetLayer notifyTargetLayerDisconnect in
03-15 18:30:32.437  1032  1097 E SurfaceFlinger: isStylusTargetLayer notifyTargetLayerDisconnect in
03-15 18:30:32.438  1032  1097 E SurfaceFlinger: isStylusTargetLayer notifyTargetLayerDisconnect in
03-15 18:30:32.446  1032  1097 E SurfaceFlinger: isStylusTargetLayer notifyTargetLayerDisconnect in
03-15 18:30:32.448  1032  3002 E SurfaceFlinger: isStylusTargetLayer notifyTargetLayerDisconnect in
03-15 18:30:32.452   840  8470 W libc    : Access denied finding property "vendor.dolby.mi.metadata.log"
03-15 18:30:32.452   840  8470 W libc    : Access denied finding property "vendor.dolby.mi.metadata.log"
03-15 18:30:32.452   840  8470 W libc    : Access denied finding property "vendor.dolby.mi.metadata.log"
03-15 18:30:32.452   840  8470 W libc    : Access denied finding property "vendor.dolby.mi.metadata.log"
03-15 18:30:32.453   840  8470 W libc    : Access denied finding property "vendor.dolby.mi.metadata.log"
03-15 18:30:32.453   840  8470 W libc    : Access denied finding property "vendor.dolby.mi.metadata.log"
03-15 18:30:32.453   840  8470 W libc    : Access denied finding property "vendor.dolby.mi.metadata.log"
03-15 18:30:32.453   840  8470 W libc    : Access denied finding property "vendor.dolby.mi.metadata.log"
03-15 18:30:32.454   840  8358 W libc    : Access denied finding property "hal.record.dump"
03-15 18:30:32.454  1032  1097 E SurfaceFlinger: isStylusTargetLayer notifyTargetLayerDisconnect in
03-15 18:30:32.456  1032  1097 E SurfaceFlinger: isStylusTargetLayer notifyTargetLayerDisconnect in
03-15 18:30:32.458  1032  1097 E SurfaceFlinger: isStylusTargetLayer notifyTargetLayerDisconnect in
03-15 18:30:32.462  1032  1097 E SurfaceFlinger: isStylusTargetLayer notifyTargetLayerDisconnect in
03-15 18:30:32.463   999   999 W libc    : Access denied finding property "hwservicemanager.ready"
03-15 18:30:32.463  1032  3002 E SurfaceFlinger: isStylusTargetLayer notifyTargetLayerDisconnect in
03-15 18:30:32.471  1032  3002 E SurfaceFlinger: isStylusTargetLayer notifyTargetLayerDisconnect in
03-15 18:30:32.472  1032  1097 E SurfaceFlinger: isStylusTargetLayer notifyTargetLayerDisconnect in
03-15 18:30:32.480  1032  1097 E SurfaceFlinger: isStylusTargetLayer notifyTargetLayerDisconnect in
03-15 18:30:32.480  1032  3002 E SurfaceFlinger: isStylusTargetLayer notifyTargetLayerDisconnect in
03-15 18:30:32.488  1032  1097 E SurfaceFlinger: isStylusTargetLayer notifyTargetLayerDisconnect in
03-15 18:30:32.488  1032  1097 E SurfaceFlinger: isStylusTargetLayer notifyTargetLayerDisconnect in
03-15 18:30:32.489  1032  3002 E SurfaceFlinger: isStylusTargetLayer notifyTargetLayerDisconnect in
03-15 18:30:32.491   840  8470 W libc    : Access denied finding property "vendor.dolby.mi.metadata.log"
03-15 18:30:32.491   840  8470 W libc    : Access denied finding property "vendor.dolby.mi.metadata.log"
03-15 18:30:32.491   840  8470 W libc    : Access denied finding property "vendor.dolby.mi.metadata.log"
03-15 18:30:32.492   840  8470 W libc    : Access denied finding property "vendor.dolby.mi.metadata.log"
03-15 18:30:32.492   840  8470 W libc    : Access denied finding property "vendor.dolby.mi.metadata.log"
03-15 18:30:32.492   840  8470 W libc    : Access denied finding property "vendor.dolby.mi.metadata.log"
03-15 18:30:32.492   840  8470 W libc    : Access denied finding property "vendor.dolby.mi.metadata.log"
03-15 18:30:32.493   840  8358 W libc    : Access denied finding property "hal.record.dump"
03-15 18:30:32.496  1032  3002 E SurfaceFlinger: isStylusTargetLayer notifyTargetLayerDisconnect in
03-15 18:30:32.497  1032  3002 E SurfaceFlinger: isStylusTargetLayer notifyTargetLayerDisconnect in
03-15 18:30:32.504  1032  3002 E SurfaceFlinger: isStylusTargetLayer notifyTargetLayerDisconnect in
03-15 18:30:32.506  1032  1097 E SurfaceFlinger: isStylusTargetLayer notifyTargetLayerDisconnect in
03-15 18:30:32.513  1032  1097 E SurfaceFlinger: isStylusTargetLayer notifyTargetLayerDisconnect in
03-15 18:30:32.514  1032  1097 E SurfaceFlinger: isStylusTargetLayer notifyTargetLayerDisconnect in
03-15 18:30:32.521  1032  1097 E SurfaceFlinger: isStylusTargetLayer notifyTargetLayerDisconnect in
03-15 18:30:32.521  1032  1097 E SurfaceFlinger: isStylusTargetLayer notifyTargetLayerDisconnect in
03-15 18:30:32.523  1032  1097 E SurfaceFlinger: isStylusTargetLayer notifyTargetLayerDisconnect in
03-15 18:30:32.529  1032  1097 E SurfaceFlinger: isStylusTargetLayer notifyTargetLayerDisconnect in
03-15 18:30:32.531   840  8470 W libc    : Access denied finding property "vendor.dolby.mi.metadata.log"
03-15 18:30:32.531   840  8470 W libc    : Access denied finding property "vendor.dolby.mi.metadata.log"
03-15 18:30:32.531   840  8470 W libc    : Access denied finding property "vendor.dolby.mi.metadata.log"
03-15 18:30:32.531   840  8470 W libc    : Access denied finding property "vendor.dolby.mi.metadata.log"
03-15 18:30:32.531   840  8470 W libc    : Access denied finding property "vendor.dolby.mi.metadata.log"
03-15 18:30:32.531  1032  1097 E SurfaceFlinger: isStylusTargetLayer notifyTargetLayerDisconnect in
03-15 18:30:32.532   840  8470 W libc    : Access denied finding property "vendor.dolby.mi.metadata.log"
03-15 18:30:32.532   840  8470 W libc    : Access denied finding property "vendor.dolby.mi.metadata.log"
03-15 18:30:32.532   840  8470 W libc    : Access denied finding property "vendor.dolby.mi.metadata.log"
03-15 18:30:32.532   840  8358 W libc    : Access denied finding property "hal.record.dump"
03-15 18:30:32.538  1032  1097 E SurfaceFlinger: isStylusTargetLayer notifyTargetLayerDisconnect in
03-15 18:30:32.539  1032  3002 E SurfaceFlinger: isStylusTargetLayer notifyTargetLayerDisconnect in
03-15 18:30:32.546  1032  3002 E SurfaceFlinger: isStylusTargetLayer notifyTargetLayerDisconnect in
03-15 18:30:32.547  1032  3002 E SurfaceFlinger: isStylusTargetLayer notifyTargetLayerDisconnect in
03-15 18:30:32.555  1032  1097 E SurfaceFlinger: isStylusTargetLayer notifyTargetLayerDisconnect in
03-15 18:30:32.557  1032  1097 E SurfaceFlinger: isStylusTargetLayer notifyTargetLayerDisconnect in
03-15 18:30:32.558  1032  1097 E SurfaceFlinger: isStylusTargetLayer notifyTargetLayerDisconnect in
03-15 18:30:32.562  1032  3002 E SurfaceFlinger: isStylusTargetLayer notifyTargetLayerDisconnect in
03-15 18:30:32.563  1032  3002 E SurfaceFlinger: isStylusTargetLayer notifyTargetLayerDisconnect in
03-15 18:30:32.571   840  8470 W libc    : Access denied finding property "vendor.dolby.mi.metadata.log"
03-15 18:30:32.571   840  8470 W libc    : Access denied finding property "vendor.dolby.mi.metadata.log"
03-15 18:30:32.571  1032  3002 E SurfaceFlinger: isStylusTargetLayer notifyTargetLayerDisconnect in
03-15 18:30:32.571   840  8470 W libc    : Access denied finding property "vendor.dolby.mi.metadata.log"
03-15 18:30:32.571   840   840 W effect  : type=1400 audit(0.0:2050551): avc:  denied  { read } for  name="u:object_r:vendor_dolby_prop:s0" dev="tmpfs" ino=11682 scontext=u:r:hal_audio_default:s0 tcontext=u:object_r:vendor_dolby_prop:s0 tclass=file permissive=0
03-15 18:30:32.572   999   999 W libc    : Access denied finding property "hwservicemanager.ready"
03-15 18:30:32.572   840  8470 W libc    : Access denied finding property "vendor.dolby.mi.metadata.log"
03-15 18:30:32.571   999   999 W vendor.stc.hard: type=1400 audit(0.0:2050552): avc:  denied  { read } for  name="u:object_r:hwservicemanager_prop:s0" dev="tmpfs" ino=11515 scontext=u:r:hal_hqkitservice_default:s0 tcontext=u:object_r:hwservicemanager_prop:s0 tclass=file permissive=0
03-15 18:30:32.572   840  8470 W libc    : Access denied finding property "vendor.dolby.mi.metadata.log"
03-15 18:30:32.571   840   840 W effect  : type=1400 audit(0.0:2050553): avc:  denied  { read } for  name="u:object_r:vendor_dolby_prop:s0" dev="tmpfs" ino=11682 scontext=u:r:hal_audio_default:s0 tcontext=u:object_r:vendor_dolby_prop:s0 tclass=file permissive=0
03-15 18:30:32.572   840  8470 W libc    : Access denied finding property "vendor.dolby.mi.metadata.log"
03-15 18:30:32.571   840   840 W effect  : type=1400 audit(0.0:2050554): avc:  denied  { read } for  name="u:object_r:vendor_dolby_prop:s0" dev="tmpfs" ino=11682 scontext=u:r:hal_audio_default:s0 tcontext=u:object_r:vendor_dolby_prop:s0 tclass=file permissive=0
03-15 18:30:32.571   840   840 W effect  : type=1400 audit(0.0:2050555): avc:  denied  { read } for  name="u:object_r:vendor_dolby_prop:s0" dev="tmpfs" ino=11682 scontext=u:r:hal_audio_default:s0 tcontext=u:object_r:vendor_dolby_prop:s0 tclass=file permissive=0
03-15 18:30:32.572   840  8358 W libc    : Access denied finding property "hal.record.dump"
03-15 18:30:32.574  1032  3002 E SurfaceFlinger: isStylusTargetLayer notifyTargetLayerDisconnect in
03-15 18:30:32.580  1032  3002 E SurfaceFlinger: isStylusTargetLayer notifyTargetLayerDisconnect in
03-15 18:30:32.580  1032  1669 E SurfaceFlinger: isStylusTargetLayer notifyTargetLayerDisconnect in
03-15 18:30:32.587  1032  1669 E SurfaceFlinger: isStylusTargetLayer notifyTargetLayerDisconnect in
03-15 18:30:32.588  1032  3002 E SurfaceFlinger: isStylusTargetLayer notifyTargetLayerDisconnect in
03-15 18:30:32.590  1032  3002 E SurfaceFlinger: isStylusTargetLayer notifyTargetLayerDisconnect in
03-15 18:30:32.596  1032  1097 E SurfaceFlinger: isStylusTargetLayer notifyTargetLayerDisconnect in
03-15 18:30:32.597  1032  3002 E SurfaceFlinger: isStylusTargetLayer notifyTargetLayerDisconnect in
03-15 18:30:32.604  1032  3002 E SurfaceFlinger: isStylusTargetLayer notifyTargetLayerDisconnect in
03-15 18:30:32.605  1032  3002 E SurfaceFlinger: isStylusTargetLayer notifyTargetLayerDisconnect in
03-15 18:30:32.612   840  8470 W libc    : Access denied finding property "vendor.dolby.mi.metadata.log"
03-15 18:30:32.612   840  8470 W libc    : Access denied finding property "vendor.dolby.mi.metadata.log"
03-15 18:30:32.612   840  8470 W libc    : Access denied finding property "vendor.dolby.mi.metadata.log"
03-15 18:30:32.612   840  8470 W libc    : Access denied finding property "vendor.dolby.mi.metadata.log"
03-15 18:30:32.612   840  8470 W libc    : Access denied finding property "vendor.dolby.mi.metadata.log"
03-15 18:30:32.612   840  8470 W libc    : Access denied finding property "vendor.dolby.mi.metadata.log"
03-15 18:30:32.613   840  8470 W libc    : Access denied finding property "vendor.dolby.mi.metadata.log"
03-15 18:30:32.613   840  8470 W libc    : Access denied finding property "vendor.dolby.mi.metadata.log"
03-15 18:30:32.613   840  8358 W libc    : Access denied finding property "hal.record.dump"
03-15 18:30:32.613  1032  1097 E SurfaceFlinger: isStylusTargetLayer notifyTargetLayerDisconnect in
03-15 18:30:32.615  1032  1097 E SurfaceFlinger: isStylusTargetLayer notifyTargetLayerDisconnect in
03-15 18:30:32.620  1032  1097 E SurfaceFlinger: isStylusTargetLayer notifyTargetLayerDisconnect in
03-15 18:30:32.621  1032  3002 E SurfaceFlinger: isStylusTargetLayer notifyTargetLayerDisconnect in
03-15 18:30:32.622  1032  3002 E SurfaceFlinger: isStylusTargetLayer notifyTargetLayerDisconnect in
03-15 18:30:32.629  1032  1097 E SurfaceFlinger: isStylusTargetLayer notifyTargetLayerDisconnect in
03-15 18:30:32.630  1032  3002 E SurfaceFlinger: isStylusTargetLayer notifyTargetLayerDisconnect in
03-15 18:30:32.637  1032  1097 E SurfaceFlinger: isStylusTargetLayer notifyTargetLayerDisconnect in
03-15 18:30:32.639  1032  1097 E SurfaceFlinger: isStylusTargetLayer notifyTargetLayerDisconnect in
03-15 18:30:32.645  1032  1097 E SurfaceFlinger: isStylusTargetLayer notifyTargetLayerDisconnect in
03-15 18:30:32.648  1032  1097 E SurfaceFlinger: isStylusTargetLayer notifyTargetLayerDisconnect in
03-15 18:30:32.652   840  8470 W libc    : Access denied finding property "vendor.dolby.mi.metadata.log"
03-15 18:30:32.652   840  8470 W libc    : Access denied finding property "vendor.dolby.mi.metadata.log"
03-15 18:30:32.652   840  8470 W libc    : Access denied finding property "vendor.dolby.mi.metadata.log"
03-15 18:30:32.652   840  8470 W libc    : Access denied finding property "vendor.dolby.mi.metadata.log"
03-15 18:30:32.653   840  8470 W libc    : Access denied finding property "vendor.dolby.mi.metadata.log"
03-15 18:30:32.653   840  8470 W libc    : Access denied finding property "vendor.dolby.mi.metadata.log"
03-15 18:30:32.653   840  8470 W libc    : Access denied finding property "vendor.dolby.mi.metadata.log"
03-15 18:30:32.654   840  8358 W libc    : Access denied finding property "hal.record.dump"
03-15 18:30:32.654  1032  1097 E SurfaceFlinger: isStylusTargetLayer notifyTargetLayerDisconnect in
03-15 18:30:32.655  1032  1097 E SurfaceFlinger: isStylusTargetLayer notifyTargetLayerDisconnect in
03-15 18:30:32.655  1032  3002 E SurfaceFlinger: isStylusTargetLayer notifyTargetLayerDisconnect in
03-15 18:30:32.662  1032  3002 E SurfaceFlinger: isStylusTargetLayer notifyTargetLayerDisconnect in
03-15 18:30:32.664  1032  1097 E SurfaceFlinger: isStylusTargetLayer notifyTargetLayerDisconnect in
03-15 18:30:32.669   866   982 I android.hardware.thermal@2.0-service.qti: uevent triggered for sensor: chg-skin-therm-usr
03-15 18:30:32.669   866   982 I android.hardware.thermal@2.0-service.qti: Sensor Name:skintemp: 31.734. prev severity:0. cur severity:0 New severity:0
03-15 18:30:32.669   866   982 I android.hardware.thermal@2.0-service.qti: uevent triggered for sensor: chg-skin-therm-usr
03-15 18:30:32.669   866   982 I android.hardware.thermal@2.0-service.qti: Sensor Name:skintemp: 31.734. prev severity:0. cur severity:0 New severity:0
03-15 18:30:32.669   866   982 I android.hardware.thermal@2.0-service.qti: uevent triggered for sensor: chg-skin-therm-usr
03-15 18:30:32.669   866   982 I android.hardware.thermal@2.0-service.qti: Sensor Name:skintemp: 31.734. prev severity:0. cur severity:0 New severity:0
03-15 18:30:32.669   866   982 I android.hardware.thermal@2.0-service.qti: uevent triggered for sensor: chg-skin-therm-usr
03-15 18:30:32.669   866   982 I android.hardware.thermal@2.0-service.qti: Sensor Name:skintemp: 31.734. prev severity:0. cur severity:0 New severity:0
03-15 18:30:32.669   866   982 I android.hardware.thermal@2.0-service.qti: uevent triggered for sensor: chg-skin-therm-usr
03-15 18:30:32.669   866   982 I android.hardware.thermal@2.0-service.qti: Sensor Name:skintemp: 31.734. prev severity:0. cur severity:0 New severity:0
03-15 18:30:32.669   866   982 I android.hardware.thermal@2.0-service.qti: uevent triggered for sensor: chg-skin-therm-usr
03-15 18:30:32.669   866   982 I android.hardware.thermal@2.0-service.qti: Sensor Name:skintemp: 31.734. prev severity:0. cur severity:0 New severity:0
03-15 18:30:32.669   866   982 I android.hardware.thermal@2.0-service.qti: uevent triggered for sensor: chg-skin-therm-usr
03-15 18:30:32.669   866   982 I android.hardware.thermal@2.0-service.qti: Sensor Name:skintemp: 31.734. prev severity:0. cur severity:0 New severity:0
03-15 18:30:32.672  1032  1097 E SurfaceFlinger: isStylusTargetLayer notifyTargetLayerDisconnect in
03-15 18:30:32.672  1032  3002 E SurfaceFlinger: isStylusTargetLayer notifyTargetLayerDisconnect in
03-15 18:30:32.679  1032  3002 E SurfaceFlinger: isStylusTargetLayer notifyTargetLayerDisconnect in
03-15 18:30:32.681  1032  3002 E SurfaceFlinger: isStylusTargetLayer notifyTargetLayerDisconnect in
03-15 18:30:32.687  1032  1097 E SurfaceFlinger: isStylusTargetLayer notifyTargetLayerDisconnect in
03-15 18:30:32.687  1032  1098 E SurfaceFlinger: isStylusTargetLayer notifyTargetLayerDisconnect in
03-15 18:30:32.689  1032  3002 E SurfaceFlinger: isStylusTargetLayer notifyTargetLayerDisconnect in
03-15 18:30:32.691   840  8470 W libc    : Access denied finding property "vendor.dolby.mi.metadata.log"
03-15 18:30:32.691   840  8470 W libc    : Access denied finding property "vendor.dolby.mi.metadata.log"
03-15 18:30:32.691   840  8470 W libc    : Access denied finding property "vendor.dolby.mi.metadata.log"
03-15 18:30:32.691   840  8470 W libc    : Access denied finding property "vendor.dolby.mi.metadata.log"
03-15 18:30:32.691   840  8470 W libc    : Access denied finding property "vendor.dolby.mi.metadata.log"
03-15 18:30:32.691   840  8470 W libc    : Access denied finding property "vendor.dolby.mi.metadata.log"
03-15 18:30:32.692   840  8470 W libc    : Access denied finding property "vendor.dolby.mi.metadata.log"
03-15 18:30:32.692   840  8470 W libc    : Access denied finding property "vendor.dolby.mi.metadata.log"
03-15 18:30:32.692   840  8358 W libc    : Access denied finding property "hal.record.dump"
03-15 18:30:32.696  1032  3002 E SurfaceFlinger: isStylusTargetLayer notifyTargetLayerDisconnect in
03-15 18:30:32.697  1032  3002 E SurfaceFlinger: isStylusTargetLayer notifyTargetLayerDisconnect in
03-15 18:30:32.698 17158 17288 V MSF.C.MSFCore[@PS]: [Event] MSFPacketStatistics.cpp(300)::DoCheckRequestTimeout->current rtts:53.124
03-15 18:30:32.704  1032  3002 E SurfaceFlinger: isStylusTargetLayer notifyTargetLayerDisconnect in
03-15 18:30:32.706  1032  3002 E SurfaceFlinger: isStylusTargetLayer notifyTargetLayerDisconnect in
03-15 18:30:32.712  1032  3002 E SurfaceFlinger: isStylusTargetLayer notifyTargetLayerDisconnect in
03-15 18:30:32.713  1032  3002 E SurfaceFlinger: isStylusTargetLayer notifyTargetLayerDisconnect in
03-15 18:30:32.721  1032  1098 E SurfaceFlinger: isStylusTargetLayer notifyTargetLayerDisconnect in
03-15 18:30:32.721  1032  1097 E SurfaceFlinger: isStylusTargetLayer notifyTargetLayerDisconnect in
03-15 18:30:32.723  1032  3002 E SurfaceFlinger: isStylusTargetLayer notifyTargetLayerDisconnect in
03-15 18:30:32.729  1032  1097 E SurfaceFlinger: isStylusTargetLayer notifyTargetLayerDisconnect in
03-15 18:30:32.731  1032  3002 E SurfaceFlinger: isStylusTargetLayer notifyTargetLayerDisconnect in
03-15 18:30:32.731   840  8470 W libc    : Access denied finding property "vendor.dolby.mi.metadata.log"
03-15 18:30:32.731   840  8470 W libc    : Access denied finding property "vendor.dolby.mi.metadata.log"
03-15 18:30:32.731   840  8470 W libc    : Access denied finding property "vendor.dolby.mi.metadata.log"
03-15 18:30:32.732   840  8470 W libc    : Access denied finding property "vendor.dolby.mi.metadata.log"
03-15 18:30:32.732   840  8470 W libc    : Access denied finding property "vendor.dolby.mi.metadata.log"
03-15 18:30:32.732   840  8470 W libc    : Access denied finding property "vendor.dolby.mi.metadata.log"
03-15 18:30:32.732   840  8470 W libc    : Access denied finding property "vendor.dolby.mi.metadata.log"
03-15 18:30:32.733   840  8358 W libc    : Access denied finding property "hal.record.dump"
03-15 18:30:32.738  1032  1097 E SurfaceFlinger: isStylusTargetLayer notifyTargetLayerDisconnect in
03-15 18:30:32.738  1032  3002 E SurfaceFlinger: isStylusTargetLayer notifyTargetLayerDisconnect in
03-15 18:30:32.746  1032  3002 E SurfaceFlinger: isStylusTargetLayer notifyTargetLayerDisconnect in
03-15 18:30:32.746   999   999 W libc    : Access denied finding property "hwservicemanager.ready"
03-15 18:30:32.749  1032  3002 E SurfaceFlinger: isStylusTargetLayer notifyTargetLayerDisconnect in
03-15 18:30:32.754  1032  1669 E SurfaceFlinger: isStylusTargetLayer notifyTargetLayerDisconnect in
03-15 18:30:32.754  1032  1669 E SurfaceFlinger: isStylusTargetLayer notifyTargetLayerDisconnect in
03-15 18:30:32.755  1032  3002 E SurfaceFlinger: isStylusTargetLayer notifyTargetLayerDisconnect in
03-15 18:30:32.763  1032  1669 E SurfaceFlinger: isStylusTargetLayer notifyTargetLayerDisconnect in
03-15 18:30:32.764  1032  3002 E SurfaceFlinger: isStylusTargetLayer notifyTargetLayerDisconnect in
03-15 18:30:32.771  1032  3002 E SurfaceFlinger: isStylusTargetLayer notifyTargetLayerDisconnect in
03-15 18:30:32.771   840  8470 W libc    : Access denied finding property "vendor.dolby.mi.metadata.log"
03-15 18:30:32.771   840  8470 W libc    : Access denied finding property "vendor.dolby.mi.metadata.log"
03-15 18:30:32.772   840  8470 W libc    : Access denied finding property "vendor.dolby.mi.metadata.log"
03-15 18:30:32.772   840  8470 W libc    : Access denied finding property "vendor.dolby.mi.metadata.log"
03-15 18:30:32.772   840  8470 W libc    : Access denied finding property "vendor.dolby.mi.metadata.log"
03-15 18:30:32.772   840  8470 W libc    : Access denied finding property "vendor.dolby.mi.metadata.log"
03-15 18:30:32.772   840  8470 W libc    : Access denied finding property "vendor.dolby.mi.metadata.log"
03-15 18:30:32.772  1032  3002 E SurfaceFlinger: isStylusTargetLayer notifyTargetLayerDisconnect in
03-15 18:30:32.772   840  8470 W libc    : Access denied finding property "vendor.dolby.mi.metadata.log"
03-15 18:30:32.772   840  8358 W libc    : Access denied finding property "hal.record.dump"
03-15 18:30:32.779  1032  3002 E SurfaceFlinger: isStylusTargetLayer notifyTargetLayerDisconnect in
03-15 18:30:32.780  1032  1669 E SurfaceFlinger: isStylusTargetLayer notifyTargetLayerDisconnect in
03-15 18:30:32.788  1032  1097 E SurfaceFlinger: isStylusTargetLayer notifyTargetLayerDisconnect in
03-15 18:30:32.788  1032  1098 E SurfaceFlinger: isStylusTargetLayer notifyTargetLayerDisconnect in
03-15 18:30:32.790  1032  1098 E SurfaceFlinger: isStylusTargetLayer notifyTargetLayerDisconnect in
03-15 18:30:32.796  1032  1669 E SurfaceFlinger: isStylusTargetLayer notifyTargetLayerDisconnect in
03-15 18:30:32.798  1032  1098 E SurfaceFlinger: isStylusTargetLayer notifyTargetLayerDisconnect in
03-15 18:30:32.804  1032  1669 E SurfaceFlinger: isStylusTargetLayer notifyTargetLayerDisconnect in
03-15 18:30:32.805  1032  1669 E SurfaceFlinger: isStylusTargetLayer notifyTargetLayerDisconnect in
03-15 18:30:32.811   840  8470 W libc    : Access denied finding property "vendor.dolby.mi.metadata.log"
03-15 18:30:32.811   840  8470 W libc    : Access denied finding property "vendor.dolby.mi.metadata.log"
03-15 18:30:32.811   840  8470 W libc    : Access denied finding property "vendor.dolby.mi.metadata.log"
03-15 18:30:32.811   840  8470 W libc    : Access denied finding property "vendor.dolby.mi.metadata.log"
03-15 18:30:32.812   840  8470 W libc    : Access denied finding property "vendor.dolby.mi.metadata.log"
03-15 18:30:32.812   840  8470 W libc    : Access denied finding property "vendor.dolby.mi.metadata.log"
03-15 18:30:32.812   840  8470 W libc    : Access denied finding property "vendor.dolby.mi.metadata.log"
03-15 18:30:32.812   840  8358 W libc    : Access denied finding property "hal.record.dump"
03-15 18:30:32.813  1032  1669 E SurfaceFlinger: isStylusTargetLayer notifyTargetLayerDisconnect in
03-15 18:30:32.815  1032  1669 E SurfaceFlinger: isStylusTargetLayer notifyTargetLayerDisconnect in
03-15 18:30:32.821  1032  3002 E SurfaceFlinger: isStylusTargetLayer notifyTargetLayerDisconnect in
03-15 18:30:32.821  1032  1097 E SurfaceFlinger: isStylusTargetLayer notifyTargetLayerDisconnect in
03-15 18:30:32.823  1032  1669 E SurfaceFlinger: isStylusTargetLayer notifyTargetLayerDisconnect in
03-15 18:30:32.829  1032  1097 E SurfaceFlinger: isStylusTargetLayer notifyTargetLayerDisconnect in
03-15 18:30:32.831  1032  1669 E SurfaceFlinger: isStylusTargetLayer notifyTargetLayerDisconnect in
03-15 18:30:32.838  1032  1669 E SurfaceFlinger: isStylusTargetLayer notifyTargetLayerDisconnect in
03-15 18:30:32.839  1032  1669 E SurfaceFlinger: isStylusTargetLayer notifyTargetLayerDisconnect in
03-15 18:30:32.846  1032  1669 E SurfaceFlinger: isStylusTargetLayer notifyTargetLayerDisconnect in
03-15 18:30:32.846  1032  1097 E SurfaceFlinger: isStylusTargetLayer notifyTargetLayerDisconnect in
03-15 18:30:32.851   840  8470 W libc    : Access denied finding property "vendor.dolby.mi.metadata.log"
03-15 18:30:32.851   840  8470 W libc    : Access denied finding property "vendor.dolby.mi.metadata.log"
03-15 18:30:32.851   840  8470 W libc    : Access denied finding property "vendor.dolby.mi.metadata.log"
03-15 18:30:32.851   840  8470 W libc    : Access denied finding property "vendor.dolby.mi.metadata.log"
03-15 18:30:32.851   840  8470 W libc    : Access denied finding property "vendor.dolby.mi.metadata.log"
03-15 18:30:32.852   840  8470 W libc    : Access denied finding property "vendor.dolby.mi.metadata.log"
03-15 18:30:32.852   840  8470 W libc    : Access denied finding property "vendor.dolby.mi.metadata.log"
03-15 18:30:32.852   840  8470 W libc    : Access denied finding property "vendor.dolby.mi.metadata.log"
03-15 18:30:32.852   840  8358 W libc    : Access denied finding property "hal.record.dump"
03-15 18:30:32.854  1032  1097 E SurfaceFlinger: isStylusTargetLayer notifyTargetLayerDisconnect in
03-15 18:30:32.855  1032  1669 E SurfaceFlinger: isStylusTargetLayer notifyTargetLayerDisconnect in
03-15 18:30:32.857  1032  1669 E SurfaceFlinger: isStylusTargetLayer notifyTargetLayerDisconnect in
03-15 18:30:32.863  1032  1097 E SurfaceFlinger: isStylusTargetLayer notifyTargetLayerDisconnect in
03-15 18:30:32.864  1032  1669 E SurfaceFlinger: isStylusTargetLayer notifyTargetLayerDisconnect in
03-15 18:30:32.871  1032  1097 E SurfaceFlinger: isStylusTargetLayer notifyTargetLayerDisconnect in
03-15 18:30:32.871   999   999 W libc    : Access denied finding property "hwservicemanager.ready"
03-15 18:30:32.873  1032  1669 E SurfaceFlinger: isStylusTargetLayer notifyTargetLayerDisconnect in
03-15 18:30:32.879  1032  1097 E SurfaceFlinger: isStylusTargetLayer notifyTargetLayerDisconnect in
03-15 18:30:32.881  1032  1097 E SurfaceFlinger: isStylusTargetLayer notifyTargetLayerDisconnect in
03-15 18:30:32.887  1032  1669 E SurfaceFlinger: isStylusTargetLayer notifyTargetLayerDisconnect in
03-15 18:30:32.888  1032  1669 E SurfaceFlinger: isStylusTargetLayer notifyTargetLayerDisconnect in
03-15 18:30:32.889  1032  1669 E SurfaceFlinger: isStylusTargetLayer notifyTargetLayerDisconnect in
03-15 18:30:32.891   840  8470 W libc    : Access denied finding property "vendor.dolby.mi.metadata.log"
03-15 18:30:32.891   840  8470 W libc    : Access denied finding property "vendor.dolby.mi.metadata.log"
03-15 18:30:32.891   840  8470 W libc    : Access denied finding property "vendor.dolby.mi.metadata.log"
03-15 18:30:32.891   840  8470 W libc    : Access denied finding property "vendor.dolby.mi.metadata.log"
03-15 18:30:32.891   840  8470 W libc    : Access denied finding property "vendor.dolby.mi.metadata.log"
03-15 18:30:32.892   840  8470 W libc    : Access denied finding property "vendor.dolby.mi.metadata.log"
03-15 18:30:32.892   840  8470 W libc    : Access denied finding property "vendor.dolby.mi.metadata.log"
03-15 18:30:32.892   840  8358 W libc    : Access denied finding property "hal.record.dump"
03-15 18:30:32.896  1032  1097 E SurfaceFlinger: isStylusTargetLayer notifyTargetLayerDisconnect in
03-15 18:30:32.898  1032  1097 E SurfaceFlinger: isStylusTargetLayer notifyTargetLayerDisconnect in
03-15 18:30:32.904  1032  1097 E SurfaceFlinger: isStylusTargetLayer notifyTargetLayerDisconnect in
03-15 18:30:32.905  1032  1098 E SurfaceFlinger: isStylusTargetLayer notifyTargetLayerDisconnect in
03-15 18:30:32.912  1032  1098 E SurfaceFlinger: isStylusTargetLayer notifyTargetLayerDisconnect in
03-15 18:30:32.913  1032  1098 E SurfaceFlinger: isStylusTargetLayer notifyTargetLayerDisconnect in
03-15 18:30:32.921  1032  1097 E SurfaceFlinger: isStylusTargetLayer notifyTargetLayerDisconnect in
03-15 18:30:32.921  1032  1097 E SurfaceFlinger: isStylusTargetLayer notifyTargetLayerDisconnect in
03-15 18:30:32.922  1032  1098 E SurfaceFlinger: isStylusTargetLayer notifyTargetLayerDisconnect in
03-15 18:30:32.929  1032  1098 E SurfaceFlinger: isStylusTargetLayer notifyTargetLayerDisconnect in
03-15 18:30:32.931   840  8470 W libc    : Access denied finding property "vendor.dolby.mi.metadata.log"
03-15 18:30:32.931   840  8470 W libc    : Access denied finding property "vendor.dolby.mi.metadata.log"
03-15 18:30:32.931  1032  1097 E SurfaceFlinger: isStylusTargetLayer notifyTargetLayerDisconnect in
03-15 18:30:32.931   840  8470 W libc    : Access denied finding property "vendor.dolby.mi.metadata.log"
03-15 18:30:32.931   840  8470 D DlbDap2Process: process() called [1654000] times with input channel mask 0x3 (ProcessingMode=1)
03-15 18:30:32.931   840  8470 W libc    : Access denied finding property "vendor.dolby.mi.metadata.log"
03-15 18:30:32.931   840  8470 W libc    : Access denied finding property "vendor.dolby.mi.metadata.log"
03-15 18:30:32.932   840  8470 W libc    : Access denied finding property "vendor.dolby.mi.metadata.log"
03-15 18:30:32.932   840  8470 W libc    : Access denied finding property "vendor.dolby.mi.metadata.log"
03-15 18:30:32.932   840  8470 W libc    : Access denied finding property "vendor.dolby.mi.metadata.log"
03-15 18:30:32.932   840  8358 W libc    : Access denied finding property "hal.record.dump"
03-15 18:30:32.937  1032  1097 E SurfaceFlinger: isStylusTargetLayer notifyTargetLayerDisconnect in
03-15 18:30:32.939  1032  1097 E SurfaceFlinger: isStylusTargetLayer notifyTargetLayerDisconnect in
03-15 18:30:32.946  1032  1097 E SurfaceFlinger: isStylusTargetLayer notifyTargetLayerDisconnect in
03-15 18:30:32.947  1032  1097 E SurfaceFlinger: isStylusTargetLayer notifyTargetLayerDisconnect in
03-15 18:30:32.954  1032  1097 E SurfaceFlinger: isStylusTargetLayer notifyTargetLayerDisconnect in
03-15 18:30:32.954  1032  1097 E SurfaceFlinger: isStylusTargetLayer notifyTargetLayerDisconnect in
03-15 18:30:32.956  1032  1669 E SurfaceFlinger: isStylusTargetLayer notifyTargetLayerDisconnect in
03-15 18:30:32.963  1032  1669 E SurfaceFlinger: isStylusTargetLayer notifyTargetLayerDisconnect in
03-15 18:30:32.965  1032  1669 E SurfaceFlinger: isStylusTargetLayer notifyTargetLayerDisconnect in
03-15 18:30:32.971   840  8470 W libc    : Access denied finding property "vendor.dolby.mi.metadata.log"
03-15 18:30:32.971   840  8470 W libc    : Access denied finding property "vendor.dolby.mi.metadata.log"
03-15 18:30:32.972   840  8470 W libc    : Access denied finding property "vendor.dolby.mi.metadata.log"
03-15 18:30:32.972   999   999 W libc    : Access denied finding property "hwservicemanager.ready"
03-15 18:30:32.972   840  8470 W libc    : Access denied finding property "vendor.dolby.mi.metadata.log"
03-15 18:30:32.972   840  8470 W libc    : Access denied finding property "vendor.dolby.mi.metadata.log"
03-15 18:30:32.972   840  8470 W libc    : Access denied finding property "vendor.dolby.mi.metadata.log"
03-15 18:30:32.972  1032  1669 E SurfaceFlinger: isStylusTargetLayer notifyTargetLayerDisconnect in
03-15 18:30:32.972  1032  1669 E SurfaceFlinger: isStylusTargetLayer notifyTargetLayerDisconnect in
03-15 18:30:32.972   840  8470 W libc    : Access denied finding property "vendor.dolby.mi.metadata.log"
03-15 18:30:32.972   840  8358 W libc    : Access denied finding property "hal.record.dump"
03-15 18:30:32.979  1032  1098 E SurfaceFlinger: isStylusTargetLayer notifyTargetLayerDisconnect in
03-15 18:30:32.980  1032  1098 E SurfaceFlinger: isStylusTargetLayer notifyTargetLayerDisconnect in
03-15 18:30:32.988  1032  1098 E SurfaceFlinger: isStylusTargetLayer notifyTargetLayerDisconnect in
03-15 18:30:32.988  1032  1098 E SurfaceFlinger: isStylusTargetLayer notifyTargetLayerDisconnect in
03-15 18:30:32.989  1032  1098 E SurfaceFlinger: isStylusTargetLayer notifyTargetLayerDisconnect in
03-15 18:30:32.998  1032  1097 E SurfaceFlinger: isStylusTargetLayer notifyTargetLayerDisconnect in
03-15 18:30:32.998  1032  1097 E SurfaceFlinger: isStylusTargetLayer notifyTargetLayerDisconnect in
03-15 18:30:33.004  1032  1669 E SurfaceFlinger: isStylusTargetLayer notifyTargetLayerDisconnect in
03-15 18:30:33.006  1032  1097 E SurfaceFlinger: isStylusTargetLayer notifyTargetLayerDisconnect in
03-15 18:30:33.011   840  8470 W libc    : Access denied finding property "vendor.dolby.mi.metadata.log"
03-15 18:30:33.011   840  8470 W libc    : Access denied finding property "vendor.dolby.mi.metadata.log"
03-15 18:30:33.011   840  8470 W libc    : Access denied finding property "vendor.dolby.mi.metadata.log"
03-15 18:30:33.011   840  8470 W libc    : Access denied finding property "vendor.dolby.mi.metadata.log"
03-15 18:30:33.012   840  8470 W libc    : Access denied finding property "vendor.dolby.mi.metadata.log"
03-15 18:30:33.012   840  8470 W libc    : Access denied finding property "vendor.dolby.mi.metadata.log"
03-15 18:30:33.012   840  8470 W libc    : Access denied finding property "vendor.dolby.mi.metadata.log"
03-15 18:30:33.012   840  8470 W libc    : Access denied finding property "vendor.dolby.mi.metadata.log"
03-15 18:30:33.012   840  8358 W libc    : Access denied finding property "hal.record.dump"
03-15 18:30:33.013  1032  1097 E SurfaceFlinger: isStylusTargetLayer notifyTargetLayerDisconnect in
03-15 18:30:33.015  1032  1669 E SurfaceFlinger: isStylusTargetLayer notifyTargetLayerDisconnect in
03-15 18:30:33.021  1032  1097 E SurfaceFlinger: isStylusTargetLayer notifyTargetLayerDisconnect in
03-15 18:30:33.021  1032  1097 E SurfaceFlinger: isStylusTargetLayer notifyTargetLayerDisconnect in
03-15 18:30:33.022  1032  1097 E SurfaceFlinger: isStylusTargetLayer notifyTargetLayerDisconnect in
03-15 18:30:33.029  1032  1669 E SurfaceFlinger: isStylusTargetLayer notifyTargetLayerDisconnect in
03-15 18:30:33.031  1032  1097 E SurfaceFlinger: isStylusTargetLayer notifyTargetLayerDisconnect in
03-15 18:30:33.038  1032  1097 E SurfaceFlinger: isStylusTargetLayer notifyTargetLayerDisconnect in
03-15 18:30:33.039  1032  1097 E SurfaceFlinger: isStylusTargetLayer notifyTargetLayerDisconnect in
03-15 18:30:33.046  1032  1669 E SurfaceFlinger: isStylusTargetLayer notifyTargetLayerDisconnect in
03-15 18:30:33.048  1032  1097 E SurfaceFlinger: isStylusTargetLayer notifyTargetLayerDisconnect in
03-15 18:30:33.051   840  8470 W libc    : Access denied finding property "vendor.dolby.mi.metadata.log"
03-15 18:30:33.051   840  8470 W libc    : Access denied finding property "vendor.dolby.mi.metadata.log"
03-15 18:30:33.051   840  8470 W libc    : Access denied finding property "vendor.dolby.mi.metadata.log"
03-15 18:30:33.051   840  8470 W libc    : Access denied finding property "vendor.dolby.mi.metadata.log"
03-15 18:30:33.052   840  8470 W libc    : Access denied finding property "vendor.dolby.mi.metadata.log"
03-15 18:30:33.052   840  8470 W libc    : Access denied finding property "vendor.dolby.mi.metadata.log"
03-15 18:30:33.052   840  8470 W libc    : Access denied finding property "vendor.dolby.mi.metadata.log"
03-15 18:30:33.052   840  8358 W libc    : Access denied finding property "hal.record.dump"
03-15 18:30:33.054  1032  1669 E SurfaceFlinger: isStylusTargetLayer notifyTargetLayerDisconnect in
03-15 18:30:33.055  1032  1669 E SurfaceFlinger: isStylusTargetLayer notifyTargetLayerDisconnect in
03-15 18:30:33.056  1032  1669 E SurfaceFlinger: isStylusTargetLayer notifyTargetLayerDisconnect in
03-15 18:30:33.063  1032  1098 E SurfaceFlinger: isStylusTargetLayer notifyTargetLayerDisconnect in
03-15 18:30:33.064  1032  1098 E SurfaceFlinger: isStylusTargetLayer notifyTargetLayerDisconnect in
03-15 18:30:33.071   999   999 W libc    : Access denied finding property "hwservicemanager.ready"
03-15 18:30:33.072  1032  1098 E SurfaceFlinger: isStylusTargetLayer notifyTargetLayerDisconnect in
03-15 18:30:33.072  1032  1097 E SurfaceFlinger: isStylusTargetLayer notifyTargetLayerDisconnect in
03-15 18:30:33.079  1032  1098 E SurfaceFlinger: isStylusTargetLayer notifyTargetLayerDisconnect in
03-15 18:30:33.081  1032  1098 E SurfaceFlinger: isStylusTargetLayer notifyTargetLayerDisconnect in
03-15 18:30:33.088  1032  1098 E SurfaceFlinger: isStylusTargetLayer notifyTargetLayerDisconnect in
03-15 18:30:33.088  1032  1098 E SurfaceFlinger: isStylusTargetLayer notifyTargetLayerDisconnect in
03-15 18:30:33.089  1032  1669 E SurfaceFlinger: isStylusTargetLayer notifyTargetLayerDisconnect in
03-15 18:30:33.091   840  8470 W libc    : Access denied finding property "vendor.dolby.mi.metadata.log"
03-15 18:30:33.091   840  8470 W libc    : Access denied finding property "vendor.dolby.mi.metadata.log"
03-15 18:30:33.091   840  8470 W libc    : Access denied finding property "vendor.dolby.mi.metadata.log"
03-15 18:30:33.091   840  8470 W libc    : Access denied finding property "vendor.dolby.mi.metadata.log"
03-15 18:30:33.091   840  8470 W libc    : Access denied finding property "vendor.dolby.mi.metadata.log"
03-15 18:30:33.091   840  8470 W libc    : Access denied finding property "vendor.dolby.mi.metadata.log"
03-15 18:30:33.092   840  8470 W libc    : Access denied finding property "vendor.dolby.mi.metadata.log"
03-15 18:30:33.092   840  8470 W libc    : Access denied finding property "vendor.dolby.mi.metadata.log"
03-15 18:30:33.092   840  8358 W libc    : Access denied finding property "hal.record.dump"
03-15 18:30:33.096  1032  1097 E SurfaceFlinger: isStylusTargetLayer notifyTargetLayerDisconnect in
03-15 18:30:33.097  1032  1097 E SurfaceFlinger: isStylusTargetLayer notifyTargetLayerDisconnect in
03-15 18:30:33.105  1032  1669 E SurfaceFlinger: isStylusTargetLayer notifyTargetLayerDisconnect in
03-15 18:30:33.105  1032  1097 E SurfaceFlinger: isStylusTargetLayer notifyTargetLayerDisconnect in
03-15 18:30:33.112  1032  1098 E SurfaceFlinger: isStylusTargetLayer notifyTargetLayerDisconnect in
03-15 18:30:33.114  1032  1098 E SurfaceFlinger: isStylusTargetLayer notifyTargetLayerDisconnect in
03-15 18:30:33.121  1032  1669 E SurfaceFlinger: isStylusTargetLayer notifyTargetLayerDisconnect in
03-15 18:30:33.121  1032  1669 E SurfaceFlinger: isStylusTargetLayer notifyTargetLayerDisconnect in
03-15 18:30:33.122  1032  1098 E SurfaceFlinger: isStylusTargetLayer notifyTargetLayerDisconnect in
03-15 18:30:33.129  1032  1669 E SurfaceFlinger: isStylusTargetLayer notifyTargetLayerDisconnect in
03-15 18:30:33.130  1032  1669 E SurfaceFlinger: isStylusTargetLayer notifyTargetLayerDisconnect in
03-15 18:30:33.131   840  8470 W libc    : Access denied finding property "vendor.dolby.mi.metadata.log"
03-15 18:30:33.131   840  8470 W libc    : Access denied finding property "vendor.dolby.mi.metadata.log"
03-15 18:30:33.131   840  8470 W libc    : Access denied finding property "vendor.dolby.mi.metadata.log"
03-15 18:30:33.132   840  8470 W libc    : Access denied finding property "vendor.dolby.mi.metadata.log"
03-15 18:30:33.132   840  8470 W libc    : Access denied finding property "vendor.dolby.mi.metadata.log"
03-15 18:30:33.132   840  8470 W libc    : Access denied finding property "vendor.dolby.mi.metadata.log"
03-15 18:30:33.132   840  8470 W libc    : Access denied finding property "vendor.dolby.mi.metadata.log"
03-15 18:30:33.132   840  8358 W libc    : Access denied finding property "hal.record.dump"
03-15 18:30:33.138  1032  1669 E SurfaceFlinger: isStylusTargetLayer notifyTargetLayerDisconnect in
03-15 18:30:33.138  1032  1669 E SurfaceFlinger: isStylusTargetLayer notifyTargetLayerDisconnect in
03-15 18:30:33.146  1032  1098 E SurfaceFlinger: isStylusTargetLayer notifyTargetLayerDisconnect in
03-15 18:30:33.147  1032  1098 E SurfaceFlinger: isStylusTargetLayer notifyTargetLayerDisconnect in
03-15 18:30:33.154  1032  1669 E SurfaceFlinger: isStylusTargetLayer notifyTargetLayerDisconnect in
03-15 18:30:33.155  1032  1098 E SurfaceFlinger: isStylusTargetLayer notifyTargetLayerDisconnect in
03-15 18:30:33.156  1032  1098 E SurfaceFlinger: isStylusTargetLayer notifyTargetLayerDisconnect in
03-15 18:30:33.162  1032  1669 E SurfaceFlinger: isStylusTargetLayer notifyTargetLayerDisconnect in
03-15 18:30:33.164  1032  1669 E SurfaceFlinger: isStylusTargetLayer notifyTargetLayerDisconnect in
03-15 18:30:33.171   840  8470 W libc    : Access denied finding property "vendor.dolby.mi.metadata.log"
03-15 18:30:33.171  1032  1098 E SurfaceFlinger: isStylusTargetLayer notifyTargetLayerDisconnect in
03-15 18:30:33.171   840  8470 W libc    : Access denied finding property "vendor.dolby.mi.metadata.log"
03-15 18:30:33.171   840  8470 W libc    : Access denied finding property "vendor.dolby.mi.metadata.log"
03-15 18:30:33.172   840  8470 W libc    : Access denied finding property "vendor.dolby.mi.metadata.log"
03-15 18:30:33.172   840  8470 W libc    : Access denied finding property "vendor.dolby.mi.metadata.log"
03-15 18:30:33.172   840  8470 W libc    : Access denied finding property "vendor.dolby.mi.metadata.log"
03-15 18:30:33.172   840  8470 W libc    : Access denied finding property "vendor.dolby.mi.metadata.log"
03-15 18:30:33.172   840  8470 W libc    : Access denied finding property "vendor.dolby.mi.metadata.log"
03-15 18:30:33.172   840  8358 W libc    : Access denied finding property "hal.record.dump"
