03-15 18:09:53.871  1474 11974 D AppOps  : recordOpsBehaviorForZui() called with: code = [214], uid = [10149], packageName = [com.google.android.gms], attributionTag = [null], mode = [0]
03-15 18:09:53.948  1474  2492 D AppOps  : recordOpsBehaviorForZui() called with: code = [214], uid = [10149], packageName = [com.google.android.gms], attributionTag = [null], mode = [0]
03-15 18:09:54.065  1474  1621 W VoiceInteractionManager: no available voice recognition services found for user 0
03-15 18:09:54.396 30878 30878 E ActivityThread: Failed to find provider info for com.miui.personalassistant.widget.external
03-15 18:09:54.536  1474  4660 D AlarmManager: final first Wakeup:28882243 now: 28861627 isInNightMode:false
03-15 18:09:54.537  1474  4660 D AlarmManager: final first Wakeup:28882243 now: 28861627 isInNightMode:false
03-15 18:09:54.559 11498 11566 W Looper  : Slow dispatch took 1224ms Business0 h=android.os.Handler c=com.lenovo.leos.appstore.application.f@fc7544c m=0
03-15 18:09:55.337  1474  2490 D AppOps  : recordOpsBehaviorForZui() called with: code = [214], uid = [10112], packageName = [com.lenovo.leos.appstore], attributionTag = [null], mode = [0]
03-15 18:09:55.400 30878 30878 E ActivityThread: Failed to find provider info for com.miui.personalassistant.widget.external
03-15 18:09:55.614  1474  3678 E TaskPersister: File error accessing recents directory (directory doesn't exist?).
03-15 18:09:55.911  1474  2019 I OneModeService: initRealBlackListAsUser resolveInfoList size:1
03-15 18:09:56.410 30878 30878 E ActivityThread: Failed to find provider info for com.miui.personalassistant.widget.external
03-15 18:09:57.418 30878 30878 E ActivityThread: Failed to find provider info for com.miui.personalassistant.widget.external
03-15 18:09:58.320  1474  4660 W ActivityTaskManager: callingPackage for (uid=2000, pid=11759) has no WPC
03-15 18:09:58.321  1474  4660 D ActivityTaskManager: executeRequest appLockEnabled = true
03-15 18:09:58.321  1474  4660 D ActivityStartInterceptor: intercept appLockEnabled = true
03-15 18:09:58.321  1474  4660 D ActivityStartInterceptor: createAppLockIntentWhenIntercept shouldConfirm = false
03-15 18:09:58.321  1474  4660 D ActivityStartInterceptor: interceptWithAppLockConfirmCredentials newIntent == null
03-15 18:09:58.321  1474  4660 D ActivityStartInterceptor: interceptAppLock called
03-15 18:09:58.321  1474  4660 D ActivityStartInterceptor: interceptAppLock interceptingIntent null return false.
03-15 18:09:58.321  1474  4660 D CompatibilityChangeReporter: Compat change id reported: 265464455; UID 10260; state: DISABLED
03-15 18:09:58.321  1474  4660 D CompatibilityChangeReporter: Compat change id reported: 265452344; UID 10260; state: DISABLED
03-15 18:09:58.321  1474  4660 D CompatibilityChangeReporter: Compat change id reported: 266124927; UID 10260; state: DISABLED
03-15 18:09:58.322  1474  4660 D CompatibilityChangeReporter: Compat change id reported: 265451093; UID 10260; state: DISABLED
03-15 18:09:58.322  1474  4660 D CompatibilityChangeReporter: Compat change id reported: 265456536; UID 10260; state: DISABLED
03-15 18:09:58.322  1474  4660 D CompatibilityChangeReporter: Compat change id reported: 255940284; UID 10260; state: DISABLED
03-15 18:09:58.322  1474  4660 D CompatibilityChangeReporter: Compat change id reported: 236283604; UID 10260; state: DISABLED
03-15 18:09:58.322  1474  4660 D CompatibilityChangeReporter: Compat change id reported: 263959004; UID 10260; state: DISABLED
03-15 18:09:58.322  1474  4660 D CompatibilityChangeReporter: Compat change id reported: 264304459; UID 10260; state: DISABLED
03-15 18:09:58.322  1474  4660 D CompatibilityChangeReporter: Compat change id reported: 264301586; UID 10260; state: DISABLED
03-15 18:09:58.322  1474  4660 D CompatibilityChangeReporter: Compat change id reported: 254631730; UID 10260; state: DISABLED
03-15 18:09:58.322  1474  4660 D CompatibilityChangeReporter: Compat change id reported: 273509367; UID 10260; state: DISABLED
03-15 18:09:58.322  1474  4660 D CompatibilityChangeReporter: Compat change id reported: 263259275; UID 10260; state: DISABLED
03-15 18:09:58.322  1474  4660 D CompatibilityChangeReporter: Compat change id reported: 174042980; UID 10260; state: DISABLED
03-15 18:09:58.322  1474  4660 D CompatibilityChangeReporter: Compat change id reported: 174042936; UID 10260; state: DISABLED
03-15 18:09:58.323  1474  4660 D CompatibilityChangeReporter: Compat change id reported: 181136395; UID 10260; state: DISABLED
03-15 18:09:58.324  1474  4660 D CompatibilityChangeReporter: Compat change id reported: 194480991; UID 10260; state: ENABLED
03-15 18:09:58.325  1474  4660 D ActivityTaskManager: for OneVision debug. startActivityInner(2): r = ActivityRecord{36d3ca0 u0 com.example.mymusic/.MainActivity t-1, isEmbedded=false} targetTask = null newTask = true. reusedTask = null, mTargetTask = null, sourceRecord = null, options = null
03-15 18:09:58.327  1474  4660 D CompatibilityChangeReporter: Compat change id reported: 184838306; UID 10260; state: DISABLED
03-15 18:09:58.327  1474  4660 D CompatibilityChangeReporter: Compat change id reported: 185004937; UID 10260; state: DISABLED
03-15 18:09:58.328  1474  4660 D ActivityTaskManager: showStartingWindow: com.example.mymusic mSplashScreenStyleSolidColor=true mLaunchSourceType=4
03-15 18:09:58.328  1474  4660 D CompatibilityChangeReporter: Compat change id reported: 205907456; UID 10260; state: ENABLED
03-15 18:09:58.329  1474  2057 W ActivityManager: notifyProcessStarted!
03-15 18:09:58.330  1474  4660 I TransitionController: requestStartTransition remoteTransition null for TransitionRecord{5e584ff id=210 type=OPEN flags=0x0}
03-15 18:09:58.330  1474  4660 I ActivityTaskManager: START u0 {flg=0x10000000 cmp=com.example.mymusic/.MainActivity} with LAUNCH_MULTIPLE from uid 2000 (BAL_ALLOW_PERMISSION) result code=0
03-15 18:09:58.331  2058  2058 D DesktopTasksController: handleRequest, windowingMode: 1, request.type: 1, TRANSIT_TO_FRONT: 3, TRANSIT_TO_BACK: 4, activeTasks: {}, 
03-15 18:09:58.331  2058  2058 D DesktopTasksController: taskInfo: TaskInfo{userId=0 taskId=49 displayId=0 isRunning=true baseIntent=Intent { flg=0x10000000 cmp=com.example.mymusic/.MainActivity } baseActivity=ComponentInfo{com.example.mymusic/com.example.mymusic.MainActivity} topActivity=ComponentInfo{com.example.mymusic/com.example.mymusic.MainActivity} origActivity=null realActivity=ComponentInfo{com.example.mymusic/com.example.mymusic.MainActivity} numActivities=1 lastActiveTime=28865420 supportsMultiWindow=true resizeMode=1 isResizeable=true canKillAndRestart=false isShowDecorCaptionWindowRequest=false minWidth=-1 minHeight=-1 defaultMinSize=220 token=WCT{android.window.IWindowContainerToken$Stub$Proxy@7f49451} topActivityType=1 pictureInPictureParams=null shouldDockBigOverlays=false launchIntoPipHostTaskId=-1 lastParentTaskIdBeforePip=-1 displayCutoutSafeInsets=null topActivityInfo=ActivityInfo{ffa04b6 com.example.mymusic.MainActivity} launchCookies=[] positionInParent=Point(0, 0) parentTaskId=-1 isFocused=false isVisible=false isVisibleRequested=false isHasResumedActivity=false ifUltraWideField=false layoutFlags=0 layoutSystemUiVisibility=0 layoutSubtreeSystemUiVisibility=0 isSleeping=false topActivityInSizeCompat=false topActivityEligibleForLetterboxEducation= false topActivityLetterboxed= false isFromDoubleTap= false topActivityLetterboxVerticalPosition= -1 topActivityLetterboxHorizontalPosition= -1 topActivityLetterboxWidth=-1 topActivityLetterboxHeight=-1 locusId=null displayAreaFeatureId=1 cameraCompatControlState=hidden}
03-15 18:09:58.332  2058  2160 D SystemServiceRegistry:  zuiHandwriting new zuihandwritingmanager
03-15 18:09:58.333  1474  2057 W ActivityManager: notifyProcessStarted!
03-15 18:09:58.335  1474  2490 D ChangeTransitionController: applySyncStagingTypesIfNeeded: fail stage is empty
03-15 18:09:58.335  1474  1614 D CompatibilityChangeReporter: Compat change id reported: 135634846; UID 10260; state: DISABLED
03-15 18:09:58.335  1474  1614 D CompatibilityChangeReporter: Compat change id reported: 177438394; UID 10260; state: DISABLED
03-15 18:09:58.335  1474  1614 D CompatibilityChangeReporter: Compat change id reported: 135772972; UID 10260; state: DISABLED
03-15 18:09:58.335  1474  1614 D CompatibilityChangeReporter: Compat change id reported: 135754954; UID 10260; state: ENABLED
03-15 18:09:58.335  1474  1629 D CompatibilityChangeReporter: Compat change id reported: 143937733; UID 10260; state: ENABLED
03-15 18:09:58.335  1474  1615 V WindowManager: Focus not requested for window=Window{d1e2f6a u0 com.zui.launcher/com.zui.launcher.drawer.NormalLauncher} because it has no surface or is not focusable.
03-15 18:09:58.337  1474  2014 D ZuiInputManager: updateTopTaskPackageStatus mTopTaskPackageName = com.example.mymusic
03-15 18:09:58.337  1474  4660 D WindowManager: computeImeParent ret ===0
03-15 18:09:58.337  1474  4660 I OvCameraRotation: camera activity:null fullScreen:false canResizeTask:false isEmbedded:false display:0 pcMode:false
03-15 18:09:58.337  1474  2014 D BigPalmInputPolicy: isGameAppPackage: mUiType = ZUI, packageName = com.example.mymusic
03-15 18:09:58.338  1474  2014 D TouchscreenServiceManager: setBigPalm by hidl v1_0 
03-15 18:09:58.338  1474  1615 V WindowManager: Focus not requested for window=Window{d1e2f6a u0 com.zui.launcher/com.zui.launcher.drawer.NormalLauncher} because it has no surface or is not focusable.
03-15 18:09:58.339  2058  2058 D RecentTasksController: notifyRecentTasksChanged reason:onRecentTaskListUpdated
03-15 18:09:58.339  2058  2058 D RecentTasksController: notifyRecentTasksChanged reason:onRecentTaskListUpdated
03-15 18:09:58.342  1474 11113 D CoreBackPreview: Window{797721b u0 Splash Screen com.example.mymusic}: Setting back callback OnBackInvokedCallbackInfo{mCallback=android.window.IOnBackInvokedCallback$Stub$Proxy@6b42191, mPriority=0, mIsAnimationCallback=false}
03-15 18:09:58.342  1474  2490 I WindowManager: Window{797721b u0 Splash Screen com.example.mymusic} state from NO_SURFACE to DRAW_PENDING; reason: resetDrawState
03-15 18:09:58.343  1474  1614 W ProcessStats: Tracking association SourceState{50ce9e1 com.netease.cloudmusic/10241 Fgs #31333} whose proc state 3 is better than process ProcessState{673cc86 com.netease.cloudmusic:pushservice/10241 pkg=com.netease.cloudmusic} proc state 14 (134 skipped)
03-15 18:09:58.345  1474  1629 I ActivityManager: Start proc 11765:com.example.mymusic/u0a260 for next-top-activity {com.example.mymusic/com.example.mymusic.MainActivity}
03-15 18:09:58.345  1474  1910 D CompatibilityChangeReporter: Compat change id reported: 265195908; UID 10260; state: ENABLED
03-15 18:09:58.345  1474  2057 W ActivityManager: notifyProcessStarted!
03-15 18:09:58.346  1474  2490 D WindowManager: Changing focus from Window{d1e2f6a u0 com.zui.launcher/com.zui.launcher.drawer.NormalLauncher} to null displayId=0 Callers=com.android.server.wm.RootWindowContainer.updateFocusedWindowLocked:503 com.android.server.wm.WindowManagerService.updateFocusedWindowLocked:6584 com.android.server.wm.WindowManagerService.relayoutWindow:2809 com.android.server.wm.Session.relayout:256 
03-15 18:09:58.346  1474  2490 I WindowManager: setInputFocusLw : null,display Id:0
03-15 18:09:58.347  1474  2490 I OvCameraRotation: camera activity:null fullScreen:false canResizeTask:false isEmbedded:false display:0 pcMode:false
03-15 18:09:58.348  1474 11766 W ContextImpl: Calling a method in the system process without a qualified user: android.app.ContextImpl.sendBroadcast:1224 com.qualcomm.qti.Performance$SendGameLaunchBroadcast.run:247 java.lang.Thread.run:1012 <bottom of call stack> <bottom of call stack> 
03-15 18:09:58.354  1474  1657 W ProcessCpuTracker: Failed to stat(/proc/11757): android.system.ErrnoException: stat failed: ENOENT (No such file or directory)
03-15 18:09:58.354  1474  1657 W ProcessCpuTracker: Skipping unknown process pid 11757
03-15 18:09:58.354  1474  1657 W ProcessCpuTracker: Failed to stat(/proc/11759): android.system.ErrnoException: stat failed: ENOENT (No such file or directory)
03-15 18:09:58.354  1474  1657 W ProcessCpuTracker: Skipping unknown process pid 11759
03-15 18:09:58.355  1474  2490 I WindowManager: Window{797721b u0 Splash Screen com.example.mymusic} state from DRAW_PENDING to COMMIT_DRAW_PENDING; reason: finishDrawingLocked
03-15 18:09:58.356  1474  1615 I WindowManager: Window{797721b u0 Splash Screen com.example.mymusic} state from COMMIT_DRAW_PENDING to READY_TO_SHOW; reason: commitFinishDrawingLocked
03-15 18:09:58.356  1474  1615 I OvCameraRotation: camera activity:null fullScreen:false canResizeTask:false isEmbedded:false display:0 pcMode:false
03-15 18:09:58.358  1474  1615 I Transition: RefreshRateConfigs, boost when animation.
03-15 18:09:58.358  1474  1615 I WindowManager: Window{797721b u0 Splash Screen com.example.mymusic} state from READY_TO_SHOW to HAS_DRAWN; reason: performShowLocked
03-15 18:09:58.360  1474  1615 I OvCameraRotation: camera activity:null fullScreen:false canResizeTask:false isEmbedded:false display:0 pcMode:false
03-15 18:09:58.360  1474  1611 V WindowManager: Sent Transition #210 createdAt=03-15 18:09:58.324 via request=TransitionRequestInfo { type = OPEN, triggerTask = TaskInfo{userId=0 taskId=49 displayId=0 isRunning=true baseIntent=Intent { flg=0x10000000 cmp=com.example.mymusic/.MainActivity } baseActivity=ComponentInfo{com.example.mymusic/com.example.mymusic.MainActivity} topActivity=ComponentInfo{com.example.mymusic/com.example.mymusic.MainActivity} origActivity=null realActivity=ComponentInfo{com.example.mymusic/com.example.mymusic.MainActivity} numActivities=1 lastActiveTime=28865420 supportsMultiWindow=true resizeMode=1 isResizeable=true canKillAndRestart=true isShowDecorCaptionWindowRequest=false minWidth=-1 minHeight=-1 defaultMinSize=220 token=WCT{RemoteToken{dc936fc Task{1bbc059 #49 type=standard A=10260:com.example.mymusic}}} topActivityType=1 pictureInPictureParams=null shouldDockBigOverlays=false launchIntoPipHostTaskId=-1 lastParentTaskIdBeforePip=-1 displayCutoutSafeInsets=null topActivityInfo=ActivityInfo{556185 com.example.mymusic.MainActivity} launchCookies=[] positionInParent=Point(0, 0) parentTaskId=-1 isFocused=false isVisible=false isVisibleRequested=false isHasResumedActivity=false ifUltraWideField=false layoutFlags=0 layoutSystemUiVisibility=0 layoutSubtreeSystemUiVisibility=0 isSleeping=false topActivityInSizeCompat=false topActivityEligibleForLetterboxEducation= false topActivityLetterboxed= false isFromDoubleTap= false topActivityLetterboxVerticalPosition= -1 topActivityLetterboxHorizontalPosition= -1 topActivityLetterboxWidth=-1 topActivityLetterboxHeight=-1 locusId=null displayAreaFeatureId=1 cameraCompatControlState=hidden}, remoteTransition = null, displayChange = null }
03-15 18:09:58.360  1474  1611 V WindowManager:     startWCT=WindowContainerTransaction { changes = {} hops = [] errorCallbackToken=null taskFragmentOrganizer=null }
03-15 18:09:58.360  1474  1611 V WindowManager:     info={id=210 t=OPEN f=0x0 trk=0 r=[0@Point(0, 0)] c=[{WCT{RemoteToken{dc936fc Task{1bbc059 #49 type=standard A=10260:com.example.mymusic}}} m=OPEN f=NONE leash=Surface(name=Task=49)/@0xb11e0ce sb=Rect(0, 0 - 2944, 1840) eb=Rect(0, 0 - 2944, 1840) d=0 windowingMode=1},{WCT{RemoteToken{6a6091e Task{c016788 #1 type=home}}} m=TO_BACK f=SHOW_WALLPAPER leash=Surface(name=Task=1)/@0xa05ac31 sb=Rect(0, 0 - 2944, 1840) eb=Rect(0, 0 - 2944, 1840) d=0 windowingMode=1}]}
03-15 18:09:58.360  1474  1611 D TransitionController: for OneVision debug. Transition info:{id=210 t=OPEN f=0x0 trk=0 r=[0@Point(0, 0)] c=[{WCT{RemoteToken{dc936fc Task{1bbc059 #49 type=standard A=10260:com.example.mymusic}}} m=OPEN f=NONE leash=Surface(name=Task=49)/@0xb11e0ce sb=Rect(0, 0 - 2944, 1840) eb=Rect(0, 0 - 2944, 1840) d=0 windowingMode=1},{WCT{RemoteToken{6a6091e Task{c016788 #1 type=home}}} m=TO_BACK f=SHOW_WALLPAPER leash=Surface(name=Task=1)/@0xa05ac31 sb=Rect(0, 0 - 2944, 1840) eb=Rect(0, 0 - 2944, 1840) d=0 windowingMode=1}]}
03-15 18:09:58.376  1474 11113 I OvCameraRotation: camera activity:null fullScreen:false canResizeTask:false isEmbedded:false display:0 pcMode:false
03-15 18:09:58.376  1474 11113 I OvCameraRotation: camera activity:null fullScreen:false canResizeTask:false isEmbedded:false display:0 pcMode:false
03-15 18:09:58.377  1474 11113 I WindowManager: setFocusedAppLw : ActivityRecord{36d3ca0 u0 com.example.mymusic/.MainActivity t49, isEmbedded=false},display Id:0
03-15 18:09:58.378  1474  2014 D ZuiInputManager: updateTopTaskPackageStatus mTopTaskPackageName = com.example.mymusic
03-15 18:09:58.378  1474  2014 D BigPalmInputPolicy: isGameAppPackage: mUiType = ZUI, packageName = com.example.mymusic
03-15 18:09:58.379  1474  2014 D TouchscreenServiceManager: setBigPalm by hidl v1_0 
03-15 18:09:58.380  2058  2058 D WindowDecoration: Keep captionBar Inset, taskId: 49, displayId: 0
03-15 18:09:58.381  2058  2058 D SystemServiceRegistry:  zuiHandwriting new zuihandwritingmanager
03-15 18:09:58.384  1474  2490 D ChangeTransitionController: applySyncStagingTypesIfNeeded: fail stage is empty
03-15 18:09:58.385  2058  2058 D TransactionPool: acquire st:-5476376656299412304 caller:com.android.wm.shell.transition.DefaultTransitionHandler.buildSurfaceAnimation:860 com.android.wm.shell.transition.DefaultTransitionHandler.startAnimation:599 com.android.wm.shell.transition.Transitions.dispatchTransition:1061 
03-15 18:09:58.386  2058  2058 D TransactionPool: acquire st:-5476376656299799152 caller:com.android.wm.shell.transition.DefaultTransitionHandler.buildSurfaceAnimation:860 com.android.wm.shell.transition.DefaultTransitionHandler.startAnimation:599 com.android.wm.shell.transition.Transitions.dispatchTransition:1061 
03-15 18:09:58.386  1474  2490 D CompatibilityChangeReporter: Compat change id reported: 170503758; UID 10260; state: ENABLED
03-15 18:09:58.398  1474 11113 D ChangeTransitionController: applySyncStagingTypesIfNeeded: fail stage is empty
03-15 18:09:58.420 30878 30878 E ActivityThread: Failed to find provider info for com.miui.personalassistant.widget.external
03-15 18:09:58.442  2058  2058 D RecentTasksController: notifyRecentTasksChanged reason:onTaskStackChanged
03-15 18:09:58.467  1474  1474 D UiModeManager: updateConfigurationLocked: mDockState=0; mCarMode=false; mNightMode=2; mZuiNightModeOverride=2; mPowerSave=false; isTestMode=false; uiMode=33
03-15 18:09:58.473  2058  2058 D PowerUI : onReceive to showplugged=true buckert==1mcaharge==true level==81 chargrate=0oldpluge==true
03-15 18:09:58.473  2058  3402 D PowerUI : can't show warning due to - plugged: true status unknown: false
03-15 18:09:58.473  2058  3402 I PowerUI.Notification: dismissing low battery notification
03-15 18:09:58.664  2058  2153 D TransactionPool: release st:-5476376656299412304 caller:com.android.wm.shell.common.TransactionPool.release:60 com.android.wm.shell.transition.DefaultTransitionHandler.lambda$buildSurfaceAnimation$7:879 com.android.wm.shell.transition.DefaultTransitionHandler$$ExternalSyntheticLambda7.run:26 
03-15 18:09:58.664  2058  2153 D TransactionPool: put st:-5476376656299412304 reason to release map
03-15 18:09:58.664  2058  2153 D TransactionPool: release st:-5476376656299799152 caller:com.android.wm.shell.common.TransactionPool.release:60 com.android.wm.shell.transition.DefaultTransitionHandler.lambda$buildSurfaceAnimation$7:879 com.android.wm.shell.transition.DefaultTransitionHandler$$ExternalSyntheticLambda7.run:26 
03-15 18:09:58.664  2058  2153 D TransactionPool: put st:-5476376656299799152 reason to release map
03-15 18:09:58.665  1474  1611 V WindowManager: Finish Transition #210: created at 03-15 18:09:58.324 collect-started=0.042ms request-sent=5.028ms started=10.072ms ready=32.364ms sent=34.728ms finished=340.322ms
03-15 18:09:58.689  1474  2490 I OvCameraRotation: camera activity:null fullScreen:false canResizeTask:false isEmbedded:false display:0 pcMode:false
03-15 18:09:58.796  1474  3416 I ActivityManager: Flag disabled. Ignoring finishAttachApplication from uid: 10260. pid: 11765
03-15 18:09:58.832  1474  2490 I ActivityManager: Background started FGS: Allowed [callingPackage: com.example.mymusic; callingUid: 10260; uidState: TOP ; uidBFSL: [BFSL]; intent: Intent { cmp=com.example.mymusic/.service.MusicService }; code:PROC_STATE_TOP; tempAllowListReason:<null>; targetSdkVersion:36; callerTargetSdkVersion:36; startForegroundCount:0; bindFromPackage:null: isBindService:false]
03-15 18:09:58.863 11765 11765 D WindowManagerImpl: addView displayId=0 0
03-15 18:09:58.863 11765 11765 D WindowManagerImpl: addView displayId33= 0
03-15 18:09:58.866 11765 11765 D SystemServiceRegistry:  zuiHandwriting new zuihandwritingmanager
03-15 18:09:58.878  1474 11273 D ChangeTransitionController: applySyncStagingTypesIfNeeded: fail stage is empty
03-15 18:09:59.138  1474  2490 D CoreBackPreview: Window{6545aea u0 com.example.mymusic/com.example.mymusic.MainActivity}: Setting back callback OnBackInvokedCallbackInfo{mCallback=android.window.IOnBackInvokedCallback$Stub$Proxy@eb1529a, mPriority=0, mIsAnimationCallback=false}
03-15 18:09:59.163  1474  2490 I WindowManager: Window{6545aea u0 com.example.mymusic/com.example.mymusic.MainActivity} state from NO_SURFACE to DRAW_PENDING; reason: resetDrawState
03-15 18:09:59.164  1474  2490 D WindowManager: Changing focus from null to Window{6545aea u0 com.example.mymusic/com.example.mymusic.MainActivity} displayId=0 Callers=com.android.server.wm.RootWindowContainer.updateFocusedWindowLocked:503 com.android.server.wm.WindowManagerService.updateFocusedWindowLocked:6584 com.android.server.wm.WindowManagerService.relayoutWindow:2809 com.android.server.wm.Session.relayout:256 
03-15 18:09:59.165  1474  2490 I WindowManager: setInputFocusLw : Window{6545aea u0 com.example.mymusic/com.example.mymusic.MainActivity},display Id:0
03-15 18:09:59.166  1474  2490 I OvCameraRotation: camera activity:null fullScreen:false canResizeTask:false isEmbedded:false display:0 pcMode:false
03-15 18:09:59.166  1474 11273 D ChangeTransitionController: applySyncStagingTypesIfNeeded: fail stage is empty
03-15 18:09:59.204  1474 11273 I WindowManager: Window{6545aea u0 com.example.mymusic/com.example.mymusic.MainActivity} state from DRAW_PENDING to COMMIT_DRAW_PENDING; reason: finishDrawingLocked
03-15 18:09:59.204  1474  1615 I WindowManager: Window{6545aea u0 com.example.mymusic/com.example.mymusic.MainActivity} state from COMMIT_DRAW_PENDING to READY_TO_SHOW; reason: commitFinishDrawingLocked
03-15 18:09:59.204  1474  1615 D ActivityTaskManager: SplashScreen not transfer special !!!
03-15 18:09:59.205  1474  1615 I WindowManager: Window{6545aea u0 com.example.mymusic/com.example.mymusic.MainActivity} state from READY_TO_SHOW to HAS_DRAWN; reason: performShowLocked
03-15 18:09:59.206  2058  2160 D TransactionPool: acquire st:-5476376656299799152 caller:com.android.wm.shell.startingsurface.SplashScreenExitAnimationUtils$ShiftUpAnimation.onAnimationProgress:334 com.android.wm.shell.startingsurface.SplashScreenExitAnimationUtils.lambda$createAnimator$0:192 com.android.wm.shell.startingsurface.SplashScreenExitAnimationUtils$$ExternalSyntheticLambda0.onAnimationUpdate:19 
03-15 18:09:59.206  2058  2160 D TransactionPool: release st:-5476376656299799152 caller:com.android.wm.shell.common.TransactionPool.release:60 com.android.wm.shell.startingsurface.SplashScreenExitAnimationUtils$ShiftUpAnimation.onAnimationProgress:347 com.android.wm.shell.startingsurface.SplashScreenExitAnimationUtils.lambda$createAnimator$0:192 
03-15 18:09:59.206  2058  2160 D TransactionPool: put st:-5476376656299799152 reason to release map
03-15 18:09:59.209  1474  1615 D ActivityTaskManager: SplashScreen not transfer special !!!
03-15 18:09:59.214  2058  2160 D TransactionPool: acquire st:-5476376656299799152 caller:com.android.wm.shell.startingsurface.SplashScreenExitAnimationUtils$ShiftUpAnimation.onAnimationProgress:334 com.android.wm.shell.startingsurface.SplashScreenExitAnimationUtils.lambda$createAnimator$0:192 com.android.wm.shell.startingsurface.SplashScreenExitAnimationUtils$$ExternalSyntheticLambda0.onAnimationUpdate:19 
03-15 18:09:59.214  2058  2160 D TransactionPool: release st:-5476376656299799152 caller:com.android.wm.shell.common.TransactionPool.release:60 com.android.wm.shell.startingsurface.SplashScreenExitAnimationUtils$ShiftUpAnimation.onAnimationProgress:347 com.android.wm.shell.startingsurface.SplashScreenExitAnimationUtils.lambda$createAnimator$0:192 
03-15 18:09:59.214  2058  2160 D TransactionPool: put st:-5476376656299799152 reason to release map
03-15 18:09:59.215  1474 11273 I OvCameraRotation: camera activity:null fullScreen:false canResizeTask:false isEmbedded:false display:0 pcMode:false
03-15 18:09:59.217  1474  2490 D ChangeTransitionController: applySyncStagingTypesIfNeeded: fail stage is empty
03-15 18:09:59.222  2058  2160 D TransactionPool: acquire st:-5476376656299799152 caller:com.android.wm.shell.startingsurface.SplashScreenExitAnimationUtils$ShiftUpAnimation.onAnimationProgress:334 com.android.wm.shell.startingsurface.SplashScreenExitAnimationUtils.lambda$createAnimator$0:192 com.android.wm.shell.startingsurface.SplashScreenExitAnimationUtils$$ExternalSyntheticLambda0.onAnimationUpdate:19 
03-15 18:09:59.222  2058  2160 D TransactionPool: release st:-5476376656299799152 caller:com.android.wm.shell.common.TransactionPool.release:60 com.android.wm.shell.startingsurface.SplashScreenExitAnimationUtils$ShiftUpAnimation.onAnimationProgress:347 com.android.wm.shell.startingsurface.SplashScreenExitAnimationUtils.lambda$createAnimator$0:192 
03-15 18:09:59.222  2058  2160 D TransactionPool: put st:-5476376656299799152 reason to release map
03-15 18:09:59.230  2058  2160 D TransactionPool: acquire st:-5476376656299799152 caller:com.android.wm.shell.startingsurface.SplashScreenExitAnimationUtils$ShiftUpAnimation.onAnimationProgress:334 com.android.wm.shell.startingsurface.SplashScreenExitAnimationUtils.lambda$createAnimator$0:192 com.android.wm.shell.startingsurface.SplashScreenExitAnimationUtils$$ExternalSyntheticLambda0.onAnimationUpdate:19 
03-15 18:09:59.231  2058  2160 D TransactionPool: release st:-5476376656299799152 caller:com.android.wm.shell.common.TransactionPool.release:60 com.android.wm.shell.startingsurface.SplashScreenExitAnimationUtils$ShiftUpAnimation.onAnimationProgress:347 com.android.wm.shell.startingsurface.SplashScreenExitAnimationUtils.lambda$createAnimator$0:192 
03-15 18:09:59.231  2058  2160 D TransactionPool: put st:-5476376656299799152 reason to release map
03-15 18:09:59.239  2058  2160 D TransactionPool: acquire st:-5476376656299799152 caller:com.android.wm.shell.startingsurface.SplashScreenExitAnimationUtils$ShiftUpAnimation.onAnimationProgress:334 com.android.wm.shell.startingsurface.SplashScreenExitAnimationUtils.lambda$createAnimator$0:192 com.android.wm.shell.startingsurface.SplashScreenExitAnimationUtils$$ExternalSyntheticLambda0.onAnimationUpdate:19 
03-15 18:09:59.239  2058  2160 D TransactionPool: release st:-5476376656299799152 caller:com.android.wm.shell.common.TransactionPool.release:60 com.android.wm.shell.startingsurface.SplashScreenExitAnimationUtils$ShiftUpAnimation.onAnimationProgress:347 com.android.wm.shell.startingsurface.SplashScreenExitAnimationUtils.lambda$createAnimator$0:192 
03-15 18:09:59.240  2058  2160 D TransactionPool: put st:-5476376656299799152 reason to release map
03-15 18:09:59.248  2058  2160 D TransactionPool: acquire st:-5476376656299799152 caller:com.android.wm.shell.startingsurface.SplashScreenExitAnimationUtils$ShiftUpAnimation.onAnimationProgress:334 com.android.wm.shell.startingsurface.SplashScreenExitAnimationUtils.lambda$createAnimator$0:192 com.android.wm.shell.startingsurface.SplashScreenExitAnimationUtils$$ExternalSyntheticLambda0.onAnimationUpdate:19 
03-15 18:09:59.248  2058  2160 D TransactionPool: release st:-5476376656299799152 caller:com.android.wm.shell.common.TransactionPool.release:60 com.android.wm.shell.startingsurface.SplashScreenExitAnimationUtils$ShiftUpAnimation.onAnimationProgress:347 com.android.wm.shell.startingsurface.SplashScreenExitAnimationUtils.lambda$createAnimator$0:192 
03-15 18:09:59.248  2058  2160 D TransactionPool: put st:-5476376656299799152 reason to release map
03-15 18:09:59.256  2058  2160 D TransactionPool: acquire st:-5476376656299799152 caller:com.android.wm.shell.startingsurface.SplashScreenExitAnimationUtils$ShiftUpAnimation.onAnimationProgress:334 com.android.wm.shell.startingsurface.SplashScreenExitAnimationUtils.lambda$createAnimator$0:192 com.android.wm.shell.startingsurface.SplashScreenExitAnimationUtils$$ExternalSyntheticLambda0.onAnimationUpdate:19 
03-15 18:09:59.256  2058  2160 D TransactionPool: release st:-5476376656299799152 caller:com.android.wm.shell.common.TransactionPool.release:60 com.android.wm.shell.startingsurface.SplashScreenExitAnimationUtils$ShiftUpAnimation.onAnimationProgress:347 com.android.wm.shell.startingsurface.SplashScreenExitAnimationUtils.lambda$createAnimator$0:192 
03-15 18:09:59.256  2058  2160 D TransactionPool: put st:-5476376656299799152 reason to release map
03-15 18:09:59.258  1474  4660 D CompatibilityChangeReporter: Compat change id reported: 161145287; UID 10260; state: ENABLED
03-15 18:09:59.264  2058  2160 D TransactionPool: acquire st:-5476376656299799152 caller:com.android.wm.shell.startingsurface.SplashScreenExitAnimationUtils$ShiftUpAnimation.onAnimationProgress:334 com.android.wm.shell.startingsurface.SplashScreenExitAnimationUtils.lambda$createAnimator$0:192 com.android.wm.shell.startingsurface.SplashScreenExitAnimationUtils$$ExternalSyntheticLambda0.onAnimationUpdate:19 
03-15 18:09:59.264  2058  2160 D TransactionPool: release st:-5476376656299799152 caller:com.android.wm.shell.common.TransactionPool.release:60 com.android.wm.shell.startingsurface.SplashScreenExitAnimationUtils$ShiftUpAnimation.onAnimationProgress:347 com.android.wm.shell.startingsurface.SplashScreenExitAnimationUtils.lambda$createAnimator$0:192 
03-15 18:09:59.264  2058  2160 D TransactionPool: put st:-5476376656299799152 reason to release map
03-15 18:09:59.272  1474  4660 D CompatibilityChangeReporter: Compat change id reported: 170668199; UID 10260; state: ENABLED
03-15 18:09:59.273  2058  2160 D TransactionPool: acquire st:-5476376656299799152 caller:com.android.wm.shell.startingsurface.SplashScreenExitAnimationUtils$ShiftUpAnimation.onAnimationProgress:334 com.android.wm.shell.startingsurface.SplashScreenExitAnimationUtils.lambda$createAnimator$0:192 com.android.wm.shell.startingsurface.SplashScreenExitAnimationUtils$$ExternalSyntheticLambda0.onAnimationUpdate:19 
03-15 18:09:59.273  2058  2160 D TransactionPool: release st:-5476376656299799152 caller:com.android.wm.shell.common.TransactionPool.release:60 com.android.wm.shell.startingsurface.SplashScreenExitAnimationUtils$ShiftUpAnimation.onAnimationProgress:347 com.android.wm.shell.startingsurface.SplashScreenExitAnimationUtils.lambda$createAnimator$0:192 
03-15 18:09:59.273  2058  2160 D TransactionPool: put st:-5476376656299799152 reason to release map
03-15 18:09:59.281  2058  2160 D TransactionPool: acquire st:-5476376656299799152 caller:com.android.wm.shell.startingsurface.SplashScreenExitAnimationUtils$ShiftUpAnimation.onAnimationProgress:334 com.android.wm.shell.startingsurface.SplashScreenExitAnimationUtils.lambda$createAnimator$0:192 com.android.wm.shell.startingsurface.SplashScreenExitAnimationUtils$$ExternalSyntheticLambda0.onAnimationUpdate:19 
03-15 18:09:59.281  2058  2160 D TransactionPool: release st:-5476376656299799152 caller:com.android.wm.shell.common.TransactionPool.release:60 com.android.wm.shell.startingsurface.SplashScreenExitAnimationUtils$ShiftUpAnimation.onAnimationProgress:347 com.android.wm.shell.startingsurface.SplashScreenExitAnimationUtils.lambda$createAnimator$0:192 
03-15 18:09:59.281  2058  2160 D TransactionPool: put st:-5476376656299799152 reason to release map
03-15 18:09:59.289  2058  2160 D TransactionPool: acquire st:-5476376656299799152 caller:com.android.wm.shell.startingsurface.SplashScreenExitAnimationUtils$ShiftUpAnimation.onAnimationProgress:334 com.android.wm.shell.startingsurface.SplashScreenExitAnimationUtils.lambda$createAnimator$0:192 com.android.wm.shell.startingsurface.SplashScreenExitAnimationUtils$$ExternalSyntheticLambda0.onAnimationUpdate:19 
03-15 18:09:59.289  2058  2160 D TransactionPool: release st:-5476376656299799152 caller:com.android.wm.shell.common.TransactionPool.release:60 com.android.wm.shell.startingsurface.SplashScreenExitAnimationUtils$ShiftUpAnimation.onAnimationProgress:347 com.android.wm.shell.startingsurface.SplashScreenExitAnimationUtils.lambda$createAnimator$0:192 
03-15 18:09:59.289  2058  2160 D TransactionPool: put st:-5476376656299799152 reason to release map
03-15 18:09:59.290  1474 11113 D CompatibilityChangeReporter: Compat change id reported: 214016041; UID 10260; state: ENABLED
03-15 18:09:59.297  2058  2160 D TransactionPool: acquire st:-5476376656299799152 caller:com.android.wm.shell.startingsurface.SplashScreenExitAnimationUtils$ShiftUpAnimation.onAnimationProgress:334 com.android.wm.shell.startingsurface.SplashScreenExitAnimationUtils.lambda$createAnimator$0:192 com.android.wm.shell.startingsurface.SplashScreenExitAnimationUtils$$ExternalSyntheticLambda0.onAnimationUpdate:19 
03-15 18:09:59.298  2058  2160 D TransactionPool: release st:-5476376656299799152 caller:com.android.wm.shell.common.TransactionPool.release:60 com.android.wm.shell.startingsurface.SplashScreenExitAnimationUtils$ShiftUpAnimation.onAnimationProgress:347 com.android.wm.shell.startingsurface.SplashScreenExitAnimationUtils.lambda$createAnimator$0:192 
03-15 18:09:59.298  2058  2160 D TransactionPool: put st:-5476376656299799152 reason to release map
03-15 18:09:59.305  2058  2160 D TransactionPool: acquire st:-5476376656299799152 caller:com.android.wm.shell.startingsurface.SplashScreenExitAnimationUtils$ShiftUpAnimation.onAnimationProgress:334 com.android.wm.shell.startingsurface.SplashScreenExitAnimationUtils.lambda$createAnimator$0:192 com.android.wm.shell.startingsurface.SplashScreenExitAnimationUtils$$ExternalSyntheticLambda0.onAnimationUpdate:19 
03-15 18:09:59.305  2058  2160 D TransactionPool: release st:-5476376656299799152 caller:com.android.wm.shell.common.TransactionPool.release:60 com.android.wm.shell.startingsurface.SplashScreenExitAnimationUtils$ShiftUpAnimation.onAnimationProgress:347 com.android.wm.shell.startingsurface.SplashScreenExitAnimationUtils.lambda$createAnimator$0:192 
03-15 18:09:59.306  2058  2160 D TransactionPool: put st:-5476376656299799152 reason to release map
03-15 18:09:59.314  2058  2160 D TransactionPool: acquire st:-5476376656299799152 caller:com.android.wm.shell.startingsurface.SplashScreenExitAnimationUtils$ShiftUpAnimation.onAnimationProgress:334 com.android.wm.shell.startingsurface.SplashScreenExitAnimationUtils.lambda$createAnimator$0:192 com.android.wm.shell.startingsurface.SplashScreenExitAnimationUtils$$ExternalSyntheticLambda0.onAnimationUpdate:19 
03-15 18:09:59.314  2058  2160 D TransactionPool: release st:-5476376656299799152 caller:com.android.wm.shell.common.TransactionPool.release:60 com.android.wm.shell.startingsurface.SplashScreenExitAnimationUtils$ShiftUpAnimation.onAnimationProgress:347 com.android.wm.shell.startingsurface.SplashScreenExitAnimationUtils.lambda$createAnimator$0:192 
03-15 18:09:59.314  2058  2160 D TransactionPool: put st:-5476376656299799152 reason to release map
03-15 18:09:59.322  1474  2057 W ActivityManager: notifyProcessStarted!
03-15 18:09:59.322  2058  2160 D TransactionPool: acquire st:-5476376656299799152 caller:com.android.wm.shell.startingsurface.SplashScreenExitAnimationUtils$ShiftUpAnimation.onAnimationProgress:334 com.android.wm.shell.startingsurface.SplashScreenExitAnimationUtils.lambda$createAnimator$0:192 com.android.wm.shell.startingsurface.SplashScreenExitAnimationUtils$$ExternalSyntheticLambda0.onAnimationUpdate:19 
03-15 18:09:59.323  2058  2160 D TransactionPool: release st:-5476376656299799152 caller:com.android.wm.shell.common.TransactionPool.release:60 com.android.wm.shell.startingsurface.SplashScreenExitAnimationUtils$ShiftUpAnimation.onAnimationProgress:347 com.android.wm.shell.startingsurface.SplashScreenExitAnimationUtils.lambda$createAnimator$0:192 
03-15 18:09:59.323  2058  2160 D TransactionPool: put st:-5476376656299799152 reason to release map
03-15 18:09:59.331  2058  2160 D TransactionPool: acquire st:-5476376656299799152 caller:com.android.wm.shell.startingsurface.SplashScreenExitAnimationUtils$ShiftUpAnimation.onAnimationProgress:334 com.android.wm.shell.startingsurface.SplashScreenExitAnimationUtils.lambda$createAnimator$0:192 com.android.wm.shell.startingsurface.SplashScreenExitAnimationUtils$$ExternalSyntheticLambda0.onAnimationUpdate:19 
03-15 18:09:59.331  2058  2160 D TransactionPool: release st:-5476376656299799152 caller:com.android.wm.shell.common.TransactionPool.release:60 com.android.wm.shell.startingsurface.SplashScreenExitAnimationUtils$ShiftUpAnimation.onAnimationProgress:347 com.android.wm.shell.startingsurface.SplashScreenExitAnimationUtils.lambda$createAnimator$0:192 
03-15 18:09:59.331  2058  2160 D TransactionPool: put st:-5476376656299799152 reason to release map
03-15 18:09:59.340  2058  2160 D TransactionPool: acquire st:-5476376656299799152 caller:com.android.wm.shell.startingsurface.SplashScreenExitAnimationUtils$ShiftUpAnimation.onAnimationProgress:334 com.android.wm.shell.startingsurface.SplashScreenExitAnimationUtils.lambda$createAnimator$0:192 com.android.wm.shell.startingsurface.SplashScreenExitAnimationUtils$$ExternalSyntheticLambda0.onAnimationUpdate:19 
03-15 18:09:59.340  2058  2160 D TransactionPool: release st:-5476376656299799152 caller:com.android.wm.shell.common.TransactionPool.release:60 com.android.wm.shell.startingsurface.SplashScreenExitAnimationUtils$ShiftUpAnimation.onAnimationProgress:347 com.android.wm.shell.startingsurface.SplashScreenExitAnimationUtils.lambda$createAnimator$0:192 
03-15 18:09:59.340  2058  2160 D TransactionPool: put st:-5476376656299799152 reason to release map
03-15 18:09:59.341  1474  4660 I WindowManager: Window{d1e2f6a u0 com.zui.launcher/com.zui.launcher.drawer.NormalLauncher} state from HAS_DRAWN to NO_SURFACE; reason: destroySurface
03-15 18:09:59.341  1474  4660 W WindowManager: for OneVision debug destroySurface:Window{d1e2f6a u0 com.zui.launcher/com.zui.launcher.drawer.NormalLauncher} caller:com.android.server.wm.WindowStateAnimator.destroySurfaceLocked:395 com.android.server.wm.WindowState.destroySurfaceUnchecked:3471 com.android.server.wm.WindowState.destroySurface:3445 com.android.server.wm.ActivityRecord.destroySurfaces:6295 com.android.server.wm.ActivityRecord.destroySurfaces:6276 
03-15 18:09:59.343  1474  4660 D ActivityTaskManager: SplashScreen not transfer special !!!
03-15 18:09:59.347  2058  2160 D TransactionPool: acquire st:-5476376656299799152 caller:com.android.wm.shell.startingsurface.SplashScreenExitAnimationUtils$ShiftUpAnimation.onAnimationProgress:334 com.android.wm.shell.startingsurface.SplashScreenExitAnimationUtils.lambda$createAnimator$0:192 com.android.wm.shell.startingsurface.SplashScreenExitAnimationUtils$$ExternalSyntheticLambda0.onAnimationUpdate:19 
03-15 18:09:59.348  2058  2160 D TransactionPool: release st:-5476376656299799152 caller:com.android.wm.shell.common.TransactionPool.release:60 com.android.wm.shell.startingsurface.SplashScreenExitAnimationUtils$ShiftUpAnimation.onAnimationProgress:347 com.android.wm.shell.startingsurface.SplashScreenExitAnimationUtils.lambda$createAnimator$0:192 
03-15 18:09:59.348  2058  2160 D TransactionPool: put st:-5476376656299799152 reason to release map
03-15 18:09:59.349  2058  2160 D TransactionPool: acquire st:-5476376656299799152 caller:com.android.wm.shell.startingsurface.SplashScreenExitAnimationUtils$ShiftUpAnimation.finish:354 com.android.wm.shell.startingsurface.SplashScreenExitAnimationUtils$1.onAnimationEnd:160 android.animation.Animator$AnimatorListener.onAnimationEnd:711 
03-15 18:09:59.350  2058  2160 D TransactionPool: release st:-5476376656299799152 caller:com.android.wm.shell.common.TransactionPool.release:60 com.android.wm.shell.startingsurface.SplashScreenExitAnimationUtils$ShiftUpAnimation.finish:369 com.android.wm.shell.startingsurface.SplashScreenExitAnimationUtils$1.onAnimationEnd:160 
03-15 18:09:59.350  2058  2160 D TransactionPool: put st:-5476376656299799152 reason to release map
03-15 18:09:59.354  1474  4660 I OvCameraRotation: camera activity:null fullScreen:false canResizeTask:false isEmbedded:false display:0 pcMode:false
03-15 18:09:59.355  1474 11113 D CoreBackPreview: Window{797721b u0 Splash Screen com.example.mymusic EXITING}: Setting back callback null
03-15 18:09:59.429 30878 30878 E ActivityThread: Failed to find provider info for com.miui.personalassistant.widget.external
03-15 18:09:59.509  1474  1615 I WindowManager: Window{797721b u0 Splash Screen com.example.mymusic EXITING} state from HAS_DRAWN to NO_SURFACE; reason: destroySurface
03-15 18:09:59.509  1474  1615 W WindowManager: for OneVision debug destroySurface:Window{797721b u0 Splash Screen com.example.mymusic EXITING} caller:com.android.server.wm.WindowStateAnimator.destroySurfaceLocked:395 com.android.server.wm.WindowState.destroySurfaceUnchecked:3471 com.android.server.wm.WindowState.destroySurface:3445 com.android.server.wm.WindowState.onExitAnimationDone:4919 com.android.server.wm.WindowStateAnimator.onAnimationFinished:195 
03-15 18:09:59.509  1474  1615 D WindowManager: setParent old=ActivityRecord{36d3ca0 u0 com.example.mymusic/.MainActivity t49, isEmbedded=false},new=null,this window=Window{797721b u0 Splash Screen com.example.mymusic},callers=com.android.server.wm.WindowContainer.removeChild:813 com.android.server.wm.ActivityRecord.removeChild:4630 com.android.server.wm.ActivityRecord.removeChild:432 com.android.server.wm.WindowContainer.removeImmediately:871 com.android.server.wm.WindowState.removeImmediately:2455 com.android.server.wm.WindowState.destroySurface:3448 
03-15 18:09:59.999  1474  1924 D AlarmManager: alarms fired, need delivery
03-15 18:10:00.000  1474  1924 D AlarmManager: final first Wakeup:28882243 now: 28867090 isInNightMode:false
03-15 18:10:00.000  1474  1924 D AlarmManager: final first Wakeup:28882243 now: 28867090 isInNightMode:false
03-15 18:10:00.007  1474  2490 W BatteryExternalStatsWorker: error reading modem stats:ERROR_INVALID_INFO_RECEIVED
03-15 18:10:00.013  1474  1651 E KernelCpuSpeedReader: Failed to read cpu-freq: /sys/devices/system/cpu/cpu7/cpufreq/stats/time_in_state: open failed: ENOENT (No such file or directory)
03-15 18:10:00.013  1474  1651 E KernelCpuSpeedReader: Failed to read cpu-freq: /sys/devices/system/cpu/cpu4/cpufreq/stats/time_in_state: open failed: ENOENT (No such file or directory)
03-15 18:10:00.013  1474  1651 E KernelCpuSpeedReader: Failed to read cpu-freq: /sys/devices/system/cpu/cpu0/cpufreq/stats/time_in_state: open failed: ENOENT (No such file or directory)
03-15 18:10:00.026  1474  4660 W BatteryExternalStatsWorker: error reading modem stats:ERROR_INVALID_INFO_RECEIVED
03-15 18:10:00.027  1474  1651 E KernelCpuSpeedReader: Failed to read cpu-freq: /sys/devices/system/cpu/cpu7/cpufreq/stats/time_in_state: open failed: ENOENT (No such file or directory)
03-15 18:10:00.027  1474  1651 E KernelCpuSpeedReader: Failed to read cpu-freq: /sys/devices/system/cpu/cpu4/cpufreq/stats/time_in_state: open failed: ENOENT (No such file or directory)
03-15 18:10:00.027  1474  1651 E KernelCpuSpeedReader: Failed to read cpu-freq: /sys/devices/system/cpu/cpu0/cpufreq/stats/time_in_state: open failed: ENOENT (No such file or directory)
03-15 18:10:00.425 30878 30878 E ActivityThread: Failed to find provider info for com.miui.personalassistant.widget.external
03-15 18:10:00.549  1474  4660 D AlarmManager: final first Wakeup:28882243 now: 28867639 isInNightMode:false
03-15 18:10:00.967  1474  4660 D AlarmManager: final first Wakeup:28882243 now: 28868057 isInNightMode:false
03-15 18:10:01.433 30878 30878 E ActivityThread: Failed to find provider info for com.miui.personalassistant.widget.external
03-15 18:10:01.590  1474  1474 D UiModeManager: updateConfigurationLocked: mDockState=0; mCarMode=false; mNightMode=2; mZuiNightModeOverride=2; mPowerSave=false; isTestMode=false; uiMode=33
03-15 18:10:01.591  2058  2058 D PowerUI : onReceive to showplugged=true buckert==1mcaharge==true level==81 chargrate=0oldpluge==true
03-15 18:10:01.591  2058  3403 D PowerUI : can't show warning due to - plugged: true status unknown: false
03-15 18:10:01.591  2058  3403 I PowerUI.Notification: dismissing low battery notification
03-15 18:10:01.833  1474  3678 E TaskPersister: File error accessing recents directory (directory doesn't exist?).
03-15 18:10:02.439 30878 30878 E ActivityThread: Failed to find provider info for com.miui.personalassistant.widget.external
03-15 18:10:03.449 30878 30878 E ActivityThread: Failed to find provider info for com.miui.personalassistant.widget.external
03-15 18:10:03.624  1474  1924 D AlarmManager: alarms fired, need delivery
03-15 18:10:03.625  1474  1924 D AlarmManager: final first Wakeup:28882243 now: 28870715 isInNightMode:false
03-15 18:10:03.626  1474  1628 I ActivityManager: Killing 8493:com.lenovo.udcplatform/u0a75 (adj 999): empty #31
03-15 18:10:03.633  1474  3416 D AlarmManager: final first Wakeup:28882243 now: 28870723 isInNightMode:false
03-15 18:10:03.651  1474 11113 D AlarmManager: final first Wakeup:28882243 now: 28870741 isInNightMode:false
03-15 18:10:03.654  1474  3416 D RestartModeController: markWaitRestartAppIsSuicided null processName=com.lenovo.udcplatform
03-15 18:10:03.655  1474  1612 D DisplayManagerService: Drop pending events for gone uid 10075
03-15 18:10:03.668  1474  4660 D AlarmManager: final first Wakeup:28882243 now: 28870759 isInNightMode:false
03-15 18:10:03.682  1474  4660 D AlarmManager: final first Wakeup:28882243 now: 28870772 isInNightMode:false
03-15 18:10:04.110  1474  4660 I ActivityManager: Process com.lenovo.leos.appstore (pid 11498) has died: cch+5 CEM 
03-15 18:10:04.112  1474  4660 I ActivityManager: Killing 11672:com.google.android.webview:sandboxed_process0:org.chromium.content.app.SandboxedProcessService0:0/u0a112i22 (adj 0): isolated not needed
03-15 18:10:04.114  1474  4660 D RestartModeController: markWaitRestartAppIsSuicided null processName=com.lenovo.leos.appstore
03-15 18:10:04.115  1474  1612 D DisplayManagerService: Drop pending events for gone uid 10112
03-15 18:10:04.130  1474  1612 D DisplayManagerService: Drop pending events for gone uid 99022
03-15 18:10:04.136  1474  1651 E KernelCpuSpeedReader: Failed to read cpu-freq: /sys/devices/system/cpu/cpu7/cpufreq/stats/time_in_state: open failed: ENOENT (No such file or directory)
03-15 18:10:04.136  1474  1651 E KernelCpuSpeedReader: Failed to read cpu-freq: /sys/devices/system/cpu/cpu4/cpufreq/stats/time_in_state: open failed: ENOENT (No such file or directory)
03-15 18:10:04.136  1474  1651 E KernelCpuSpeedReader: Failed to read cpu-freq: /sys/devices/system/cpu/cpu0/cpufreq/stats/time_in_state: open failed: ENOENT (No such file or directory)
03-15 18:10:04.451 30878 30878 E ActivityThread: Failed to find provider info for com.miui.personalassistant.widget.external
03-15 18:10:04.952   636 11576 I keystore2: system/security/keystore2/src/watchdog.rs:319 - Watchdog thread idle -> terminating. Have a great day.
03-15 18:10:05.456 30878 30878 E ActivityThread: Failed to find provider info for com.miui.personalassistant.widget.external
03-15 18:10:05.633  1474  1474 D UiModeManager: updateConfigurationLocked: mDockState=0; mCarMode=false; mNightMode=2; mZuiNightModeOverride=2; mPowerSave=false; isTestMode=false; uiMode=33
03-15 18:10:05.633  2058  2058 D PowerUI : onReceive to showplugged=true buckert==1mcaharge==true level==81 chargrate=0oldpluge==true
03-15 18:10:05.634  2058  3406 D PowerUI : can't show warning due to - plugged: true status unknown: false
03-15 18:10:05.634  2058  3406 I PowerUI.Notification: dismissing low battery notification
03-15 18:10:06.468 30878 30878 E ActivityThread: Failed to find provider info for com.miui.personalassistant.widget.external
03-15 18:10:07.448  1474  1612 D WindowManager: ondown, touch down!
03-15 18:10:07.475 30878 30878 E ActivityThread: Failed to find provider info for com.miui.personalassistant.widget.external
03-15 18:10:07.496  1474  1612 D WindowManager: onup, touch up!
03-15 18:10:07.513  1474  9433 I AppsFilter: interaction: PackageSetting{333576d com.example.mymusic/10260} -> PackageSetting{7f07bd7 com.sohu.inputmethod.sogou.oem/10223} BLOCKED
03-15 18:10:07.513  1474  9433 W FillRequestEventLogger: Couldn't find packageName: com.sohu.inputmethod.sogou.oem
03-15 18:10:07.556  1474  4660 D InputMethodManagerService: showCurrentInputLocked: handwritingEnabled = true
03-15 18:10:07.556  1474  4660 D InputMethodManagerService: showCurrentInputLocked: selectedMethodId = com.sohu.inputmethod.sogou.oem/com.sohu.inputmethod.sogou.SogouIME
03-15 18:10:07.556  1474  4660 D InputMethodManagerService: showCurrentInputLocked: mZuiDelegate = com.android.server.inputmethod.InputMethodManagerServiceDelegate@c036bf4
03-15 18:10:07.556  1474  4660 D ZuiInputMethodManagerService: selectIme: 
03-15 18:10:07.568  1474  4660 D AutofillSession: createPendingIntent for request 14
03-15 18:10:07.583  1474  4660 D InputMethodManagerService: showCurrentInputLocked: handwritingEnabled = true
03-15 18:10:07.583  1474  4660 D InputMethodManagerService: showCurrentInputLocked: selectedMethodId = com.sohu.inputmethod.sogou.oem/com.sohu.inputmethod.sogou.SogouIME
