--------- beginning of main
03-15 18:30:31.370  1032  1098 E SurfaceFlinger: isStylusTargetLayer notifyTargetLayerDisconnect in
03-15 18:30:31.371   840  8470 W libc    : Access denied finding property "vendor.dolby.mi.metadata.log"
03-15 18:30:31.371   840  8470 W libc    : Access denied finding property "vendor.dolby.mi.metadata.log"
03-15 18:30:31.371   840  8470 W libc    : Access denied finding property "vendor.dolby.mi.metadata.log"
03-15 18:30:31.371   840  8470 W libc    : Access denied finding property "vendor.dolby.mi.metadata.log"
03-15 18:30:31.371   840  8470 W libc    : Access denied finding property "vendor.dolby.mi.metadata.log"
03-15 18:30:31.371   840  8470 W libc    : Access denied finding property "vendor.dolby.mi.metadata.log"
03-15 18:30:31.371   840  8470 W libc    : Access denied finding property "vendor.dolby.mi.metadata.log"
03-15 18:30:31.372   840  8358 W libc    : Access denied finding property "hal.record.dump"
03-15 18:30:31.372  1032  1098 E SurfaceFlinger: isStylusTargetLayer notifyTargetLayerDisconnect in
03-15 18:30:31.379  1032  1098 E SurfaceFlinger: isStylusTargetLayer notifyTargetLayerDisconnect in
03-15 18:30:31.379  1032  1098 E SurfaceFlinger: isStylusTargetLayer notifyTargetLayerDisconnect in
03-15 18:30:31.387  1032  1098 E SurfaceFlinger: isStylusTargetLayer notifyTargetLayerDisconnect in
03-15 18:30:31.387  1032  3002 E SurfaceFlinger: isStylusTargetLayer notifyTargetLayerDisconnect in
03-15 18:30:31.388  1032  3002 E SurfaceFlinger: isStylusTargetLayer notifyTargetLayerDisconnect in
03-15 18:30:31.395  1032  1669 E SurfaceFlinger: isStylusTargetLayer notifyTargetLayerDisconnect in
03-15 18:30:31.396  1032  3002 E SurfaceFlinger: isStylusTargetLayer notifyTargetLayerDisconnect in
03-15 18:30:31.397  2058  2058 E BatteryController: onReceive ACTION_BATTERY_CHANGED delay 1S isArtificial= 2
03-15 18:30:31.397  2058  2058 E BatteryController: updatePowerSavingMode lastle===87 batterylast==30
03-15 18:30:31.404  1032  3002 E SurfaceFlinger: isStylusTargetLayer notifyTargetLayerDisconnect in
03-15 18:30:31.405  1032  3002 E SurfaceFlinger: isStylusTargetLayer notifyTargetLayerDisconnect in
03-15 18:30:31.411   840  8470 W libc    : Access denied finding property "vendor.dolby.mi.metadata.log"
03-15 18:30:31.411   840  8470 W libc    : Access denied finding property "vendor.dolby.mi.metadata.log"
03-15 18:30:31.411   840  8470 W libc    : Access denied finding property "vendor.dolby.mi.metadata.log"
03-15 18:30:31.412   840  8470 W libc    : Access denied finding property "vendor.dolby.mi.metadata.log"
03-15 18:30:31.412   840  8470 W libc    : Access denied finding property "vendor.dolby.mi.metadata.log"
03-15 18:30:31.412  1032  1669 E SurfaceFlinger: isStylusTargetLayer notifyTargetLayerDisconnect in
03-15 18:30:31.412   840  8470 W libc    : Access denied finding property "vendor.dolby.mi.metadata.log"
03-15 18:30:31.412   840  8470 W libc    : Access denied finding property "vendor.dolby.mi.metadata.log"
03-15 18:30:31.412   840  8470 W libc    : Access denied finding property "vendor.dolby.mi.metadata.log"
03-15 18:30:31.413   840  8358 W libc    : Access denied finding property "hal.record.dump"
03-15 18:30:31.414  1032  1669 E SurfaceFlinger: isStylusTargetLayer notifyTargetLayerDisconnect in
03-15 18:30:31.421  1032  3002 E SurfaceFlinger: isStylusTargetLayer notifyTargetLayerDisconnect in
03-15 18:30:31.421  1032  1098 E SurfaceFlinger: isStylusTargetLayer notifyTargetLayerDisconnect in
03-15 18:30:31.421  1032  1098 E SurfaceFlinger: isStylusTargetLayer notifyTargetLayerDisconnect in
03-15 18:30:31.429  1032  1098 E SurfaceFlinger: isStylusTargetLayer notifyTargetLayerDisconnect in
03-15 18:30:31.429  1032  1201 E SurfaceFlinger: isStylusTargetLayer notifyTargetLayerDisconnect in
03-15 18:30:31.437  1032  1201 E SurfaceFlinger: isStylusTargetLayer notifyTargetLayerDisconnect in
03-15 18:30:31.439  1032  1201 E SurfaceFlinger: isStylusTargetLayer notifyTargetLayerDisconnect in
03-15 18:30:31.445  1032  1098 E SurfaceFlinger: isStylusTargetLayer notifyTargetLayerDisconnect in
03-15 18:30:31.446  1032  1201 E SurfaceFlinger: isStylusTargetLayer notifyTargetLayerDisconnect in
03-15 18:30:31.451   840  8470 W libc    : Access denied finding property "vendor.dolby.mi.metadata.log"
03-15 18:30:31.451   840  8470 W libc    : Access denied finding property "vendor.dolby.mi.metadata.log"
03-15 18:30:31.452   840  8470 W libc    : Access denied finding property "vendor.dolby.mi.metadata.log"
03-15 18:30:31.452   840  8470 W libc    : Access denied finding property "vendor.dolby.mi.metadata.log"
03-15 18:30:31.452   840  8470 W libc    : Access denied finding property "vendor.dolby.mi.metadata.log"
03-15 18:30:31.452   840  8470 W libc    : Access denied finding property "vendor.dolby.mi.metadata.log"
03-15 18:30:31.452   840  8470 W libc    : Access denied finding property "vendor.dolby.mi.metadata.log"
03-15 18:30:31.452   840  8358 W libc    : Access denied finding property "hal.record.dump"
03-15 18:30:31.454  1032  1201 E SurfaceFlinger: isStylusTargetLayer notifyTargetLayerDisconnect in
03-15 18:30:31.455  1032  1201 E SurfaceFlinger: isStylusTargetLayer notifyTargetLayerDisconnect in
03-15 18:30:31.456  1032  1201 E SurfaceFlinger: isStylusTargetLayer notifyTargetLayerDisconnect in
03-15 18:30:31.462  1032  1098 E SurfaceFlinger: isStylusTargetLayer notifyTargetLayerDisconnect in
03-15 18:30:31.463  1032  1201 E SurfaceFlinger: isStylusTargetLayer notifyTargetLayerDisconnect in
03-15 18:30:31.471  1032  1098 E SurfaceFlinger: isStylusTargetLayer notifyTargetLayerDisconnect in
03-15 18:30:31.471   999   999 W libc    : Access denied finding property "hwservicemanager.ready"
03-15 18:30:31.471  1032  1201 E SurfaceFlinger: isStylusTargetLayer notifyTargetLayerDisconnect in
03-15 18:30:31.479  1032  1669 E SurfaceFlinger: isStylusTargetLayer notifyTargetLayerDisconnect in
03-15 18:30:31.480  1474  1959 D WifiClientModeImpl[11371:wlan0]: updateLinkLayerStatsRssiSpeedFrequencyCapabilities rssi=-55 TxLinkspeed=400 freq=5805 RxLinkSpeed=400
03-15 18:30:31.480  1474  1959 D WifiDataStall: tx tput in kbps: 320078
03-15 18:30:31.480  1474  1959 D WifiDataStall: rx tput in kbps: 376562
03-15 18:30:31.480  1474  1959 V WifiConfigManager: Updating scan detail cache freq=5805 BSSID=5c:c9:99:07:da:40 RSSI=-54 for "swu-wifi"NONE
03-15 18:30:31.480  1474  1959 D WifiDataStall:  ccaLevel = 15
03-15 18:30:31.480  1474  1959 D WifiDataStall: L2 txTputKbps: 327609, rxTputKbps: 376562, L3 txTputKbps: 46, rxTputKbps: 964, TxTrafficHigh: true, RxTrafficHigh: true, Throughput Sufficient: true
03-15 18:30:31.481  1474  1959 D WifiScoreCard: BSSID update SIGNAL_POLL ID: 718310405 SSID: "swu-wifi", BSSID: 5c:c9:99:07:da:40, MAC: d8:63:0d:d4:55:38, IP: /10.70.94.15, Security type: 0, Supplicant state: COMPLETED, Wi-Fi standard: 5, RSSI: -55, Link speed: 400Mbps, Tx Link speed: 400Mbps, Max Supported Tx Link speed: 400Mbps, Rx Link speed: 400Mbps, Max Supported Rx Link speed: 400Mbps, Frequency: 5805MHz, Net ID: 21, Metered hint: false, score: 60, isUsable: true, CarrierMerged: false, SubscriptionId: -1, IsPrimary: 1, Trusted: true, Restricted: false, Ephemeral: false, OEM paid: false, OEM private: false, OSU AP: false, FQDN: <none>, Provider friendly name: <none>, Requesting package name: <none>"swu-wifi"openMLO Information: , Is TID-To-Link negotiation supported by the AP: false, AP MLD Address: <none>, AP MLO Link Id: <none>, AP MLO Affiliated links: <none>
03-15 18:30:31.481  1474  1959 D WifiScoreCard: txRate: 22 txSpeed: 400
03-15 18:30:31.481  1474  1959 D WifiScoreCard: network update SIGNAL_POLL "swu-wifi" ID: 1396242615 RSSI -55 txSpeed 400
03-15 18:30:31.481  1474  1959 D WifiClientModeImpl[11371:wlan0]:  ClientModeImpl$L2ConnectedState screen=on 27 0 "swu-wifi" 5c:c9:99:07:da:40 rssi=-55 f=5805 sc=60 link=400 tx=18.3, 3.0, 0.0 rx=64.0 bcn=290915 [on:1460 tx:7 rx:13 period:3006] from screen [on:807710 period:1540246] score=60
03-15 18:30:31.482  1032  1201 E SurfaceFlinger: isStylusTargetLayer notifyTargetLayerDisconnect in
03-15 18:30:31.487  1032  3002 E SurfaceFlinger: isStylusTargetLayer notifyTargetLayerDisconnect in
03-15 18:30:31.487  1032  3002 E SurfaceFlinger: isStylusTargetLayer notifyTargetLayerDisconnect in
03-15 18:30:31.489  1032  3002 E SurfaceFlinger: isStylusTargetLayer notifyTargetLayerDisconnect in
03-15 18:30:31.491   840  8470 W libc    : Access denied finding property "vendor.dolby.mi.metadata.log"
03-15 18:30:31.491   840  8470 W libc    : Access denied finding property "vendor.dolby.mi.metadata.log"
03-15 18:30:31.491   840  8470 W libc    : Access denied finding property "vendor.dolby.mi.metadata.log"
03-15 18:30:31.491   840  8470 W libc    : Access denied finding property "vendor.dolby.mi.metadata.log"
03-15 18:30:31.491  2058  2058 W Settings: Setting airplane_mode_on has moved from android.provider.Settings.System to android.provider.Settings.Global, returning read-only value.
03-15 18:30:31.491   840  8470 W libc    : Access denied finding property "vendor.dolby.mi.metadata.log"
03-15 18:30:31.491   840  8470 W libc    : Access denied finding property "vendor.dolby.mi.metadata.log"
03-15 18:30:31.492   840  8470 W libc    : Access denied finding property "vendor.dolby.mi.metadata.log"
03-15 18:30:31.492   840  8470 W libc    : Access denied finding property "vendor.dolby.mi.metadata.log"
03-15 18:30:31.492   840  8358 W libc    : Access denied finding property "hal.record.dump"
03-15 18:30:31.496  1032  1201 E SurfaceFlinger: isStylusTargetLayer notifyTargetLayerDisconnect in
03-15 18:30:31.498  1032  1669 E SurfaceFlinger: isStylusTargetLayer notifyTargetLayerDisconnect in
03-15 18:30:31.504  1032  1201 E SurfaceFlinger: isStylusTargetLayer notifyTargetLayerDisconnect in
03-15 18:30:31.506  1032  1201 E SurfaceFlinger: isStylusTargetLayer notifyTargetLayerDisconnect in
03-15 18:30:31.511  2058  2058 W Settings: Setting airplane_mode_on has moved from android.provider.Settings.System to android.provider.Settings.Global, returning read-only value.
03-15 18:30:31.512  1032  1669 E SurfaceFlinger: isStylusTargetLayer notifyTargetLayerDisconnect in
03-15 18:30:31.513  1032  1201 E SurfaceFlinger: isStylusTargetLayer notifyTargetLayerDisconnect in
03-15 18:30:31.520  1032  1201 E SurfaceFlinger: isStylusTargetLayer notifyTargetLayerDisconnect in
03-15 18:30:31.522  1032  1201 E SurfaceFlinger: isStylusTargetLayer notifyTargetLayerDisconnect in
03-15 18:30:31.522  1032  1201 E SurfaceFlinger: isStylusTargetLayer notifyTargetLayerDisconnect in
03-15 18:30:31.523  1032  1201 E SurfaceFlinger: isStylusTargetLayer notifyTargetLayerDisconnect in
03-15 18:30:31.529  1032  1201 E SurfaceFlinger: isStylusTargetLayer notifyTargetLayerDisconnect in
03-15 18:30:31.530  1032  3002 E SurfaceFlinger: isStylusTargetLayer notifyTargetLayerDisconnect in
03-15 18:30:31.531   840  8470 W libc    : Access denied finding property "vendor.dolby.mi.metadata.log"
03-15 18:30:31.531   840  8470 W libc    : Access denied finding property "vendor.dolby.mi.metadata.log"
03-15 18:30:31.531   840  8470 W libc    : Access denied finding property "vendor.dolby.mi.metadata.log"
03-15 18:30:31.531   840  8470 W libc    : Access denied finding property "vendor.dolby.mi.metadata.log"
03-15 18:30:31.532   840  8470 W libc    : Access denied finding property "vendor.dolby.mi.metadata.log"
03-15 18:30:31.532   840  8470 W libc    : Access denied finding property "vendor.dolby.mi.metadata.log"
03-15 18:30:31.532   840  8470 W libc    : Access denied finding property "vendor.dolby.mi.metadata.log"
03-15 18:30:31.532   840  8358 W libc    : Access denied finding property "hal.record.dump"
03-15 18:30:31.537  1032  1201 E SurfaceFlinger: isStylusTargetLayer notifyTargetLayerDisconnect in
03-15 18:30:31.538  1032  3002 E SurfaceFlinger: isStylusTargetLayer notifyTargetLayerDisconnect in
03-15 18:30:31.546  1032  3002 E SurfaceFlinger: isStylusTargetLayer notifyTargetLayerDisconnect in
03-15 18:30:31.546  1032  3002 E SurfaceFlinger: isStylusTargetLayer notifyTargetLayerDisconnect in
03-15 18:30:31.554  1032  3002 E SurfaceFlinger: isStylusTargetLayer notifyTargetLayerDisconnect in
03-15 18:30:31.554  1032  1201 E SurfaceFlinger: isStylusTargetLayer notifyTargetLayerDisconnect in
03-15 18:30:31.555  1032  1201 E SurfaceFlinger: isStylusTargetLayer notifyTargetLayerDisconnect in
03-15 18:30:31.562  1032  1669 E SurfaceFlinger: isStylusTargetLayer notifyTargetLayerDisconnect in
03-15 18:30:31.563  1032  1669 E SurfaceFlinger: isStylusTargetLayer notifyTargetLayerDisconnect in
03-15 18:30:31.571   840  8470 W libc    : Access denied finding property "vendor.dolby.mi.metadata.log"
03-15 18:30:31.567   840   840 W effect  : type=1400 audit(0.0:2050325): avc:  denied  { read } for  name="u:object_r:vendor_dolby_prop:s0" dev="tmpfs" ino=11682 scontext=u:r:hal_audio_default:s0 tcontext=u:object_r:vendor_dolby_prop:s0 tclass=file permissive=0
03-15 18:30:31.571  1032  1669 E SurfaceFlinger: isStylusTargetLayer notifyTargetLayerDisconnect in
03-15 18:30:31.571   840  8470 W libc    : Access denied finding property "vendor.dolby.mi.metadata.log"
03-15 18:30:31.571   840   840 W effect  : type=1400 audit(0.0:2050326): avc:  denied  { read } for  name="u:object_r:vendor_dolby_prop:s0" dev="tmpfs" ino=11682 scontext=u:r:hal_audio_default:s0 tcontext=u:object_r:vendor_dolby_prop:s0 tclass=file permissive=0
03-15 18:30:31.571   840  8470 W libc    : Access denied finding property "vendor.dolby.mi.metadata.log"
03-15 18:30:31.571   840   840 W effect  : type=1400 audit(0.0:2050327): avc:  denied  { read } for  name="u:object_r:vendor_dolby_prop:s0" dev="tmpfs" ino=11682 scontext=u:r:hal_audio_default:s0 tcontext=u:object_r:vendor_dolby_prop:s0 tclass=file permissive=0
03-15 18:30:31.571   840   840 W effect  : type=1400 audit(0.0:2050328): avc:  denied  { read } for  name="u:object_r:vendor_dolby_prop:s0" dev="tmpfs" ino=11682 scontext=u:r:hal_audio_default:s0 tcontext=u:object_r:vendor_dolby_prop:s0 tclass=file permissive=0
03-15 18:30:31.572   840  8470 W libc    : Access denied finding property "vendor.dolby.mi.metadata.log"
03-15 18:30:31.571   840   840 W effect  : type=1400 audit(0.0:2050329): avc:  denied  { read } for  name="u:object_r:vendor_dolby_prop:s0" dev="tmpfs" ino=11682 scontext=u:r:hal_audio_default:s0 tcontext=u:object_r:vendor_dolby_prop:s0 tclass=file permissive=0
03-15 18:30:31.572   840  8470 W libc    : Access denied finding property "vendor.dolby.mi.metadata.log"
03-15 18:30:31.572   840  8470 W libc    : Access denied finding property "vendor.dolby.mi.metadata.log"
03-15 18:30:31.573   840  8358 W libc    : Access denied finding property "hal.record.dump"
03-15 18:30:31.573  1032  1201 E SurfaceFlinger: isStylusTargetLayer notifyTargetLayerDisconnect in
03-15 18:30:31.579  1032  1669 E SurfaceFlinger: isStylusTargetLayer notifyTargetLayerDisconnect in
03-15 18:30:31.579   999   999 W libc    : Access denied finding property "hwservicemanager.ready"
03-15 18:30:31.581  1032  1201 E SurfaceFlinger: isStylusTargetLayer notifyTargetLayerDisconnect in
03-15 18:30:31.587  1032  1669 E SurfaceFlinger: isStylusTargetLayer notifyTargetLayerDisconnect in
03-15 18:30:31.588  1032  1201 E SurfaceFlinger: isStylusTargetLayer notifyTargetLayerDisconnect in
03-15 18:30:31.588  1032  3002 E SurfaceFlinger: isStylusTargetLayer notifyTargetLayerDisconnect in
03-15 18:30:31.595  1032  1201 E SurfaceFlinger: isStylusTargetLayer notifyTargetLayerDisconnect in
03-15 18:30:31.597  1032  3002 E SurfaceFlinger: isStylusTargetLayer notifyTargetLayerDisconnect in
03-15 18:30:31.604  1032  3002 E SurfaceFlinger: isStylusTargetLayer notifyTargetLayerDisconnect in
03-15 18:30:31.606  1032  3002 E SurfaceFlinger: isStylusTargetLayer notifyTargetLayerDisconnect in
03-15 18:30:31.611   840  8470 W libc    : Access denied finding property "vendor.dolby.mi.metadata.log"
03-15 18:30:31.611   840  8470 W libc    : Access denied finding property "vendor.dolby.mi.metadata.log"
03-15 18:30:31.611   840  8470 W libc    : Access denied finding property "vendor.dolby.mi.metadata.log"
03-15 18:30:31.612   840  8470 W libc    : Access denied finding property "vendor.dolby.mi.metadata.log"
03-15 18:30:31.612   840  8470 W libc    : Access denied finding property "vendor.dolby.mi.metadata.log"
03-15 18:30:31.612   840  8470 W libc    : Access denied finding property "vendor.dolby.mi.metadata.log"
03-15 18:30:31.612   840  8470 W libc    : Access denied finding property "vendor.dolby.mi.metadata.log"
03-15 18:30:31.612  1032  3002 E SurfaceFlinger: isStylusTargetLayer notifyTargetLayerDisconnect in
03-15 18:30:31.613   840  8358 W libc    : Access denied finding property "hal.record.dump"
03-15 18:30:31.613  1032  3002 E SurfaceFlinger: isStylusTargetLayer notifyTargetLayerDisconnect in
03-15 18:30:31.620  1032  3002 E SurfaceFlinger: isStylusTargetLayer notifyTargetLayerDisconnect in
03-15 18:30:31.621  1032  1201 E SurfaceFlinger: isStylusTargetLayer notifyTargetLayerDisconnect in
03-15 18:30:31.622  1032  1201 E SurfaceFlinger: isStylusTargetLayer notifyTargetLayerDisconnect in
03-15 18:30:31.629  1032  1201 E SurfaceFlinger: isStylusTargetLayer notifyTargetLayerDisconnect in
03-15 18:30:31.631  1032  3002 E SurfaceFlinger: isStylusTargetLayer notifyTargetLayerDisconnect in
03-15 18:30:31.637  1032  1201 E SurfaceFlinger: isStylusTargetLayer notifyTargetLayerDisconnect in
03-15 18:30:31.638  1032  1201 E SurfaceFlinger: isStylusTargetLayer notifyTargetLayerDisconnect in
03-15 18:30:31.646  1032  3002 E SurfaceFlinger: isStylusTargetLayer notifyTargetLayerDisconnect in
03-15 18:30:31.646  1032  3002 E SurfaceFlinger: isStylusTargetLayer notifyTargetLayerDisconnect in
03-15 18:30:31.651   840  8470 W libc    : Access denied finding property "vendor.dolby.mi.metadata.log"
03-15 18:30:31.651   840  8470 W libc    : Access denied finding property "vendor.dolby.mi.metadata.log"
03-15 18:30:31.651   840  8470 W libc    : Access denied finding property "vendor.dolby.mi.metadata.log"
03-15 18:30:31.651   840  8470 W libc    : Access denied finding property "vendor.dolby.mi.metadata.log"
03-15 18:30:31.651   840  8470 W libc    : Access denied finding property "vendor.dolby.mi.metadata.log"
03-15 18:30:31.652   840  8470 W libc    : Access denied finding property "vendor.dolby.mi.metadata.log"
03-15 18:30:31.652   840  8470 W libc    : Access denied finding property "vendor.dolby.mi.metadata.log"
03-15 18:30:31.652   840  8470 W libc    : Access denied finding property "vendor.dolby.mi.metadata.log"
03-15 18:30:31.652   840  8358 W libc    : Access denied finding property "hal.record.dump"
03-15 18:30:31.654  1032  1201 E SurfaceFlinger: isStylusTargetLayer notifyTargetLayerDisconnect in
03-15 18:30:31.654  1032  1098 E SurfaceFlinger: isStylusTargetLayer notifyTargetLayerDisconnect in
03-15 18:30:31.656  1032  1098 E SurfaceFlinger: isStylusTargetLayer notifyTargetLayerDisconnect in
03-15 18:30:31.662  1032  3002 E SurfaceFlinger: isStylusTargetLayer notifyTargetLayerDisconnect in
03-15 18:30:31.663  1032  1669 E SurfaceFlinger: isStylusTargetLayer notifyTargetLayerDisconnect in
03-15 18:30:31.671  1032  3002 E SurfaceFlinger: isStylusTargetLayer notifyTargetLayerDisconnect in
03-15 18:30:31.672  1032  3002 E SurfaceFlinger: isStylusTargetLayer notifyTargetLayerDisconnect in
03-15 18:30:31.678  1032  3002 E SurfaceFlinger: isStylusTargetLayer notifyTargetLayerDisconnect in
03-15 18:30:31.679  1032  3002 E SurfaceFlinger: isStylusTargetLayer notifyTargetLayerDisconnect in
03-15 18:30:31.687  1032  3002 E SurfaceFlinger: isStylusTargetLayer notifyTargetLayerDisconnect in
03-15 18:30:31.687  1032  3002 E SurfaceFlinger: isStylusTargetLayer notifyTargetLayerDisconnect in
03-15 18:30:31.689  1032  1669 E SurfaceFlinger: isStylusTargetLayer notifyTargetLayerDisconnect in
03-15 18:30:31.691   840  8470 W libc    : Access denied finding property "vendor.dolby.mi.metadata.log"
03-15 18:30:31.691   840  8470 W libc    : Access denied finding property "vendor.dolby.mi.metadata.log"
03-15 18:30:31.691   840  8470 W libc    : Access denied finding property "vendor.dolby.mi.metadata.log"
03-15 18:30:31.691   840  8470 W libc    : Access denied finding property "vendor.dolby.mi.metadata.log"
03-15 18:30:31.692   840  8470 W libc    : Access denied finding property "vendor.dolby.mi.metadata.log"
03-15 18:30:31.692   840  8470 W libc    : Access denied finding property "vendor.dolby.mi.metadata.log"
03-15 18:30:31.692   840  8470 W libc    : Access denied finding property "vendor.dolby.mi.metadata.log"
03-15 18:30:31.692   840  8358 W libc    : Access denied finding property "hal.record.dump"
03-15 18:30:31.695  1032  1669 E SurfaceFlinger: isStylusTargetLayer notifyTargetLayerDisconnect in
03-15 18:30:31.697 17158 17288 V MSF.C.MSFCore[@PS]: [Event] MSFPacketStatistics.cpp(300)::DoCheckRequestTimeout->current rtts:53.124
03-15 18:30:31.697  1032  1098 E SurfaceFlinger: isStylusTargetLayer notifyTargetLayerDisconnect in
03-15 18:30:31.704  1032  1098 E SurfaceFlinger: isStylusTargetLayer notifyTargetLayerDisconnect in
03-15 18:30:31.705  1032  1098 E SurfaceFlinger: isStylusTargetLayer notifyTargetLayerDisconnect in
03-15 18:30:31.707 17158 17301 V MSF.C.MSFCore[@DD]: [Event] MSFDDNetworkEngine.cpp(179)::onTcpInfoUpdate->onTcpInfoUpdate:
03-15 18:30:31.707 17158 17301 V MSF.C.MSFCore[@DD]:                      tcpi_state = 1;
03-15 18:30:31.707 17158 17301 V MSF.C.MSFCore[@DD]:                      tcpi_ca_state = 0;
03-15 18:30:31.707 17158 17301 V MSF.C.MSFCore[@DD]:                      tcpi_rto = 248 ms;
03-15 18:30:31.707 17158 17301 V MSF.C.MSFCore[@DD]:                      tcpi_unacked = 0;
03-15 18:30:31.707 17158 17301 V MSF.C.MSFCore[@DD]:                      tcpi_rttcur = 47 ms;
03-15 18:30:31.707 17158 17301 V MSF.C.MSFCore[@DD]:                      tcpi_rttvar = 13 ms;
03-15 18:30:31.707 17158 17301 V MSF.C.MSFCore[@DD]:                      tcpi_bytes_retrans = 0 bytes;
03-15 18:30:31.707 17158 17301 V MSF.C.MSFCore[@DD]:                      tcpi_notsent_bytes = 0 bytes;
03-15 18:30:31.707 17158 17301 V MSF.C.MSFCore[@DD]:                      tcpi_bytes_received = 325453 bytes;
03-15 18:30:31.707 17158 17301 V MSF.C.MSFCore[@DD]:                      tcpi_bytes_sent = 100321 bytes 
03-15 18:30:31.707 17158 17301 V MSF.C.MSFCore[@DD]:                      tcpi_last_data_sent = 171808 ms 
03-15 18:30:31.707 17158 17301 V MSF.C.MSFCore[@DD]:                      tcpi_last_data_recv = 171764 ms 
03-15 18:30:31.712  1032  1098 E SurfaceFlinger: isStylusTargetLayer notifyTargetLayerDisconnect in
03-15 18:30:31.712   999   999 W libc    : Access denied finding property "hwservicemanager.ready"
03-15 18:30:31.713  1032  1098 E SurfaceFlinger: isStylusTargetLayer notifyTargetLayerDisconnect in
03-15 18:30:31.720  1032  1098 E SurfaceFlinger: isStylusTargetLayer notifyTargetLayerDisconnect in
03-15 18:30:31.722  1032  1098 E SurfaceFlinger: isStylusTargetLayer notifyTargetLayerDisconnect in
03-15 18:30:31.723  1032  1098 E SurfaceFlinger: isStylusTargetLayer notifyTargetLayerDisconnect in
03-15 18:30:31.728  1032  1098 E SurfaceFlinger: isStylusTargetLayer notifyTargetLayerDisconnect in
03-15 18:30:31.730  1032  1669 E SurfaceFlinger: isStylusTargetLayer notifyTargetLayerDisconnect in
03-15 18:30:31.731   840  8470 W libc    : Access denied finding property "vendor.dolby.mi.metadata.log"
03-15 18:30:31.731   840  8470 W libc    : Access denied finding property "vendor.dolby.mi.metadata.log"
03-15 18:30:31.731   840  8470 W libc    : Access denied finding property "vendor.dolby.mi.metadata.log"
03-15 18:30:31.731   840  8470 W libc    : Access denied finding property "vendor.dolby.mi.metadata.log"
03-15 18:30:31.731   840  8470 W libc    : Access denied finding property "vendor.dolby.mi.metadata.log"
03-15 18:30:31.732   840  8470 W libc    : Access denied finding property "vendor.dolby.mi.metadata.log"
03-15 18:30:31.732   840  8470 W libc    : Access denied finding property "vendor.dolby.mi.metadata.log"
03-15 18:30:31.732   840  8470 W libc    : Access denied finding property "vendor.dolby.mi.metadata.log"
03-15 18:30:31.732   840  8358 W libc    : Access denied finding property "hal.record.dump"
03-15 18:30:31.738  1032  1669 E SurfaceFlinger: isStylusTargetLayer notifyTargetLayerDisconnect in
03-15 18:30:31.739  1032  1669 E SurfaceFlinger: isStylusTargetLayer notifyTargetLayerDisconnect in
03-15 18:30:31.745  1032  1669 E SurfaceFlinger: isStylusTargetLayer notifyTargetLayerDisconnect in
03-15 18:30:31.746  1032  1669 E SurfaceFlinger: isStylusTargetLayer notifyTargetLayerDisconnect in
03-15 18:30:31.754  1032  1669 E SurfaceFlinger: isStylusTargetLayer notifyTargetLayerDisconnect in
03-15 18:30:31.754  1032  3002 E SurfaceFlinger: isStylusTargetLayer notifyTargetLayerDisconnect in
03-15 18:30:31.755  1032  3002 E SurfaceFlinger: isStylusTargetLayer notifyTargetLayerDisconnect in
03-15 18:30:31.762  1032  3002 E SurfaceFlinger: isStylusTargetLayer notifyTargetLayerDisconnect in
03-15 18:30:31.763  1032  3002 E SurfaceFlinger: isStylusTargetLayer notifyTargetLayerDisconnect in
03-15 18:30:31.771  1032  3002 E SurfaceFlinger: isStylusTargetLayer notifyTargetLayerDisconnect in
03-15 18:30:31.771   840  8470 W libc    : Access denied finding property "vendor.dolby.mi.metadata.log"
03-15 18:30:31.771   840  8470 W libc    : Access denied finding property "vendor.dolby.mi.metadata.log"
03-15 18:30:31.771   840  8470 W libc    : Access denied finding property "vendor.dolby.mi.metadata.log"
03-15 18:30:31.772   840  8470 W libc    : Access denied finding property "vendor.dolby.mi.metadata.log"
03-15 18:30:31.772   840  8470 W libc    : Access denied finding property "vendor.dolby.mi.metadata.log"
03-15 18:30:31.772   840  8470 W libc    : Access denied finding property "vendor.dolby.mi.metadata.log"
03-15 18:30:31.772  1032  3002 E SurfaceFlinger: isStylusTargetLayer notifyTargetLayerDisconnect in
03-15 18:30:31.772   840  8470 W libc    : Access denied finding property "vendor.dolby.mi.metadata.log"
03-15 18:30:31.772   840  8358 W libc    : Access denied finding property "hal.record.dump"
03-15 18:30:31.779  1032  3002 E SurfaceFlinger: isStylusTargetLayer notifyTargetLayerDisconnect in
03-15 18:30:31.780  1032  3002 E SurfaceFlinger: isStylusTargetLayer notifyTargetLayerDisconnect in
03-15 18:30:31.787  1032  1098 E SurfaceFlinger: isStylusTargetLayer notifyTargetLayerDisconnect in
03-15 18:30:31.787  1032  1669 E SurfaceFlinger: isStylusTargetLayer notifyTargetLayerDisconnect in
03-15 18:30:31.790  1032  1669 E SurfaceFlinger: isStylusTargetLayer notifyTargetLayerDisconnect in
03-15 18:30:31.796  1032  1201 E SurfaceFlinger: isStylusTargetLayer notifyTargetLayerDisconnect in
03-15 18:30:31.797  1032  1201 E SurfaceFlinger: isStylusTargetLayer notifyTargetLayerDisconnect in
03-15 18:30:31.804  1032  1669 E SurfaceFlinger: isStylusTargetLayer notifyTargetLayerDisconnect in
03-15 18:30:31.806  1032  1201 E SurfaceFlinger: isStylusTargetLayer notifyTargetLayerDisconnect in
03-15 18:30:31.812   840  8470 W libc    : Access denied finding property "vendor.dolby.mi.metadata.log"
03-15 18:30:31.812   840  8470 W libc    : Access denied finding property "vendor.dolby.mi.metadata.log"
03-15 18:30:31.812   840  8470 W libc    : Access denied finding property "vendor.dolby.mi.metadata.log"
03-15 18:30:31.812   840  8470 W libc    : Access denied finding property "vendor.dolby.mi.metadata.log"
03-15 18:30:31.812   840  8470 W libc    : Access denied finding property "vendor.dolby.mi.metadata.log"
03-15 18:30:31.812  1032  3002 E SurfaceFlinger: isStylusTargetLayer notifyTargetLayerDisconnect in
03-15 18:30:31.813   840  8470 W libc    : Access denied finding property "vendor.dolby.mi.metadata.log"
03-15 18:30:31.813   840  8470 W libc    : Access denied finding property "vendor.dolby.mi.metadata.log"
03-15 18:30:31.813   840  8470 W libc    : Access denied finding property "vendor.dolby.mi.metadata.log"
03-15 18:30:31.813   840  8358 W libc    : Access denied finding property "hal.record.dump"
03-15 18:30:31.816  1032  1669 E SurfaceFlinger: isStylusTargetLayer notifyTargetLayerDisconnect in
03-15 18:30:31.820  1032  1098 E SurfaceFlinger: isStylusTargetLayer notifyTargetLayerDisconnect in
03-15 18:30:31.821  1032  3002 E SurfaceFlinger: isStylusTargetLayer notifyTargetLayerDisconnect in
03-15 18:30:31.822  1032  1201 E SurfaceFlinger: isStylusTargetLayer notifyTargetLayerDisconnect in
03-15 18:30:31.829  1032  1201 E SurfaceFlinger: isStylusTargetLayer notifyTargetLayerDisconnect in
03-15 18:30:31.831  1032  3002 E SurfaceFlinger: isStylusTargetLayer notifyTargetLayerDisconnect in
03-15 18:30:31.837  1032  3002 E SurfaceFlinger: isStylusTargetLayer notifyTargetLayerDisconnect in
03-15 18:30:31.838  1032  3002 E SurfaceFlinger: isStylusTargetLayer notifyTargetLayerDisconnect in
03-15 18:30:31.845  1032  3002 E SurfaceFlinger: isStylusTargetLayer notifyTargetLayerDisconnect in
03-15 18:30:31.846   999   999 W libc    : Access denied finding property "hwservicemanager.ready"
03-15 18:30:31.847  1032  3002 E SurfaceFlinger: isStylusTargetLayer notifyTargetLayerDisconnect in
03-15 18:30:31.851   840  8470 W libc    : Access denied finding property "vendor.dolby.mi.metadata.log"
03-15 18:30:31.851   840  8470 W libc    : Access denied finding property "vendor.dolby.mi.metadata.log"
03-15 18:30:31.851   840  8470 W libc    : Access denied finding property "vendor.dolby.mi.metadata.log"
03-15 18:30:31.851   840  8470 W libc    : Access denied finding property "vendor.dolby.mi.metadata.log"
03-15 18:30:31.852   840  8470 W libc    : Access denied finding property "vendor.dolby.mi.metadata.log"
03-15 18:30:31.852   840  8470 W libc    : Access denied finding property "vendor.dolby.mi.metadata.log"
03-15 18:30:31.852   840  8470 W libc    : Access denied finding property "vendor.dolby.mi.metadata.log"
03-15 18:30:31.852   840  8358 W libc    : Access denied finding property "hal.record.dump"
03-15 18:30:31.854  1032  1201 E SurfaceFlinger: isStylusTargetLayer notifyTargetLayerDisconnect in
03-15 18:30:31.854  1032  1097 E SurfaceFlinger: isStylusTargetLayer notifyTargetLayerDisconnect in
03-15 18:30:31.855  1032  1097 E SurfaceFlinger: isStylusTargetLayer notifyTargetLayerDisconnect in
03-15 18:30:31.862  1032  1201 E SurfaceFlinger: isStylusTargetLayer notifyTargetLayerDisconnect in
03-15 18:30:31.864  1032  1201 E SurfaceFlinger: isStylusTargetLayer notifyTargetLayerDisconnect in
03-15 18:30:31.870  1032  1201 E SurfaceFlinger: isStylusTargetLayer notifyTargetLayerDisconnect in
03-15 18:30:31.872  1032  1201 E SurfaceFlinger: isStylusTargetLayer notifyTargetLayerDisconnect in
03-15 18:30:31.879  1032  1097 E SurfaceFlinger: isStylusTargetLayer notifyTargetLayerDisconnect in
03-15 18:30:31.880  1032  1097 E SurfaceFlinger: isStylusTargetLayer notifyTargetLayerDisconnect in
03-15 18:30:31.887  1032  1201 E SurfaceFlinger: isStylusTargetLayer notifyTargetLayerDisconnect in
03-15 18:30:31.888  1032  1201 E SurfaceFlinger: isStylusTargetLayer notifyTargetLayerDisconnect in
03-15 18:30:31.889  1032  1201 E SurfaceFlinger: isStylusTargetLayer notifyTargetLayerDisconnect in
03-15 18:30:31.891   840  8470 W libc    : Access denied finding property "vendor.dolby.mi.metadata.log"
03-15 18:30:31.892   840  8470 W libc    : Access denied finding property "vendor.dolby.mi.metadata.log"
03-15 18:30:31.892   840  8470 W libc    : Access denied finding property "vendor.dolby.mi.metadata.log"
03-15 18:30:31.892   840  8470 W libc    : Access denied finding property "vendor.dolby.mi.metadata.log"
03-15 18:30:31.892   840  8470 W libc    : Access denied finding property "vendor.dolby.mi.metadata.log"
03-15 18:30:31.893   840  8470 W libc    : Access denied finding property "vendor.dolby.mi.metadata.log"
03-15 18:30:31.893   840  8470 W libc    : Access denied finding property "vendor.dolby.mi.metadata.log"
03-15 18:30:31.893   840  8470 W libc    : Access denied finding property "vendor.dolby.mi.metadata.log"
03-15 18:30:31.893   840  8358 W libc    : Access denied finding property "hal.record.dump"
03-15 18:30:31.895 17689 17689 E BatteryController: onReceive ACTION_BATTERY_CHANGED delay 1S isArtificial= 2
03-15 18:30:31.895 17689 17689 E BatteryController: updatePowerSavingMode lastle===87 batterylast==30
03-15 18:30:31.896  1032  1097 E SurfaceFlinger: isStylusTargetLayer notifyTargetLayerDisconnect in
03-15 18:30:31.896  1032  1201 E SurfaceFlinger: isStylusTargetLayer notifyTargetLayerDisconnect in
03-15 18:30:31.903  1032  1097 E SurfaceFlinger: isStylusTargetLayer notifyTargetLayerDisconnect in
03-15 18:30:31.905  1032  3002 E SurfaceFlinger: isStylusTargetLayer notifyTargetLayerDisconnect in
03-15 18:30:31.912  1032  1097 E SurfaceFlinger: isStylusTargetLayer notifyTargetLayerDisconnect in
03-15 18:30:31.913  1032  3002 E SurfaceFlinger: isStylusTargetLayer notifyTargetLayerDisconnect in
03-15 18:30:31.921  1032  3002 E SurfaceFlinger: isStylusTargetLayer notifyTargetLayerDisconnect in
03-15 18:30:31.922  1032  3002 E SurfaceFlinger: isStylusTargetLayer notifyTargetLayerDisconnect in
03-15 18:30:31.922  1032  3002 E SurfaceFlinger: isStylusTargetLayer notifyTargetLayerDisconnect in
03-15 18:30:31.929  1032  1097 E SurfaceFlinger: isStylusTargetLayer notifyTargetLayerDisconnect in
03-15 18:30:31.929  1032  3002 E SurfaceFlinger: isStylusTargetLayer notifyTargetLayerDisconnect in
03-15 18:30:31.931   840  8470 W libc    : Access denied finding property "vendor.dolby.mi.metadata.log"
03-15 18:30:31.931   840  8470 W libc    : Access denied finding property "vendor.dolby.mi.metadata.log"
03-15 18:30:31.931   840  8470 W libc    : Access denied finding property "vendor.dolby.mi.metadata.log"
03-15 18:30:31.932   840  8470 W libc    : Access denied finding property "vendor.dolby.mi.metadata.log"
03-15 18:30:31.932   840  8470 W libc    : Access denied finding property "vendor.dolby.mi.metadata.log"
03-15 18:30:31.932   840  8470 W libc    : Access denied finding property "vendor.dolby.mi.metadata.log"
03-15 18:30:31.933   840  8470 W libc    : Access denied finding property "vendor.dolby.mi.metadata.log"
03-15 18:30:31.933   840  8358 W libc    : Access denied finding property "hal.record.dump"
03-15 18:30:31.937  1032  3002 E SurfaceFlinger: isStylusTargetLayer notifyTargetLayerDisconnect in
03-15 18:30:31.939  1032  1097 E SurfaceFlinger: isStylusTargetLayer notifyTargetLayerDisconnect in
03-15 18:30:31.945  1032  1097 E SurfaceFlinger: isStylusTargetLayer notifyTargetLayerDisconnect in
03-15 18:30:31.947  1032  1097 E SurfaceFlinger: isStylusTargetLayer notifyTargetLayerDisconnect in
03-15 18:30:31.954  1032  3002 E SurfaceFlinger: isStylusTargetLayer notifyTargetLayerDisconnect in
03-15 18:30:31.955  1032  3002 E SurfaceFlinger: isStylusTargetLayer notifyTargetLayerDisconnect in
03-15 18:30:31.956  1032  3002 E SurfaceFlinger: isStylusTargetLayer notifyTargetLayerDisconnect in
03-15 18:30:31.962  1032  3002 E SurfaceFlinger: isStylusTargetLayer notifyTargetLayerDisconnect in
03-15 18:30:31.963  1032  3002 E SurfaceFlinger: isStylusTargetLayer notifyTargetLayerDisconnect in
03-15 18:30:31.970  1032  1097 E SurfaceFlinger: isStylusTargetLayer notifyTargetLayerDisconnect in
03-15 18:30:31.971   840  8470 W libc    : Access denied finding property "vendor.dolby.mi.metadata.log"
03-15 18:30:31.971   840  8470 W libc    : Access denied finding property "vendor.dolby.mi.metadata.log"
03-15 18:30:31.971   840  8470 W libc    : Access denied finding property "vendor.dolby.mi.metadata.log"
03-15 18:30:31.972   840  8470 W libc    : Access denied finding property "vendor.dolby.mi.metadata.log"
03-15 18:30:31.972   840  8470 W libc    : Access denied finding property "vendor.dolby.mi.metadata.log"
03-15 18:30:31.972   840  8470 W libc    : Access denied finding property "vendor.dolby.mi.metadata.log"
03-15 18:30:31.972   840  8470 W libc    : Access denied finding property "vendor.dolby.mi.metadata.log"
03-15 18:30:31.973   840  8470 W libc    : Access denied finding property "vendor.dolby.mi.metadata.log"
03-15 18:30:31.973   840  8358 W libc    : Access denied finding property "hal.record.dump"
03-15 18:30:31.975  1032  3002 E SurfaceFlinger: isStylusTargetLayer notifyTargetLayerDisconnect in
03-15 18:30:31.979  1032  3002 E SurfaceFlinger: isStylusTargetLayer notifyTargetLayerDisconnect in
03-15 18:30:31.980  1032  1097 E SurfaceFlinger: isStylusTargetLayer notifyTargetLayerDisconnect in
03-15 18:30:31.987  1032  1097 E SurfaceFlinger: isStylusTargetLayer notifyTargetLayerDisconnect in
03-15 18:30:31.988  1032  1097 E SurfaceFlinger: isStylusTargetLayer notifyTargetLayerDisconnect in
03-15 18:30:31.988  1032  1097 E SurfaceFlinger: isStylusTargetLayer notifyTargetLayerDisconnect in
03-15 18:30:31.996  1032  3002 E SurfaceFlinger: isStylusTargetLayer notifyTargetLayerDisconnect in
03-15 18:30:31.998  1032  3002 E SurfaceFlinger: isStylusTargetLayer notifyTargetLayerDisconnect in
03-15 18:30:32.005  1032  1097 E SurfaceFlinger: isStylusTargetLayer notifyTargetLayerDisconnect in
03-15 18:30:32.006  1032  3002 E SurfaceFlinger: isStylusTargetLayer notifyTargetLayerDisconnect in
03-15 18:30:32.011   840  8470 W libc    : Access denied finding property "vendor.dolby.mi.metadata.log"
03-15 18:30:32.011   840  8470 W libc    : Access denied finding property "vendor.dolby.mi.metadata.log"
03-15 18:30:32.011   840  8470 W libc    : Access denied finding property "vendor.dolby.mi.metadata.log"
03-15 18:30:32.011   840  8470 W libc    : Access denied finding property "vendor.dolby.mi.metadata.log"
03-15 18:30:32.011   840  8470 W libc    : Access denied finding property "vendor.dolby.mi.metadata.log"
03-15 18:30:32.012   840  8470 W libc    : Access denied finding property "vendor.dolby.mi.metadata.log"
03-15 18:30:32.012   840  8470 W libc    : Access denied finding property "vendor.dolby.mi.metadata.log"
03-15 18:30:32.012   840  8358 W libc    : Access denied finding property "hal.record.dump"
03-15 18:30:32.013   999   999 W libc    : Access denied finding property "hwservicemanager.ready"
03-15 18:30:32.013  1032  1097 E SurfaceFlinger: isStylusTargetLayer notifyTargetLayerDisconnect in
03-15 18:30:32.014  1032  1097 E SurfaceFlinger: isStylusTargetLayer notifyTargetLayerDisconnect in
03-15 18:30:32.021  1032  1097 E SurfaceFlinger: isStylusTargetLayer notifyTargetLayerDisconnect in
03-15 18:30:32.021  1032  1097 E SurfaceFlinger: isStylusTargetLayer notifyTargetLayerDisconnect in
03-15 18:30:32.022  1032  1097 E SurfaceFlinger: isStylusTargetLayer notifyTargetLayerDisconnect in
03-15 18:30:32.029  1032  1097 E SurfaceFlinger: isStylusTargetLayer notifyTargetLayerDisconnect in
03-15 18:30:32.030  1032  1097 E SurfaceFlinger: isStylusTargetLayer notifyTargetLayerDisconnect in
03-15 18:30:32.037  1032  1097 E SurfaceFlinger: isStylusTargetLayer notifyTargetLayerDisconnect in
03-15 18:30:32.038  1032  1097 E SurfaceFlinger: isStylusTargetLayer notifyTargetLayerDisconnect in
03-15 18:30:32.045  1032  3002 E SurfaceFlinger: isStylusTargetLayer notifyTargetLayerDisconnect in
03-15 18:30:32.046  1032  1097 E SurfaceFlinger: isStylusTargetLayer notifyTargetLayerDisconnect in
03-15 18:30:32.051   840  8470 W libc    : Access denied finding property "vendor.dolby.mi.metadata.log"
03-15 18:30:32.051   840  8470 W libc    : Access denied finding property "vendor.dolby.mi.metadata.log"
03-15 18:30:32.051   840  8470 W libc    : Access denied finding property "vendor.dolby.mi.metadata.log"
03-15 18:30:32.051   840  8470 W libc    : Access denied finding property "vendor.dolby.mi.metadata.log"
03-15 18:30:32.052   840  8470 W libc    : Access denied finding property "vendor.dolby.mi.metadata.log"
03-15 18:30:32.052   840  8470 W libc    : Access denied finding property "vendor.dolby.mi.metadata.log"
03-15 18:30:32.052   840  8470 W libc    : Access denied finding property "vendor.dolby.mi.metadata.log"
03-15 18:30:32.052   840  8470 W libc    : Access denied finding property "vendor.dolby.mi.metadata.log"
03-15 18:30:32.052   840  8358 W libc    : Access denied finding property "hal.record.dump"
03-15 18:30:32.055  1032  3002 E SurfaceFlinger: isStylusTargetLayer notifyTargetLayerDisconnect in
03-15 18:30:32.055  1032  3002 E SurfaceFlinger: isStylusTargetLayer notifyTargetLayerDisconnect in
03-15 18:30:32.057  1032  3002 E SurfaceFlinger: isStylusTargetLayer notifyTargetLayerDisconnect in
03-15 18:30:32.063  1032  3002 E SurfaceFlinger: isStylusTargetLayer notifyTargetLayerDisconnect in
03-15 18:30:32.063  1032  3002 E SurfaceFlinger: isStylusTargetLayer notifyTargetLayerDisconnect in
03-15 18:30:32.071  1032  3002 E SurfaceFlinger: isStylusTargetLayer notifyTargetLayerDisconnect in
03-15 18:30:32.072  1032  3002 E SurfaceFlinger: isStylusTargetLayer notifyTargetLayerDisconnect in
03-15 18:30:32.079  1032  1097 E SurfaceFlinger: isStylusTargetLayer notifyTargetLayerDisconnect in
03-15 18:30:32.080  1032  1097 E SurfaceFlinger: isStylusTargetLayer notifyTargetLayerDisconnect in
03-15 18:30:32.087  1032  1201 E SurfaceFlinger: isStylusTargetLayer notifyTargetLayerDisconnect in
03-15 18:30:32.088  1032  1669 E SurfaceFlinger: isStylusTargetLayer notifyTargetLayerDisconnect in
03-15 18:30:32.089  1032  1669 E SurfaceFlinger: isStylusTargetLayer notifyTargetLayerDisconnect in
03-15 18:30:32.091   840  8470 W libc    : Access denied finding property "vendor.dolby.mi.metadata.log"
03-15 18:30:32.091   840  8470 W libc    : Access denied finding property "vendor.dolby.mi.metadata.log"
03-15 18:30:32.091   840  8470 W libc    : Access denied finding property "vendor.dolby.mi.metadata.log"
03-15 18:30:32.091   840  8470 W libc    : Access denied finding property "vendor.dolby.mi.metadata.log"
03-15 18:30:32.091   840  8470 W libc    : Access denied finding property "vendor.dolby.mi.metadata.log"
03-15 18:30:32.091   840  8470 W libc    : Access denied finding property "vendor.dolby.mi.metadata.log"
03-15 18:30:32.092   840  8470 W libc    : Access denied finding property "vendor.dolby.mi.metadata.log"
03-15 18:30:32.092   840  8358 W libc    : Access denied finding property "hal.record.dump"
03-15 18:30:32.096  1032  1669 E SurfaceFlinger: isStylusTargetLayer notifyTargetLayerDisconnect in
03-15 18:30:32.097  1032  3002 E SurfaceFlinger: isStylusTargetLayer notifyTargetLayerDisconnect in
03-15 18:30:32.104  1032  1669 E SurfaceFlinger: isStylusTargetLayer notifyTargetLayerDisconnect in
03-15 18:30:32.105  1032  1669 E SurfaceFlinger: isStylusTargetLayer notifyTargetLayerDisconnect in
03-15 18:30:32.112  1032  1098 E SurfaceFlinger: isStylusTargetLayer notifyTargetLayerDisconnect in
03-15 18:30:32.114  1032  1097 E SurfaceFlinger: isStylusTargetLayer notifyTargetLayerDisconnect in
03-15 18:30:32.120  1032  1669 E SurfaceFlinger: isStylusTargetLayer notifyTargetLayerDisconnect in
03-15 18:30:32.121  1032  1669 E SurfaceFlinger: isStylusTargetLayer notifyTargetLayerDisconnect in
03-15 18:30:32.121   999   999 W libc    : Access denied finding property "hwservicemanager.ready"
03-15 18:30:32.122  1032  1669 E SurfaceFlinger: isStylusTargetLayer notifyTargetLayerDisconnect in
03-15 18:30:32.128  1032  1097 E SurfaceFlinger: isStylusTargetLayer notifyTargetLayerDisconnect in
03-15 18:30:32.130  1032  1097 E SurfaceFlinger: isStylusTargetLayer notifyTargetLayerDisconnect in
03-15 18:30:32.131   840  8470 W libc    : Access denied finding property "vendor.dolby.mi.metadata.log"
03-15 18:30:32.131   840  8470 W libc    : Access denied finding property "vendor.dolby.mi.metadata.log"
03-15 18:30:32.131   840  8470 W libc    : Access denied finding property "vendor.dolby.mi.metadata.log"
03-15 18:30:32.131   840  8470 W libc    : Access denied finding property "vendor.dolby.mi.metadata.log"
03-15 18:30:32.131   840  8470 W libc    : Access denied finding property "vendor.dolby.mi.metadata.log"
03-15 18:30:32.132   840  8470 W libc    : Access denied finding property "vendor.dolby.mi.metadata.log"
03-15 18:30:32.132   840  8470 W libc    : Access denied finding property "vendor.dolby.mi.metadata.log"
03-15 18:30:32.132   840  8470 W libc    : Access denied finding property "vendor.dolby.mi.metadata.log"
03-15 18:30:32.132   840  8358 W libc    : Access denied finding property "hal.record.dump"
03-15 18:30:32.137  1032  1097 E SurfaceFlinger: isStylusTargetLayer notifyTargetLayerDisconnect in
03-15 18:30:32.138  1032  1097 E SurfaceFlinger: isStylusTargetLayer notifyTargetLayerDisconnect in
03-15 18:30:32.145  1032  3002 E SurfaceFlinger: isStylusTargetLayer notifyTargetLayerDisconnect in
03-15 18:30:32.147  1032  3002 E SurfaceFlinger: isStylusTargetLayer notifyTargetLayerDisconnect in
03-15 18:30:32.154  1032  1097 E SurfaceFlinger: isStylusTargetLayer notifyTargetLayerDisconnect in
03-15 18:30:32.154  1032  1669 E SurfaceFlinger: isStylusTargetLayer notifyTargetLayerDisconnect in
03-15 18:30:32.156  1032  1669 E SurfaceFlinger: isStylusTargetLayer notifyTargetLayerDisconnect in
03-15 18:30:32.162  1032  3002 E SurfaceFlinger: isStylusTargetLayer notifyTargetLayerDisconnect in
03-15 18:30:32.164  1032  3002 E SurfaceFlinger: isStylusTargetLayer notifyTargetLayerDisconnect in
03-15 18:30:32.170  1032  1669 E SurfaceFlinger: isStylusTargetLayer notifyTargetLayerDisconnect in
03-15 18:30:32.171   840  8470 W libc    : Access denied finding property "vendor.dolby.mi.metadata.log"
03-15 18:30:32.171   840  8470 W libc    : Access denied finding property "vendor.dolby.mi.metadata.log"
03-15 18:30:32.172   840  8470 W libc    : Access denied finding property "vendor.dolby.mi.metadata.log"
03-15 18:30:32.172   840  8470 W libc    : Access denied finding property "vendor.dolby.mi.metadata.log"
03-15 18:30:32.172   840  8470 W libc    : Access denied finding property "vendor.dolby.mi.metadata.log"
03-15 18:30:32.172   840  8470 W libc    : Access denied finding property "vendor.dolby.mi.metadata.log"
03-15 18:30:32.172   840  8470 W libc    : Access denied finding property "vendor.dolby.mi.metadata.log"
03-15 18:30:32.172  1032  1669 E SurfaceFlinger: isStylusTargetLayer notifyTargetLayerDisconnect in
03-15 18:30:32.173   840  8358 W libc    : Access denied finding property "hal.record.dump"
03-15 18:30:32.179  1032  1669 E SurfaceFlinger: isStylusTargetLayer notifyTargetLayerDisconnect in
03-15 18:30:32.180  1032  1669 E SurfaceFlinger: isStylusTargetLayer notifyTargetLayerDisconnect in
03-15 18:30:32.187  1032  3002 E SurfaceFlinger: isStylusTargetLayer notifyTargetLayerDisconnect in
03-15 18:30:32.190  1032  1669 E SurfaceFlinger: isStylusTargetLayer notifyTargetLayerDisconnect in
03-15 18:30:32.191  1032  1669 E SurfaceFlinger: isStylusTargetLayer notifyTargetLayerDisconnect in
03-15 18:30:32.196  1032  1669 E SurfaceFlinger: isStylusTargetLayer notifyTargetLayerDisconnect in
03-15 18:30:32.197  1032  1669 E SurfaceFlinger: isStylusTargetLayer notifyTargetLayerDisconnect in
03-15 18:30:32.204  1032  1669 E SurfaceFlinger: isStylusTargetLayer notifyTargetLayerDisconnect in
03-15 18:30:32.205  1032  1669 E SurfaceFlinger: isStylusTargetLayer notifyTargetLayerDisconnect in
03-15 18:30:32.212   840  8470 W libc    : Access denied finding property "vendor.dolby.mi.metadata.log"
03-15 18:30:32.212  1032  3002 E SurfaceFlinger: isStylusTargetLayer notifyTargetLayerDisconnect in
03-15 18:30:32.213   840  8470 W libc    : Access denied finding property "vendor.dolby.mi.metadata.log"
03-15 18:30:32.213   840  8470 W libc    : Access denied finding property "vendor.dolby.mi.metadata.log"
03-15 18:30:32.213   840  8470 W libc    : Access denied finding property "vendor.dolby.mi.metadata.log"
03-15 18:30:32.213   840  8470 W libc    : Access denied finding property "vendor.dolby.mi.metadata.log"
03-15 18:30:32.213   840  8470 W libc    : Access denied finding property "vendor.dolby.mi.metadata.log"
03-15 18:30:32.213   840  8470 W libc    : Access denied finding property "vendor.dolby.mi.metadata.log"
03-15 18:30:32.213   840  8470 W libc    : Access denied finding property "vendor.dolby.mi.metadata.log"
03-15 18:30:32.214   840  8358 W libc    : Access denied finding property "hal.record.dump"
03-15 18:30:32.214  1032  3002 E SurfaceFlinger: isStylusTargetLayer notifyTargetLayerDisconnect in
03-15 18:30:32.221  1032  1669 E SurfaceFlinger: isStylusTargetLayer notifyTargetLayerDisconnect in
03-15 18:30:32.221  1032  1097 E SurfaceFlinger: isStylusTargetLayer notifyTargetLayerDisconnect in
03-15 18:30:32.221   999   999 W libc    : Access denied finding property "hwservicemanager.ready"
03-15 18:30:32.222  1032  3002 E SurfaceFlinger: isStylusTargetLayer notifyTargetLayerDisconnect in
03-15 18:30:32.229  1032  1097 E SurfaceFlinger: isStylusTargetLayer notifyTargetLayerDisconnect in
03-15 18:30:32.230  1032  1097 E SurfaceFlinger: isStylusTargetLayer notifyTargetLayerDisconnect in
03-15 18:30:32.237  1032  3002 E SurfaceFlinger: isStylusTargetLayer notifyTargetLayerDisconnect in
03-15 18:30:32.239  1032  3002 E SurfaceFlinger: isStylusTargetLayer notifyTargetLayerDisconnect in
03-15 18:30:32.245  1032  1097 E SurfaceFlinger: isStylusTargetLayer notifyTargetLayerDisconnect in
03-15 18:30:32.247  1032  1097 E SurfaceFlinger: isStylusTargetLayer notifyTargetLayerDisconnect in
03-15 18:30:32.251   840  8470 W libc    : Access denied finding property "vendor.dolby.mi.metadata.log"
03-15 18:30:32.252   840  8470 W libc    : Access denied finding property "vendor.dolby.mi.metadata.log"
03-15 18:30:32.252   840  8470 W libc    : Access denied finding property "vendor.dolby.mi.metadata.log"
03-15 18:30:32.252   840  8470 W libc    : Access denied finding property "vendor.dolby.mi.metadata.log"
03-15 18:30:32.252   840  8470 W libc    : Access denied finding property "vendor.dolby.mi.metadata.log"
